[0.053s][info][gc,init] CardTable entry size: 512
[0.054s][info][gc     ] Using G1
[0.057s][info][gc,init] Version: 21.0.8+9-LTS (release)
[0.057s][info][gc,init] CPUs: 14 total, 14 available
[0.058s][info][gc,init] Memory: 15750M
[0.058s][info][gc,init] Large Page Support: Disabled
[0.058s][info][gc,init] NUMA Support: Disabled
[0.059s][info][gc,init] Compressed Oops: Enabled (32-bit)
[0.059s][info][gc,init] Heap Region Size: 1M
[0.059s][info][gc,init] Heap Min Capacity: 8M
[0.059s][info][gc,init] Heap Initial Capacity: 248M
[0.059s][info][gc,init] Heap Max Capacity: 768M
[0.060s][info][gc,init] Pre-touch: Disabled
[0.060s][info][gc,init] Parallel Workers: 11
[0.060s][info][gc,init] Concurrent Workers: 3
[0.061s][info][gc,init] Concurrent Refinement Workers: 11
[0.061s][info][gc,init] Periodic GC: Disabled
[0.068s][info][gc,metaspace] CDS archive(s) mapped at: [0x00007c3aab000000-0x00007c3aabbb2000-0x00007c3aabbb2000), size 12263424, SharedBaseAddress: 0x00007c3aab000000, ArchiveRelocationMode: 1.
[0.069s][info][gc,metaspace] Compressed class space mapped at: 0x00007c3aac000000-0x00007c3aec000000, reserved size: 1073741824
[0.069s][info][gc,metaspace] Narrow klass base: 0x00007c3aab000000, Narrow klass shift: 0, Narrow klass range: 0x100000000
[0.632s][info][gc,start    ] GC(0) Pause Young (Normal) (G1 Evacuation Pause)
[0.634s][info][gc,task     ] GC(0) Using 5 workers of 11 for evacuation
[0.639s][info][gc,phases   ] GC(0)   Pre Evacuate Collection Set: 0.3ms
[0.640s][info][gc,phases   ] GC(0)   Merge Heap Roots: 0.2ms
[0.640s][info][gc,phases   ] GC(0)   Evacuate Collection Set: 2.8ms
[0.641s][info][gc,phases   ] GC(0)   Post Evacuate Collection Set: 0.8ms
[0.641s][info][gc,phases   ] GC(0)   Other: 2.1ms
[0.641s][info][gc,heap     ] GC(0) Eden regions: 23->0(38)
[0.642s][info][gc,heap     ] GC(0) Survivor regions: 0->3(3)
[0.642s][info][gc,heap     ] GC(0) Old regions: 1->2
[0.642s][info][gc,heap     ] GC(0) Humongous regions: 5->4
[0.642s][info][gc,metaspace] GC(0) Metaspace: 7972K(8128K)->7972K(8128K) NonClass: 7083K(7168K)->7083K(7168K) Class: 888K(960K)->888K(960K)
[0.643s][info][gc          ] GC(0) Pause Young (Normal) (G1 Evacuation Pause) 28M->8M(249M) 10.622ms
[0.643s][info][gc,cpu      ] GC(0) User=0.02s Sys=0.00s Real=0.01s
[1.720s][info][gc,start    ] GC(1) Pause Young (Normal) (G1 Evacuation Pause)
[1.721s][info][gc,task     ] GC(1) Using 5 workers of 11 for evacuation
[1.729s][info][gc,phases   ] GC(1)   Pre Evacuate Collection Set: 0.2ms
[1.729s][info][gc,phases   ] GC(1)   Merge Heap Roots: 0.1ms
[1.730s][info][gc,phases   ] GC(1)   Evacuate Collection Set: 5.0ms
[1.730s][info][gc,phases   ] GC(1)   Post Evacuate Collection Set: 2.6ms
[1.730s][info][gc,phases   ] GC(1)   Other: 0.3ms
[1.730s][info][gc,heap     ] GC(1) Eden regions: 38->0(83)
[1.731s][info][gc,heap     ] GC(1) Survivor regions: 3->6(6)
[1.731s][info][gc,heap     ] GC(1) Old regions: 2->3
[1.731s][info][gc,heap     ] GC(1) Humongous regions: 4->4
[1.731s][info][gc,metaspace] GC(1) Metaspace: 19406K(19712K)->19406K(19712K) NonClass: 17121K(17280K)->17121K(17280K) Class: 2285K(2432K)->2285K(2432K)
[1.732s][info][gc          ] GC(1) Pause Young (Normal) (G1 Evacuation Pause) 46M->12M(249M) 11.367ms
[1.732s][info][gc,cpu      ] GC(1) User=0.02s Sys=0.01s Real=0.01s
[1.843s][info][gc,start    ] GC(2) Pause Young (Concurrent Start) (Metadata GC Threshold)
[1.843s][info][gc,task     ] GC(2) Using 5 workers of 11 for evacuation
[1.848s][info][gc,phases   ] GC(2)   Pre Evacuate Collection Set: 0.2ms
[1.849s][info][gc,phases   ] GC(2)   Merge Heap Roots: 0.1ms
[1.849s][info][gc,phases   ] GC(2)   Evacuate Collection Set: 3.0ms
[1.849s][info][gc,phases   ] GC(2)   Post Evacuate Collection Set: 1.0ms
[1.850s][info][gc,phases   ] GC(2)   Other: 0.5ms
[1.850s][info][gc,heap     ] GC(2) Eden regions: 6->0(135)
[1.850s][info][gc,heap     ] GC(2) Survivor regions: 6->7(12)
[1.850s][info][gc,heap     ] GC(2) Old regions: 3->3
[1.850s][info][gc,heap     ] GC(2) Humongous regions: 4->4
[1.851s][info][gc,metaspace] GC(2) Metaspace: 21201K(21504K)->21201K(21504K) NonClass: 18690K(18816K)->18690K(18816K) Class: 2510K(2688K)->2510K(2688K)
[1.851s][info][gc          ] GC(2) Pause Young (Concurrent Start) (Metadata GC Threshold) 18M->13M(249M) 8.047ms
[1.851s][info][gc,cpu      ] GC(2) User=0.02s Sys=0.00s Real=0.01s
[1.851s][info][gc          ] GC(3) Concurrent Mark Cycle
[1.852s][info][gc,marking  ] GC(3) Concurrent Scan Root Regions
[1.855s][info][gc,marking  ] GC(3) Concurrent Scan Root Regions 3.177ms
[1.855s][info][gc,marking  ] GC(3) Concurrent Mark
[1.856s][info][gc,marking  ] GC(3) Concurrent Mark From Roots
[1.856s][info][gc,task     ] GC(3) Using 3 workers of 3 for marking
[1.858s][info][gc,marking  ] GC(3) Concurrent Mark From Roots 2.459ms
[1.858s][info][gc,marking  ] GC(3) Concurrent Preclean
[1.859s][info][gc,marking  ] GC(3) Concurrent Preclean 0.285ms
[1.859s][info][gc,start    ] GC(3) Pause Remark
[1.862s][info][gc          ] GC(3) Pause Remark 14M->14M(47M) 2.691ms
[1.862s][info][gc,cpu      ] GC(3) User=0.01s Sys=0.00s Real=0.00s
[1.863s][info][gc,marking  ] GC(3) Concurrent Mark 7.537ms
[1.863s][info][gc,marking  ] GC(3) Concurrent Rebuild Remembered Sets and Scrub Regions
[1.864s][info][gc,marking  ] GC(3) Concurrent Rebuild Remembered Sets and Scrub Regions 1.324ms
[1.865s][info][gc,start    ] GC(3) Pause Cleanup
[1.865s][info][gc          ] GC(3) Pause Cleanup 14M->14M(47M) 0.404ms
[1.866s][info][gc,cpu      ] GC(3) User=0.00s Sys=0.00s Real=0.00s
[1.866s][info][gc,marking  ] GC(3) Concurrent Clear Claimed Marks
[1.866s][info][gc,marking  ] GC(3) Concurrent Clear Claimed Marks 0.241ms
[1.866s][info][gc,marking  ] GC(3) Concurrent Cleanup for Next Mark
[1.867s][info][gc,marking  ] GC(3) Concurrent Cleanup for Next Mark 1.017ms
[1.868s][info][gc          ] GC(3) Concurrent Mark Cycle 16.544ms
[2.312s][info][gc,start    ] GC(4) Pause Young (Prepare Mixed) (G1 Evacuation Pause)
[2.313s][info][gc,task     ] GC(4) Using 8 workers of 11 for evacuation
[2.322s][info][gc,phases   ] GC(4)   Pre Evacuate Collection Set: 0.4ms
[2.322s][info][gc,phases   ] GC(4)   Merge Heap Roots: 0.1ms
[2.323s][info][gc,phases   ] GC(4)   Evacuate Collection Set: 6.6ms
[2.323s][info][gc,phases   ] GC(4)   Post Evacuate Collection Set: 1.7ms
[2.323s][info][gc,phases   ] GC(4)   Other: 0.4ms
[2.323s][info][gc,heap     ] GC(4) Eden regions: 33->0(23)
[2.324s][info][gc,heap     ] GC(4) Survivor regions: 7->12(18)
[2.324s][info][gc,heap     ] GC(4) Old regions: 3->3
[2.324s][info][gc,heap     ] GC(4) Humongous regions: 4->4
[2.324s][info][gc,metaspace] GC(4) Metaspace: 28197K(28544K)->28197K(28544K) NonClass: 24816K(25024K)->24816K(25024K) Class: 3381K(3520K)->3381K(3520K)
[2.324s][info][gc          ] GC(4) Pause Young (Prepare Mixed) (G1 Evacuation Pause) 46M->18M(59M) 11.946ms
[2.325s][info][gc,cpu      ] GC(4) User=0.05s Sys=0.00s Real=0.01s
[2.851s][info][gc,start    ] GC(5) Pause Young (Mixed) (G1 Evacuation Pause)
[2.852s][info][gc,task     ] GC(5) Using 11 workers of 11 for evacuation
[2.860s][info][gc,phases   ] GC(5)   Pre Evacuate Collection Set: 0.6ms
[2.860s][info][gc,phases   ] GC(5)   Merge Heap Roots: 0.2ms
[2.861s][info][gc,phases   ] GC(5)   Evacuate Collection Set: 4.5ms
[2.861s][info][gc,phases   ] GC(5)   Post Evacuate Collection Set: 2.3ms
[2.861s][info][gc,phases   ] GC(5)   Other: 0.5ms
[2.862s][info][gc,heap     ] GC(5) Eden regions: 23->0(28)
[2.862s][info][gc,heap     ] GC(5) Survivor regions: 12->2(5)
[2.862s][info][gc,heap     ] GC(5) Old regions: 3->14
[2.863s][info][gc,heap     ] GC(5) Humongous regions: 4->4
[2.863s][info][gc,metaspace] GC(5) Metaspace: 31921K(32320K)->31921K(32320K) NonClass: 28067K(28288K)->28067K(28288K) Class: 3853K(4032K)->3853K(4032K)
[2.863s][info][gc          ] GC(5) Pause Young (Mixed) (G1 Evacuation Pause) 41M->19M(59M) 11.882ms
[2.863s][info][gc,cpu      ] GC(5) User=0.06s Sys=0.01s Real=0.01s
[3.097s][info][gc,start    ] GC(6) Pause Young (Concurrent Start) (Metadata GC Threshold)
[3.098s][info][gc,task     ] GC(6) Using 11 workers of 11 for evacuation
[3.103s][info][gc,phases   ] GC(6)   Pre Evacuate Collection Set: 0.4ms
[3.104s][info][gc,phases   ] GC(6)   Merge Heap Roots: 0.2ms
[3.104s][info][gc,phases   ] GC(6)   Evacuate Collection Set: 2.3ms
[3.104s][info][gc,phases   ] GC(6)   Post Evacuate Collection Set: 1.8ms
[3.104s][info][gc,phases   ] GC(6)   Other: 0.4ms
[3.104s][info][gc,heap     ] GC(6) Eden regions: 16->0(28)
[3.104s][info][gc,heap     ] GC(6) Survivor regions: 2->3(4)
[3.105s][info][gc,heap     ] GC(6) Old regions: 14->14
[3.105s][info][gc,heap     ] GC(6) Humongous regions: 4->4
[3.105s][info][gc,metaspace] GC(6) Metaspace: 35777K(36160K)->35777K(36160K) NonClass: 31480K(31680K)->31480K(31680K) Class: 4296K(4480K)->4296K(4480K)
[3.105s][info][gc          ] GC(6) Pause Young (Concurrent Start) (Metadata GC Threshold) 35M->20M(59M) 7.621ms
[3.105s][info][gc,cpu      ] GC(6) User=0.03s Sys=0.00s Real=0.01s
[3.105s][info][gc          ] GC(7) Concurrent Mark Cycle
[3.106s][info][gc,marking  ] GC(7) Concurrent Scan Root Regions
[3.108s][info][gc,marking  ] GC(7) Concurrent Scan Root Regions 2.311ms
[3.108s][info][gc,marking  ] GC(7) Concurrent Mark
[3.109s][info][gc,marking  ] GC(7) Concurrent Mark From Roots
[3.109s][info][gc,task     ] GC(7) Using 3 workers of 3 for marking
[3.117s][info][gc,marking  ] GC(7) Concurrent Mark From Roots 8.388ms
[3.118s][info][gc,marking  ] GC(7) Concurrent Preclean
[3.118s][info][gc,marking  ] GC(7) Concurrent Preclean 0.399ms
[3.119s][info][gc,start    ] GC(7) Pause Remark
[3.123s][info][gc          ] GC(7) Pause Remark 20M->20M(59M) 4.238ms
[3.124s][info][gc,cpu      ] GC(7) User=0.02s Sys=0.00s Real=0.00s
[3.124s][info][gc,marking  ] GC(7) Concurrent Mark 16.002ms
[3.125s][info][gc,marking  ] GC(7) Concurrent Rebuild Remembered Sets and Scrub Regions
[3.128s][info][gc,marking  ] GC(7) Concurrent Rebuild Remembered Sets and Scrub Regions 3.055ms
[3.129s][info][gc,start    ] GC(7) Pause Cleanup
[3.129s][info][gc          ] GC(7) Pause Cleanup 21M->21M(59M) 0.648ms
[3.130s][info][gc,cpu      ] GC(7) User=0.01s Sys=0.00s Real=0.00s
[3.130s][info][gc,marking  ] GC(7) Concurrent Clear Claimed Marks
[3.131s][info][gc,marking  ] GC(7) Concurrent Clear Claimed Marks 0.424ms
[3.131s][info][gc,marking  ] GC(7) Concurrent Cleanup for Next Mark
[3.132s][info][gc,marking  ] GC(7) Concurrent Cleanup for Next Mark 1.142ms
[3.132s][info][gc          ] GC(7) Concurrent Mark Cycle 27.027ms
[5.555s][info][gc,heap,exit] Heap
[5.556s][info][gc,heap,exit]  garbage-first heap   total 60416K, used 41659K [0x00000000d0000000, 0x0000000100000000)
[5.556s][info][gc,heap,exit]   region size 1024K, 24 young (24576K), 3 survivors (3072K)
[5.556s][info][gc,heap,exit]  Metaspace       used 41217K, committed 41664K, reserved 1114112K
[5.556s][info][gc,heap,exit]   class space    used 4843K, committed 5056K, reserved 1048576K
