[0.070s][info][gc,init] CardTable entry size: 512
[0.072s][info][gc     ] Using G1
[0.077s][info][gc,init] Version: 21.0.8+9-LTS (release)
[0.077s][info][gc,init] CPUs: 14 total, 14 available
[0.078s][info][gc,init] Memory: 15750M
[0.078s][info][gc,init] Large Page Support: Disabled
[0.078s][info][gc,init] NUMA Support: Disabled
[0.079s][info][gc,init] Compressed Oops: Enabled (32-bit)
[0.079s][info][gc,init] Heap Region Size: 1M
[0.080s][info][gc,init] Heap Min Capacity: 8M
[0.080s][info][gc,init] Heap Initial Capacity: 248M
[0.080s][info][gc,init] Heap Max Capacity: 768M
[0.080s][info][gc,init] Pre-touch: Disabled
[0.083s][info][gc,init] Parallel Workers: 11
[0.084s][info][gc,init] Concurrent Workers: 3
[0.084s][info][gc,init] Concurrent Refinement Workers: 11
[0.085s][info][gc,init] Periodic GC: Disabled
[0.093s][info][gc,metaspace] CDS archive(s) mapped at: [0x0000792eb3000000-0x0000792eb3bb2000-0x0000792eb3bb2000), size 12263424, SharedBaseAddress: 0x0000792eb3000000, ArchiveRelocationMode: 1.
[0.093s][info][gc,metaspace] Compressed class space mapped at: 0x0000792eb4000000-0x0000792ef4000000, reserved size: 1073741824
[0.094s][info][gc,metaspace] Narrow klass base: 0x0000792eb3000000, Narrow klass shift: 0, Narrow klass range: 0x100000000
[0.838s][info][gc,start    ] GC(0) Pause Young (Normal) (G1 Evacuation Pause)
[0.841s][info][gc,task     ] GC(0) Using 5 workers of 11 for evacuation
[0.845s][info][gc,phases   ] GC(0)   Pre Evacuate Collection Set: 0.3ms
[0.846s][info][gc,phases   ] GC(0)   Merge Heap Roots: 0.2ms
[0.846s][info][gc,phases   ] GC(0)   Evacuate Collection Set: 2.9ms
[0.847s][info][gc,phases   ] GC(0)   Post Evacuate Collection Set: 0.8ms
[0.847s][info][gc,phases   ] GC(0)   Other: 2.4ms
[0.847s][info][gc,heap     ] GC(0) Eden regions: 23->0(38)
[0.847s][info][gc,heap     ] GC(0) Survivor regions: 0->3(3)
[0.848s][info][gc,heap     ] GC(0) Old regions: 1->2
[0.848s][info][gc,heap     ] GC(0) Humongous regions: 5->4
[0.848s][info][gc,metaspace] GC(0) Metaspace: 7963K(8128K)->7963K(8128K) NonClass: 7076K(7168K)->7076K(7168K) Class: 887K(960K)->887K(960K)
[0.849s][info][gc          ] GC(0) Pause Young (Normal) (G1 Evacuation Pause) 28M->8M(249M) 10.701ms
[0.849s][info][gc,cpu      ] GC(0) User=0.02s Sys=0.00s Real=0.01s
[1.934s][info][gc,start    ] GC(1) Pause Young (Normal) (G1 Evacuation Pause)
[1.935s][info][gc,task     ] GC(1) Using 5 workers of 11 for evacuation
[1.942s][info][gc,phases   ] GC(1)   Pre Evacuate Collection Set: 0.2ms
[1.943s][info][gc,phases   ] GC(1)   Merge Heap Roots: 0.1ms
[1.943s][info][gc,phases   ] GC(1)   Evacuate Collection Set: 4.6ms
[1.943s][info][gc,phases   ] GC(1)   Post Evacuate Collection Set: 2.3ms
[1.943s][info][gc,phases   ] GC(1)   Other: 0.3ms
[1.944s][info][gc,heap     ] GC(1) Eden regions: 38->0(93)
[1.944s][info][gc,heap     ] GC(1) Survivor regions: 3->6(6)
[1.944s][info][gc,heap     ] GC(1) Old regions: 2->3
[1.944s][info][gc,heap     ] GC(1) Humongous regions: 4->4
[1.945s][info][gc,metaspace] GC(1) Metaspace: 19423K(19712K)->19423K(19712K) NonClass: 17138K(17280K)->17138K(17280K) Class: 2285K(2432K)->2285K(2432K)
[1.945s][info][gc          ] GC(1) Pause Young (Normal) (G1 Evacuation Pause) 46M->12M(249M) 10.570ms
[1.945s][info][gc,cpu      ] GC(1) User=0.01s Sys=0.01s Real=0.02s
[2.046s][info][gc,start    ] GC(2) Pause Young (Concurrent Start) (Metadata GC Threshold)
[2.047s][info][gc,task     ] GC(2) Using 5 workers of 11 for evacuation
[2.053s][info][gc,phases   ] GC(2)   Pre Evacuate Collection Set: 0.3ms
[2.053s][info][gc,phases   ] GC(2)   Merge Heap Roots: 0.1ms
[2.053s][info][gc,phases   ] GC(2)   Evacuate Collection Set: 3.7ms
[2.054s][info][gc,phases   ] GC(2)   Post Evacuate Collection Set: 0.8ms
[2.054s][info][gc,phases   ] GC(2)   Other: 0.6ms
[2.054s][info][gc,heap     ] GC(2) Eden regions: 6->0(140)
[2.054s][info][gc,heap     ] GC(2) Survivor regions: 6->8(13)
[2.055s][info][gc,heap     ] GC(2) Old regions: 3->3
[2.055s][info][gc,heap     ] GC(2) Humongous regions: 4->4
[2.055s][info][gc,metaspace] GC(2) Metaspace: 21193K(21504K)->21193K(21504K) NonClass: 18686K(18816K)->18686K(18816K) Class: 2507K(2688K)->2507K(2688K)
[2.056s][info][gc          ] GC(2) Pause Young (Concurrent Start) (Metadata GC Threshold) 18M->13M(249M) 9.092ms
[2.056s][info][gc,cpu      ] GC(2) User=0.03s Sys=0.00s Real=0.00s
[2.056s][info][gc          ] GC(3) Concurrent Mark Cycle
[2.056s][info][gc,marking  ] GC(3) Concurrent Scan Root Regions
[2.060s][info][gc,marking  ] GC(3) Concurrent Scan Root Regions 3.086ms
[2.060s][info][gc,marking  ] GC(3) Concurrent Mark
[2.060s][info][gc,marking  ] GC(3) Concurrent Mark From Roots
[2.061s][info][gc,task     ] GC(3) Using 3 workers of 3 for marking
[2.063s][info][gc,marking  ] GC(3) Concurrent Mark From Roots 2.728ms
[2.063s][info][gc,marking  ] GC(3) Concurrent Preclean
[2.064s][info][gc,marking  ] GC(3) Concurrent Preclean 0.301ms
[2.064s][info][gc,start    ] GC(3) Pause Remark
[2.067s][info][gc          ] GC(3) Pause Remark 14M->14M(50M) 3.233ms
[2.068s][info][gc,cpu      ] GC(3) User=0.00s Sys=0.01s Real=0.01s
[2.068s][info][gc,marking  ] GC(3) Concurrent Mark 8.159ms
[2.069s][info][gc,marking  ] GC(3) Concurrent Rebuild Remembered Sets and Scrub Regions
[2.071s][info][gc,marking  ] GC(3) Concurrent Rebuild Remembered Sets and Scrub Regions 1.432ms
[2.071s][info][gc,start    ] GC(3) Pause Cleanup
[2.072s][info][gc          ] GC(3) Pause Cleanup 15M->15M(50M) 0.592ms
[2.072s][info][gc,cpu      ] GC(3) User=0.00s Sys=0.00s Real=0.00s
[2.072s][info][gc,marking  ] GC(3) Concurrent Clear Claimed Marks
[2.073s][info][gc,marking  ] GC(3) Concurrent Clear Claimed Marks 0.342ms
[2.073s][info][gc,marking  ] GC(3) Concurrent Cleanup for Next Mark
[2.074s][info][gc,marking  ] GC(3) Concurrent Cleanup for Next Mark 1.006ms
[2.074s][info][gc          ] GC(3) Concurrent Mark Cycle 18.304ms
[2.559s][info][gc,start    ] GC(4) Pause Young (Prepare Mixed) (G1 Evacuation Pause)
[2.560s][info][gc,task     ] GC(4) Using 8 workers of 11 for evacuation
[2.570s][info][gc,phases   ] GC(4)   Pre Evacuate Collection Set: 0.4ms
[2.571s][info][gc,phases   ] GC(4)   Merge Heap Roots: 0.1ms
[2.571s][info][gc,phases   ] GC(4)   Evacuate Collection Set: 7.1ms
[2.571s][info][gc,phases   ] GC(4)   Post Evacuate Collection Set: 2.2ms
[2.572s][info][gc,phases   ] GC(4)   Other: 0.4ms
[2.572s][info][gc,heap     ] GC(4) Eden regions: 35->0(25)
[2.572s][info][gc,heap     ] GC(4) Survivor regions: 8->12(19)
[2.573s][info][gc,heap     ] GC(4) Old regions: 3->3
[2.573s][info][gc,heap     ] GC(4) Humongous regions: 4->4
[2.573s][info][gc,metaspace] GC(4) Metaspace: 28308K(28736K)->28308K(28736K) NonClass: 24912K(25152K)->24912K(25152K) Class: 3395K(3584K)->3395K(3584K)
[2.573s][info][gc          ] GC(4) Pause Young (Prepare Mixed) (G1 Evacuation Pause) 48M->18M(62M) 14.106ms
[2.574s][info][gc,cpu      ] GC(4) User=0.05s Sys=0.02s Real=0.01s
[3.134s][info][gc,start    ] GC(5) Pause Young (Mixed) (G1 Evacuation Pause)
[3.135s][info][gc,task     ] GC(5) Using 11 workers of 11 for evacuation
[3.143s][info][gc,phases   ] GC(5)   Pre Evacuate Collection Set: 0.5ms
[3.144s][info][gc,phases   ] GC(5)   Merge Heap Roots: 0.4ms
[3.144s][info][gc,phases   ] GC(5)   Evacuate Collection Set: 5.4ms
[3.145s][info][gc,phases   ] GC(5)   Post Evacuate Collection Set: 1.8ms
[3.145s][info][gc,phases   ] GC(5)   Other: 0.5ms
[3.145s][info][gc,heap     ] GC(5) Eden regions: 25->0(30)
[3.146s][info][gc,heap     ] GC(5) Survivor regions: 12->3(5)
[3.146s][info][gc,heap     ] GC(5) Old regions: 3->14
[3.146s][info][gc,heap     ] GC(5) Humongous regions: 4->4
[3.147s][info][gc,metaspace] GC(5) Metaspace: 33419K(33792K)->33419K(33792K) NonClass: 29384K(29568K)->29384K(29568K) Class: 4034K(4224K)->4034K(4224K)
[3.147s][info][gc          ] GC(5) Pause Young (Mixed) (G1 Evacuation Pause) 43M->20M(62M) 12.829ms
[3.147s][info][gc,cpu      ] GC(5) User=0.08s Sys=0.01s Real=0.02s
[3.368s][info][gc,start    ] GC(6) Pause Young (Concurrent Start) (Metadata GC Threshold)
[3.368s][info][gc,task     ] GC(6) Using 11 workers of 11 for evacuation
[3.373s][info][gc,phases   ] GC(6)   Pre Evacuate Collection Set: 0.5ms
[3.374s][info][gc,phases   ] GC(6)   Merge Heap Roots: 0.3ms
[3.374s][info][gc,phases   ] GC(6)   Evacuate Collection Set: 1.8ms
[3.375s][info][gc,phases   ] GC(6)   Post Evacuate Collection Set: 1.3ms
[3.375s][info][gc,phases   ] GC(6)   Other: 0.8ms
[3.375s][info][gc,heap     ] GC(6) Eden regions: 11->0(31)
[3.375s][info][gc,heap     ] GC(6) Survivor regions: 3->3(5)
[3.376s][info][gc,heap     ] GC(6) Old regions: 14->14
[3.376s][info][gc,heap     ] GC(6) Humongous regions: 4->4
[3.376s][info][gc,metaspace] GC(6) Metaspace: 35750K(36160K)->35750K(36160K) NonClass: 31468K(31680K)->31468K(31680K) Class: 4282K(4480K)->4282K(4480K)
[3.376s][info][gc          ] GC(6) Pause Young (Concurrent Start) (Metadata GC Threshold) 30M->19M(62M) 8.703ms
[3.377s][info][gc,cpu      ] GC(6) User=0.03s Sys=0.01s Real=0.01s
[3.377s][info][gc          ] GC(7) Concurrent Mark Cycle
[3.378s][info][gc,marking  ] GC(7) Concurrent Scan Root Regions
[3.381s][info][gc,marking  ] GC(7) Concurrent Scan Root Regions 2.890ms
[3.381s][info][gc,marking  ] GC(7) Concurrent Mark
[3.381s][info][gc,marking  ] GC(7) Concurrent Mark From Roots
[3.382s][info][gc,task     ] GC(7) Using 3 workers of 3 for marking
[3.391s][info][gc,marking  ] GC(7) Concurrent Mark From Roots 9.148ms
[3.391s][info][gc,marking  ] GC(7) Concurrent Preclean
[3.392s][info][gc,marking  ] GC(7) Concurrent Preclean 0.655ms
[3.393s][info][gc,start    ] GC(7) Pause Remark
[3.397s][info][gc          ] GC(7) Pause Remark 20M->20M(62M) 4.643ms
[3.398s][info][gc,cpu      ] GC(7) User=0.02s Sys=0.00s Real=0.01s
[3.398s][info][gc,marking  ] GC(7) Concurrent Mark 17.344ms
[3.399s][info][gc,marking  ] GC(7) Concurrent Rebuild Remembered Sets and Scrub Regions
[3.402s][info][gc,marking  ] GC(7) Concurrent Rebuild Remembered Sets and Scrub Regions 3.788ms
[3.403s][info][gc,start    ] GC(7) Pause Cleanup
[3.404s][info][gc          ] GC(7) Pause Cleanup 21M->21M(62M) 0.815ms
[3.404s][info][gc,cpu      ] GC(7) User=0.00s Sys=0.00s Real=0.00s
[3.405s][info][gc,marking  ] GC(7) Concurrent Clear Claimed Marks
[3.405s][info][gc,marking  ] GC(7) Concurrent Clear Claimed Marks 0.415ms
[3.406s][info][gc,marking  ] GC(7) Concurrent Cleanup for Next Mark
[3.406s][info][gc,marking  ] GC(7) Concurrent Cleanup for Next Mark 0.820ms
[3.407s][info][gc          ] GC(7) Concurrent Mark Cycle 29.932ms
[5.879s][info][gc,heap,exit] Heap
[5.879s][info][gc,heap,exit]  garbage-first heap   total 63488K, used 41956K [0x00000000d0000000, 0x0000000100000000)
[5.880s][info][gc,heap,exit]   region size 1024K, 24 young (24576K), 3 survivors (3072K)
[5.880s][info][gc,heap,exit]  Metaspace       used 41154K, committed 41536K, reserved 1114112K
[5.880s][info][gc,heap,exit]   class space    used 4829K, committed 4992K, reserved 1048576K
