[0.049s][info][gc,init] CardTable entry size: 512
[0.050s][info][gc     ] Using G1
[0.053s][info][gc,init] Version: 21.0.8+9-LTS (release)
[0.054s][info][gc,init] CPUs: 14 total, 14 available
[0.054s][info][gc,init] Memory: 15750M
[0.055s][info][gc,init] Large Page Support: Disabled
[0.055s][info][gc,init] NUMA Support: Disabled
[0.055s][info][gc,init] Compressed Oops: Enabled (32-bit)
[0.055s][info][gc,init] Heap Region Size: 1M
[0.055s][info][gc,init] Heap Min Capacity: 8M
[0.056s][info][gc,init] Heap Initial Capacity: 248M
[0.056s][info][gc,init] Heap Max Capacity: 768M
[0.056s][info][gc,init] Pre-touch: Disabled
[0.057s][info][gc,init] Parallel Workers: 11
[0.057s][info][gc,init] Concurrent Workers: 3
[0.057s][info][gc,init] Concurrent Refinement Workers: 11
[0.057s][info][gc,init] Periodic GC: Disabled
[0.064s][info][gc,metaspace] CDS archive(s) mapped at: [0x00007e3213000000-0x00007e3213bb2000-0x00007e3213bb2000), size 12263424, SharedBaseAddress: 0x00007e3213000000, ArchiveRelocationMode: 1.
[0.064s][info][gc,metaspace] Compressed class space mapped at: 0x00007e3214000000-0x00007e3254000000, reserved size: 1073741824
[0.065s][info][gc,metaspace] Narrow klass base: 0x00007e3213000000, Narrow klass shift: 0, Narrow klass range: 0x100000000
[0.707s][info][gc,start    ] GC(0) Pause Young (Normal) (G1 Evacuation Pause)
[0.709s][info][gc,task     ] GC(0) Using 5 workers of 11 for evacuation
[0.713s][info][gc,phases   ] GC(0)   Pre Evacuate Collection Set: 0.3ms
[0.714s][info][gc,phases   ] GC(0)   Merge Heap Roots: 0.1ms
[0.714s][info][gc,phases   ] GC(0)   Evacuate Collection Set: 2.7ms
[0.714s][info][gc,phases   ] GC(0)   Post Evacuate Collection Set: 0.8ms
[0.715s][info][gc,phases   ] GC(0)   Other: 1.6ms
[0.715s][info][gc,heap     ] GC(0) Eden regions: 23->0(38)
[0.715s][info][gc,heap     ] GC(0) Survivor regions: 0->3(3)
[0.716s][info][gc,heap     ] GC(0) Old regions: 1->2
[0.716s][info][gc,heap     ] GC(0) Humongous regions: 5->4
[0.716s][info][gc,metaspace] GC(0) Metaspace: 7958K(8128K)->7958K(8128K) NonClass: 7070K(7168K)->7070K(7168K) Class: 887K(960K)->887K(960K)
[0.717s][info][gc          ] GC(0) Pause Young (Normal) (G1 Evacuation Pause) 28M->8M(249M) 9.494ms
[0.717s][info][gc,cpu      ] GC(0) User=0.01s Sys=0.01s Real=0.02s
[1.639s][info][gc,start    ] GC(1) Pause Young (Normal) (G1 Evacuation Pause)
[1.639s][info][gc,task     ] GC(1) Using 5 workers of 11 for evacuation
[1.646s][info][gc,phases   ] GC(1)   Pre Evacuate Collection Set: 0.1ms
[1.647s][info][gc,phases   ] GC(1)   Merge Heap Roots: 0.1ms
[1.647s][info][gc,phases   ] GC(1)   Evacuate Collection Set: 4.6ms
[1.648s][info][gc,phases   ] GC(1)   Post Evacuate Collection Set: 2.0ms
[1.648s][info][gc,phases   ] GC(1)   Other: 0.3ms
[1.648s][info][gc,heap     ] GC(1) Eden regions: 38->0(79)
[1.648s][info][gc,heap     ] GC(1) Survivor regions: 3->6(6)
[1.649s][info][gc,heap     ] GC(1) Old regions: 2->3
[1.649s][info][gc,heap     ] GC(1) Humongous regions: 4->4
[1.649s][info][gc,metaspace] GC(1) Metaspace: 19381K(19648K)->19381K(19648K) NonClass: 17096K(17216K)->17096K(17216K) Class: 2285K(2432K)->2285K(2432K)
[1.649s][info][gc          ] GC(1) Pause Young (Normal) (G1 Evacuation Pause) 46M->12M(249M) 10.013ms
[1.649s][info][gc,cpu      ] GC(1) User=0.01s Sys=0.01s Real=0.01s
[1.739s][info][gc,start    ] GC(2) Pause Young (Concurrent Start) (Metadata GC Threshold)
[1.740s][info][gc,task     ] GC(2) Using 5 workers of 11 for evacuation
[1.744s][info][gc,phases   ] GC(2)   Pre Evacuate Collection Set: 0.2ms
[1.745s][info][gc,phases   ] GC(2)   Merge Heap Roots: 0.1ms
[1.745s][info][gc,phases   ] GC(2)   Evacuate Collection Set: 3.1ms
[1.745s][info][gc,phases   ] GC(2)   Post Evacuate Collection Set: 0.7ms
[1.745s][info][gc,phases   ] GC(2)   Other: 0.4ms
[1.746s][info][gc,heap     ] GC(2) Eden regions: 6->0(136)
[1.746s][info][gc,heap     ] GC(2) Survivor regions: 6->4(11)
[1.746s][info][gc,heap     ] GC(2) Old regions: 3->6
[1.746s][info][gc,heap     ] GC(2) Humongous regions: 4->4
[1.746s][info][gc,metaspace] GC(2) Metaspace: 21165K(21504K)->21165K(21504K) NonClass: 18657K(18816K)->18657K(18816K) Class: 2508K(2688K)->2508K(2688K)
[1.747s][info][gc          ] GC(2) Pause Young (Concurrent Start) (Metadata GC Threshold) 18M->13M(249M) 7.630ms
[1.747s][info][gc,cpu      ] GC(2) User=0.01s Sys=0.00s Real=0.00s
[1.747s][info][gc          ] GC(3) Concurrent Mark Cycle
[1.747s][info][gc,marking  ] GC(3) Concurrent Scan Root Regions
[1.750s][info][gc,marking  ] GC(3) Concurrent Scan Root Regions 2.468ms
[1.750s][info][gc,marking  ] GC(3) Concurrent Mark
[1.751s][info][gc,marking  ] GC(3) Concurrent Mark From Roots
[1.751s][info][gc,task     ] GC(3) Using 3 workers of 3 for marking
[1.753s][info][gc,marking  ] GC(3) Concurrent Mark From Roots 2.319ms
[1.753s][info][gc,marking  ] GC(3) Concurrent Preclean
[1.753s][info][gc,marking  ] GC(3) Concurrent Preclean 0.154ms
[1.754s][info][gc,start    ] GC(3) Pause Remark
[1.756s][info][gc          ] GC(3) Pause Remark 14M->14M(47M) 2.498ms
[1.756s][info][gc,cpu      ] GC(3) User=0.01s Sys=0.00s Real=0.00s
[1.757s][info][gc,marking  ] GC(3) Concurrent Mark 6.483ms
[1.757s][info][gc,marking  ] GC(3) Concurrent Rebuild Remembered Sets and Scrub Regions
[1.758s][info][gc,marking  ] GC(3) Concurrent Rebuild Remembered Sets and Scrub Regions 1.289ms
[1.759s][info][gc,start    ] GC(3) Pause Cleanup
[1.759s][info][gc          ] GC(3) Pause Cleanup 14M->14M(47M) 0.410ms
[1.759s][info][gc,cpu      ] GC(3) User=0.00s Sys=0.00s Real=0.00s
[1.760s][info][gc,marking  ] GC(3) Concurrent Clear Claimed Marks
[1.760s][info][gc,marking  ] GC(3) Concurrent Clear Claimed Marks 0.233ms
[1.760s][info][gc,marking  ] GC(3) Concurrent Cleanup for Next Mark
[1.761s][info][gc,marking  ] GC(3) Concurrent Cleanup for Next Mark 0.670ms
[1.761s][info][gc          ] GC(3) Concurrent Mark Cycle 14.195ms
[2.147s][info][gc,start    ] GC(4) Pause Young (Prepare Mixed) (G1 Evacuation Pause)
[2.148s][info][gc,task     ] GC(4) Using 8 workers of 11 for evacuation
[2.154s][info][gc,phases   ] GC(4)   Pre Evacuate Collection Set: 0.3ms
[2.155s][info][gc,phases   ] GC(4)   Merge Heap Roots: 0.1ms
[2.155s][info][gc,phases   ] GC(4)   Evacuate Collection Set: 4.5ms
[2.155s][info][gc,phases   ] GC(4)   Post Evacuate Collection Set: 1.1ms
[2.155s][info][gc,phases   ] GC(4)   Other: 0.3ms
[2.155s][info][gc,heap     ] GC(4) Eden regions: 33->0(24)
[2.156s][info][gc,heap     ] GC(4) Survivor regions: 4->9(18)
[2.156s][info][gc,heap     ] GC(4) Old regions: 6->6
[2.156s][info][gc,heap     ] GC(4) Humongous regions: 4->4
[2.156s][info][gc,metaspace] GC(4) Metaspace: 28185K(28544K)->28185K(28544K) NonClass: 24805K(25024K)->24805K(25024K) Class: 3380K(3520K)->3380K(3520K)
[2.156s][info][gc          ] GC(4) Pause Young (Prepare Mixed) (G1 Evacuation Pause) 46M->18M(56M) 9.221ms
[2.157s][info][gc,cpu      ] GC(4) User=0.01s Sys=0.01s Real=0.01s
[2.761s][info][gc,start    ] GC(5) Pause Young (Mixed) (G1 Evacuation Pause)
[2.762s][info][gc,task     ] GC(5) Using 11 workers of 11 for evacuation
[2.766s][info][gc,phases   ] GC(5)   Pre Evacuate Collection Set: 0.3ms
[2.767s][info][gc,phases   ] GC(5)   Merge Heap Roots: 0.3ms
[2.767s][info][gc,phases   ] GC(5)   Evacuate Collection Set: 3.0ms
[2.767s][info][gc,phases   ] GC(5)   Post Evacuate Collection Set: 0.8ms
[2.768s][info][gc,phases   ] GC(5)   Other: 0.3ms
[2.768s][info][gc,heap     ] GC(5) Eden regions: 24->0(27)
[2.768s][info][gc,heap     ] GC(5) Survivor regions: 9->2(5)
[2.768s][info][gc,heap     ] GC(5) Old regions: 6->14
[2.768s][info][gc,heap     ] GC(5) Humongous regions: 4->4
[2.768s][info][gc,metaspace] GC(5) Metaspace: 32548K(33024K)->32548K(33024K) NonClass: 28625K(28864K)->28625K(28864K) Class: 3922K(4160K)->3922K(4160K)
[2.769s][info][gc          ] GC(5) Pause Young (Mixed) (G1 Evacuation Pause) 42M->19M(56M) 7.451ms
[2.769s][info][gc,cpu      ] GC(5) User=0.03s Sys=0.00s Real=0.00s
[2.968s][info][gc,start    ] GC(6) Pause Young (Concurrent Start) (Metadata GC Threshold)
[2.969s][info][gc,task     ] GC(6) Using 11 workers of 11 for evacuation
[2.973s][info][gc,phases   ] GC(6)   Pre Evacuate Collection Set: 0.4ms
[2.973s][info][gc,phases   ] GC(6)   Merge Heap Roots: 0.3ms
[2.974s][info][gc,phases   ] GC(6)   Evacuate Collection Set: 2.4ms
[2.974s][info][gc,phases   ] GC(6)   Post Evacuate Collection Set: 0.7ms
[2.974s][info][gc,phases   ] GC(6)   Other: 0.5ms
[2.975s][info][gc,heap     ] GC(6) Eden regions: 14->0(26)
[2.975s][info][gc,heap     ] GC(6) Survivor regions: 2->3(4)
[2.975s][info][gc,heap     ] GC(6) Old regions: 14->14
[2.975s][info][gc,heap     ] GC(6) Humongous regions: 4->4
[2.976s][info][gc,metaspace] GC(6) Metaspace: 35680K(36096K)->35680K(36096K) NonClass: 31403K(31616K)->31403K(31616K) Class: 4276K(4480K)->4276K(4480K)
[2.976s][info][gc          ] GC(6) Pause Young (Concurrent Start) (Metadata GC Threshold) 32M->19M(56M) 7.815ms
[2.976s][info][gc,cpu      ] GC(6) User=0.03s Sys=0.00s Real=0.01s
[2.976s][info][gc          ] GC(7) Concurrent Mark Cycle
[2.977s][info][gc,marking  ] GC(7) Concurrent Scan Root Regions
[2.979s][info][gc,marking  ] GC(7) Concurrent Scan Root Regions 2.275ms
[2.980s][info][gc,marking  ] GC(7) Concurrent Mark
[2.980s][info][gc,marking  ] GC(7) Concurrent Mark From Roots
[2.980s][info][gc,task     ] GC(7) Using 3 workers of 3 for marking
[2.989s][info][gc,marking  ] GC(7) Concurrent Mark From Roots 8.791ms
[2.989s][info][gc,marking  ] GC(7) Concurrent Preclean
[2.990s][info][gc,marking  ] GC(7) Concurrent Preclean 0.489ms
[2.991s][info][gc,start    ] GC(7) Pause Remark
[2.995s][info][gc          ] GC(7) Pause Remark 21M->21M(56M) 4.648ms
[2.996s][info][gc,cpu      ] GC(7) User=0.03s Sys=0.00s Real=0.00s
[2.996s][info][gc,marking  ] GC(7) Concurrent Mark 16.692ms
[2.997s][info][gc,marking  ] GC(7) Concurrent Rebuild Remembered Sets and Scrub Regions
[3.000s][info][gc,marking  ] GC(7) Concurrent Rebuild Remembered Sets and Scrub Regions 3.667ms
[3.001s][info][gc,start    ] GC(7) Pause Cleanup
[3.002s][info][gc          ] GC(7) Pause Cleanup 21M->21M(56M) 0.586ms
[3.002s][info][gc,cpu      ] GC(7) User=0.00s Sys=0.00s Real=0.00s
[3.002s][info][gc,marking  ] GC(7) Concurrent Clear Claimed Marks
[3.003s][info][gc,marking  ] GC(7) Concurrent Clear Claimed Marks 0.311ms
[3.003s][info][gc,marking  ] GC(7) Concurrent Cleanup for Next Mark
[3.003s][info][gc,marking  ] GC(7) Concurrent Cleanup for Next Mark 0.591ms
[3.004s][info][gc          ] GC(7) Concurrent Mark Cycle 27.322ms
[5.396s][info][gc,heap,exit] Heap
[5.396s][info][gc,heap,exit]  garbage-first heap   total 57344K, used 41477K [0x00000000d0000000, 0x0000000100000000)
[5.397s][info][gc,heap,exit]   region size 1024K, 24 young (24576K), 3 survivors (3072K)
[5.397s][info][gc,heap,exit]  Metaspace       used 41132K, committed 41472K, reserved 1114112K
[5.397s][info][gc,heap,exit]   class space    used 4825K, committed 4992K, reserved 1048576K
