[0.043s][info][gc,init] CardTable entry size: 512
[0.045s][info][gc     ] Using G1
[0.048s][info][gc,init] Version: 21.0.8+9-LTS (release)
[0.049s][info][gc,init] CPUs: 14 total, 14 available
[0.049s][info][gc,init] Memory: 15750M
[0.049s][info][gc,init] Large Page Support: Disabled
[0.050s][info][gc,init] NUMA Support: Disabled
[0.050s][info][gc,init] Compressed Oops: Enabled (32-bit)
[0.050s][info][gc,init] Heap Region Size: 1M
[0.050s][info][gc,init] Heap Min Capacity: 8M
[0.050s][info][gc,init] Heap Initial Capacity: 248M
[0.051s][info][gc,init] Heap Max Capacity: 768M
[0.051s][info][gc,init] Pre-touch: Disabled
[0.051s][info][gc,init] Parallel Workers: 11
[0.052s][info][gc,init] Concurrent Workers: 3
[0.052s][info][gc,init] Concurrent Refinement Workers: 11
[0.052s][info][gc,init] Periodic GC: Disabled
[0.060s][info][gc,metaspace] CDS archive(s) mapped at: [0x0000709973000000-0x0000709973bb2000-0x0000709973bb2000), size 12263424, SharedBaseAddress: 0x0000709973000000, ArchiveRelocationMode: 1.
[0.060s][info][gc,metaspace] Compressed class space mapped at: 0x0000709974000000-0x00007099b4000000, reserved size: 1073741824
[0.061s][info][gc,metaspace] Narrow klass base: 0x0000709973000000, Narrow klass shift: 0, Narrow klass range: 0x100000000
[0.811s][info][gc,start    ] GC(0) Pause Young (Normal) (G1 Evacuation Pause)
[0.813s][info][gc,task     ] GC(0) Using 5 workers of 11 for evacuation
[0.817s][info][gc,phases   ] GC(0)   Pre Evacuate Collection Set: 0.4ms
[0.818s][info][gc,phases   ] GC(0)   Merge Heap Roots: 0.3ms
[0.818s][info][gc,phases   ] GC(0)   Evacuate Collection Set: 2.8ms
[0.819s][info][gc,phases   ] GC(0)   Post Evacuate Collection Set: 0.9ms
[0.819s][info][gc,phases   ] GC(0)   Other: 2.0ms
[0.819s][info][gc,heap     ] GC(0) Eden regions: 23->0(38)
[0.820s][info][gc,heap     ] GC(0) Survivor regions: 0->3(3)
[0.820s][info][gc,heap     ] GC(0) Old regions: 1->2
[0.820s][info][gc,heap     ] GC(0) Humongous regions: 5->4
[0.821s][info][gc,metaspace] GC(0) Metaspace: 7975K(8128K)->7975K(8128K) NonClass: 7087K(7168K)->7087K(7168K) Class: 888K(960K)->888K(960K)
[0.821s][info][gc          ] GC(0) Pause Young (Normal) (G1 Evacuation Pause) 28M->8M(249M) 10.406ms
[0.821s][info][gc,cpu      ] GC(0) User=0.01s Sys=0.01s Real=0.01s
[1.923s][info][gc,start    ] GC(1) Pause Young (Normal) (G1 Evacuation Pause)
[1.923s][info][gc,task     ] GC(1) Using 5 workers of 11 for evacuation
[1.938s][info][gc,phases   ] GC(1)   Pre Evacuate Collection Set: 0.3ms
[1.939s][info][gc,phases   ] GC(1)   Merge Heap Roots: 0.2ms
[1.939s][info][gc,phases   ] GC(1)   Evacuate Collection Set: 9.2ms
[1.939s][info][gc,phases   ] GC(1)   Post Evacuate Collection Set: 4.5ms
[1.940s][info][gc,phases   ] GC(1)   Other: 0.5ms
[1.940s][info][gc,heap     ] GC(1) Eden regions: 38->0(81)
[1.941s][info][gc,heap     ] GC(1) Survivor regions: 3->6(6)
[1.941s][info][gc,heap     ] GC(1) Old regions: 2->3
[1.942s][info][gc,heap     ] GC(1) Humongous regions: 4->4
[1.942s][info][gc,metaspace] GC(1) Metaspace: 19397K(19712K)->19397K(19712K) NonClass: 17112K(17280K)->17112K(17280K) Class: 2285K(2432K)->2285K(2432K)
[1.942s][info][gc          ] GC(1) Pause Young (Normal) (G1 Evacuation Pause) 46M->12M(249M) 19.212ms
[1.942s][info][gc,cpu      ] GC(1) User=0.05s Sys=0.00s Real=0.02s
[2.076s][info][gc,start    ] GC(2) Pause Young (Concurrent Start) (Metadata GC Threshold)
[2.077s][info][gc,task     ] GC(2) Using 5 workers of 11 for evacuation
[2.083s][info][gc,phases   ] GC(2)   Pre Evacuate Collection Set: 0.3ms
[2.084s][info][gc,phases   ] GC(2)   Merge Heap Roots: 0.2ms
[2.084s][info][gc,phases   ] GC(2)   Evacuate Collection Set: 4.2ms
[2.084s][info][gc,phases   ] GC(2)   Post Evacuate Collection Set: 1.0ms
[2.085s][info][gc,phases   ] GC(2)   Other: 0.5ms
[2.085s][info][gc,heap     ] GC(2) Eden regions: 6->0(144)
[2.085s][info][gc,heap     ] GC(2) Survivor regions: 6->4(11)
[2.085s][info][gc,heap     ] GC(2) Old regions: 3->7
[2.086s][info][gc,heap     ] GC(2) Humongous regions: 4->4
[2.086s][info][gc,metaspace] GC(2) Metaspace: 21197K(21504K)->21197K(21504K) NonClass: 18686K(18816K)->18686K(18816K) Class: 2510K(2688K)->2510K(2688K)
[2.086s][info][gc          ] GC(2) Pause Young (Concurrent Start) (Metadata GC Threshold) 18M->13M(249M) 9.850ms
[2.087s][info][gc,cpu      ] GC(2) User=0.03s Sys=0.00s Real=0.01s
[2.087s][info][gc          ] GC(3) Concurrent Mark Cycle
[2.087s][info][gc,marking  ] GC(3) Concurrent Scan Root Regions
[2.090s][info][gc,marking  ] GC(3) Concurrent Scan Root Regions 2.906ms
[2.090s][info][gc,marking  ] GC(3) Concurrent Mark
[2.091s][info][gc,marking  ] GC(3) Concurrent Mark From Roots
[2.091s][info][gc,task     ] GC(3) Using 3 workers of 3 for marking
[2.094s][info][gc,marking  ] GC(3) Concurrent Mark From Roots 2.971ms
[2.094s][info][gc,marking  ] GC(3) Concurrent Preclean
[2.095s][info][gc,marking  ] GC(3) Concurrent Preclean 0.412ms
[2.095s][info][gc,start    ] GC(3) Pause Remark
[2.099s][info][gc          ] GC(3) Pause Remark 14M->14M(50M) 3.132ms
[2.099s][info][gc,cpu      ] GC(3) User=0.00s Sys=0.00s Real=0.00s
[2.099s][info][gc,marking  ] GC(3) Concurrent Mark 9.000ms
[2.100s][info][gc,marking  ] GC(3) Concurrent Rebuild Remembered Sets and Scrub Regions
[2.102s][info][gc,marking  ] GC(3) Concurrent Rebuild Remembered Sets and Scrub Regions 1.879ms
[2.102s][info][gc,start    ] GC(3) Pause Cleanup
[2.103s][info][gc          ] GC(3) Pause Cleanup 14M->14M(50M) 0.545ms
[2.103s][info][gc,cpu      ] GC(3) User=0.00s Sys=0.00s Real=0.00s
[2.103s][info][gc,marking  ] GC(3) Concurrent Clear Claimed Marks
[2.104s][info][gc,marking  ] GC(3) Concurrent Clear Claimed Marks 0.237ms
[2.104s][info][gc,marking  ] GC(3) Concurrent Cleanup for Next Mark
[2.105s][info][gc,marking  ] GC(3) Concurrent Cleanup for Next Mark 0.936ms
[2.105s][info][gc          ] GC(3) Concurrent Mark Cycle 18.570ms
[2.627s][info][gc,start    ] GC(4) Pause Young (Prepare Mixed) (G1 Evacuation Pause)
[2.628s][info][gc,task     ] GC(4) Using 8 workers of 11 for evacuation
[2.635s][info][gc,phases   ] GC(4)   Pre Evacuate Collection Set: 0.4ms
[2.635s][info][gc,phases   ] GC(4)   Merge Heap Roots: 0.2ms
[2.636s][info][gc,phases   ] GC(4)   Evacuate Collection Set: 4.9ms
[2.636s][info][gc,phases   ] GC(4)   Post Evacuate Collection Set: 1.2ms
[2.636s][info][gc,phases   ] GC(4)   Other: 0.4ms
[2.637s][info][gc,heap     ] GC(4) Eden regions: 35->0(26)
[2.637s][info][gc,heap     ] GC(4) Survivor regions: 4->9(19)
[2.637s][info][gc,heap     ] GC(4) Old regions: 7->7
[2.637s][info][gc,heap     ] GC(4) Humongous regions: 4->4
[2.638s][info][gc,metaspace] GC(4) Metaspace: 28520K(28864K)->28520K(28864K) NonClass: 25079K(25280K)->25079K(25280K) Class: 3441K(3584K)->3441K(3584K)
[2.638s][info][gc          ] GC(4) Pause Young (Prepare Mixed) (G1 Evacuation Pause) 48M->18M(59M) 10.791ms
[2.638s][info][gc,cpu      ] GC(4) User=0.03s Sys=0.00s Real=0.01s
[3.181s][info][gc,start    ] GC(5) Pause Young (Mixed) (G1 Evacuation Pause)
[3.182s][info][gc,task     ] GC(5) Using 11 workers of 11 for evacuation
[3.187s][info][gc,phases   ] GC(5)   Pre Evacuate Collection Set: 0.4ms
[3.188s][info][gc,phases   ] GC(5)   Merge Heap Roots: 0.3ms
[3.192s][info][gc,phases   ] GC(5)   Evacuate Collection Set: 3.6ms
[3.193s][info][gc,phases   ] GC(5)   Post Evacuate Collection Set: 1.0ms
[3.193s][info][gc,phases   ] GC(5)   Other: 0.4ms
[3.194s][info][gc,heap     ] GC(5) Eden regions: 26->0(28)
[3.194s][info][gc,heap     ] GC(5) Survivor regions: 9->3(5)
[3.194s][info][gc,heap     ] GC(5) Old regions: 7->15
[3.195s][info][gc,heap     ] GC(5) Humongous regions: 4->4
[3.195s][info][gc,metaspace] GC(5) Metaspace: 33687K(34112K)->33687K(34112K) NonClass: 29620K(29824K)->29620K(29824K) Class: 4067K(4288K)->4067K(4288K)
[3.195s][info][gc          ] GC(5) Pause Young (Mixed) (G1 Evacuation Pause) 44M->20M(59M) 14.340ms
[3.196s][info][gc,cpu      ] GC(5) User=0.05s Sys=0.00s Real=0.02s
[3.375s][info][gc,start    ] GC(6) Pause Young (Concurrent Start) (Metadata GC Threshold)
[3.375s][info][gc,task     ] GC(6) Using 11 workers of 11 for evacuation
[3.380s][info][gc,phases   ] GC(6)   Pre Evacuate Collection Set: 0.4ms
[3.381s][info][gc,phases   ] GC(6)   Merge Heap Roots: 0.4ms
[3.381s][info][gc,phases   ] GC(6)   Evacuate Collection Set: 2.5ms
[3.381s][info][gc,phases   ] GC(6)   Post Evacuate Collection Set: 0.8ms
[3.381s][info][gc,phases   ] GC(6)   Other: 0.5ms
[3.382s][info][gc,heap     ] GC(6) Eden regions: 10->0(28)
[3.382s][info][gc,heap     ] GC(6) Survivor regions: 3->3(4)
[3.382s][info][gc,heap     ] GC(6) Old regions: 15->15
[3.383s][info][gc,heap     ] GC(6) Humongous regions: 4->4
[3.383s][info][gc,metaspace] GC(6) Metaspace: 35793K(36160K)->35793K(36160K) NonClass: 31509K(31680K)->31509K(31680K) Class: 4284K(4480K)->4284K(4480K)
[3.383s][info][gc          ] GC(6) Pause Young (Concurrent Start) (Metadata GC Threshold) 29M->20M(59M) 8.616ms
[3.384s][info][gc          ] GC(7) Concurrent Mark Cycle
[3.384s][info][gc,cpu      ] GC(6) User=0.02s Sys=0.01s Real=0.00s
[3.384s][info][gc,marking  ] GC(7) Concurrent Scan Root Regions
[3.386s][info][gc,marking  ] GC(7) Concurrent Scan Root Regions 2.487ms
[3.387s][info][gc,marking  ] GC(7) Concurrent Mark
[3.387s][info][gc,marking  ] GC(7) Concurrent Mark From Roots
[3.388s][info][gc,task     ] GC(7) Using 3 workers of 3 for marking
[3.398s][info][gc,marking  ] GC(7) Concurrent Mark From Roots 10.094ms
[3.398s][info][gc,marking  ] GC(7) Concurrent Preclean
[3.398s][info][gc,marking  ] GC(7) Concurrent Preclean 0.358ms
[3.399s][info][gc,start    ] GC(7) Pause Remark
[3.403s][info][gc          ] GC(7) Pause Remark 21M->21M(59M) 4.186ms
[3.404s][info][gc,cpu      ] GC(7) User=0.02s Sys=0.00s Real=0.00s
[3.404s][info][gc,marking  ] GC(7) Concurrent Mark 17.263ms
[3.405s][info][gc,marking  ] GC(7) Concurrent Rebuild Remembered Sets and Scrub Regions
[3.409s][info][gc,marking  ] GC(7) Concurrent Rebuild Remembered Sets and Scrub Regions 4.046ms
[3.409s][info][gc,start    ] GC(7) Pause Cleanup
[3.410s][info][gc          ] GC(7) Pause Cleanup 21M->21M(59M) 0.540ms
[3.410s][info][gc,cpu      ] GC(7) User=0.00s Sys=0.00s Real=0.00s
[3.411s][info][gc,marking  ] GC(7) Concurrent Clear Claimed Marks
[3.411s][info][gc,marking  ] GC(7) Concurrent Clear Claimed Marks 0.323ms
[3.411s][info][gc,marking  ] GC(7) Concurrent Cleanup for Next Mark
[3.412s][info][gc,marking  ] GC(7) Concurrent Cleanup for Next Mark 0.968ms
[3.413s][info][gc          ] GC(7) Concurrent Mark Cycle 29.096ms
[5.854s][info][gc,heap,exit] Heap
[5.855s][info][gc,heap,exit]  garbage-first heap   total 60416K, used 41997K [0x00000000d0000000, 0x0000000100000000)
[5.855s][info][gc,heap,exit]   region size 1024K, 24 young (24576K), 3 survivors (3072K)
[5.855s][info][gc,heap,exit]  Metaspace       used 41167K, committed 41536K, reserved 1114112K
[5.856s][info][gc,heap,exit]   class space    used 4828K, committed 4992K, reserved 1048576K
