[0.100s][info][gc,init] CardTable entry size: 512
[0.102s][info][gc     ] Using G1
[0.108s][info][gc,init] Version: 21.0.8+9-LTS (release)
[0.109s][info][gc,init] CPUs: 14 total, 14 available
[0.109s][info][gc,init] Memory: 15750M
[0.110s][info][gc,init] Large Page Support: Disabled
[0.110s][info][gc,init] NUMA Support: Disabled
[0.110s][info][gc,init] Compressed Oops: Enabled (32-bit)
[0.111s][info][gc,init] Heap Region Size: 1M
[0.111s][info][gc,init] Heap Min Capacity: 8M
[0.111s][info][gc,init] Heap Initial Capacity: 248M
[0.112s][info][gc,init] Heap Max Capacity: 768M
[0.112s][info][gc,init] Pre-touch: Disabled
[0.113s][info][gc,init] Parallel Workers: 11
[0.113s][info][gc,init] Concurrent Workers: 3
[0.114s][info][gc,init] Concurrent Refinement Workers: 11
[0.114s][info][gc,init] Periodic GC: Disabled
[0.123s][info][gc,metaspace] CDS archive(s) mapped at: [0x0000785347000000-0x0000785347bb2000-0x0000785347bb2000), size 12263424, SharedBaseAddress: 0x0000785347000000, ArchiveRelocationMode: 1.
[0.124s][info][gc,metaspace] Compressed class space mapped at: 0x0000785348000000-0x0000785388000000, reserved size: 1073741824
[0.124s][info][gc,metaspace] Narrow klass base: 0x0000785347000000, Narrow klass shift: 0, Narrow klass range: 0x100000000
[1.010s][info][gc,start    ] GC(0) Pause Young (Normal) (G1 Evacuation Pause)
[1.012s][info][gc,task     ] GC(0) Using 5 workers of 11 for evacuation
[1.018s][info][gc,phases   ] GC(0)   Pre Evacuate Collection Set: 0.2ms
[1.019s][info][gc,phases   ] GC(0)   Merge Heap Roots: 0.2ms
[1.019s][info][gc,phases   ] GC(0)   Evacuate Collection Set: 4.1ms
[1.020s][info][gc,phases   ] GC(0)   Post Evacuate Collection Set: 1.2ms
[1.020s][info][gc,phases   ] GC(0)   Other: 2.2ms
[1.020s][info][gc,heap     ] GC(0) Eden regions: 23->0(38)
[1.021s][info][gc,heap     ] GC(0) Survivor regions: 0->3(3)
[1.021s][info][gc,heap     ] GC(0) Old regions: 1->2
[1.021s][info][gc,heap     ] GC(0) Humongous regions: 5->4
[1.022s][info][gc,metaspace] GC(0) Metaspace: 7972K(8128K)->7972K(8128K) NonClass: 7084K(7168K)->7084K(7168K) Class: 888K(960K)->888K(960K)
[1.022s][info][gc          ] GC(0) Pause Young (Normal) (G1 Evacuation Pause) 28M->8M(249M) 12.387ms
[1.022s][info][gc,cpu      ] GC(0) User=0.02s Sys=0.00s Real=0.02s
[2.071s][info][gc,start    ] GC(1) Pause Young (Normal) (G1 Evacuation Pause)
[2.071s][info][gc,task     ] GC(1) Using 5 workers of 11 for evacuation
[2.080s][info][gc,phases   ] GC(1)   Pre Evacuate Collection Set: 0.2ms
[2.081s][info][gc,phases   ] GC(1)   Merge Heap Roots: 0.2ms
[2.081s][info][gc,phases   ] GC(1)   Evacuate Collection Set: 6.1ms
[2.081s][info][gc,phases   ] GC(1)   Post Evacuate Collection Set: 2.3ms
[2.082s][info][gc,phases   ] GC(1)   Other: 0.4ms
[2.082s][info][gc,heap     ] GC(1) Eden regions: 38->0(83)
[2.082s][info][gc,heap     ] GC(1) Survivor regions: 3->6(6)
[2.082s][info][gc,heap     ] GC(1) Old regions: 2->3
[2.083s][info][gc,heap     ] GC(1) Humongous regions: 4->4
[2.083s][info][gc,metaspace] GC(1) Metaspace: 19395K(19712K)->19395K(19712K) NonClass: 17110K(17280K)->17110K(17280K) Class: 2285K(2432K)->2285K(2432K)
[2.083s][info][gc          ] GC(1) Pause Young (Normal) (G1 Evacuation Pause) 46M->12M(249M) 12.462ms
[2.083s][info][gc,cpu      ] GC(1) User=0.03s Sys=0.01s Real=0.01s
[2.216s][info][gc,start    ] GC(2) Pause Young (Concurrent Start) (Metadata GC Threshold)
[2.216s][info][gc,task     ] GC(2) Using 5 workers of 11 for evacuation
[2.221s][info][gc,phases   ] GC(2)   Pre Evacuate Collection Set: 0.3ms
[2.222s][info][gc,phases   ] GC(2)   Merge Heap Roots: 0.1ms
[2.222s][info][gc,phases   ] GC(2)   Evacuate Collection Set: 3.0ms
[2.223s][info][gc,phases   ] GC(2)   Post Evacuate Collection Set: 1.3ms
[2.223s][info][gc,phases   ] GC(2)   Other: 0.5ms
[2.223s][info][gc,heap     ] GC(2) Eden regions: 6->0(140)
[2.223s][info][gc,heap     ] GC(2) Survivor regions: 6->8(12)
[2.224s][info][gc,heap     ] GC(2) Old regions: 3->3
[2.224s][info][gc,heap     ] GC(2) Humongous regions: 4->4
[2.224s][info][gc,metaspace] GC(2) Metaspace: 21188K(21504K)->21188K(21504K) NonClass: 18679K(18816K)->18679K(18816K) Class: 2508K(2688K)->2508K(2688K)
[2.225s][info][gc          ] GC(2) Pause Young (Concurrent Start) (Metadata GC Threshold) 18M->13M(249M) 8.964ms
[2.225s][info][gc          ] GC(3) Concurrent Mark Cycle
[2.225s][info][gc,marking  ] GC(3) Concurrent Scan Root Regions
[2.225s][info][gc,cpu      ] GC(2) User=0.02s Sys=0.00s Real=0.01s
[2.228s][info][gc,marking  ] GC(3) Concurrent Scan Root Regions 2.776ms
[2.228s][info][gc,marking  ] GC(3) Concurrent Mark
[2.229s][info][gc,marking  ] GC(3) Concurrent Mark From Roots
[2.229s][info][gc,task     ] GC(3) Using 3 workers of 3 for marking
[2.231s][info][gc,marking  ] GC(3) Concurrent Mark From Roots 2.608ms
[2.232s][info][gc,marking  ] GC(3) Concurrent Preclean
[2.232s][info][gc,marking  ] GC(3) Concurrent Preclean 0.347ms
[2.233s][info][gc,start    ] GC(3) Pause Remark
[2.236s][info][gc          ] GC(3) Pause Remark 14M->14M(50M) 3.552ms
[2.237s][info][gc,cpu      ] GC(3) User=0.00s Sys=0.01s Real=0.00s
[2.237s][info][gc,marking  ] GC(3) Concurrent Mark 9.173ms
[2.238s][info][gc,marking  ] GC(3) Concurrent Rebuild Remembered Sets and Scrub Regions
[2.239s][info][gc,marking  ] GC(3) Concurrent Rebuild Remembered Sets and Scrub Regions 1.355ms
[2.240s][info][gc,start    ] GC(3) Pause Cleanup
[2.240s][info][gc          ] GC(3) Pause Cleanup 14M->14M(50M) 0.523ms
[2.241s][info][gc,cpu      ] GC(3) User=0.00s Sys=0.00s Real=0.00s
[2.241s][info][gc,marking  ] GC(3) Concurrent Clear Claimed Marks
[2.241s][info][gc,marking  ] GC(3) Concurrent Clear Claimed Marks 0.295ms
[2.242s][info][gc,marking  ] GC(3) Concurrent Cleanup for Next Mark
[2.243s][info][gc,marking  ] GC(3) Concurrent Cleanup for Next Mark 0.850ms
[2.243s][info][gc          ] GC(3) Concurrent Mark Cycle 18.183ms
[2.760s][info][gc,start    ] GC(4) Pause Young (Prepare Mixed) (G1 Evacuation Pause)
[2.762s][info][gc,task     ] GC(4) Using 8 workers of 11 for evacuation
[2.772s][info][gc,phases   ] GC(4)   Pre Evacuate Collection Set: 0.4ms
[2.772s][info][gc,phases   ] GC(4)   Merge Heap Roots: 0.2ms
[2.772s][info][gc,phases   ] GC(4)   Evacuate Collection Set: 6.6ms
[2.773s][info][gc,phases   ] GC(4)   Post Evacuate Collection Set: 2.0ms
[2.773s][info][gc,phases   ] GC(4)   Other: 0.4ms
[2.773s][info][gc,heap     ] GC(4) Eden regions: 35->0(24)
[2.773s][info][gc,heap     ] GC(4) Survivor regions: 8->13(19)
[2.773s][info][gc,heap     ] GC(4) Old regions: 3->3
[2.774s][info][gc,heap     ] GC(4) Humongous regions: 4->4
[2.774s][info][gc,metaspace] GC(4) Metaspace: 28287K(28736K)->28287K(28736K) NonClass: 24893K(25152K)->24893K(25152K) Class: 3394K(3584K)->3394K(3584K)
[2.774s][info][gc          ] GC(4) Pause Young (Prepare Mixed) (G1 Evacuation Pause) 48M->19M(63M) 14.228ms
[2.774s][info][gc,cpu      ] GC(4) User=0.04s Sys=0.02s Real=0.01s
[3.273s][info][gc,start    ] GC(5) Pause Young (Mixed) (G1 Evacuation Pause)
[3.273s][info][gc,task     ] GC(5) Using 11 workers of 11 for evacuation
[3.280s][info][gc,phases   ] GC(5)   Pre Evacuate Collection Set: 0.3ms
[3.281s][info][gc,phases   ] GC(5)   Merge Heap Roots: 0.3ms
[3.281s][info][gc,phases   ] GC(5)   Evacuate Collection Set: 5.1ms
[3.282s][info][gc,phases   ] GC(5)   Post Evacuate Collection Set: 1.1ms
[3.282s][info][gc,phases   ] GC(5)   Other: 0.4ms
[3.282s][info][gc,heap     ] GC(5) Eden regions: 24->0(30)
[3.283s][info][gc,heap     ] GC(5) Survivor regions: 13->3(5)
[3.283s][info][gc,heap     ] GC(5) Old regions: 3->15
[3.283s][info][gc,heap     ] GC(5) Humongous regions: 4->4
[3.283s][info][gc,metaspace] GC(5) Metaspace: 33335K(33792K)->33335K(33792K) NonClass: 29309K(29568K)->29309K(29568K) Class: 4025K(4224K)->4025K(4224K)
[3.284s][info][gc          ] GC(5) Pause Young (Mixed) (G1 Evacuation Pause) 43M->20M(63M) 10.992ms
[3.284s][info][gc,cpu      ] GC(5) User=0.06s Sys=0.01s Real=0.01s
[3.475s][info][gc,start    ] GC(6) Pause Young (Concurrent Start) (Metadata GC Threshold)
[3.476s][info][gc,task     ] GC(6) Using 11 workers of 11 for evacuation
[3.481s][info][gc,phases   ] GC(6)   Pre Evacuate Collection Set: 0.7ms
[3.481s][info][gc,phases   ] GC(6)   Merge Heap Roots: 0.2ms
[3.482s][info][gc,phases   ] GC(6)   Evacuate Collection Set: 2.5ms
[3.482s][info][gc,phases   ] GC(6)   Post Evacuate Collection Set: 1.0ms
[3.482s][info][gc,phases   ] GC(6)   Other: 0.6ms
[3.483s][info][gc,heap     ] GC(6) Eden regions: 12->0(31)
[3.483s][info][gc,heap     ] GC(6) Survivor regions: 3->3(5)
[3.483s][info][gc,heap     ] GC(6) Old regions: 15->15
[3.483s][info][gc,heap     ] GC(6) Humongous regions: 4->4
[3.483s][info][gc,metaspace] GC(6) Metaspace: 35783K(36160K)->35783K(36160K) NonClass: 31500K(31680K)->31500K(31680K) Class: 4282K(4480K)->4282K(4480K)
[3.484s][info][gc          ] GC(6) Pause Young (Concurrent Start) (Metadata GC Threshold) 31M->20M(63M) 8.614ms
[3.484s][info][gc,cpu      ] GC(6) User=0.03s Sys=0.00s Real=0.01s
[3.484s][info][gc          ] GC(7) Concurrent Mark Cycle
[3.485s][info][gc,marking  ] GC(7) Concurrent Scan Root Regions
[3.487s][info][gc,marking  ] GC(7) Concurrent Scan Root Regions 2.424ms
[3.488s][info][gc,marking  ] GC(7) Concurrent Mark
[3.488s][info][gc,marking  ] GC(7) Concurrent Mark From Roots
[3.489s][info][gc,task     ] GC(7) Using 3 workers of 3 for marking
[3.497s][info][gc,marking  ] GC(7) Concurrent Mark From Roots 9.319ms
[3.498s][info][gc,marking  ] GC(7) Concurrent Preclean
[3.499s][info][gc,marking  ] GC(7) Concurrent Preclean 0.508ms
[3.499s][info][gc,start    ] GC(7) Pause Remark
[3.504s][info][gc          ] GC(7) Pause Remark 21M->21M(63M) 4.472ms
[3.504s][info][gc,cpu      ] GC(7) User=0.02s Sys=0.00s Real=0.00s
[3.505s][info][gc,marking  ] GC(7) Concurrent Mark 16.759ms
[3.505s][info][gc,marking  ] GC(7) Concurrent Rebuild Remembered Sets and Scrub Regions
[3.508s][info][gc,marking  ] GC(7) Concurrent Rebuild Remembered Sets and Scrub Regions 3.419ms
[3.509s][info][gc,start    ] GC(7) Pause Cleanup
[3.510s][info][gc          ] GC(7) Pause Cleanup 21M->21M(63M) 0.843ms
[3.510s][info][gc,cpu      ] GC(7) User=0.00s Sys=0.00s Real=0.01s
[3.511s][info][gc,marking  ] GC(7) Concurrent Clear Claimed Marks
[3.511s][info][gc,marking  ] GC(7) Concurrent Clear Claimed Marks 0.381ms
[3.511s][info][gc,marking  ] GC(7) Concurrent Cleanup for Next Mark
[3.512s][info][gc,marking  ] GC(7) Concurrent Cleanup for Next Mark 0.939ms
[3.513s][info][gc          ] GC(7) Concurrent Mark Cycle 28.497ms
[5.879s][info][gc,heap,exit] Heap
[5.880s][info][gc,heap,exit]  garbage-first heap   total 64512K, used 42207K [0x00000000d0000000, 0x0000000100000000)
[5.880s][info][gc,heap,exit]   region size 1024K, 24 young (24576K), 3 survivors (3072K)
[5.880s][info][gc,heap,exit]  Metaspace       used 41132K, committed 41536K, reserved 1114112K
[5.881s][info][gc,heap,exit]   class space    used 4827K, committed 4992K, reserved 1048576K
