[0.109s][info][gc,init] CardTable entry size: 512
[0.110s][info][gc     ] Using G1
[0.114s][info][gc,init] Version: 21.0.8+9-LTS (release)
[0.115s][info][gc,init] CPUs: 14 total, 14 available
[0.115s][info][gc,init] Memory: 15750M
[0.116s][info][gc,init] Large Page Support: Disabled
[0.116s][info][gc,init] NUMA Support: Disabled
[0.116s][info][gc,init] Compressed Oops: Enabled (32-bit)
[0.117s][info][gc,init] Heap Region Size: 1M
[0.117s][info][gc,init] Heap Min Capacity: 8M
[0.118s][info][gc,init] Heap Initial Capacity: 248M
[0.118s][info][gc,init] Heap Max Capacity: 768M
[0.118s][info][gc,init] Pre-touch: Disabled
[0.119s][info][gc,init] Parallel Workers: 11
[0.119s][info][gc,init] Concurrent Workers: 3
[0.120s][info][gc,init] Concurrent Refinement Workers: 11
[0.120s][info][gc,init] Periodic GC: Disabled
[0.128s][info][gc,metaspace] CDS archive(s) mapped at: [0x000079f0bf000000-0x000079f0bfbb2000-0x000079f0bfbb2000), size 12263424, SharedBaseAddress: 0x000079f0bf000000, ArchiveRelocationMode: 1.
[0.129s][info][gc,metaspace] Compressed class space mapped at: 0x000079f0c0000000-0x000079f100000000, reserved size: 1073741824
[0.129s][info][gc,metaspace] Narrow klass base: 0x000079f0bf000000, Narrow klass shift: 0, Narrow klass range: 0x100000000
[0.755s][info][gc,start    ] GC(0) Pause Young (Normal) (G1 Evacuation Pause)
[0.757s][info][gc,task     ] GC(0) Using 5 workers of 11 for evacuation
[0.762s][info][gc,phases   ] GC(0)   Pre Evacuate Collection Set: 0.3ms
[0.763s][info][gc,phases   ] GC(0)   Merge Heap Roots: 0.2ms
[0.763s][info][gc,phases   ] GC(0)   Evacuate Collection Set: 3.1ms
[0.764s][info][gc,phases   ] GC(0)   Post Evacuate Collection Set: 0.8ms
[0.764s][info][gc,phases   ] GC(0)   Other: 1.5ms
[0.764s][info][gc,heap     ] GC(0) Eden regions: 23->0(38)
[0.764s][info][gc,heap     ] GC(0) Survivor regions: 0->3(3)
[0.765s][info][gc,heap     ] GC(0) Old regions: 1->2
[0.765s][info][gc,heap     ] GC(0) Humongous regions: 5->4
[0.765s][info][gc,metaspace] GC(0) Metaspace: 7966K(8128K)->7966K(8128K) NonClass: 7078K(7168K)->7078K(7168K) Class: 887K(960K)->887K(960K)
[0.765s][info][gc          ] GC(0) Pause Young (Normal) (G1 Evacuation Pause) 28M->8M(249M) 9.991ms
[0.766s][info][gc,cpu      ] GC(0) User=0.01s Sys=0.01s Real=0.01s
[1.687s][info][gc,start    ] GC(1) Pause Young (Normal) (G1 Evacuation Pause)
[1.688s][info][gc,task     ] GC(1) Using 5 workers of 11 for evacuation
[1.703s][info][gc,phases   ] GC(1)   Pre Evacuate Collection Set: 0.3ms
[1.703s][info][gc,phases   ] GC(1)   Merge Heap Roots: 0.1ms
[1.704s][info][gc,phases   ] GC(1)   Evacuate Collection Set: 9.5ms
[1.705s][info][gc,phases   ] GC(1)   Post Evacuate Collection Set: 3.6ms
[1.706s][info][gc,phases   ] GC(1)   Other: 0.8ms
[1.706s][info][gc,heap     ] GC(1) Eden regions: 38->0(88)
[1.707s][info][gc,heap     ] GC(1) Survivor regions: 3->6(6)
[1.707s][info][gc,heap     ] GC(1) Old regions: 2->3
[1.707s][info][gc,heap     ] GC(1) Humongous regions: 4->4
[1.710s][info][gc,metaspace] GC(1) Metaspace: 19399K(19712K)->19399K(19712K) NonClass: 17113K(17280K)->17113K(17280K) Class: 2286K(2432K)->2286K(2432K)
[1.710s][info][gc          ] GC(1) Pause Young (Normal) (G1 Evacuation Pause) 46M->12M(249M) 23.030ms
[1.711s][info][gc,cpu      ] GC(1) User=0.03s Sys=0.01s Real=0.02s
[1.903s][info][gc,start    ] GC(2) Pause Young (Concurrent Start) (Metadata GC Threshold)
[1.904s][info][gc,task     ] GC(2) Using 5 workers of 11 for evacuation
[1.911s][info][gc,phases   ] GC(2)   Pre Evacuate Collection Set: 0.4ms
[1.912s][info][gc,phases   ] GC(2)   Merge Heap Roots: 0.1ms
[1.912s][info][gc,phases   ] GC(2)   Evacuate Collection Set: 3.7ms
[1.913s][info][gc,phases   ] GC(2)   Post Evacuate Collection Set: 1.8ms
[1.913s][info][gc,phases   ] GC(2)   Other: 0.7ms
[1.913s][info][gc,heap     ] GC(2) Eden regions: 6->0(140)
[1.914s][info][gc,heap     ] GC(2) Survivor regions: 6->8(12)
[1.914s][info][gc,heap     ] GC(2) Old regions: 3->3
[1.914s][info][gc,heap     ] GC(2) Humongous regions: 4->4
[1.914s][info][gc,metaspace] GC(2) Metaspace: 21203K(21504K)->21203K(21504K) NonClass: 18692K(18816K)->18692K(18816K) Class: 2511K(2688K)->2511K(2688K)
[1.915s][info][gc          ] GC(2) Pause Young (Concurrent Start) (Metadata GC Threshold) 18M->13M(249M) 11.494ms
[1.915s][info][gc          ] GC(3) Concurrent Mark Cycle
[1.915s][info][gc,cpu      ] GC(2) User=0.02s Sys=0.00s Real=0.01s
[1.916s][info][gc,marking  ] GC(3) Concurrent Scan Root Regions
[1.921s][info][gc,marking  ] GC(3) Concurrent Scan Root Regions 5.017ms
[1.921s][info][gc,marking  ] GC(3) Concurrent Mark
[1.922s][info][gc,marking  ] GC(3) Concurrent Mark From Roots
[1.924s][info][gc,task     ] GC(3) Using 3 workers of 3 for marking
[1.926s][info][gc,marking  ] GC(3) Concurrent Mark From Roots 4.511ms
[1.927s][info][gc,marking  ] GC(3) Concurrent Preclean
[1.927s][info][gc,marking  ] GC(3) Concurrent Preclean 0.556ms
[1.928s][info][gc,start    ] GC(3) Pause Remark
[1.933s][info][gc          ] GC(3) Pause Remark 15M->15M(50M) 4.316ms
[1.933s][info][gc,cpu      ] GC(3) User=0.01s Sys=0.00s Real=0.00s
[1.934s][info][gc,marking  ] GC(3) Concurrent Mark 12.415ms
[1.940s][info][gc,marking  ] GC(3) Concurrent Rebuild Remembered Sets and Scrub Regions
[1.943s][info][gc,marking  ] GC(3) Concurrent Rebuild Remembered Sets and Scrub Regions 3.237ms
[1.943s][info][gc,start    ] GC(3) Pause Cleanup
[1.944s][info][gc          ] GC(3) Pause Cleanup 15M->15M(50M) 0.451ms
[1.944s][info][gc,cpu      ] GC(3) User=0.00s Sys=0.00s Real=0.00s
[1.944s][info][gc,marking  ] GC(3) Concurrent Clear Claimed Marks
[1.945s][info][gc,marking  ] GC(3) Concurrent Clear Claimed Marks 0.270ms
[1.945s][info][gc,marking  ] GC(3) Concurrent Cleanup for Next Mark
[1.947s][info][gc,marking  ] GC(3) Concurrent Cleanup for Next Mark 1.401ms
[1.947s][info][gc          ] GC(3) Concurrent Mark Cycle 31.839ms
[2.393s][info][gc,start    ] GC(4) Pause Young (Prepare Mixed) (G1 Evacuation Pause)
[2.395s][info][gc,task     ] GC(4) Using 8 workers of 11 for evacuation
[2.403s][info][gc,phases   ] GC(4)   Pre Evacuate Collection Set: 0.3ms
[2.404s][info][gc,phases   ] GC(4)   Merge Heap Roots: 0.2ms
[2.406s][info][gc,phases   ] GC(4)   Evacuate Collection Set: 5.9ms
[2.406s][info][gc,phases   ] GC(4)   Post Evacuate Collection Set: 1.2ms
[2.407s][info][gc,phases   ] GC(4)   Other: 0.6ms
[2.407s][info][gc,heap     ] GC(4) Eden regions: 22->0(22)
[2.407s][info][gc,heap     ] GC(4) Survivor regions: 8->4(4)
[2.407s][info][gc,heap     ] GC(4) Old regions: 3->10
[2.408s][info][gc,heap     ] GC(4) Humongous regions: 4->4
[2.408s][info][gc,metaspace] GC(4) Metaspace: 26887K(27200K)->26887K(27200K) NonClass: 23674K(23872K)->23674K(23872K) Class: 3213K(3328K)->3213K(3328K)
[2.408s][info][gc          ] GC(4) Pause Young (Prepare Mixed) (G1 Evacuation Pause) 35M->17M(50M) 15.542ms
[2.409s][info][gc,cpu      ] GC(4) User=0.05s Sys=0.02s Real=0.02s
[4.455s][info][gc,start    ] GC(5) Pause Young (Mixed) (G1 Evacuation Pause)
[4.455s][info][gc,task     ] GC(5) Using 11 workers of 11 for evacuation
[4.461s][info][gc,phases   ] GC(5)   Pre Evacuate Collection Set: 0.6ms
[4.462s][info][gc,phases   ] GC(5)   Merge Heap Roots: 0.3ms
[4.462s][info][gc,phases   ] GC(5)   Evacuate Collection Set: 3.2ms
[4.462s][info][gc,phases   ] GC(5)   Post Evacuate Collection Set: 1.1ms
[4.462s][info][gc,phases   ] GC(5)   Other: 0.7ms
[4.463s][info][gc,heap     ] GC(5) Eden regions: 22->0(21)
[4.463s][info][gc,heap     ] GC(5) Survivor regions: 4->2(4)
[4.464s][info][gc,heap     ] GC(5) Old regions: 10->14
[4.464s][info][gc,heap     ] GC(5) Humongous regions: 4->4
[4.465s][info][gc,metaspace] GC(5) Metaspace: 29403K(29888K)->29403K(29888K) NonClass: 25871K(26112K)->25871K(26112K) Class: 3532K(3776K)->3532K(3776K)
[4.465s][info][gc          ] GC(5) Pause Young (Mixed) (G1 Evacuation Pause) 39M->18M(50M) 10.492ms
[4.466s][info][gc,cpu      ] GC(5) User=0.04s Sys=0.00s Real=0.01s
[7.353s][info][gc,heap,exit] Heap
[7.354s][info][gc,heap,exit]  garbage-first heap   total 51200K, used 33334K [0x00000000d0000000, 0x0000000100000000)
[7.355s][info][gc,heap,exit]   region size 1024K, 16 young (16384K), 2 survivors (2048K)
[7.355s][info][gc,heap,exit]  Metaspace       used 32802K, committed 33216K, reserved 1114112K
[7.356s][info][gc,heap,exit]   class space    used 3962K, committed 4160K, reserved 1048576K
