[0.087s][info][gc,init] CardTable entry size: 512
[0.088s][info][gc     ] Using G1
[0.091s][info][gc,init] Version: 21.0.8+9-LTS (release)
[0.092s][info][gc,init] CPUs: 14 total, 14 available
[0.092s][info][gc,init] Memory: 15750M
[0.093s][info][gc,init] Large Page Support: Disabled
[0.093s][info][gc,init] NUMA Support: Disabled
[0.093s][info][gc,init] Compressed Oops: Enabled (32-bit)
[0.094s][info][gc,init] Heap Region Size: 1M
[0.094s][info][gc,init] Heap Min Capacity: 8M
[0.094s][info][gc,init] Heap Initial Capacity: 248M
[0.095s][info][gc,init] Heap Max Capacity: 768M
[0.095s][info][gc,init] Pre-touch: Disabled
[0.108s][info][gc,init] Parallel Workers: 11
[0.109s][info][gc,init] Concurrent Workers: 3
[0.110s][info][gc,init] Concurrent Refinement Workers: 11
[0.111s][info][gc,init] Periodic GC: Disabled
[0.118s][info][gc,metaspace] CDS archive(s) mapped at: [0x0000751813000000-0x0000751813bb2000-0x0000751813bb2000), size 12263424, SharedBaseAddress: 0x0000751813000000, ArchiveRelocationMode: 1.
[0.119s][info][gc,metaspace] Compressed class space mapped at: 0x0000751814000000-0x0000751854000000, reserved size: 1073741824
[0.119s][info][gc,metaspace] Narrow klass base: 0x0000751813000000, Narrow klass shift: 0, Narrow klass range: 0x100000000
[0.718s][info][gc,start    ] GC(0) Pause Young (Normal) (G1 Evacuation Pause)
[0.719s][info][gc,task     ] GC(0) Using 5 workers of 11 for evacuation
[0.723s][info][gc,phases   ] GC(0)   Pre Evacuate Collection Set: 0.3ms
[0.724s][info][gc,phases   ] GC(0)   Merge Heap Roots: 0.2ms
[0.724s][info][gc,phases   ] GC(0)   Evacuate Collection Set: 2.2ms
[0.724s][info][gc,phases   ] GC(0)   Post Evacuate Collection Set: 0.7ms
[0.724s][info][gc,phases   ] GC(0)   Other: 1.7ms
[0.725s][info][gc,heap     ] GC(0) Eden regions: 23->0(38)
[0.725s][info][gc,heap     ] GC(0) Survivor regions: 0->3(3)
[0.725s][info][gc,heap     ] GC(0) Old regions: 1->2
[0.725s][info][gc,heap     ] GC(0) Humongous regions: 5->4
[0.725s][info][gc,metaspace] GC(0) Metaspace: 7969K(8128K)->7969K(8128K) NonClass: 7080K(7168K)->7080K(7168K) Class: 888K(960K)->888K(960K)
[0.726s][info][gc          ] GC(0) Pause Young (Normal) (G1 Evacuation Pause) 28M->8M(249M) 8.116ms
[0.726s][info][gc,cpu      ] GC(0) User=0.02s Sys=0.00s Real=0.01s
[1.731s][info][gc,start    ] GC(1) Pause Young (Normal) (GCLocker Initiated GC)
[1.732s][info][gc,task     ] GC(1) Using 5 workers of 11 for evacuation
[1.739s][info][gc,phases   ] GC(1)   Pre Evacuate Collection Set: 0.2ms
[1.740s][info][gc,phases   ] GC(1)   Merge Heap Roots: 0.1ms
[1.740s][info][gc,phases   ] GC(1)   Evacuate Collection Set: 4.1ms
[1.740s][info][gc,phases   ] GC(1)   Post Evacuate Collection Set: 2.6ms
[1.741s][info][gc,phases   ] GC(1)   Other: 0.4ms
[1.741s][info][gc,heap     ] GC(1) Eden regions: 38->0(83)
[1.741s][info][gc,heap     ] GC(1) Survivor regions: 3->6(6)
[1.741s][info][gc,heap     ] GC(1) Old regions: 2->3
[1.742s][info][gc,heap     ] GC(1) Humongous regions: 4->4
[1.742s][info][gc,metaspace] GC(1) Metaspace: 19519K(19776K)->19519K(19776K) NonClass: 17225K(17344K)->17225K(17344K) Class: 2293K(2432K)->2293K(2432K)
[1.742s][info][gc          ] GC(1) Pause Young (Normal) (GCLocker Initiated GC) 46M->12M(249M) 11.090ms
[1.742s][info][gc,cpu      ] GC(1) User=0.03s Sys=0.00s Real=0.02s
[1.845s][info][gc,start    ] GC(2) Pause Young (Concurrent Start) (Metadata GC Threshold)
[1.846s][info][gc,task     ] GC(2) Using 5 workers of 11 for evacuation
[1.852s][info][gc,phases   ] GC(2)   Pre Evacuate Collection Set: 0.3ms
[1.852s][info][gc,phases   ] GC(2)   Merge Heap Roots: 0.1ms
[1.852s][info][gc,phases   ] GC(2)   Evacuate Collection Set: 3.3ms
[1.853s][info][gc,phases   ] GC(2)   Post Evacuate Collection Set: 1.3ms
[1.853s][info][gc,phases   ] GC(2)   Other: 0.6ms
[1.853s][info][gc,heap     ] GC(2) Eden regions: 5->0(135)
[1.854s][info][gc,heap     ] GC(2) Survivor regions: 6->7(12)
[1.854s][info][gc,heap     ] GC(2) Old regions: 3->3
[1.854s][info][gc,heap     ] GC(2) Humongous regions: 4->4
[1.854s][info][gc,metaspace] GC(2) Metaspace: 21198K(21504K)->21198K(21504K) NonClass: 18691K(18816K)->18691K(18816K) Class: 2506K(2688K)->2506K(2688K)
[1.855s][info][gc          ] GC(2) Pause Young (Concurrent Start) (Metadata GC Threshold) 17M->13M(249M) 9.221ms
[1.855s][info][gc,cpu      ] GC(2) User=0.01s Sys=0.00s Real=0.01s
[1.855s][info][gc          ] GC(3) Concurrent Mark Cycle
[1.855s][info][gc,marking  ] GC(3) Concurrent Scan Root Regions
[1.858s][info][gc,marking  ] GC(3) Concurrent Scan Root Regions 2.437ms
[1.858s][info][gc,marking  ] GC(3) Concurrent Mark
[1.859s][info][gc,marking  ] GC(3) Concurrent Mark From Roots
[1.859s][info][gc,task     ] GC(3) Using 3 workers of 3 for marking
[1.861s][info][gc,marking  ] GC(3) Concurrent Mark From Roots 2.792ms
[1.862s][info][gc,marking  ] GC(3) Concurrent Preclean
[1.862s][info][gc,marking  ] GC(3) Concurrent Preclean 0.520ms
[1.863s][info][gc,start    ] GC(3) Pause Remark
[1.869s][info][gc          ] GC(3) Pause Remark 14M->14M(47M) 5.172ms
[1.869s][info][gc,cpu      ] GC(3) User=0.01s Sys=0.00s Real=0.00s
[1.870s][info][gc,marking  ] GC(3) Concurrent Mark 11.390ms
[1.871s][info][gc,marking  ] GC(3) Concurrent Rebuild Remembered Sets and Scrub Regions
[1.872s][info][gc,marking  ] GC(3) Concurrent Rebuild Remembered Sets and Scrub Regions 1.611ms
[1.873s][info][gc,start    ] GC(3) Pause Cleanup
[1.874s][info][gc          ] GC(3) Pause Cleanup 14M->14M(47M) 0.834ms
[1.874s][info][gc,cpu      ] GC(3) User=0.00s Sys=0.00s Real=0.00s
[1.875s][info][gc,marking  ] GC(3) Concurrent Clear Claimed Marks
[1.875s][info][gc,marking  ] GC(3) Concurrent Clear Claimed Marks 0.528ms
[1.875s][info][gc,marking  ] GC(3) Concurrent Cleanup for Next Mark
[1.877s][info][gc,marking  ] GC(3) Concurrent Cleanup for Next Mark 1.101ms
[1.877s][info][gc          ] GC(3) Concurrent Mark Cycle 22.075ms
[2.336s][info][gc,start    ] GC(4) Pause Young (Prepare Mixed) (G1 Evacuation Pause)
[2.336s][info][gc,task     ] GC(4) Using 10 workers of 11 for evacuation
[2.351s][info][gc,phases   ] GC(4)   Pre Evacuate Collection Set: 0.5ms
[2.352s][info][gc,phases   ] GC(4)   Merge Heap Roots: 0.3ms
[2.352s][info][gc,phases   ] GC(4)   Evacuate Collection Set: 10.0ms
[2.352s][info][gc,phases   ] GC(4)   Post Evacuate Collection Set: 3.4ms
[2.353s][info][gc,phases   ] GC(4)   Other: 0.7ms
[2.353s][info][gc,heap     ] GC(4) Eden regions: 33->0(23)
[2.353s][info][gc,heap     ] GC(4) Survivor regions: 7->13(18)
[2.353s][info][gc,heap     ] GC(4) Old regions: 3->3
[2.353s][info][gc,heap     ] GC(4) Humongous regions: 4->4
[2.354s][info][gc,metaspace] GC(4) Metaspace: 28033K(28416K)->28033K(28416K) NonClass: 24663K(24896K)->24663K(24896K) Class: 3369K(3520K)->3369K(3520K)
[2.354s][info][gc          ] GC(4) Pause Young (Prepare Mixed) (G1 Evacuation Pause) 46M->19M(60M) 18.088ms
[2.354s][info][gc,cpu      ] GC(4) User=0.06s Sys=0.02s Real=0.02s
[2.841s][info][gc,start    ] GC(5) Pause Young (Mixed) (G1 Evacuation Pause)
[2.842s][info][gc,task     ] GC(5) Using 11 workers of 11 for evacuation
[2.849s][info][gc,phases   ] GC(5)   Pre Evacuate Collection Set: 0.2ms
[2.850s][info][gc,phases   ] GC(5)   Merge Heap Roots: 0.3ms
[2.850s][info][gc,phases   ] GC(5)   Evacuate Collection Set: 4.2ms
[2.851s][info][gc,phases   ] GC(5)   Post Evacuate Collection Set: 1.6ms
[2.851s][info][gc,phases   ] GC(5)   Other: 0.6ms
[2.851s][info][gc,heap     ] GC(5) Eden regions: 23->0(29)
[2.852s][info][gc,heap     ] GC(5) Survivor regions: 13->2(5)
[2.852s][info][gc,heap     ] GC(5) Old regions: 3->14
[2.852s][info][gc,heap     ] GC(5) Humongous regions: 4->4
[2.853s][info][gc,metaspace] GC(5) Metaspace: 31369K(31808K)->31369K(31808K) NonClass: 27594K(27840K)->27594K(27840K) Class: 3774K(3968K)->3774K(3968K)
[2.853s][info][gc          ] GC(5) Pause Young (Mixed) (G1 Evacuation Pause) 42M->19M(60M) 12.046ms
[2.854s][info][gc,cpu      ] GC(5) User=0.02s Sys=0.02s Real=0.01s
[5.301s][info][gc,heap,exit] Heap
[5.302s][info][gc,heap,exit]  garbage-first heap   total 61440K, used 27825K [0x00000000d0000000, 0x0000000100000000)
[5.302s][info][gc,heap,exit]   region size 1024K, 10 young (10240K), 2 survivors (2048K)
[5.303s][info][gc,heap,exit]  Metaspace       used 32698K, committed 33088K, reserved 1114112K
[5.304s][info][gc,heap,exit]   class space    used 3956K, committed 4160K, reserved 1048576K
