[0.128s][info][gc,init] CardTable entry size: 512
[0.129s][info][gc     ] Using G1
[0.135s][info][gc,init] Version: 21.0.8+9-LTS (release)
[0.135s][info][gc,init] CPUs: 14 total, 14 available
[0.136s][info][gc,init] Memory: 15750M
[0.137s][info][gc,init] Large Page Support: Disabled
[0.137s][info][gc,init] NUMA Support: Disabled
[0.137s][info][gc,init] Compressed Oops: Enabled (32-bit)
[0.138s][info][gc,init] Heap Region Size: 1M
[0.138s][info][gc,init] Heap Min Capacity: 8M
[0.138s][info][gc,init] Heap Initial Capacity: 248M
[0.139s][info][gc,init] Heap Max Capacity: 768M
[0.139s][info][gc,init] Pre-touch: Disabled
[0.140s][info][gc,init] Parallel Workers: 11
[0.140s][info][gc,init] Concurrent Workers: 3
[0.140s][info][gc,init] Concurrent Refinement Workers: 11
[0.141s][info][gc,init] Periodic GC: Disabled
[0.149s][info][gc,metaspace] CDS archive(s) mapped at: [0x00007187a3000000-0x00007187a3bb2000-0x00007187a3bb2000), size 12263424, SharedBaseAddress: 0x00007187a3000000, ArchiveRelocationMode: 1.
[0.150s][info][gc,metaspace] Compressed class space mapped at: 0x00007187a4000000-0x00007187e4000000, reserved size: 1073741824
[0.151s][info][gc,metaspace] Narrow klass base: 0x00007187a3000000, Narrow klass shift: 0, Narrow klass range: 0x100000000
[0.769s][info][gc,start    ] GC(0) Pause Young (Normal) (G1 Evacuation Pause)
[0.770s][info][gc,task     ] GC(0) Using 5 workers of 11 for evacuation
[0.773s][info][gc,phases   ] GC(0)   Pre Evacuate Collection Set: 0.2ms
[0.774s][info][gc,phases   ] GC(0)   Merge Heap Roots: 0.1ms
[0.774s][info][gc,phases   ] GC(0)   Evacuate Collection Set: 2.1ms
[0.774s][info][gc,phases   ] GC(0)   Post Evacuate Collection Set: 0.7ms
[0.775s][info][gc,phases   ] GC(0)   Other: 1.1ms
[0.775s][info][gc,heap     ] GC(0) Eden regions: 23->0(38)
[0.776s][info][gc,heap     ] GC(0) Survivor regions: 0->3(3)
[0.776s][info][gc,heap     ] GC(0) Old regions: 1->2
[0.776s][info][gc,heap     ] GC(0) Humongous regions: 5->4
[0.776s][info][gc,metaspace] GC(0) Metaspace: 7971K(8128K)->7971K(8128K) NonClass: 7081K(7168K)->7081K(7168K) Class: 889K(960K)->889K(960K)
[0.777s][info][gc          ] GC(0) Pause Young (Normal) (G1 Evacuation Pause) 28M->8M(249M) 7.951ms
[0.777s][info][gc,cpu      ] GC(0) User=0.01s Sys=0.00s Real=0.01s
[1.657s][info][gc,start    ] GC(1) Pause Young (Normal) (G1 Evacuation Pause)
[1.658s][info][gc,task     ] GC(1) Using 5 workers of 11 for evacuation
[1.676s][info][gc,phases   ] GC(1)   Pre Evacuate Collection Set: 0.5ms
[1.677s][info][gc,phases   ] GC(1)   Merge Heap Roots: 0.2ms
[1.677s][info][gc,phases   ] GC(1)   Evacuate Collection Set: 13.4ms
[1.677s][info][gc,phases   ] GC(1)   Post Evacuate Collection Set: 3.5ms
[1.678s][info][gc,phases   ] GC(1)   Other: 0.8ms
[1.678s][info][gc,heap     ] GC(1) Eden regions: 38->0(81)
[1.679s][info][gc,heap     ] GC(1) Survivor regions: 3->6(6)
[1.679s][info][gc,heap     ] GC(1) Old regions: 2->3
[1.680s][info][gc,heap     ] GC(1) Humongous regions: 4->4
[1.680s][info][gc,metaspace] GC(1) Metaspace: 19423K(19712K)->19423K(19712K) NonClass: 17138K(17280K)->17138K(17280K) Class: 2285K(2432K)->2285K(2432K)
[1.683s][info][gc          ] GC(1) Pause Young (Normal) (G1 Evacuation Pause) 46M->12M(249M) 26.899ms
[1.685s][info][gc,cpu      ] GC(1) User=0.04s Sys=0.01s Real=0.03s
[1.803s][info][gc,start    ] GC(2) Pause Young (Concurrent Start) (Metadata GC Threshold)
[1.804s][info][gc,task     ] GC(2) Using 5 workers of 11 for evacuation
[1.809s][info][gc,phases   ] GC(2)   Pre Evacuate Collection Set: 0.3ms
[1.810s][info][gc,phases   ] GC(2)   Merge Heap Roots: 0.1ms
[1.810s][info][gc,phases   ] GC(2)   Evacuate Collection Set: 3.8ms
[1.811s][info][gc,phases   ] GC(2)   Post Evacuate Collection Set: 0.9ms
[1.811s][info][gc,phases   ] GC(2)   Other: 0.5ms
[1.811s][info][gc,heap     ] GC(2) Eden regions: 6->0(143)
[1.812s][info][gc,heap     ] GC(2) Survivor regions: 6->5(11)
[1.812s][info][gc,heap     ] GC(2) Old regions: 3->6
[1.813s][info][gc,heap     ] GC(2) Humongous regions: 4->4
[1.813s][info][gc,metaspace] GC(2) Metaspace: 21199K(21504K)->21199K(21504K) NonClass: 18690K(18816K)->18690K(18816K) Class: 2508K(2688K)->2508K(2688K)
[1.813s][info][gc          ] GC(2) Pause Young (Concurrent Start) (Metadata GC Threshold) 18M->13M(249M) 10.619ms
[1.814s][info][gc          ] GC(3) Concurrent Mark Cycle
[1.814s][info][gc,cpu      ] GC(2) User=0.02s Sys=0.01s Real=0.01s
[1.814s][info][gc,marking  ] GC(3) Concurrent Scan Root Regions
[1.818s][info][gc,marking  ] GC(3) Concurrent Scan Root Regions 3.564ms
[1.819s][info][gc,marking  ] GC(3) Concurrent Mark
[1.819s][info][gc,marking  ] GC(3) Concurrent Mark From Roots
[1.820s][info][gc,task     ] GC(3) Using 3 workers of 3 for marking
[1.823s][info][gc,marking  ] GC(3) Concurrent Mark From Roots 3.567ms
[1.823s][info][gc,marking  ] GC(3) Concurrent Preclean
[1.824s][info][gc,marking  ] GC(3) Concurrent Preclean 0.364ms
[1.824s][info][gc,start    ] GC(3) Pause Remark
[1.828s][info][gc          ] GC(3) Pause Remark 15M->15M(50M) 3.371ms
[1.828s][info][gc,cpu      ] GC(3) User=0.00s Sys=0.00s Real=0.00s
[1.829s][info][gc,marking  ] GC(3) Concurrent Mark 10.048ms
[1.829s][info][gc,marking  ] GC(3) Concurrent Rebuild Remembered Sets and Scrub Regions
[1.831s][info][gc,marking  ] GC(3) Concurrent Rebuild Remembered Sets and Scrub Regions 1.510ms
[1.831s][info][gc,start    ] GC(3) Pause Cleanup
[1.832s][info][gc          ] GC(3) Pause Cleanup 15M->15M(50M) 0.525ms
[1.832s][info][gc,cpu      ] GC(3) User=0.00s Sys=0.00s Real=0.00s
[1.832s][info][gc,marking  ] GC(3) Concurrent Clear Claimed Marks
[1.833s][info][gc,marking  ] GC(3) Concurrent Clear Claimed Marks 0.440ms
[1.833s][info][gc,marking  ] GC(3) Concurrent Cleanup for Next Mark
[1.834s][info][gc,marking  ] GC(3) Concurrent Cleanup for Next Mark 1.038ms
[1.835s][info][gc          ] GC(3) Concurrent Mark Cycle 20.954ms
[2.497s][info][gc,start    ] GC(4) Pause Young (Prepare Mixed) (G1 Evacuation Pause)
[2.497s][info][gc,task     ] GC(4) Using 11 workers of 11 for evacuation
[2.505s][info][gc,phases   ] GC(4)   Pre Evacuate Collection Set: 0.5ms
[2.506s][info][gc,phases   ] GC(4)   Merge Heap Roots: 0.3ms
[2.506s][info][gc,phases   ] GC(4)   Evacuate Collection Set: 5.7ms
[2.506s][info][gc,phases   ] GC(4)   Post Evacuate Collection Set: 1.2ms
[2.507s][info][gc,phases   ] GC(4)   Other: 0.4ms
[2.507s][info][gc,heap     ] GC(4) Eden regions: 35->0(26)
[2.507s][info][gc,heap     ] GC(4) Survivor regions: 5->9(19)
[2.508s][info][gc,heap     ] GC(4) Old regions: 6->6
[2.508s][info][gc,heap     ] GC(4) Humongous regions: 4->4
[2.508s][info][gc,metaspace] GC(4) Metaspace: 27598K(28032K)->27598K(28032K) NonClass: 24312K(24512K)->24312K(24512K) Class: 3285K(3520K)->3285K(3520K)
[2.508s][info][gc          ] GC(4) Pause Young (Prepare Mixed) (G1 Evacuation Pause) 48M->17M(59M) 11.501ms
[2.508s][info][gc,cpu      ] GC(4) User=0.03s Sys=0.02s Real=0.01s
[4.903s][info][gc,start    ] GC(5) Pause Young (Mixed) (G1 Evacuation Pause)
[4.903s][info][gc,task     ] GC(5) Using 11 workers of 11 for evacuation
[4.909s][info][gc,phases   ] GC(5)   Pre Evacuate Collection Set: 0.4ms
[4.910s][info][gc,phases   ] GC(5)   Merge Heap Roots: 0.3ms
[4.910s][info][gc,phases   ] GC(5)   Evacuate Collection Set: 3.3ms
[4.910s][info][gc,phases   ] GC(5)   Post Evacuate Collection Set: 1.6ms
[4.911s][info][gc,phases   ] GC(5)   Other: 0.4ms
[4.911s][info][gc,heap     ] GC(5) Eden regions: 26->0(28)
[4.911s][info][gc,heap     ] GC(5) Survivor regions: 9->3(5)
[4.911s][info][gc,heap     ] GC(5) Old regions: 6->14
[4.911s][info][gc,heap     ] GC(5) Humongous regions: 4->4
[4.912s][info][gc,metaspace] GC(5) Metaspace: 31957K(32384K)->31957K(32384K) NonClass: 28111K(28352K)->28111K(28352K) Class: 3846K(4032K)->3846K(4032K)
[4.912s][info][gc          ] GC(5) Pause Young (Mixed) (G1 Evacuation Pause) 43M->19M(59M) 9.222ms
[4.912s][info][gc,cpu      ] GC(5) User=0.03s Sys=0.00s Real=0.00s
[7.349s][info][gc,heap,exit] Heap
[7.350s][info][gc,heap,exit]  garbage-first heap   total 60416K, used 25050K [0x00000000d0000000, 0x0000000100000000)
[7.351s][info][gc,heap,exit]   region size 1024K, 9 young (9216K), 3 survivors (3072K)
[7.352s][info][gc,heap,exit]  Metaspace       used 32813K, committed 33216K, reserved 1114112K
[7.353s][info][gc,heap,exit]   class space    used 3957K, committed 4160K, reserved 1048576K
