[0.078s][info][gc,init] CardTable entry size: 512
[0.080s][info][gc     ] Using G1
[0.084s][info][gc,init] Version: 21.0.8+9-LTS (release)
[0.084s][info][gc,init] CPUs: 14 total, 14 available
[0.084s][info][gc,init] Memory: 15750M
[0.085s][info][gc,init] Large Page Support: Disabled
[0.085s][info][gc,init] NUMA Support: Disabled
[0.085s][info][gc,init] Compressed Oops: Enabled (32-bit)
[0.085s][info][gc,init] Heap Region Size: 1M
[0.086s][info][gc,init] Heap Min Capacity: 8M
[0.086s][info][gc,init] Heap Initial Capacity: 248M
[0.086s][info][gc,init] Heap Max Capacity: 768M
[0.087s][info][gc,init] Pre-touch: Disabled
[0.099s][info][gc,init] Parallel Workers: 11
[0.100s][info][gc,init] Concurrent Workers: 3
[0.100s][info][gc,init] Concurrent Refinement Workers: 11
[0.101s][info][gc,init] Periodic GC: Disabled
[0.110s][info][gc,metaspace] CDS archive(s) mapped at: [0x0000719e37000000-0x0000719e37bb2000-0x0000719e37bb2000), size 12263424, SharedBaseAddress: 0x0000719e37000000, ArchiveRelocationMode: 1.
[0.110s][info][gc,metaspace] Compressed class space mapped at: 0x0000719e38000000-0x0000719e78000000, reserved size: 1073741824
[0.111s][info][gc,metaspace] Narrow klass base: 0x0000719e37000000, Narrow klass shift: 0, Narrow klass range: 0x100000000
[2.991s][info][gc,start    ] GC(0) Pause Young (Normal) (G1 Evacuation Pause)
[3.035s][info][gc,task     ] GC(0) Using 5 workers of 11 for evacuation
[3.060s][info][gc,phases   ] GC(0)   Pre Evacuate Collection Set: 0.5ms
[3.071s][info][gc,phases   ] GC(0)   Merge Heap Roots: 0.3ms
[3.075s][info][gc,phases   ] GC(0)   Evacuate Collection Set: 15.4ms
[3.079s][info][gc,phases   ] GC(0)   Post Evacuate Collection Set: 3.7ms
[3.095s][info][gc,phases   ] GC(0)   Other: 16.0ms
[3.105s][info][gc,heap     ] GC(0) Eden regions: 23->0(37)
[3.111s][info][gc,heap     ] GC(0) Survivor regions: 0->3(3)
[3.120s][info][gc,heap     ] GC(0) Old regions: 1->2
[3.124s][info][gc,heap     ] GC(0) Humongous regions: 5->4
[3.131s][info][gc,metaspace] GC(0) Metaspace: 7925K(8128K)->7925K(8128K) NonClass: 7038K(7168K)->7038K(7168K) Class: 887K(960K)->887K(960K)
[3.141s][info][gc          ] GC(0) Pause Young (Normal) (G1 Evacuation Pause) 28M->8M(249M) 149.835ms
[3.144s][info][gc,cpu      ] GC(0) User=0.09s Sys=0.02s Real=0.16s
[8.315s][info][gc,start    ] GC(1) Pause Young (Normal) (G1 Evacuation Pause)
[8.394s][info][gc,task     ] GC(1) Using 5 workers of 11 for evacuation
[8.541s][info][gc,phases   ] GC(1)   Pre Evacuate Collection Set: 0.4ms
[8.554s][info][gc,phases   ] GC(1)   Merge Heap Roots: 0.1ms
[8.572s][info][gc,phases   ] GC(1)   Evacuate Collection Set: 7.2ms
[8.573s][info][gc,phases   ] GC(1)   Post Evacuate Collection Set: 2.1ms
[8.573s][info][gc,phases   ] GC(1)   Other: 137.0ms
[8.579s][info][gc,heap     ] GC(1) Eden regions: 37->0(80)
[8.646s][info][gc,heap     ] GC(1) Survivor regions: 3->5(5)
[8.656s][info][gc,heap     ] GC(1) Old regions: 2->5
[8.681s][info][gc,heap     ] GC(1) Humongous regions: 4->4
[8.742s][info][gc,metaspace] GC(1) Metaspace: 19327K(19648K)->19327K(19648K) NonClass: 17044K(17216K)->17044K(17216K) Class: 2282K(2432K)->2282K(2432K)
[8.776s][info][gc          ] GC(1) Pause Young (Normal) (G1 Evacuation Pause) 45M->12M(249M) 460.653ms
[8.791s][info][gc,cpu      ] GC(1) User=0.02s Sys=0.03s Real=0.48s
[9.771s][info][gc,start    ] GC(2) Pause Young (Concurrent Start) (Metadata GC Threshold)
[9.810s][info][gc,task     ] GC(2) Using 5 workers of 11 for evacuation
[9.833s][info][gc,phases   ] GC(2)   Pre Evacuate Collection Set: 0.5ms
[9.844s][info][gc,phases   ] GC(2)   Merge Heap Roots: 0.1ms
[9.847s][info][gc,phases   ] GC(2)   Evacuate Collection Set: 13.7ms
[9.856s][info][gc,phases   ] GC(2)   Post Evacuate Collection Set: 4.9ms
[9.873s][info][gc,phases   ] GC(2)   Other: 4.0ms
[9.935s][info][gc,heap     ] GC(2) Eden regions: 7->0(142)
[10.007s][info][gc,heap     ] GC(2) Survivor regions: 5->6(11)
[10.104s][info][gc,heap     ] GC(2) Old regions: 5->5
[10.139s][info][gc,heap     ] GC(2) Humongous regions: 4->4
[10.153s][info][gc,metaspace] GC(2) Metaspace: 21173K(21504K)->21173K(21504K) NonClass: 18661K(18816K)->18661K(18816K) Class: 2511K(2688K)->2511K(2688K)
[10.155s][info][gc          ] GC(2) Pause Young (Concurrent Start) (Metadata GC Threshold) 19M->13M(249M) 384.652ms
[10.205s][info][gc,cpu      ] GC(2) User=0.05s Sys=0.00s Real=0.43s
[10.206s][info][gc          ] GC(3) Concurrent Mark Cycle
[10.335s][info][gc,marking  ] GC(3) Concurrent Scan Root Regions
[10.347s][info][gc,marking  ] GC(3) Concurrent Scan Root Regions 12.842ms
[10.416s][info][gc,marking  ] GC(3) Concurrent Mark
[10.510s][info][gc,marking  ] GC(3) Concurrent Mark From Roots
[10.518s][info][gc,task     ] GC(3) Using 3 workers of 3 for marking
[10.526s][info][gc,marking  ] GC(3) Concurrent Mark From Roots 15.096ms
[10.526s][info][gc,marking  ] GC(3) Concurrent Preclean
[10.545s][info][gc,marking  ] GC(3) Concurrent Preclean 18.650ms
[10.571s][info][gc,start    ] GC(3) Pause Remark
[10.578s][info][gc          ] GC(3) Pause Remark 22M->22M(50M) 7.587ms
[10.593s][info][gc,cpu      ] GC(3) User=0.03s Sys=0.00s Real=0.02s
[10.603s][info][gc,marking  ] GC(3) Concurrent Mark 187.004ms
[10.615s][info][gc,marking  ] GC(3) Concurrent Rebuild Remembered Sets and Scrub Regions
[10.691s][info][gc,marking  ] GC(3) Concurrent Rebuild Remembered Sets and Scrub Regions 75.697ms
[10.705s][info][gc,start    ] GC(3) Pause Cleanup
[10.711s][info][gc          ] GC(3) Pause Cleanup 23M->23M(50M) 5.846ms
[10.720s][info][gc,cpu      ] GC(3) User=0.01s Sys=0.00s Real=0.01s
[10.729s][info][gc,marking  ] GC(3) Concurrent Clear Claimed Marks
[10.741s][info][gc,marking  ] GC(3) Concurrent Clear Claimed Marks 11.299ms
[10.743s][info][gc,marking  ] GC(3) Concurrent Cleanup for Next Mark
[10.747s][info][gc,marking  ] GC(3) Concurrent Cleanup for Next Mark 3.965ms
[10.758s][info][gc          ] GC(3) Concurrent Mark Cycle 551.731ms
[11.732s][info][gc,start    ] GC(4) Pause Young (Prepare Mixed) (G1 Evacuation Pause)
[11.755s][info][gc,task     ] GC(4) Using 8 workers of 11 for evacuation
[11.820s][info][gc,phases   ] GC(4)   Pre Evacuate Collection Set: 0.5ms
[11.840s][info][gc,phases   ] GC(4)   Merge Heap Roots: 0.2ms
[11.869s][info][gc,phases   ] GC(4)   Evacuate Collection Set: 56.6ms
[11.893s][info][gc,phases   ] GC(4)   Post Evacuate Collection Set: 2.0ms
[11.908s][info][gc,phases   ] GC(4)   Other: 6.5ms
[11.929s][info][gc,heap     ] GC(4) Eden regions: 35->0(26)
[11.944s][info][gc,heap     ] GC(4) Survivor regions: 6->10(19)
[11.956s][info][gc,heap     ] GC(4) Old regions: 5->5
[11.965s][info][gc,heap     ] GC(4) Humongous regions: 4->4
[11.979s][info][gc,metaspace] GC(4) Metaspace: 27684K(28096K)->27684K(28096K) NonClass: 24375K(24576K)->24375K(24576K) Class: 3309K(3520K)->3309K(3520K)
[11.990s][info][gc          ] GC(4) Pause Young (Prepare Mixed) (G1 Evacuation Pause) 48M->17M(60M) 257.617ms
[12.004s][info][gc,cpu      ] GC(4) User=0.06s Sys=0.08s Real=0.27s
[16.774s][info][gc,start    ] GC(5) Pause Young (Mixed) (G1 Evacuation Pause)
[16.775s][info][gc,task     ] GC(5) Using 11 workers of 11 for evacuation
[16.780s][info][gc,phases   ] GC(5)   Pre Evacuate Collection Set: 0.3ms
[16.780s][info][gc,phases   ] GC(5)   Merge Heap Roots: 0.2ms
[16.781s][info][gc,phases   ] GC(5)   Evacuate Collection Set: 3.6ms
[16.781s][info][gc,phases   ] GC(5)   Post Evacuate Collection Set: 0.9ms
[16.781s][info][gc,phases   ] GC(5)   Other: 0.4ms
[16.781s][info][gc,heap     ] GC(5) Eden regions: 26->0(29)
[16.782s][info][gc,heap     ] GC(5) Survivor regions: 10->3(5)
[16.782s][info][gc,heap     ] GC(5) Old regions: 5->14
[16.782s][info][gc,heap     ] GC(5) Humongous regions: 4->4
[16.782s][info][gc,metaspace] GC(5) Metaspace: 31692K(32128K)->31692K(32128K) NonClass: 27869K(28096K)->27869K(28096K) Class: 3823K(4032K)->3823K(4032K)
[16.783s][info][gc          ] GC(5) Pause Young (Mixed) (G1 Evacuation Pause) 43M->19M(60M) 8.366ms
[16.783s][info][gc,cpu      ] GC(5) User=0.03s Sys=0.00s Real=0.01s
[20.258s][info][gc,heap,exit] Heap
[20.359s][info][gc,heap,exit]  garbage-first heap   total 61440K, used 25401K [0x00000000d0000000, 0x0000000100000000)
[20.371s][info][gc,heap,exit]   region size 1024K, 9 young (9216K), 3 survivors (3072K)
[20.376s][info][gc,heap,exit]  Metaspace       used 32633K, committed 33024K, reserved 1114112K
[20.378s][info][gc,heap,exit]   class space    used 3934K, committed 4096K, reserved 1048576K
