[0.076s][info][gc,init] CardTable entry size: 512
[0.077s][info][gc     ] Using G1
[0.082s][info][gc,init] Version: 21.0.8+9-LTS (release)
[0.083s][info][gc,init] CPUs: 14 total, 14 available
[0.083s][info][gc,init] Memory: 15750M
[0.084s][info][gc,init] Large Page Support: Disabled
[0.084s][info][gc,init] NUMA Support: Disabled
[0.085s][info][gc,init] Compressed Oops: Enabled (32-bit)
[0.085s][info][gc,init] Heap Region Size: 1M
[0.085s][info][gc,init] Heap Min Capacity: 8M
[0.086s][info][gc,init] Heap Initial Capacity: 248M
[0.086s][info][gc,init] Heap Max Capacity: 768M
[0.086s][info][gc,init] Pre-touch: Disabled
[0.087s][info][gc,init] Parallel Workers: 11
[0.087s][info][gc,init] Concurrent Workers: 3
[0.088s][info][gc,init] Concurrent Refinement Workers: 11
[0.088s][info][gc,init] Periodic GC: Disabled
[0.096s][info][gc,metaspace] CDS archive(s) mapped at: [0x0000707463000000-0x0000707463bb2000-0x0000707463bb2000), size 12263424, SharedBaseAddress: 0x0000707463000000, ArchiveRelocationMode: 1.
[0.097s][info][gc,metaspace] Compressed class space mapped at: 0x0000707464000000-0x00007074a4000000, reserved size: 1073741824
[0.097s][info][gc,metaspace] Narrow klass base: 0x0000707463000000, Narrow klass shift: 0, Narrow klass range: 0x100000000
[1.111s][info][gc,start    ] GC(0) Pause Young (Normal) (G1 Evacuation Pause)
[1.114s][info][gc,task     ] GC(0) Using 5 workers of 11 for evacuation
[1.120s][info][gc,phases   ] GC(0)   Pre Evacuate Collection Set: 0.5ms
[1.121s][info][gc,phases   ] GC(0)   Merge Heap Roots: 0.2ms
[1.122s][info][gc,phases   ] GC(0)   Evacuate Collection Set: 3.7ms
[1.122s][info][gc,phases   ] GC(0)   Post Evacuate Collection Set: 1.5ms
[1.122s][info][gc,phases   ] GC(0)   Other: 3.1ms
[1.124s][info][gc,heap     ] GC(0) Eden regions: 23->0(38)
[1.125s][info][gc,heap     ] GC(0) Survivor regions: 0->3(3)
[1.125s][info][gc,heap     ] GC(0) Old regions: 1->2
[1.125s][info][gc,heap     ] GC(0) Humongous regions: 5->4
[1.126s][info][gc,metaspace] GC(0) Metaspace: 7967K(8128K)->7967K(8128K) NonClass: 7079K(7168K)->7079K(7168K) Class: 888K(960K)->888K(960K)
[1.126s][info][gc          ] GC(0) Pause Young (Normal) (G1 Evacuation Pause) 28M->8M(249M) 15.755ms
[1.127s][info][gc,cpu      ] GC(0) User=0.01s Sys=0.01s Real=0.02s
[2.597s][info][gc,start    ] GC(1) Pause Young (Normal) (G1 Evacuation Pause)
[2.598s][info][gc,task     ] GC(1) Using 5 workers of 11 for evacuation
[2.607s][info][gc,phases   ] GC(1)   Pre Evacuate Collection Set: 0.2ms
[2.608s][info][gc,phases   ] GC(1)   Merge Heap Roots: 0.1ms
[2.608s][info][gc,phases   ] GC(1)   Evacuate Collection Set: 5.7ms
[2.608s][info][gc,phases   ] GC(1)   Post Evacuate Collection Set: 3.0ms
[2.609s][info][gc,phases   ] GC(1)   Other: 0.4ms
[2.609s][info][gc,heap     ] GC(1) Eden regions: 38->0(83)
[2.609s][info][gc,heap     ] GC(1) Survivor regions: 3->6(6)
[2.610s][info][gc,heap     ] GC(1) Old regions: 2->3
[2.610s][info][gc,heap     ] GC(1) Humongous regions: 4->4
[2.610s][info][gc,metaspace] GC(1) Metaspace: 19419K(19712K)->19419K(19712K) NonClass: 17134K(17280K)->17134K(17280K) Class: 2284K(2432K)->2284K(2432K)
[2.610s][info][gc          ] GC(1) Pause Young (Normal) (G1 Evacuation Pause) 46M->12M(249M) 12.878ms
[2.610s][info][gc,cpu      ] GC(1) User=0.03s Sys=0.01s Real=0.01s
[2.743s][info][gc,start    ] GC(2) Pause Young (Concurrent Start) (Metadata GC Threshold)
[2.743s][info][gc,task     ] GC(2) Using 5 workers of 11 for evacuation
[2.750s][info][gc,phases   ] GC(2)   Pre Evacuate Collection Set: 0.5ms
[2.751s][info][gc,phases   ] GC(2)   Merge Heap Roots: 0.2ms
[2.751s][info][gc,phases   ] GC(2)   Evacuate Collection Set: 3.9ms
[2.751s][info][gc,phases   ] GC(2)   Post Evacuate Collection Set: 1.6ms
[2.752s][info][gc,phases   ] GC(2)   Other: 0.6ms
[2.752s][info][gc,heap     ] GC(2) Eden regions: 6->0(135)
[2.752s][info][gc,heap     ] GC(2) Survivor regions: 6->8(12)
[2.752s][info][gc,heap     ] GC(2) Old regions: 3->3
[2.753s][info][gc,heap     ] GC(2) Humongous regions: 4->4
[2.753s][info][gc,metaspace] GC(2) Metaspace: 21217K(21504K)->21217K(21504K) NonClass: 18705K(18816K)->18705K(18816K) Class: 2511K(2688K)->2511K(2688K)
[2.753s][info][gc          ] GC(2) Pause Young (Concurrent Start) (Metadata GC Threshold) 18M->13M(249M) 10.504ms
[2.754s][info][gc          ] GC(3) Concurrent Mark Cycle
[2.754s][info][gc,marking  ] GC(3) Concurrent Scan Root Regions
[2.754s][info][gc,cpu      ] GC(2) User=0.02s Sys=0.01s Real=0.01s
[2.757s][info][gc,marking  ] GC(3) Concurrent Scan Root Regions 2.807ms
[2.757s][info][gc,marking  ] GC(3) Concurrent Mark
[2.758s][info][gc,marking  ] GC(3) Concurrent Mark From Roots
[2.758s][info][gc,task     ] GC(3) Using 3 workers of 3 for marking
[2.761s][info][gc,marking  ] GC(3) Concurrent Mark From Roots 2.930ms
[2.761s][info][gc,marking  ] GC(3) Concurrent Preclean
[2.762s][info][gc,marking  ] GC(3) Concurrent Preclean 0.424ms
[2.762s][info][gc,start    ] GC(3) Pause Remark
[2.765s][info][gc          ] GC(3) Pause Remark 14M->14M(50M) 2.798ms
[2.766s][info][gc,cpu      ] GC(3) User=0.01s Sys=0.00s Real=0.00s
[2.766s][info][gc,marking  ] GC(3) Concurrent Mark 8.734ms
[2.766s][info][gc,marking  ] GC(3) Concurrent Rebuild Remembered Sets and Scrub Regions
[2.768s][info][gc,marking  ] GC(3) Concurrent Rebuild Remembered Sets and Scrub Regions 1.588ms
[2.769s][info][gc,start    ] GC(3) Pause Cleanup
[2.770s][info][gc          ] GC(3) Pause Cleanup 14M->14M(50M) 1.513ms
[2.771s][info][gc,cpu      ] GC(3) User=0.00s Sys=0.00s Real=0.00s
[2.771s][info][gc,marking  ] GC(3) Concurrent Clear Claimed Marks
[2.771s][info][gc,marking  ] GC(3) Concurrent Clear Claimed Marks 0.325ms
[2.771s][info][gc,marking  ] GC(3) Concurrent Cleanup for Next Mark
[2.773s][info][gc,marking  ] GC(3) Concurrent Cleanup for Next Mark 1.182ms
[2.773s][info][gc          ] GC(3) Concurrent Mark Cycle 19.360ms
[3.582s][info][gc,start    ] GC(4) Pause Young (Prepare Mixed) (G1 Evacuation Pause)
[3.583s][info][gc,task     ] GC(4) Using 10 workers of 11 for evacuation
[3.605s][info][gc,phases   ] GC(4)   Pre Evacuate Collection Set: 1.4ms
[3.605s][info][gc,phases   ] GC(4)   Merge Heap Roots: 0.5ms
[3.606s][info][gc,phases   ] GC(4)   Evacuate Collection Set: 16.4ms
[3.606s][info][gc,phases   ] GC(4)   Post Evacuate Collection Set: 3.1ms
[3.607s][info][gc,phases   ] GC(4)   Other: 0.7ms
[3.607s][info][gc,heap     ] GC(4) Eden regions: 35->0(25)
[3.607s][info][gc,heap     ] GC(4) Survivor regions: 8->12(18)
[3.608s][info][gc,heap     ] GC(4) Old regions: 3->3
[3.608s][info][gc,heap     ] GC(4) Humongous regions: 4->4
[3.609s][info][gc,metaspace] GC(4) Metaspace: 28097K(28480K)->28097K(28480K) NonClass: 24724K(24960K)->24724K(24960K) Class: 3373K(3520K)->3373K(3520K)
[3.609s][info][gc          ] GC(4) Pause Young (Prepare Mixed) (G1 Evacuation Pause) 48M->18M(62M) 27.222ms
[3.609s][info][gc,cpu      ] GC(4) User=0.06s Sys=0.04s Real=0.02s
[6.178s][info][gc,heap,exit] Heap
[6.179s][info][gc,heap,exit]  garbage-first heap   total 63488K, used 37908K [0x00000000d0000000, 0x0000000100000000)
[6.179s][info][gc,heap,exit]   region size 1024K, 31 young (31744K), 12 survivors (12288K)
[6.179s][info][gc,heap,exit]  Metaspace       used 29582K, committed 30016K, reserved 1114112K
[6.179s][info][gc,heap,exit]   class space    used 3578K, committed 3776K, reserved 1048576K
