[0.070s][info][gc,init] CardTable entry size: 512
[0.072s][info][gc     ] Using G1
[0.075s][info][gc,init] Version: 21.0.8+9-LTS (release)
[0.075s][info][gc,init] CPUs: 14 total, 14 available
[0.075s][info][gc,init] Memory: 15750M
[0.076s][info][gc,init] Large Page Support: Disabled
[0.076s][info][gc,init] NUMA Support: Disabled
[0.076s][info][gc,init] Compressed Oops: Enabled (32-bit)
[0.077s][info][gc,init] Heap Region Size: 1M
[0.077s][info][gc,init] Heap Min Capacity: 8M
[0.077s][info][gc,init] Heap Initial Capacity: 248M
[0.077s][info][gc,init] Heap Max Capacity: 768M
[0.078s][info][gc,init] Pre-touch: Disabled
[0.078s][info][gc,init] Parallel Workers: 11
[0.079s][info][gc,init] Concurrent Workers: 3
[0.079s][info][gc,init] Concurrent Refinement Workers: 11
[0.079s][info][gc,init] Periodic GC: Disabled
[0.087s][info][gc,metaspace] CDS archive(s) mapped at: [0x00007edd33000000-0x00007edd33bb2000-0x00007edd33bb2000), size 12263424, SharedBaseAddress: 0x00007edd33000000, ArchiveRelocationMode: 1.
[0.087s][info][gc,metaspace] Compressed class space mapped at: 0x00007edd34000000-0x00007edd74000000, reserved size: 1073741824
[0.087s][info][gc,metaspace] Narrow klass base: 0x00007edd33000000, Narrow klass shift: 0, Narrow klass range: 0x100000000
[1.010s][info][gc,start    ] GC(0) Pause Young (Normal) (G1 Evacuation Pause)
[1.014s][info][gc,task     ] GC(0) Using 5 workers of 11 for evacuation
[1.021s][info][gc,phases   ] GC(0)   Pre Evacuate Collection Set: 0.3ms
[1.023s][info][gc,phases   ] GC(0)   Merge Heap Roots: 0.1ms
[1.023s][info][gc,phases   ] GC(0)   Evacuate Collection Set: 4.0ms
[1.024s][info][gc,phases   ] GC(0)   Post Evacuate Collection Set: 1.2ms
[1.024s][info][gc,phases   ] GC(0)   Other: 2.5ms
[1.024s][info][gc,heap     ] GC(0) Eden regions: 23->0(38)
[1.024s][info][gc,heap     ] GC(0) Survivor regions: 0->3(3)
[1.025s][info][gc,heap     ] GC(0) Old regions: 1->2
[1.025s][info][gc,heap     ] GC(0) Humongous regions: 5->4
[1.026s][info][gc,metaspace] GC(0) Metaspace: 7981K(8128K)->7981K(8128K) NonClass: 7093K(7168K)->7093K(7168K) Class: 888K(960K)->888K(960K)
[1.026s][info][gc          ] GC(0) Pause Young (Normal) (G1 Evacuation Pause) 28M->8M(249M) 15.806ms
[1.026s][info][gc,cpu      ] GC(0) User=0.01s Sys=0.00s Real=0.02s
[2.437s][info][gc,start    ] GC(1) Pause Young (Normal) (G1 Evacuation Pause)
[2.437s][info][gc,task     ] GC(1) Using 5 workers of 11 for evacuation
[2.446s][info][gc,phases   ] GC(1)   Pre Evacuate Collection Set: 0.3ms
[2.447s][info][gc,phases   ] GC(1)   Merge Heap Roots: 0.2ms
[2.447s][info][gc,phases   ] GC(1)   Evacuate Collection Set: 5.9ms
[2.447s][info][gc,phases   ] GC(1)   Post Evacuate Collection Set: 2.4ms
[2.448s][info][gc,phases   ] GC(1)   Other: 0.6ms
[2.448s][info][gc,heap     ] GC(1) Eden regions: 38->0(82)
[2.449s][info][gc,heap     ] GC(1) Survivor regions: 3->6(6)
[2.449s][info][gc,heap     ] GC(1) Old regions: 2->3
[2.449s][info][gc,heap     ] GC(1) Humongous regions: 4->4
[2.450s][info][gc,metaspace] GC(1) Metaspace: 19397K(19712K)->19397K(19712K) NonClass: 17111K(17280K)->17111K(17280K) Class: 2285K(2432K)->2285K(2432K)
[2.450s][info][gc          ] GC(1) Pause Young (Normal) (G1 Evacuation Pause) 46M->12M(249M) 13.506ms
[2.450s][info][gc,cpu      ] GC(1) User=0.03s Sys=0.00s Real=0.01s
[2.591s][info][gc,start    ] GC(2) Pause Young (Concurrent Start) (Metadata GC Threshold)
[2.591s][info][gc,task     ] GC(2) Using 5 workers of 11 for evacuation
[2.598s][info][gc,phases   ] GC(2)   Pre Evacuate Collection Set: 0.5ms
[2.602s][info][gc,phases   ] GC(2)   Merge Heap Roots: 0.2ms
[2.602s][info][gc,phases   ] GC(2)   Evacuate Collection Set: 4.6ms
[2.602s][info][gc,phases   ] GC(2)   Post Evacuate Collection Set: 1.2ms
[2.603s][info][gc,phases   ] GC(2)   Other: 0.7ms
[2.603s][info][gc,heap     ] GC(2) Eden regions: 6->0(134)
[2.603s][info][gc,heap     ] GC(2) Survivor regions: 6->5(11)
[2.604s][info][gc,heap     ] GC(2) Old regions: 3->6
[2.604s][info][gc,heap     ] GC(2) Humongous regions: 4->4
[2.604s][info][gc,metaspace] GC(2) Metaspace: 21201K(21504K)->21201K(21504K) NonClass: 18689K(18816K)->18689K(18816K) Class: 2511K(2688K)->2511K(2688K)
[2.605s][info][gc          ] GC(2) Pause Young (Concurrent Start) (Metadata GC Threshold) 18M->13M(249M) 14.008ms
[2.605s][info][gc,cpu      ] GC(2) User=0.03s Sys=0.01s Real=0.02s
[2.605s][info][gc          ] GC(3) Concurrent Mark Cycle
[2.606s][info][gc,marking  ] GC(3) Concurrent Scan Root Regions
[2.609s][info][gc,marking  ] GC(3) Concurrent Scan Root Regions 3.513ms
[2.610s][info][gc,marking  ] GC(3) Concurrent Mark
[2.610s][info][gc,marking  ] GC(3) Concurrent Mark From Roots
[2.610s][info][gc,task     ] GC(3) Using 3 workers of 3 for marking
[2.614s][info][gc,marking  ] GC(3) Concurrent Mark From Roots 3.717ms
[2.615s][info][gc,marking  ] GC(3) Concurrent Preclean
[2.615s][info][gc,marking  ] GC(3) Concurrent Preclean 0.707ms
[2.617s][info][gc,start    ] GC(3) Pause Remark
[2.620s][info][gc          ] GC(3) Pause Remark 14M->14M(50M) 3.166ms
[2.620s][info][gc,cpu      ] GC(3) User=0.01s Sys=0.00s Real=0.00s
[2.621s][info][gc,marking  ] GC(3) Concurrent Mark 11.223ms
[2.622s][info][gc,marking  ] GC(3) Concurrent Rebuild Remembered Sets and Scrub Regions
[2.624s][info][gc,marking  ] GC(3) Concurrent Rebuild Remembered Sets and Scrub Regions 1.859ms
[2.625s][info][gc,start    ] GC(3) Pause Cleanup
[2.625s][info][gc          ] GC(3) Pause Cleanup 14M->14M(50M) 0.486ms
[2.625s][info][gc,cpu      ] GC(3) User=0.00s Sys=0.00s Real=0.00s
[2.626s][info][gc,marking  ] GC(3) Concurrent Clear Claimed Marks
[2.626s][info][gc,marking  ] GC(3) Concurrent Clear Claimed Marks 0.359ms
[2.626s][info][gc,marking  ] GC(3) Concurrent Cleanup for Next Mark
[2.627s][info][gc,marking  ] GC(3) Concurrent Cleanup for Next Mark 0.879ms
[2.628s][info][gc          ] GC(3) Concurrent Mark Cycle 22.842ms
[3.247s][info][gc,start    ] GC(4) Pause Young (Prepare Mixed) (G1 Evacuation Pause)
[3.248s][info][gc,task     ] GC(4) Using 10 workers of 11 for evacuation
[3.265s][info][gc,phases   ] GC(4)   Pre Evacuate Collection Set: 0.7ms
[3.266s][info][gc,phases   ] GC(4)   Merge Heap Roots: 0.4ms
[3.267s][info][gc,phases   ] GC(4)   Evacuate Collection Set: 11.0ms
[3.267s][info][gc,phases   ] GC(4)   Post Evacuate Collection Set: 1.8ms
[3.267s][info][gc,phases   ] GC(4)   Other: 3.9ms
[3.268s][info][gc,heap     ] GC(4) Eden regions: 35->0(26)
[3.268s][info][gc,heap     ] GC(4) Survivor regions: 5->9(18)
[3.268s][info][gc,heap     ] GC(4) Old regions: 6->6
[3.269s][info][gc,heap     ] GC(4) Humongous regions: 4->4
[3.269s][info][gc,metaspace] GC(4) Metaspace: 27988K(28352K)->27988K(28352K) NonClass: 24628K(24832K)->24628K(24832K) Class: 3359K(3520K)->3359K(3520K)
[3.270s][info][gc          ] GC(4) Pause Young (Prepare Mixed) (G1 Evacuation Pause) 48M->18M(59M) 22.766ms
[3.270s][info][gc,cpu      ] GC(4) User=0.07s Sys=0.02s Real=0.02s
[6.057s][info][gc,heap,exit] Heap
[6.057s][info][gc,heap,exit]  garbage-first heap   total 60416K, used 37275K [0x00000000d0000000, 0x0000000100000000)
[6.057s][info][gc,heap,exit]   region size 1024K, 27 young (27648K), 9 survivors (9216K)
[6.058s][info][gc,heap,exit]  Metaspace       used 29683K, committed 30080K, reserved 1114112K
[6.058s][info][gc,heap,exit]   class space    used 3592K, committed 3776K, reserved 1048576K
