[0.081s][info][gc,init] CardTable entry size: 512
[0.082s][info][gc     ] Using G1
[0.086s][info][gc,init] Version: 21.0.8+9-LTS (release)
[0.087s][info][gc,init] CPUs: 14 total, 14 available
[0.087s][info][gc,init] Memory: 15750M
[0.087s][info][gc,init] Large Page Support: Disabled
[0.088s][info][gc,init] NUMA Support: Disabled
[0.088s][info][gc,init] Compressed Oops: Enabled (32-bit)
[0.088s][info][gc,init] Heap Region Size: 1M
[0.088s][info][gc,init] Heap Min Capacity: 8M
[0.089s][info][gc,init] Heap Initial Capacity: 248M
[0.089s][info][gc,init] Heap Max Capacity: 768M
[0.089s][info][gc,init] Pre-touch: Disabled
[0.090s][info][gc,init] Parallel Workers: 11
[0.090s][info][gc,init] Concurrent Workers: 3
[0.090s][info][gc,init] Concurrent Refinement Workers: 11
[0.090s][info][gc,init] Periodic GC: Disabled
[0.098s][info][gc,metaspace] CDS archive(s) mapped at: [0x00007e61df000000-0x00007e61dfbb2000-0x00007e61dfbb2000), size 12263424, SharedBaseAddress: 0x00007e61df000000, ArchiveRelocationMode: 1.
[0.099s][info][gc,metaspace] Compressed class space mapped at: 0x00007e61e0000000-0x00007e6220000000, reserved size: 1073741824
[0.099s][info][gc,metaspace] Narrow klass base: 0x00007e61df000000, Narrow klass shift: 0, Narrow klass range: 0x100000000
[0.963s][info][gc,start    ] GC(0) Pause Young (Normal) (G1 Evacuation Pause)
[0.965s][info][gc,task     ] GC(0) Using 5 workers of 11 for evacuation
[0.972s][info][gc,phases   ] GC(0)   Pre Evacuate Collection Set: 0.3ms
[0.972s][info][gc,phases   ] GC(0)   Merge Heap Roots: 0.2ms
[0.973s][info][gc,phases   ] GC(0)   Evacuate Collection Set: 3.6ms
[0.973s][info][gc,phases   ] GC(0)   Post Evacuate Collection Set: 0.9ms
[0.973s][info][gc,phases   ] GC(0)   Other: 3.0ms
[0.974s][info][gc,heap     ] GC(0) Eden regions: 23->0(38)
[0.974s][info][gc,heap     ] GC(0) Survivor regions: 0->3(3)
[0.974s][info][gc,heap     ] GC(0) Old regions: 1->2
[0.974s][info][gc,heap     ] GC(0) Humongous regions: 5->4
[0.975s][info][gc,metaspace] GC(0) Metaspace: 7976K(8128K)->7976K(8128K) NonClass: 7088K(7168K)->7088K(7168K) Class: 887K(960K)->887K(960K)
[0.975s][info][gc          ] GC(0) Pause Young (Normal) (G1 Evacuation Pause) 28M->8M(249M) 11.905ms
[0.975s][info][gc,cpu      ] GC(0) User=0.01s Sys=0.01s Real=0.01s
[2.059s][info][gc,start    ] GC(1) Pause Young (Normal) (G1 Evacuation Pause)
[2.059s][info][gc,task     ] GC(1) Using 5 workers of 11 for evacuation
[2.071s][info][gc,phases   ] GC(1)   Pre Evacuate Collection Set: 0.4ms
[2.071s][info][gc,phases   ] GC(1)   Merge Heap Roots: 0.2ms
[2.071s][info][gc,phases   ] GC(1)   Evacuate Collection Set: 6.8ms
[2.072s][info][gc,phases   ] GC(1)   Post Evacuate Collection Set: 3.5ms
[2.072s][info][gc,phases   ] GC(1)   Other: 0.4ms
[2.073s][info][gc,heap     ] GC(1) Eden regions: 38->0(80)
[2.074s][info][gc,heap     ] GC(1) Survivor regions: 3->6(6)
[2.074s][info][gc,heap     ] GC(1) Old regions: 2->3
[2.075s][info][gc,heap     ] GC(1) Humongous regions: 4->4
[2.075s][info][gc,metaspace] GC(1) Metaspace: 19397K(19712K)->19397K(19712K) NonClass: 17113K(17280K)->17113K(17280K) Class: 2284K(2432K)->2284K(2432K)
[2.075s][info][gc          ] GC(1) Pause Young (Normal) (G1 Evacuation Pause) 46M->12M(249M) 16.355ms
[2.076s][info][gc,cpu      ] GC(1) User=0.03s Sys=0.01s Real=0.02s
[2.226s][info][gc,start    ] GC(2) Pause Young (Concurrent Start) (Metadata GC Threshold)
[2.227s][info][gc,task     ] GC(2) Using 5 workers of 11 for evacuation
[2.233s][info][gc,phases   ] GC(2)   Pre Evacuate Collection Set: 0.5ms
[2.234s][info][gc,phases   ] GC(2)   Merge Heap Roots: 0.2ms
[2.234s][info][gc,phases   ] GC(2)   Evacuate Collection Set: 4.4ms
[2.235s][info][gc,phases   ] GC(2)   Post Evacuate Collection Set: 1.0ms
[2.235s][info][gc,phases   ] GC(2)   Other: 0.6ms
[2.235s][info][gc,heap     ] GC(2) Eden regions: 6->0(143)
[2.236s][info][gc,heap     ] GC(2) Survivor regions: 6->5(11)
[2.236s][info][gc,heap     ] GC(2) Old regions: 3->6
[2.236s][info][gc,heap     ] GC(2) Humongous regions: 4->4
[2.236s][info][gc,metaspace] GC(2) Metaspace: 21204K(21504K)->21204K(21504K) NonClass: 18693K(18816K)->18693K(18816K) Class: 2511K(2688K)->2511K(2688K)
[2.237s][info][gc          ] GC(2) Pause Young (Concurrent Start) (Metadata GC Threshold) 18M->13M(249M) 10.885ms
[2.237s][info][gc,cpu      ] GC(2) User=0.02s Sys=0.00s Real=0.01s
[2.237s][info][gc          ] GC(3) Concurrent Mark Cycle
[2.238s][info][gc,marking  ] GC(3) Concurrent Scan Root Regions
[2.241s][info][gc,marking  ] GC(3) Concurrent Scan Root Regions 3.308ms
[2.242s][info][gc,marking  ] GC(3) Concurrent Mark
[2.242s][info][gc,marking  ] GC(3) Concurrent Mark From Roots
[2.242s][info][gc,task     ] GC(3) Using 3 workers of 3 for marking
[2.245s][info][gc,marking  ] GC(3) Concurrent Mark From Roots 2.946ms
[2.245s][info][gc,marking  ] GC(3) Concurrent Preclean
[2.246s][info][gc,marking  ] GC(3) Concurrent Preclean 0.323ms
[2.246s][info][gc,start    ] GC(3) Pause Remark
[2.250s][info][gc          ] GC(3) Pause Remark 14M->14M(50M) 3.518ms
[2.250s][info][gc,cpu      ] GC(3) User=0.01s Sys=0.00s Real=0.01s
[2.251s][info][gc,marking  ] GC(3) Concurrent Mark 9.275ms
[2.251s][info][gc,marking  ] GC(3) Concurrent Rebuild Remembered Sets and Scrub Regions
[2.253s][info][gc,marking  ] GC(3) Concurrent Rebuild Remembered Sets and Scrub Regions 1.986ms
[2.254s][info][gc,start    ] GC(3) Pause Cleanup
[2.254s][info][gc          ] GC(3) Pause Cleanup 14M->14M(50M) 0.577ms
[2.255s][info][gc,cpu      ] GC(3) User=0.00s Sys=0.00s Real=0.00s
[2.255s][info][gc,marking  ] GC(3) Concurrent Clear Claimed Marks
[2.255s][info][gc,marking  ] GC(3) Concurrent Clear Claimed Marks 0.342ms
[2.256s][info][gc,marking  ] GC(3) Concurrent Cleanup for Next Mark
[2.257s][info][gc,marking  ] GC(3) Concurrent Cleanup for Next Mark 0.874ms
[2.257s][info][gc          ] GC(3) Concurrent Mark Cycle 19.862ms
[3.182s][info][gc,start    ] GC(4) Pause Young (Prepare Mixed) (G1 Evacuation Pause)
[3.183s][info][gc,task     ] GC(4) Using 10 workers of 11 for evacuation
[3.207s][info][gc,phases   ] GC(4)   Pre Evacuate Collection Set: 0.5ms
[3.207s][info][gc,phases   ] GC(4)   Merge Heap Roots: 0.2ms
[3.208s][info][gc,phases   ] GC(4)   Evacuate Collection Set: 19.6ms
[3.208s][info][gc,phases   ] GC(4)   Post Evacuate Collection Set: 3.0ms
[3.209s][info][gc,phases   ] GC(4)   Other: 0.6ms
[3.210s][info][gc,heap     ] GC(4) Eden regions: 35->0(26)
[3.211s][info][gc,heap     ] GC(4) Survivor regions: 5->10(19)
[3.212s][info][gc,heap     ] GC(4) Old regions: 6->6
[3.212s][info][gc,heap     ] GC(4) Humongous regions: 4->4
[3.214s][info][gc,metaspace] GC(4) Metaspace: 28547K(28928K)->28547K(28928K) NonClass: 25102K(25344K)->25102K(25344K) Class: 3444K(3584K)->3444K(3584K)
[3.215s][info][gc          ] GC(4) Pause Young (Prepare Mixed) (G1 Evacuation Pause) 48M->19M(60M) 32.872ms
[3.216s][info][gc,cpu      ] GC(4) User=0.10s Sys=0.03s Real=0.03s
[5.990s][info][gc,heap,exit] Heap
[5.991s][info][gc,heap,exit]  garbage-first heap   total 61440K, used 37967K [0x00000000d0000000, 0x0000000100000000)
[5.991s][info][gc,heap,exit]   region size 1024K, 28 young (28672K), 10 survivors (10240K)
[5.991s][info][gc,heap,exit]  Metaspace       used 29538K, committed 30016K, reserved 1114112K
[5.991s][info][gc,heap,exit]   class space    used 3577K, committed 3776K, reserved 1048576K
