[0.070s][info][gc,init] CardTable entry size: 512
[0.071s][info][gc     ] Using G1
[0.074s][info][gc,init] Version: 21.0.8+9-LTS (release)
[0.075s][info][gc,init] CPUs: 14 total, 14 available
[0.075s][info][gc,init] Memory: 15750M
[0.075s][info][gc,init] Large Page Support: Disabled
[0.076s][info][gc,init] NUMA Support: Disabled
[0.076s][info][gc,init] Compressed Oops: Enabled (32-bit)
[0.076s][info][gc,init] Heap Region Size: 1M
[0.076s][info][gc,init] Heap Min Capacity: 8M
[0.077s][info][gc,init] Heap Initial Capacity: 248M
[0.077s][info][gc,init] Heap Max Capacity: 768M
[0.077s][info][gc,init] Pre-touch: Disabled
[0.078s][info][gc,init] Parallel Workers: 11
[0.078s][info][gc,init] Concurrent Workers: 3
[0.078s][info][gc,init] Concurrent Refinement Workers: 11
[0.079s][info][gc,init] Periodic GC: Disabled
[0.087s][info][gc,metaspace] CDS archive(s) mapped at: [0x00007f0797000000-0x00007f0797bb2000-0x00007f0797bb2000), size 12263424, SharedBaseAddress: 0x00007f0797000000, ArchiveRelocationMode: 1.
[0.087s][info][gc,metaspace] Compressed class space mapped at: 0x00007f0798000000-0x00007f07d8000000, reserved size: 1073741824
[0.088s][info][gc,metaspace] Narrow klass base: 0x00007f0797000000, Narrow klass shift: 0, Narrow klass range: 0x100000000
[0.762s][info][gc,start    ] GC(0) Pause Young (Normal) (G1 Evacuation Pause)
[0.764s][info][gc,task     ] GC(0) Using 5 workers of 11 for evacuation
[0.769s][info][gc,phases   ] GC(0)   Pre Evacuate Collection Set: 0.3ms
[0.770s][info][gc,phases   ] GC(0)   Merge Heap Roots: 0.2ms
[0.770s][info][gc,phases   ] GC(0)   Evacuate Collection Set: 3.3ms
[0.770s][info][gc,phases   ] GC(0)   Post Evacuate Collection Set: 0.8ms
[0.771s][info][gc,phases   ] GC(0)   Other: 1.7ms
[0.771s][info][gc,heap     ] GC(0) Eden regions: 23->0(38)
[0.771s][info][gc,heap     ] GC(0) Survivor regions: 0->3(3)
[0.772s][info][gc,heap     ] GC(0) Old regions: 1->2
[0.772s][info][gc,heap     ] GC(0) Humongous regions: 5->4
[0.772s][info][gc,metaspace] GC(0) Metaspace: 7953K(8128K)->7953K(8128K) NonClass: 7065K(7168K)->7065K(7168K) Class: 887K(960K)->887K(960K)
[0.773s][info][gc          ] GC(0) Pause Young (Normal) (G1 Evacuation Pause) 28M->8M(249M) 11.025ms
[0.773s][info][gc,cpu      ] GC(0) User=0.01s Sys=0.01s Real=0.01s
[1.738s][info][gc,start    ] GC(1) Pause Young (Normal) (G1 Evacuation Pause)
[1.738s][info][gc,task     ] GC(1) Using 5 workers of 11 for evacuation
[1.747s][info][gc,phases   ] GC(1)   Pre Evacuate Collection Set: 0.3ms
[1.747s][info][gc,phases   ] GC(1)   Merge Heap Roots: 0.1ms
[1.747s][info][gc,phases   ] GC(1)   Evacuate Collection Set: 5.2ms
[1.748s][info][gc,phases   ] GC(1)   Post Evacuate Collection Set: 2.6ms
[1.748s][info][gc,phases   ] GC(1)   Other: 0.4ms
[1.748s][info][gc,heap     ] GC(1) Eden regions: 38->0(82)
[1.749s][info][gc,heap     ] GC(1) Survivor regions: 3->6(6)
[1.749s][info][gc,heap     ] GC(1) Old regions: 2->3
[1.749s][info][gc,heap     ] GC(1) Humongous regions: 4->4
[1.750s][info][gc,metaspace] GC(1) Metaspace: 19397K(19712K)->19397K(19712K) NonClass: 17112K(17280K)->17112K(17280K) Class: 2284K(2432K)->2284K(2432K)
[1.750s][info][gc          ] GC(1) Pause Young (Normal) (G1 Evacuation Pause) 46M->12M(249M) 12.179ms
[1.750s][info][gc,cpu      ] GC(1) User=0.02s Sys=0.01s Real=0.01s
[1.873s][info][gc,start    ] GC(2) Pause Young (Concurrent Start) (Metadata GC Threshold)
[1.873s][info][gc,task     ] GC(2) Using 5 workers of 11 for evacuation
[1.879s][info][gc,phases   ] GC(2)   Pre Evacuate Collection Set: 0.3ms
[1.879s][info][gc,phases   ] GC(2)   Merge Heap Roots: 0.1ms
[1.880s][info][gc,phases   ] GC(2)   Evacuate Collection Set: 3.5ms
[1.880s][info][gc,phases   ] GC(2)   Post Evacuate Collection Set: 1.1ms
[1.880s][info][gc,phases   ] GC(2)   Other: 0.5ms
[1.881s][info][gc,heap     ] GC(2) Eden regions: 6->0(137)
[1.881s][info][gc,heap     ] GC(2) Survivor regions: 6->5(11)
[1.881s][info][gc,heap     ] GC(2) Old regions: 3->6
[1.881s][info][gc,heap     ] GC(2) Humongous regions: 4->4
[1.882s][info][gc,metaspace] GC(2) Metaspace: 21185K(21504K)->21185K(21504K) NonClass: 18677K(18816K)->18677K(18816K) Class: 2508K(2688K)->2508K(2688K)
[1.882s][info][gc          ] GC(2) Pause Young (Concurrent Start) (Metadata GC Threshold) 18M->13M(249M) 9.282ms
[1.883s][info][gc,cpu      ] GC(2) User=0.01s Sys=0.01s Real=0.01s
[1.883s][info][gc          ] GC(3) Concurrent Mark Cycle
[1.883s][info][gc,marking  ] GC(3) Concurrent Scan Root Regions
[1.887s][info][gc,marking  ] GC(3) Concurrent Scan Root Regions 3.113ms
[1.887s][info][gc,marking  ] GC(3) Concurrent Mark
[1.887s][info][gc,marking  ] GC(3) Concurrent Mark From Roots
[1.888s][info][gc,task     ] GC(3) Using 3 workers of 3 for marking
[1.890s][info][gc,marking  ] GC(3) Concurrent Mark From Roots 2.258ms
[1.890s][info][gc,marking  ] GC(3) Concurrent Preclean
[1.890s][info][gc,marking  ] GC(3) Concurrent Preclean 0.281ms
[1.891s][info][gc,start    ] GC(3) Pause Remark
[1.894s][info][gc          ] GC(3) Pause Remark 14M->14M(50M) 3.435ms
[1.895s][info][gc,cpu      ] GC(3) User=0.01s Sys=0.00s Real=0.01s
[1.895s][info][gc,marking  ] GC(3) Concurrent Mark 8.292ms
[1.896s][info][gc,marking  ] GC(3) Concurrent Rebuild Remembered Sets and Scrub Regions
[1.897s][info][gc,marking  ] GC(3) Concurrent Rebuild Remembered Sets and Scrub Regions 1.732ms
[1.898s][info][gc,start    ] GC(3) Pause Cleanup
[1.898s][info][gc          ] GC(3) Pause Cleanup 14M->14M(50M) 0.481ms
[1.899s][info][gc,cpu      ] GC(3) User=0.00s Sys=0.00s Real=0.00s
[1.899s][info][gc,marking  ] GC(3) Concurrent Clear Claimed Marks
[1.899s][info][gc,marking  ] GC(3) Concurrent Clear Claimed Marks 0.353ms
[1.900s][info][gc,marking  ] GC(3) Concurrent Cleanup for Next Mark
[1.900s][info][gc,marking  ] GC(3) Concurrent Cleanup for Next Mark 0.699ms
[1.901s][info][gc          ] GC(3) Concurrent Mark Cycle 18.011ms
[2.341s][info][gc,start    ] GC(4) Pause Young (Prepare Mixed) (G1 Evacuation Pause)
[2.341s][info][gc,task     ] GC(4) Using 10 workers of 11 for evacuation
[2.352s][info][gc,phases   ] GC(4)   Pre Evacuate Collection Set: 0.5ms
[2.353s][info][gc,phases   ] GC(4)   Merge Heap Roots: 0.3ms
[2.353s][info][gc,phases   ] GC(4)   Evacuate Collection Set: 7.4ms
[2.353s][info][gc,phases   ] GC(4)   Post Evacuate Collection Set: 2.0ms
[2.353s][info][gc,phases   ] GC(4)   Other: 0.5ms
[2.354s][info][gc,heap     ] GC(4) Eden regions: 35->0(26)
[2.354s][info][gc,heap     ] GC(4) Survivor regions: 5->9(18)
[2.354s][info][gc,heap     ] GC(4) Old regions: 6->6
[2.355s][info][gc,heap     ] GC(4) Humongous regions: 4->4
[2.355s][info][gc,metaspace] GC(4) Metaspace: 27864K(28224K)->27864K(28224K) NonClass: 24519K(24704K)->24519K(24704K) Class: 3344K(3520K)->3344K(3520K)
[2.355s][info][gc          ] GC(4) Pause Young (Prepare Mixed) (G1 Evacuation Pause) 48M->18M(59M) 14.481ms
[2.356s][info][gc,cpu      ] GC(4) User=0.03s Sys=0.03s Real=0.02s
[5.256s][info][gc,heap,exit] Heap
[5.257s][info][gc,heap,exit]  garbage-first heap   total 60416K, used 38222K [0x00000000d0000000, 0x0000000100000000)
[5.257s][info][gc,heap,exit]   region size 1024K, 28 young (28672K), 9 survivors (9216K)
[5.258s][info][gc,heap,exit]  Metaspace       used 29696K, committed 30144K, reserved 1114112K
[5.258s][info][gc,heap,exit]   class space    used 3589K, committed 3776K, reserved 1048576K
