[0.064s][info][gc,init] CardTable entry size: 512
[0.065s][info][gc     ] Using G1
[0.069s][info][gc,init] Version: 21.0.8+9-LTS (release)
[0.069s][info][gc,init] CPUs: 14 total, 14 available
[0.069s][info][gc,init] Memory: 15750M
[0.069s][info][gc,init] Large Page Support: Disabled
[0.070s][info][gc,init] NUMA Support: Disabled
[0.070s][info][gc,init] Compressed Oops: Enabled (32-bit)
[0.070s][info][gc,init] Heap Region Size: 1M
[0.070s][info][gc,init] Heap Min Capacity: 8M
[0.070s][info][gc,init] Heap Initial Capacity: 248M
[0.071s][info][gc,init] Heap Max Capacity: 768M
[0.071s][info][gc,init] Pre-touch: Disabled
[0.072s][info][gc,init] Parallel Workers: 11
[0.072s][info][gc,init] Concurrent Workers: 3
[0.072s][info][gc,init] Concurrent Refinement Workers: 11
[0.073s][info][gc,init] Periodic GC: Disabled
[0.080s][info][gc,metaspace] CDS archive(s) mapped at: [0x000074a00b000000-0x000074a00bbb2000-0x000074a00bbb2000), size 12263424, SharedBaseAddress: 0x000074a00b000000, ArchiveRelocationMode: 1.
[0.080s][info][gc,metaspace] Compressed class space mapped at: 0x000074a00c000000-0x000074a04c000000, reserved size: 1073741824
[0.081s][info][gc,metaspace] Narrow klass base: 0x000074a00b000000, Narrow klass shift: 0, Narrow klass range: 0x100000000
[0.921s][info][gc,start    ] GC(0) Pause Young (Normal) (G1 Evacuation Pause)
[0.925s][info][gc,task     ] GC(0) Using 5 workers of 11 for evacuation
[0.931s][info][gc,phases   ] GC(0)   Pre Evacuate Collection Set: 0.2ms
[0.931s][info][gc,phases   ] GC(0)   Merge Heap Roots: 0.1ms
[0.932s][info][gc,phases   ] GC(0)   Evacuate Collection Set: 3.4ms
[0.932s][info][gc,phases   ] GC(0)   Post Evacuate Collection Set: 1.1ms
[0.933s][info][gc,phases   ] GC(0)   Other: 1.8ms
[0.933s][info][gc,heap     ] GC(0) Eden regions: 23->0(38)
[0.934s][info][gc,heap     ] GC(0) Survivor regions: 0->3(3)
[0.934s][info][gc,heap     ] GC(0) Old regions: 1->2
[0.934s][info][gc,heap     ] GC(0) Humongous regions: 5->4
[0.935s][info][gc,metaspace] GC(0) Metaspace: 7956K(8128K)->7956K(8128K) NonClass: 7068K(7168K)->7068K(7168K) Class: 887K(960K)->887K(960K)
[0.935s][info][gc          ] GC(0) Pause Young (Normal) (G1 Evacuation Pause) 28M->8M(249M) 13.932ms
[0.936s][info][gc,cpu      ] GC(0) User=0.02s Sys=0.01s Real=0.01s
[2.273s][info][gc,start    ] GC(1) Pause Young (Normal) (G1 Evacuation Pause)
[2.274s][info][gc,task     ] GC(1) Using 5 workers of 11 for evacuation
[2.284s][info][gc,phases   ] GC(1)   Pre Evacuate Collection Set: 0.4ms
[2.285s][info][gc,phases   ] GC(1)   Merge Heap Roots: 0.1ms
[2.285s][info][gc,phases   ] GC(1)   Evacuate Collection Set: 6.7ms
[2.285s][info][gc,phases   ] GC(1)   Post Evacuate Collection Set: 2.9ms
[2.286s][info][gc,phases   ] GC(1)   Other: 0.5ms
[2.286s][info][gc,heap     ] GC(1) Eden regions: 38->0(91)
[2.286s][info][gc,heap     ] GC(1) Survivor regions: 3->6(6)
[2.287s][info][gc,heap     ] GC(1) Old regions: 2->3
[2.287s][info][gc,heap     ] GC(1) Humongous regions: 4->4
[2.287s][info][gc,metaspace] GC(1) Metaspace: 19397K(19712K)->19397K(19712K) NonClass: 17112K(17280K)->17112K(17280K) Class: 2284K(2432K)->2284K(2432K)
[2.288s][info][gc          ] GC(1) Pause Young (Normal) (G1 Evacuation Pause) 46M->12M(249M) 14.486ms
[2.288s][info][gc,cpu      ] GC(1) User=0.02s Sys=0.02s Real=0.01s
[2.457s][info][gc,start    ] GC(2) Pause Young (Concurrent Start) (Metadata GC Threshold)
[2.458s][info][gc,task     ] GC(2) Using 5 workers of 11 for evacuation
[2.464s][info][gc,phases   ] GC(2)   Pre Evacuate Collection Set: 0.5ms
[2.465s][info][gc,phases   ] GC(2)   Merge Heap Roots: 0.2ms
[2.465s][info][gc,phases   ] GC(2)   Evacuate Collection Set: 4.3ms
[2.466s][info][gc,phases   ] GC(2)   Post Evacuate Collection Set: 1.2ms
[2.466s][info][gc,phases   ] GC(2)   Other: 0.6ms
[2.466s][info][gc,heap     ] GC(2) Eden regions: 6->0(141)
[2.467s][info][gc,heap     ] GC(2) Survivor regions: 6->7(13)
[2.467s][info][gc,heap     ] GC(2) Old regions: 3->3
[2.467s][info][gc,heap     ] GC(2) Humongous regions: 4->4
[2.468s][info][gc,metaspace] GC(2) Metaspace: 21201K(21504K)->21201K(21504K) NonClass: 18691K(18816K)->18691K(18816K) Class: 2510K(2688K)->2510K(2688K)
[2.468s][info][gc          ] GC(2) Pause Young (Concurrent Start) (Metadata GC Threshold) 18M->13M(249M) 11.168ms
[2.469s][info][gc,cpu      ] GC(2) User=0.02s Sys=0.00s Real=0.01s
[2.469s][info][gc          ] GC(3) Concurrent Mark Cycle
[2.469s][info][gc,marking  ] GC(3) Concurrent Scan Root Regions
[2.473s][info][gc,marking  ] GC(3) Concurrent Scan Root Regions 3.604ms
[2.473s][info][gc,marking  ] GC(3) Concurrent Mark
[2.476s][info][gc,marking  ] GC(3) Concurrent Mark From Roots
[2.477s][info][gc,task     ] GC(3) Using 3 workers of 3 for marking
[2.480s][info][gc,marking  ] GC(3) Concurrent Mark From Roots 3.900ms
[2.481s][info][gc,marking  ] GC(3) Concurrent Preclean
[2.481s][info][gc,marking  ] GC(3) Concurrent Preclean 0.433ms
[2.482s][info][gc,start    ] GC(3) Pause Remark
[2.486s][info][gc          ] GC(3) Pause Remark 14M->14M(47M) 3.548ms
[2.486s][info][gc,cpu      ] GC(3) User=0.01s Sys=0.00s Real=0.00s
[2.487s][info][gc,marking  ] GC(3) Concurrent Mark 13.316ms
[2.487s][info][gc,marking  ] GC(3) Concurrent Rebuild Remembered Sets and Scrub Regions
[2.489s][info][gc,marking  ] GC(3) Concurrent Rebuild Remembered Sets and Scrub Regions 2.115ms
[2.491s][info][gc,start    ] GC(3) Pause Cleanup
[2.491s][info][gc          ] GC(3) Pause Cleanup 14M->14M(47M) 0.809ms
[2.492s][info][gc,cpu      ] GC(3) User=0.00s Sys=0.00s Real=0.00s
[2.492s][info][gc,marking  ] GC(3) Concurrent Clear Claimed Marks
[2.493s][info][gc,marking  ] GC(3) Concurrent Clear Claimed Marks 0.519ms
[2.493s][info][gc,marking  ] GC(3) Concurrent Cleanup for Next Mark
[2.494s][info][gc,marking  ] GC(3) Concurrent Cleanup for Next Mark 1.159ms
[2.495s][info][gc          ] GC(3) Concurrent Mark Cycle 26.253ms
[3.261s][info][gc,start    ] GC(4) Pause Young (Prepare Mixed) (G1 Evacuation Pause)
[3.262s][info][gc,task     ] GC(4) Using 10 workers of 11 for evacuation
[3.285s][info][gc,phases   ] GC(4)   Pre Evacuate Collection Set: 0.5ms
[3.286s][info][gc,phases   ] GC(4)   Merge Heap Roots: 0.3ms
[3.286s][info][gc,phases   ] GC(4)   Evacuate Collection Set: 19.4ms
[3.286s][info][gc,phases   ] GC(4)   Post Evacuate Collection Set: 2.9ms
[3.287s][info][gc,phases   ] GC(4)   Other: 0.5ms
[3.287s][info][gc,heap     ] GC(4) Eden regions: 33->0(23)
[3.287s][info][gc,heap     ] GC(4) Survivor regions: 7->13(19)
[3.287s][info][gc,heap     ] GC(4) Old regions: 3->3
[3.288s][info][gc,heap     ] GC(4) Humongous regions: 4->4
[3.288s][info][gc,metaspace] GC(4) Metaspace: 27803K(28224K)->27803K(28224K) NonClass: 24464K(24704K)->24464K(24704K) Class: 3338K(3520K)->3338K(3520K)
[3.289s][info][gc          ] GC(4) Pause Young (Prepare Mixed) (G1 Evacuation Pause) 46M->18M(60M) 27.739ms
[3.289s][info][gc,cpu      ] GC(4) User=0.07s Sys=0.03s Real=0.02s
[5.949s][info][gc,heap,exit] Heap
[5.949s][info][gc,heap,exit]  garbage-first heap   total 61440K, used 39230K [0x00000000d0000000, 0x0000000100000000)
[5.949s][info][gc,heap,exit]   region size 1024K, 33 young (33792K), 13 survivors (13312K)
[5.950s][info][gc,heap,exit]  Metaspace       used 29562K, committed 30016K, reserved 1114112K
[5.950s][info][gc,heap,exit]   class space    used 3574K, committed 3776K, reserved 1048576K
