[0.143s][info][gc,init] CardTable entry size: 512
[0.145s][info][gc     ] Using G1
[0.149s][info][gc,init] Version: 21.0.8+9-LTS (release)
[0.149s][info][gc,init] CPUs: 14 total, 14 available
[0.149s][info][gc,init] Memory: 15750M
[0.150s][info][gc,init] Large Page Support: Disabled
[0.150s][info][gc,init] NUMA Support: Disabled
[0.150s][info][gc,init] Compressed Oops: Enabled (32-bit)
[0.150s][info][gc,init] Heap Region Size: 1M
[0.151s][info][gc,init] Heap Min Capacity: 8M
[0.151s][info][gc,init] Heap Initial Capacity: 248M
[0.151s][info][gc,init] Heap Max Capacity: 768M
[0.152s][info][gc,init] Pre-touch: Disabled
[0.152s][info][gc,init] Parallel Workers: 11
[0.152s][info][gc,init] Concurrent Workers: 3
[0.152s][info][gc,init] Concurrent Refinement Workers: 11
[0.153s][info][gc,init] Periodic GC: Disabled
[0.163s][info][gc,metaspace] CDS archive(s) mapped at: [0x000070f9af000000-0x000070f9afbb2000-0x000070f9afbb2000), size 12263424, SharedBaseAddress: 0x000070f9af000000, ArchiveRelocationMode: 1.
[0.163s][info][gc,metaspace] Compressed class space mapped at: 0x000070f9b0000000-0x000070f9f0000000, reserved size: 1073741824
[0.163s][info][gc,metaspace] Narrow klass base: 0x000070f9af000000, Narrow klass shift: 0, Narrow klass range: 0x100000000
[0.757s][info][gc,start    ] GC(0) Pause Young (Normal) (G1 Evacuation Pause)
[0.759s][info][gc,task     ] GC(0) Using 5 workers of 11 for evacuation
[0.763s][info][gc,phases   ] GC(0)   Pre Evacuate Collection Set: 0.2ms
[0.764s][info][gc,phases   ] GC(0)   Merge Heap Roots: 0.2ms
[0.764s][info][gc,phases   ] GC(0)   Evacuate Collection Set: 2.2ms
[0.765s][info][gc,phases   ] GC(0)   Post Evacuate Collection Set: 0.7ms
[0.765s][info][gc,phases   ] GC(0)   Other: 1.4ms
[0.765s][info][gc,heap     ] GC(0) Eden regions: 23->0(38)
[0.766s][info][gc,heap     ] GC(0) Survivor regions: 0->3(3)
[0.766s][info][gc,heap     ] GC(0) Old regions: 1->2
[0.766s][info][gc,heap     ] GC(0) Humongous regions: 5->4
[0.767s][info][gc,metaspace] GC(0) Metaspace: 7956K(8128K)->7956K(8128K) NonClass: 7069K(7168K)->7069K(7168K) Class: 887K(960K)->887K(960K)
[0.767s][info][gc          ] GC(0) Pause Young (Normal) (G1 Evacuation Pause) 28M->8M(249M) 9.575ms
[0.767s][info][gc,cpu      ] GC(0) User=0.01s Sys=0.00s Real=0.02s
[1.633s][info][gc,start    ] GC(1) Pause Young (Normal) (G1 Evacuation Pause)
[1.634s][info][gc,task     ] GC(1) Using 5 workers of 11 for evacuation
[1.647s][info][gc,phases   ] GC(1)   Pre Evacuate Collection Set: 0.4ms
[1.647s][info][gc,phases   ] GC(1)   Merge Heap Roots: 0.1ms
[1.648s][info][gc,phases   ] GC(1)   Evacuate Collection Set: 7.3ms
[1.648s][info][gc,phases   ] GC(1)   Post Evacuate Collection Set: 4.4ms
[1.649s][info][gc,phases   ] GC(1)   Other: 0.8ms
[1.649s][info][gc,heap     ] GC(1) Eden regions: 38->0(87)
[1.650s][info][gc,heap     ] GC(1) Survivor regions: 3->6(6)
[1.651s][info][gc,heap     ] GC(1) Old regions: 2->3
[1.651s][info][gc,heap     ] GC(1) Humongous regions: 4->4
[1.652s][info][gc,metaspace] GC(1) Metaspace: 19386K(19648K)->19386K(19648K) NonClass: 17100K(17216K)->17100K(17216K) Class: 2285K(2432K)->2285K(2432K)
[1.653s][info][gc          ] GC(1) Pause Young (Normal) (G1 Evacuation Pause) 46M->12M(249M) 20.060ms
[1.654s][info][gc,cpu      ] GC(1) User=0.03s Sys=0.00s Real=0.02s
[1.797s][info][gc,start    ] GC(2) Pause Young (Concurrent Start) (Metadata GC Threshold)
[1.797s][info][gc,task     ] GC(2) Using 5 workers of 11 for evacuation
[1.804s][info][gc,phases   ] GC(2)   Pre Evacuate Collection Set: 0.6ms
[1.810s][info][gc,phases   ] GC(2)   Merge Heap Roots: 0.2ms
[1.810s][info][gc,phases   ] GC(2)   Evacuate Collection Set: 3.2ms
[1.811s][info][gc,phases   ] GC(2)   Post Evacuate Collection Set: 2.1ms
[1.811s][info][gc,phases   ] GC(2)   Other: 0.8ms
[1.812s][info][gc,heap     ] GC(2) Eden regions: 6->0(140)
[1.813s][info][gc,heap     ] GC(2) Survivor regions: 6->8(12)
[1.813s][info][gc,heap     ] GC(2) Old regions: 3->3
[1.814s][info][gc,heap     ] GC(2) Humongous regions: 4->4
[1.814s][info][gc,metaspace] GC(2) Metaspace: 21179K(21504K)->21179K(21504K) NonClass: 18669K(18816K)->18669K(18816K) Class: 2509K(2688K)->2509K(2688K)
[1.815s][info][gc          ] GC(2) Pause Young (Concurrent Start) (Metadata GC Threshold) 18M->13M(249M) 18.540ms
[1.816s][info][gc,cpu      ] GC(2) User=0.02s Sys=0.00s Real=0.02s
[1.816s][info][gc          ] GC(3) Concurrent Mark Cycle
[1.817s][info][gc,marking  ] GC(3) Concurrent Scan Root Regions
[1.820s][info][gc,marking  ] GC(3) Concurrent Scan Root Regions 2.823ms
[1.820s][info][gc,marking  ] GC(3) Concurrent Mark
[1.821s][info][gc,marking  ] GC(3) Concurrent Mark From Roots
[1.821s][info][gc,task     ] GC(3) Using 3 workers of 3 for marking
[1.825s][info][gc,marking  ] GC(3) Concurrent Mark From Roots 3.951ms
[1.826s][info][gc,marking  ] GC(3) Concurrent Preclean
[1.826s][info][gc,marking  ] GC(3) Concurrent Preclean 0.492ms
[1.827s][info][gc,start    ] GC(3) Pause Remark
[1.831s][info][gc          ] GC(3) Pause Remark 15M->15M(50M) 4.398ms
[1.832s][info][gc,cpu      ] GC(3) User=0.00s Sys=0.01s Real=0.00s
[1.833s][info][gc,marking  ] GC(3) Concurrent Mark 12.423ms
[1.834s][info][gc,marking  ] GC(3) Concurrent Rebuild Remembered Sets and Scrub Regions
[1.835s][info][gc,marking  ] GC(3) Concurrent Rebuild Remembered Sets and Scrub Regions 1.863ms
[1.837s][info][gc,start    ] GC(3) Pause Cleanup
[1.837s][info][gc          ] GC(3) Pause Cleanup 15M->15M(50M) 0.750ms
[1.838s][info][gc,cpu      ] GC(3) User=0.00s Sys=0.00s Real=0.01s
[1.839s][info][gc,marking  ] GC(3) Concurrent Clear Claimed Marks
[1.839s][info][gc,marking  ] GC(3) Concurrent Clear Claimed Marks 0.595ms
[1.840s][info][gc,marking  ] GC(3) Concurrent Cleanup for Next Mark
[1.841s][info][gc,marking  ] GC(3) Concurrent Cleanup for Next Mark 1.157ms
[1.841s][info][gc          ] GC(3) Concurrent Mark Cycle 25.492ms
[2.556s][info][gc,start    ] GC(4) Pause Young (Prepare Mixed) (G1 Evacuation Pause)
[2.556s][info][gc,task     ] GC(4) Using 11 workers of 11 for evacuation
[2.567s][info][gc,phases   ] GC(4)   Pre Evacuate Collection Set: 0.5ms
[2.567s][info][gc,phases   ] GC(4)   Merge Heap Roots: 0.4ms
[2.568s][info][gc,phases   ] GC(4)   Evacuate Collection Set: 7.3ms
[2.568s][info][gc,phases   ] GC(4)   Post Evacuate Collection Set: 2.2ms
[2.568s][info][gc,phases   ] GC(4)   Other: 0.4ms
[2.569s][info][gc,heap     ] GC(4) Eden regions: 35->0(25)
[2.569s][info][gc,heap     ] GC(4) Survivor regions: 8->12(19)
[2.569s][info][gc,heap     ] GC(4) Old regions: 3->3
[2.570s][info][gc,heap     ] GC(4) Humongous regions: 4->4
[2.570s][info][gc,metaspace] GC(4) Metaspace: 27599K(28032K)->27599K(28032K) NonClass: 24303K(24512K)->24303K(24512K) Class: 3295K(3520K)->3295K(3520K)
[2.570s][info][gc          ] GC(4) Pause Young (Prepare Mixed) (G1 Evacuation Pause) 48M->17M(62M) 14.467ms
[2.570s][info][gc,cpu      ] GC(4) User=0.06s Sys=0.01s Real=0.02s
[32.061s][info][gc,heap,exit] Heap
[32.062s][info][gc,heap,exit]  garbage-first heap   total 63488K, used 42939K [0x00000000d0000000, 0x0000000100000000)
[32.062s][info][gc,heap,exit]   region size 1024K, 36 young (36864K), 12 survivors (12288K)
[32.063s][info][gc,heap,exit]  Metaspace       used 29932K, committed 30336K, reserved 1114112K
[32.064s][info][gc,heap,exit]   class space    used 3595K, committed 3776K, reserved 1048576K
