[0.094s][info][gc,init] CardTable entry size: 512
[0.097s][info][gc     ] Using G1
[0.102s][info][gc,init] Version: 21.0.8+9-LTS (release)
[0.104s][info][gc,init] CPUs: 14 total, 14 available
[0.105s][info][gc,init] Memory: 15750M
[0.106s][info][gc,init] Large Page Support: Disabled
[0.107s][info][gc,init] NUMA Support: Disabled
[0.107s][info][gc,init] Compressed Oops: Enabled (32-bit)
[0.107s][info][gc,init] Heap Region Size: 1M
[0.109s][info][gc,init] Heap Min Capacity: 8M
[0.109s][info][gc,init] Heap Initial Capacity: 248M
[0.110s][info][gc,init] Heap Max Capacity: 768M
[0.111s][info][gc,init] Pre-touch: Disabled
[0.112s][info][gc,init] Parallel Workers: 11
[0.113s][info][gc,init] Concurrent Workers: 3
[0.114s][info][gc,init] Concurrent Refinement Workers: 11
[0.115s][info][gc,init] Periodic GC: Disabled
[0.132s][info][gc,metaspace] CDS archive(s) mapped at: [0x000079c86b000000-0x000079c86bbb2000-0x000079c86bbb2000), size 12263424, SharedBaseAddress: 0x000079c86b000000, ArchiveRelocationMode: 1.
[0.134s][info][gc,metaspace] Compressed class space mapped at: 0x000079c86c000000-0x000079c8ac000000, reserved size: 1073741824
[0.135s][info][gc,metaspace] Narrow klass base: 0x000079c86b000000, Narrow klass shift: 0, Narrow klass range: 0x100000000
[1.185s][info][gc,start    ] GC(0) Pause Young (Normal) (G1 Evacuation Pause)
[1.191s][info][gc,task     ] GC(0) Using 5 workers of 11 for evacuation
[1.197s][info][gc,phases   ] GC(0)   Pre Evacuate Collection Set: 0.4ms
[1.198s][info][gc,phases   ] GC(0)   Merge Heap Roots: 0.3ms
[1.198s][info][gc,phases   ] GC(0)   Evacuate Collection Set: 4.0ms
[1.198s][info][gc,phases   ] GC(0)   Post Evacuate Collection Set: 1.0ms
[1.199s][info][gc,phases   ] GC(0)   Other: 2.7ms
[1.199s][info][gc,heap     ] GC(0) Eden regions: 23->0(38)
[1.200s][info][gc,heap     ] GC(0) Survivor regions: 0->3(3)
[1.200s][info][gc,heap     ] GC(0) Old regions: 1->2
[1.200s][info][gc,heap     ] GC(0) Humongous regions: 5->4
[1.201s][info][gc,metaspace] GC(0) Metaspace: 7938K(8128K)->7938K(8128K) NonClass: 7052K(7168K)->7052K(7168K) Class: 885K(960K)->885K(960K)
[1.201s][info][gc          ] GC(0) Pause Young (Normal) (G1 Evacuation Pause) 28M->8M(249M) 16.038ms
[1.201s][info][gc,cpu      ] GC(0) User=0.02s Sys=0.00s Real=0.02s
[2.529s][info][gc,start    ] GC(1) Pause Young (Normal) (G1 Evacuation Pause)
[2.529s][info][gc,task     ] GC(1) Using 5 workers of 11 for evacuation
[2.540s][info][gc,phases   ] GC(1)   Pre Evacuate Collection Set: 0.2ms
[2.540s][info][gc,phases   ] GC(1)   Merge Heap Roots: 0.1ms
[2.541s][info][gc,phases   ] GC(1)   Evacuate Collection Set: 5.7ms
[2.541s][info][gc,phases   ] GC(1)   Post Evacuate Collection Set: 3.8ms
[2.541s][info][gc,phases   ] GC(1)   Other: 0.7ms
[2.542s][info][gc,heap     ] GC(1) Eden regions: 38->0(90)
[2.542s][info][gc,heap     ] GC(1) Survivor regions: 3->6(6)
[2.543s][info][gc,heap     ] GC(1) Old regions: 2->3
[2.543s][info][gc,heap     ] GC(1) Humongous regions: 4->4
[2.544s][info][gc,metaspace] GC(1) Metaspace: 19405K(19712K)->19405K(19712K) NonClass: 17119K(17280K)->17119K(17280K) Class: 2285K(2432K)->2285K(2432K)
[2.544s][info][gc          ] GC(1) Pause Young (Normal) (G1 Evacuation Pause) 46M->12M(249M) 15.465ms
[2.545s][info][gc,cpu      ] GC(1) User=0.03s Sys=0.01s Real=0.01s
[2.707s][info][gc,start    ] GC(2) Pause Young (Concurrent Start) (Metadata GC Threshold)
[2.708s][info][gc,task     ] GC(2) Using 5 workers of 11 for evacuation
[2.715s][info][gc,phases   ] GC(2)   Pre Evacuate Collection Set: 0.5ms
[2.715s][info][gc,phases   ] GC(2)   Merge Heap Roots: 0.2ms
[2.715s][info][gc,phases   ] GC(2)   Evacuate Collection Set: 4.0ms
[2.716s][info][gc,phases   ] GC(2)   Post Evacuate Collection Set: 1.4ms
[2.716s][info][gc,phases   ] GC(2)   Other: 0.7ms
[2.717s][info][gc,heap     ] GC(2) Eden regions: 6->0(141)
[2.717s][info][gc,heap     ] GC(2) Survivor regions: 6->7(12)
[2.717s][info][gc,heap     ] GC(2) Old regions: 3->3
[2.718s][info][gc,heap     ] GC(2) Humongous regions: 4->4
[2.718s][info][gc,metaspace] GC(2) Metaspace: 21198K(21504K)->21198K(21504K) NonClass: 18688K(18816K)->18688K(18816K) Class: 2510K(2688K)->2510K(2688K)
[2.718s][info][gc          ] GC(2) Pause Young (Concurrent Start) (Metadata GC Threshold) 18M->13M(249M) 11.239ms
[2.719s][info][gc,cpu      ] GC(2) User=0.02s Sys=0.01s Real=0.01s
[2.719s][info][gc          ] GC(3) Concurrent Mark Cycle
[2.720s][info][gc,marking  ] GC(3) Concurrent Scan Root Regions
[2.723s][info][gc,marking  ] GC(3) Concurrent Scan Root Regions 3.533ms
[2.724s][info][gc,marking  ] GC(3) Concurrent Mark
[2.724s][info][gc,marking  ] GC(3) Concurrent Mark From Roots
[2.725s][info][gc,task     ] GC(3) Using 3 workers of 3 for marking
[2.728s][info][gc,marking  ] GC(3) Concurrent Mark From Roots 3.410ms
[2.728s][info][gc,marking  ] GC(3) Concurrent Preclean
[2.729s][info][gc,marking  ] GC(3) Concurrent Preclean 0.466ms
[2.729s][info][gc,start    ] GC(3) Pause Remark
[2.733s][info][gc          ] GC(3) Pause Remark 14M->14M(47M) 3.432ms
[2.733s][info][gc,cpu      ] GC(3) User=0.01s Sys=0.00s Real=0.00s
[2.734s][info][gc,marking  ] GC(3) Concurrent Mark 10.273ms
[2.734s][info][gc,marking  ] GC(3) Concurrent Rebuild Remembered Sets and Scrub Regions
[2.736s][info][gc,marking  ] GC(3) Concurrent Rebuild Remembered Sets and Scrub Regions 1.442ms
[2.736s][info][gc,start    ] GC(3) Pause Cleanup
[2.737s][info][gc          ] GC(3) Pause Cleanup 14M->14M(47M) 0.464ms
[2.737s][info][gc,cpu      ] GC(3) User=0.00s Sys=0.00s Real=0.00s
[2.738s][info][gc,marking  ] GC(3) Concurrent Clear Claimed Marks
[2.738s][info][gc,marking  ] GC(3) Concurrent Clear Claimed Marks 0.430ms
[2.739s][info][gc,marking  ] GC(3) Concurrent Cleanup for Next Mark
[2.740s][info][gc,marking  ] GC(3) Concurrent Cleanup for Next Mark 1.287ms
[2.740s][info][gc          ] GC(3) Concurrent Mark Cycle 21.390ms
[3.384s][info][gc,start    ] GC(4) Pause Young (Prepare Mixed) (G1 Evacuation Pause)
[3.385s][info][gc,task     ] GC(4) Using 10 workers of 11 for evacuation
[3.399s][info][gc,phases   ] GC(4)   Pre Evacuate Collection Set: 0.5ms
[3.399s][info][gc,phases   ] GC(4)   Merge Heap Roots: 0.2ms
[3.400s][info][gc,phases   ] GC(4)   Evacuate Collection Set: 9.9ms
[3.400s][info][gc,phases   ] GC(4)   Post Evacuate Collection Set: 2.8ms
[3.400s][info][gc,phases   ] GC(4)   Other: 0.5ms
[3.401s][info][gc,heap     ] GC(4) Eden regions: 33->0(23)
[3.401s][info][gc,heap     ] GC(4) Survivor regions: 7->13(19)
[3.401s][info][gc,heap     ] GC(4) Old regions: 3->3
[3.402s][info][gc,heap     ] GC(4) Humongous regions: 4->4
[3.402s][info][gc,metaspace] GC(4) Metaspace: 28215K(28608K)->28215K(28608K) NonClass: 24821K(25024K)->24821K(25024K) Class: 3394K(3584K)->3394K(3584K)
[3.403s][info][gc          ] GC(4) Pause Young (Prepare Mixed) (G1 Evacuation Pause) 46M->19M(60M) 18.479ms
[3.403s][info][gc,cpu      ] GC(4) User=0.06s Sys=0.03s Real=0.02s
[3.794s][info][gc,start    ] GC(5) Pause Young (Mixed) (G1 Evacuation Pause)
[3.796s][info][gc,task     ] GC(5) Using 11 workers of 11 for evacuation
[3.807s][info][gc,phases   ] GC(5)   Pre Evacuate Collection Set: 0.6ms
[3.807s][info][gc,phases   ] GC(5)   Merge Heap Roots: 0.4ms
[3.808s][info][gc,phases   ] GC(5)   Evacuate Collection Set: 7.0ms
[3.808s][info][gc,phases   ] GC(5)   Post Evacuate Collection Set: 1.9ms
[3.809s][info][gc,phases   ] GC(5)   Other: 0.8ms
[3.809s][info][gc,heap     ] GC(5) Eden regions: 23->0(29)
[3.810s][info][gc,heap     ] GC(5) Survivor regions: 13->2(5)
[3.810s][info][gc,heap     ] GC(5) Old regions: 3->14
[3.810s][info][gc,heap     ] GC(5) Humongous regions: 4->4
[3.811s][info][gc,metaspace] GC(5) Metaspace: 31528K(31936K)->31528K(31936K) NonClass: 27720K(27968K)->27720K(27968K) Class: 3808K(3968K)->3808K(3968K)
[3.811s][info][gc          ] GC(5) Pause Young (Mixed) (G1 Evacuation Pause) 42M->19M(60M) 16.840ms
[3.812s][info][gc,cpu      ] GC(5) User=0.05s Sys=0.03s Real=0.02s
[6.360s][info][gc,heap,exit] Heap
[6.361s][info][gc,heap,exit]  garbage-first heap   total 61440K, used 36828K [0x00000000d0000000, 0x0000000100000000)
[6.362s][info][gc,heap,exit]   region size 1024K, 19 young (19456K), 2 survivors (2048K)
[6.363s][info][gc,heap,exit]  Metaspace       used 35694K, committed 36096K, reserved 1114112K
[6.364s][info][gc,heap,exit]   class space    used 4300K, committed 4480K, reserved 1048576K
