[0.075s][info][gc,init] CardTable entry size: 512
[0.077s][info][gc     ] Using G1
[0.082s][info][gc,init] Version: 21.0.8+9-LTS (release)
[0.083s][info][gc,init] CPUs: 14 total, 14 available
[0.084s][info][gc,init] Memory: 15750M
[0.084s][info][gc,init] Large Page Support: Disabled
[0.085s][info][gc,init] NUMA Support: Disabled
[0.085s][info][gc,init] Compressed Oops: Enabled (32-bit)
[0.086s][info][gc,init] Heap Region Size: 1M
[0.087s][info][gc,init] Heap Min Capacity: 8M
[0.087s][info][gc,init] Heap Initial Capacity: 248M
[0.087s][info][gc,init] Heap Max Capacity: 768M
[0.088s][info][gc,init] Pre-touch: Disabled
[0.089s][info][gc,init] Parallel Workers: 11
[0.090s][info][gc,init] Concurrent Workers: 3
[0.090s][info][gc,init] Concurrent Refinement Workers: 11
[0.091s][info][gc,init] Periodic GC: Disabled
[0.099s][info][gc,metaspace] CDS archive(s) mapped at: [0x0000746f67000000-0x0000746f67bb2000-0x0000746f67bb2000), size 12263424, SharedBaseAddress: 0x0000746f67000000, ArchiveRelocationMode: 1.
[0.100s][info][gc,metaspace] Compressed class space mapped at: 0x0000746f68000000-0x0000746fa8000000, reserved size: 1073741824
[0.101s][info][gc,metaspace] Narrow klass base: 0x0000746f67000000, Narrow klass shift: 0, Narrow klass range: 0x100000000
[0.762s][info][gc,start    ] GC(0) Pause Young (Normal) (G1 Evacuation Pause)
[0.764s][info][gc,task     ] GC(0) Using 5 workers of 11 for evacuation
[0.768s][info][gc,phases   ] GC(0)   Pre Evacuate Collection Set: 0.4ms
[0.769s][info][gc,phases   ] GC(0)   Merge Heap Roots: 0.1ms
[0.769s][info][gc,phases   ] GC(0)   Evacuate Collection Set: 2.3ms
[0.770s][info][gc,phases   ] GC(0)   Post Evacuate Collection Set: 0.8ms
[0.770s][info][gc,phases   ] GC(0)   Other: 2.0ms
[0.770s][info][gc,heap     ] GC(0) Eden regions: 23->0(38)
[0.771s][info][gc,heap     ] GC(0) Survivor regions: 0->3(3)
[0.771s][info][gc,heap     ] GC(0) Old regions: 1->2
[0.771s][info][gc,heap     ] GC(0) Humongous regions: 5->4
[0.771s][info][gc,metaspace] GC(0) Metaspace: 7973K(8128K)->7973K(8128K) NonClass: 7086K(7168K)->7086K(7168K) Class: 887K(960K)->887K(960K)
[0.772s][info][gc          ] GC(0) Pause Young (Normal) (G1 Evacuation Pause) 28M->8M(249M) 9.289ms
[0.772s][info][gc,cpu      ] GC(0) User=0.00s Sys=0.01s Real=0.01s
[1.651s][info][gc,start    ] GC(1) Pause Young (Normal) (G1 Evacuation Pause)
[1.652s][info][gc,task     ] GC(1) Using 5 workers of 11 for evacuation
[1.660s][info][gc,phases   ] GC(1)   Pre Evacuate Collection Set: 0.4ms
[1.660s][info][gc,phases   ] GC(1)   Merge Heap Roots: 0.1ms
[1.661s][info][gc,phases   ] GC(1)   Evacuate Collection Set: 4.9ms
[1.661s][info][gc,phases   ] GC(1)   Post Evacuate Collection Set: 2.4ms
[1.661s][info][gc,phases   ] GC(1)   Other: 0.5ms
[1.662s][info][gc,heap     ] GC(1) Eden regions: 38->0(84)
[1.662s][info][gc,heap     ] GC(1) Survivor regions: 3->6(6)
[1.662s][info][gc,heap     ] GC(1) Old regions: 2->3
[1.663s][info][gc,heap     ] GC(1) Humongous regions: 4->4
[1.663s][info][gc,metaspace] GC(1) Metaspace: 19504K(19776K)->19504K(19776K) NonClass: 17210K(17344K)->17210K(17344K) Class: 2293K(2432K)->2293K(2432K)
[1.663s][info][gc          ] GC(1) Pause Young (Normal) (G1 Evacuation Pause) 46M->12M(249M) 12.244ms
[1.663s][info][gc,cpu      ] GC(1) User=0.02s Sys=0.01s Real=0.01s
[1.771s][info][gc,start    ] GC(2) Pause Young (Concurrent Start) (Metadata GC Threshold)
[1.771s][info][gc,task     ] GC(2) Using 5 workers of 11 for evacuation
[1.776s][info][gc,phases   ] GC(2)   Pre Evacuate Collection Set: 0.5ms
[1.777s][info][gc,phases   ] GC(2)   Merge Heap Roots: 0.1ms
[1.777s][info][gc,phases   ] GC(2)   Evacuate Collection Set: 3.1ms
[1.778s][info][gc,phases   ] GC(2)   Post Evacuate Collection Set: 1.0ms
[1.778s][info][gc,phases   ] GC(2)   Other: 0.5ms
[1.778s][info][gc,heap     ] GC(2) Eden regions: 5->0(136)
[1.778s][info][gc,heap     ] GC(2) Survivor regions: 6->7(12)
[1.778s][info][gc,heap     ] GC(2) Old regions: 3->3
[1.779s][info][gc,heap     ] GC(2) Humongous regions: 4->4
[1.779s][info][gc,metaspace] GC(2) Metaspace: 21190K(21504K)->21190K(21504K) NonClass: 18680K(18816K)->18680K(18816K) Class: 2510K(2688K)->2510K(2688K)
[1.779s][info][gc          ] GC(2) Pause Young (Concurrent Start) (Metadata GC Threshold) 17M->13M(249M) 8.467ms
[1.779s][info][gc,cpu      ] GC(2) User=0.01s Sys=0.00s Real=0.00s
[1.779s][info][gc          ] GC(3) Concurrent Mark Cycle
[1.780s][info][gc,marking  ] GC(3) Concurrent Scan Root Regions
[1.783s][info][gc,marking  ] GC(3) Concurrent Scan Root Regions 2.828ms
[1.784s][info][gc,marking  ] GC(3) Concurrent Mark
[1.784s][info][gc,marking  ] GC(3) Concurrent Mark From Roots
[1.784s][info][gc,task     ] GC(3) Using 3 workers of 3 for marking
[1.787s][info][gc,marking  ] GC(3) Concurrent Mark From Roots 3.151ms
[1.788s][info][gc,marking  ] GC(3) Concurrent Preclean
[1.788s][info][gc,marking  ] GC(3) Concurrent Preclean 0.617ms
[1.789s][info][gc,start    ] GC(3) Pause Remark
[1.792s][info][gc          ] GC(3) Pause Remark 14M->14M(47M) 3.158ms
[1.793s][info][gc,cpu      ] GC(3) User=0.00s Sys=0.00s Real=0.01s
[1.793s][info][gc,marking  ] GC(3) Concurrent Mark 9.708ms
[1.794s][info][gc,marking  ] GC(3) Concurrent Rebuild Remembered Sets and Scrub Regions
[1.796s][info][gc,marking  ] GC(3) Concurrent Rebuild Remembered Sets and Scrub Regions 1.379ms
[1.796s][info][gc,start    ] GC(3) Pause Cleanup
[1.797s][info][gc          ] GC(3) Pause Cleanup 14M->14M(47M) 0.587ms
[1.798s][info][gc,cpu      ] GC(3) User=0.01s Sys=0.00s Real=0.00s
[1.798s][info][gc,marking  ] GC(3) Concurrent Clear Claimed Marks
[1.798s][info][gc,marking  ] GC(3) Concurrent Clear Claimed Marks 0.269ms
[1.798s][info][gc,marking  ] GC(3) Concurrent Cleanup for Next Mark
[1.799s][info][gc,marking  ] GC(3) Concurrent Cleanup for Next Mark 0.834ms
[1.800s][info][gc          ] GC(3) Concurrent Mark Cycle 20.178ms
[2.288s][info][gc,start    ] GC(4) Pause Young (Prepare Mixed) (G1 Evacuation Pause)
[2.289s][info][gc,task     ] GC(4) Using 8 workers of 11 for evacuation
[2.298s][info][gc,phases   ] GC(4)   Pre Evacuate Collection Set: 0.3ms
[2.298s][info][gc,phases   ] GC(4)   Merge Heap Roots: 0.1ms
[2.299s][info][gc,phases   ] GC(4)   Evacuate Collection Set: 6.4ms
[2.299s][info][gc,phases   ] GC(4)   Post Evacuate Collection Set: 1.7ms
[2.299s][info][gc,phases   ] GC(4)   Other: 0.3ms
[2.299s][info][gc,heap     ] GC(4) Eden regions: 33->0(23)
[2.300s][info][gc,heap     ] GC(4) Survivor regions: 7->12(18)
[2.300s][info][gc,heap     ] GC(4) Old regions: 3->3
[2.300s][info][gc,heap     ] GC(4) Humongous regions: 4->4
[2.300s][info][gc,metaspace] GC(4) Metaspace: 28152K(28480K)->28152K(28480K) NonClass: 24778K(24960K)->24778K(24960K) Class: 3374K(3520K)->3374K(3520K)
[2.300s][info][gc          ] GC(4) Pause Young (Prepare Mixed) (G1 Evacuation Pause) 46M->18M(59M) 12.071ms
[2.301s][info][gc,cpu      ] GC(4) User=0.05s Sys=0.01s Real=0.01s
[2.820s][info][gc,start    ] GC(5) Pause Young (Mixed) (G1 Evacuation Pause)
[2.821s][info][gc,task     ] GC(5) Using 11 workers of 11 for evacuation
[2.829s][info][gc,phases   ] GC(5)   Pre Evacuate Collection Set: 0.4ms
[2.829s][info][gc,phases   ] GC(5)   Merge Heap Roots: 0.3ms
[2.830s][info][gc,phases   ] GC(5)   Evacuate Collection Set: 5.2ms
[2.830s][info][gc,phases   ] GC(5)   Post Evacuate Collection Set: 1.3ms
[2.831s][info][gc,phases   ] GC(5)   Other: 0.4ms
[2.831s][info][gc,heap     ] GC(5) Eden regions: 23->0(28)
[2.832s][info][gc,heap     ] GC(5) Survivor regions: 12->2(5)
[2.832s][info][gc,heap     ] GC(5) Old regions: 3->14
[2.833s][info][gc,heap     ] GC(5) Humongous regions: 4->4
[2.833s][info][gc,metaspace] GC(5) Metaspace: 31590K(32000K)->31590K(32000K) NonClass: 27790K(28032K)->27790K(28032K) Class: 3799K(3968K)->3799K(3968K)
[2.833s][info][gc          ] GC(5) Pause Young (Mixed) (G1 Evacuation Pause) 41M->19M(59M) 12.924ms
[2.834s][info][gc,cpu      ] GC(5) User=0.04s Sys=0.02s Real=0.02s
[5.253s][info][gc,heap,exit] Heap
[5.254s][info][gc,heap,exit]  garbage-first heap   total 60416K, used 36356K [0x00000000d0000000, 0x0000000100000000)
[5.254s][info][gc,heap,exit]   region size 1024K, 18 young (18432K), 2 survivors (2048K)
[5.255s][info][gc,heap,exit]  Metaspace       used 35591K, committed 36032K, reserved 1114112K
[5.255s][info][gc,heap,exit]   class space    used 4279K, committed 4480K, reserved 1048576K
