[0.080s][info][gc,init] CardTable entry size: 512
[0.081s][info][gc     ] Using G1
[0.084s][info][gc,init] Version: 21.0.8+9-LTS (release)
[0.085s][info][gc,init] CPUs: 14 total, 14 available
[0.085s][info][gc,init] Memory: 15750M
[0.085s][info][gc,init] Large Page Support: Disabled
[0.086s][info][gc,init] NUMA Support: Disabled
[0.086s][info][gc,init] Compressed Oops: Enabled (32-bit)
[0.087s][info][gc,init] Heap Region Size: 1M
[0.087s][info][gc,init] Heap Min Capacity: 8M
[0.088s][info][gc,init] Heap Initial Capacity: 248M
[0.088s][info][gc,init] Heap Max Capacity: 768M
[0.088s][info][gc,init] Pre-touch: Disabled
[0.089s][info][gc,init] Parallel Workers: 11
[0.092s][info][gc,init] Concurrent Workers: 3
[0.093s][info][gc,init] Concurrent Refinement Workers: 11
[0.093s][info][gc,init] Periodic GC: Disabled
[0.101s][info][gc,metaspace] CDS archive(s) mapped at: [0x00007326cf000000-0x00007326cfbb2000-0x00007326cfbb2000), size 12263424, SharedBaseAddress: 0x00007326cf000000, ArchiveRelocationMode: 1.
[0.102s][info][gc,metaspace] Compressed class space mapped at: 0x00007326d0000000-0x0000732710000000, reserved size: 1073741824
[0.102s][info][gc,metaspace] Narrow klass base: 0x00007326cf000000, Narrow klass shift: 0, Narrow klass range: 0x100000000
[0.707s][info][gc,start    ] GC(0) Pause Young (Normal) (G1 Evacuation Pause)
[0.709s][info][gc,task     ] GC(0) Using 5 workers of 11 for evacuation
[0.714s][info][gc,phases   ] GC(0)   Pre Evacuate Collection Set: 0.2ms
[0.714s][info][gc,phases   ] GC(0)   Merge Heap Roots: 0.2ms
[0.715s][info][gc,phases   ] GC(0)   Evacuate Collection Set: 2.6ms
[0.715s][info][gc,phases   ] GC(0)   Post Evacuate Collection Set: 1.0ms
[0.715s][info][gc,phases   ] GC(0)   Other: 1.9ms
[0.715s][info][gc,heap     ] GC(0) Eden regions: 23->0(38)
[0.716s][info][gc,heap     ] GC(0) Survivor regions: 0->3(3)
[0.716s][info][gc,heap     ] GC(0) Old regions: 1->2
[0.716s][info][gc,heap     ] GC(0) Humongous regions: 5->4
[0.716s][info][gc,metaspace] GC(0) Metaspace: 7973K(8128K)->7973K(8128K) NonClass: 7085K(7168K)->7085K(7168K) Class: 888K(960K)->888K(960K)
[0.716s][info][gc          ] GC(0) Pause Young (Normal) (G1 Evacuation Pause) 28M->8M(249M) 9.181ms
[0.717s][info][gc,cpu      ] GC(0) User=0.02s Sys=0.00s Real=0.00s
[1.599s][info][gc,start    ] GC(1) Pause Young (Normal) (G1 Evacuation Pause)
[1.600s][info][gc,task     ] GC(1) Using 5 workers of 11 for evacuation
[1.608s][info][gc,phases   ] GC(1)   Pre Evacuate Collection Set: 0.2ms
[1.608s][info][gc,phases   ] GC(1)   Merge Heap Roots: 0.2ms
[1.609s][info][gc,phases   ] GC(1)   Evacuate Collection Set: 4.9ms
[1.609s][info][gc,phases   ] GC(1)   Post Evacuate Collection Set: 2.7ms
[1.609s][info][gc,phases   ] GC(1)   Other: 0.4ms
[1.610s][info][gc,heap     ] GC(1) Eden regions: 38->0(85)
[1.610s][info][gc,heap     ] GC(1) Survivor regions: 3->6(6)
[1.610s][info][gc,heap     ] GC(1) Old regions: 2->3
[1.610s][info][gc,heap     ] GC(1) Humongous regions: 4->4
[1.611s][info][gc,metaspace] GC(1) Metaspace: 19484K(19776K)->19484K(19776K) NonClass: 17189K(17344K)->17189K(17344K) Class: 2295K(2432K)->2295K(2432K)
[1.611s][info][gc          ] GC(1) Pause Young (Normal) (G1 Evacuation Pause) 46M->12M(249M) 11.853ms
[1.611s][info][gc,cpu      ] GC(1) User=0.02s Sys=0.01s Real=0.01s
[1.714s][info][gc,start    ] GC(2) Pause Young (Concurrent Start) (Metadata GC Threshold)
[1.715s][info][gc,task     ] GC(2) Using 5 workers of 11 for evacuation
[1.720s][info][gc,phases   ] GC(2)   Pre Evacuate Collection Set: 0.3ms
[1.720s][info][gc,phases   ] GC(2)   Merge Heap Roots: 0.1ms
[1.721s][info][gc,phases   ] GC(2)   Evacuate Collection Set: 2.5ms
[1.721s][info][gc,phases   ] GC(2)   Post Evacuate Collection Set: 1.4ms
[1.721s][info][gc,phases   ] GC(2)   Other: 0.7ms
[1.722s][info][gc,heap     ] GC(2) Eden regions: 5->0(136)
[1.722s][info][gc,heap     ] GC(2) Survivor regions: 6->7(12)
[1.722s][info][gc,heap     ] GC(2) Old regions: 3->3
[1.722s][info][gc,heap     ] GC(2) Humongous regions: 4->4
[1.722s][info][gc,metaspace] GC(2) Metaspace: 21181K(21504K)->21181K(21504K) NonClass: 18668K(18816K)->18668K(18816K) Class: 2513K(2688K)->2513K(2688K)
[1.723s][info][gc          ] GC(2) Pause Young (Concurrent Start) (Metadata GC Threshold) 17M->13M(249M) 8.823ms
[1.723s][info][gc,cpu      ] GC(2) User=0.01s Sys=0.01s Real=0.01s
[1.723s][info][gc          ] GC(3) Concurrent Mark Cycle
[1.724s][info][gc,marking  ] GC(3) Concurrent Scan Root Regions
[1.726s][info][gc,marking  ] GC(3) Concurrent Scan Root Regions 1.967ms
[1.726s][info][gc,marking  ] GC(3) Concurrent Mark
[1.726s][info][gc,marking  ] GC(3) Concurrent Mark From Roots
[1.726s][info][gc,task     ] GC(3) Using 3 workers of 3 for marking
[1.728s][info][gc,marking  ] GC(3) Concurrent Mark From Roots 1.844ms
[1.729s][info][gc,marking  ] GC(3) Concurrent Preclean
[1.729s][info][gc,marking  ] GC(3) Concurrent Preclean 0.479ms
[1.730s][info][gc,start    ] GC(3) Pause Remark
[1.733s][info][gc          ] GC(3) Pause Remark 14M->14M(47M) 2.810ms
[1.733s][info][gc,cpu      ] GC(3) User=0.00s Sys=0.01s Real=0.00s
[1.733s][info][gc,marking  ] GC(3) Concurrent Mark 7.297ms
[1.734s][info][gc,marking  ] GC(3) Concurrent Rebuild Remembered Sets and Scrub Regions
[1.735s][info][gc,marking  ] GC(3) Concurrent Rebuild Remembered Sets and Scrub Regions 1.200ms
[1.735s][info][gc,start    ] GC(3) Pause Cleanup
[1.736s][info][gc          ] GC(3) Pause Cleanup 14M->14M(47M) 0.443ms
[1.736s][info][gc,cpu      ] GC(3) User=0.00s Sys=0.00s Real=0.00s
[1.737s][info][gc,marking  ] GC(3) Concurrent Clear Claimed Marks
[1.737s][info][gc,marking  ] GC(3) Concurrent Clear Claimed Marks 0.350ms
[1.737s][info][gc,marking  ] GC(3) Concurrent Cleanup for Next Mark
[1.738s][info][gc,marking  ] GC(3) Concurrent Cleanup for Next Mark 0.761ms
[1.738s][info][gc          ] GC(3) Concurrent Mark Cycle 15.112ms
[2.186s][info][gc,start    ] GC(4) Pause Young (Prepare Mixed) (G1 Evacuation Pause)
[2.187s][info][gc,task     ] GC(4) Using 8 workers of 11 for evacuation
[2.196s][info][gc,phases   ] GC(4)   Pre Evacuate Collection Set: 0.6ms
[2.196s][info][gc,phases   ] GC(4)   Merge Heap Roots: 0.2ms
[2.197s][info][gc,phases   ] GC(4)   Evacuate Collection Set: 6.0ms
[2.197s][info][gc,phases   ] GC(4)   Post Evacuate Collection Set: 1.6ms
[2.198s][info][gc,phases   ] GC(4)   Other: 0.6ms
[2.198s][info][gc,heap     ] GC(4) Eden regions: 33->0(23)
[2.198s][info][gc,heap     ] GC(4) Survivor regions: 7->13(18)
[2.198s][info][gc,heap     ] GC(4) Old regions: 3->3
[2.199s][info][gc,heap     ] GC(4) Humongous regions: 4->4
[2.199s][info][gc,metaspace] GC(4) Metaspace: 28200K(28544K)->28200K(28544K) NonClass: 24813K(25024K)->24813K(25024K) Class: 3386K(3520K)->3386K(3520K)
[2.199s][info][gc          ] GC(4) Pause Young (Prepare Mixed) (G1 Evacuation Pause) 46M->18M(60M) 13.304ms
[2.200s][info][gc,cpu      ] GC(4) User=0.05s Sys=0.02s Real=0.02s
[2.755s][info][gc,start    ] GC(5) Pause Young (Mixed) (G1 Evacuation Pause)
[2.756s][info][gc,task     ] GC(5) Using 11 workers of 11 for evacuation
[2.762s][info][gc,phases   ] GC(5)   Pre Evacuate Collection Set: 0.3ms
[2.763s][info][gc,phases   ] GC(5)   Merge Heap Roots: 0.1ms
[2.763s][info][gc,phases   ] GC(5)   Evacuate Collection Set: 3.7ms
[2.764s][info][gc,phases   ] GC(5)   Post Evacuate Collection Set: 1.4ms
[2.764s][info][gc,phases   ] GC(5)   Other: 0.9ms
[2.764s][info][gc,heap     ] GC(5) Eden regions: 23->0(29)
[2.765s][info][gc,heap     ] GC(5) Survivor regions: 13->2(5)
[2.765s][info][gc,heap     ] GC(5) Old regions: 3->14
[2.765s][info][gc,heap     ] GC(5) Humongous regions: 4->4
[2.766s][info][gc,metaspace] GC(5) Metaspace: 31583K(31936K)->31583K(31936K) NonClass: 27779K(27968K)->27779K(27968K) Class: 3804K(3968K)->3804K(3968K)
[2.766s][info][gc          ] GC(5) Pause Young (Mixed) (G1 Evacuation Pause) 41M->19M(60M) 10.988ms
[2.766s][info][gc,cpu      ] GC(5) User=0.03s Sys=0.01s Real=0.01s
[5.196s][info][gc,heap,exit] Heap
[5.197s][info][gc,heap,exit]  garbage-first heap   total 61440K, used 36467K [0x00000000d0000000, 0x0000000100000000)
[5.198s][info][gc,heap,exit]   region size 1024K, 18 young (18432K), 2 survivors (2048K)
[5.198s][info][gc,heap,exit]  Metaspace       used 35545K, committed 35968K, reserved 1114112K
[5.199s][info][gc,heap,exit]   class space    used 4278K, committed 4480K, reserved 1048576K
