[0.069s][info][gc,init] CardTable entry size: 512
[0.070s][info][gc     ] Using G1
[0.075s][info][gc,init] Version: 21.0.8+9-LTS (release)
[0.075s][info][gc,init] CPUs: 14 total, 14 available
[0.076s][info][gc,init] Memory: 15750M
[0.076s][info][gc,init] Large Page Support: Disabled
[0.076s][info][gc,init] NUMA Support: Disabled
[0.077s][info][gc,init] Compressed Oops: Enabled (32-bit)
[0.077s][info][gc,init] Heap Region Size: 1M
[0.077s][info][gc,init] Heap Min Capacity: 8M
[0.077s][info][gc,init] Heap Initial Capacity: 248M
[0.078s][info][gc,init] Heap Max Capacity: 768M
[0.078s][info][gc,init] Pre-touch: Disabled
[0.078s][info][gc,init] Parallel Workers: 11
[0.079s][info][gc,init] Concurrent Workers: 3
[0.079s][info][gc,init] Concurrent Refinement Workers: 11
[0.079s][info][gc,init] Periodic GC: Disabled
[0.088s][info][gc,metaspace] CDS archive(s) mapped at: [0x00007c1767000000-0x00007c1767bb2000-0x00007c1767bb2000), size 12263424, SharedBaseAddress: 0x00007c1767000000, ArchiveRelocationMode: 1.
[0.089s][info][gc,metaspace] Compressed class space mapped at: 0x00007c1768000000-0x00007c17a8000000, reserved size: 1073741824
[0.089s][info][gc,metaspace] Narrow klass base: 0x00007c1767000000, Narrow klass shift: 0, Narrow klass range: 0x100000000
[0.783s][info][gc,start    ] GC(0) Pause Young (Normal) (G1 Evacuation Pause)
[0.785s][info][gc,task     ] GC(0) Using 5 workers of 11 for evacuation
[0.790s][info][gc,phases   ] GC(0)   Pre Evacuate Collection Set: 0.3ms
[0.790s][info][gc,phases   ] GC(0)   Merge Heap Roots: 0.1ms
[0.791s][info][gc,phases   ] GC(0)   Evacuate Collection Set: 2.9ms
[0.791s][info][gc,phases   ] GC(0)   Post Evacuate Collection Set: 1.1ms
[0.792s][info][gc,phases   ] GC(0)   Other: 2.3ms
[0.792s][info][gc,heap     ] GC(0) Eden regions: 23->0(38)
[0.792s][info][gc,heap     ] GC(0) Survivor regions: 0->3(3)
[0.793s][info][gc,heap     ] GC(0) Old regions: 1->2
[0.793s][info][gc,heap     ] GC(0) Humongous regions: 5->4
[0.793s][info][gc,metaspace] GC(0) Metaspace: 7962K(8128K)->7962K(8128K) NonClass: 7075K(7168K)->7075K(7168K) Class: 887K(960K)->887K(960K)
[0.794s][info][gc          ] GC(0) Pause Young (Normal) (G1 Evacuation Pause) 28M->8M(249M) 11.156ms
[0.794s][info][gc,cpu      ] GC(0) User=0.00s Sys=0.01s Real=0.01s
[1.880s][info][gc,start    ] GC(1) Pause Young (Normal) (G1 Evacuation Pause)
[1.881s][info][gc,task     ] GC(1) Using 5 workers of 11 for evacuation
[1.892s][info][gc,phases   ] GC(1)   Pre Evacuate Collection Set: 0.5ms
[1.893s][info][gc,phases   ] GC(1)   Merge Heap Roots: 0.2ms
[1.893s][info][gc,phases   ] GC(1)   Evacuate Collection Set: 6.2ms
[1.894s][info][gc,phases   ] GC(1)   Post Evacuate Collection Set: 3.9ms
[1.895s][info][gc,phases   ] GC(1)   Other: 0.6ms
[1.895s][info][gc,heap     ] GC(1) Eden regions: 38->0(84)
[1.896s][info][gc,heap     ] GC(1) Survivor regions: 3->6(6)
[1.896s][info][gc,heap     ] GC(1) Old regions: 2->3
[1.897s][info][gc,heap     ] GC(1) Humongous regions: 4->4
[1.897s][info][gc,metaspace] GC(1) Metaspace: 19405K(19712K)->19405K(19712K) NonClass: 17120K(17280K)->17120K(17280K) Class: 2285K(2432K)->2285K(2432K)
[1.898s][info][gc          ] GC(1) Pause Young (Normal) (G1 Evacuation Pause) 46M->12M(249M) 17.655ms
[1.899s][info][gc,cpu      ] GC(1) User=0.03s Sys=0.00s Real=0.02s
[2.043s][info][gc,start    ] GC(2) Pause Young (Concurrent Start) (Metadata GC Threshold)
[2.044s][info][gc,task     ] GC(2) Using 5 workers of 11 for evacuation
[2.050s][info][gc,phases   ] GC(2)   Pre Evacuate Collection Set: 0.5ms
[2.051s][info][gc,phases   ] GC(2)   Merge Heap Roots: 0.2ms
[2.052s][info][gc,phases   ] GC(2)   Evacuate Collection Set: 4.2ms
[2.052s][info][gc,phases   ] GC(2)   Post Evacuate Collection Set: 0.9ms
[2.053s][info][gc,phases   ] GC(2)   Other: 0.7ms
[2.053s][info][gc,heap     ] GC(2) Eden regions: 6->0(141)
[2.054s][info][gc,heap     ] GC(2) Survivor regions: 6->7(12)
[2.054s][info][gc,heap     ] GC(2) Old regions: 3->3
[2.055s][info][gc,heap     ] GC(2) Humongous regions: 4->4
[2.056s][info][gc,metaspace] GC(2) Metaspace: 21190K(21504K)->21190K(21504K) NonClass: 18681K(18816K)->18681K(18816K) Class: 2509K(2688K)->2509K(2688K)
[2.056s][info][gc          ] GC(2) Pause Young (Concurrent Start) (Metadata GC Threshold) 18M->13M(249M) 13.554ms
[2.057s][info][gc,cpu      ] GC(2) User=0.02s Sys=0.00s Real=0.01s
[2.057s][info][gc          ] GC(3) Concurrent Mark Cycle
[2.059s][info][gc,marking  ] GC(3) Concurrent Scan Root Regions
[2.062s][info][gc,marking  ] GC(3) Concurrent Scan Root Regions 2.965ms
[2.062s][info][gc,marking  ] GC(3) Concurrent Mark
[2.063s][info][gc,marking  ] GC(3) Concurrent Mark From Roots
[2.063s][info][gc,task     ] GC(3) Using 3 workers of 3 for marking
[2.066s][info][gc,marking  ] GC(3) Concurrent Mark From Roots 3.020ms
[2.067s][info][gc,marking  ] GC(3) Concurrent Preclean
[2.067s][info][gc,marking  ] GC(3) Concurrent Preclean 0.647ms
[2.068s][info][gc,start    ] GC(3) Pause Remark
[2.072s][info][gc          ] GC(3) Pause Remark 14M->14M(47M) 3.753ms
[2.072s][info][gc,cpu      ] GC(3) User=0.01s Sys=0.00s Real=0.01s
[2.073s][info][gc,marking  ] GC(3) Concurrent Mark 10.738ms
[2.073s][info][gc,marking  ] GC(3) Concurrent Rebuild Remembered Sets and Scrub Regions
[2.076s][info][gc,marking  ] GC(3) Concurrent Rebuild Remembered Sets and Scrub Regions 2.086ms
[2.076s][info][gc,start    ] GC(3) Pause Cleanup
[2.077s][info][gc          ] GC(3) Pause Cleanup 14M->14M(47M) 0.837ms
[2.078s][info][gc,cpu      ] GC(3) User=0.00s Sys=0.00s Real=0.00s
[2.078s][info][gc,marking  ] GC(3) Concurrent Clear Claimed Marks
[2.079s][info][gc,marking  ] GC(3) Concurrent Clear Claimed Marks 0.549ms
[2.080s][info][gc,marking  ] GC(3) Concurrent Cleanup for Next Mark
[2.081s][info][gc,marking  ] GC(3) Concurrent Cleanup for Next Mark 1.567ms
[2.082s][info][gc          ] GC(3) Concurrent Mark Cycle 24.726ms
[2.622s][info][gc,start    ] GC(4) Pause Young (Prepare Mixed) (G1 Evacuation Pause)
[2.622s][info][gc,task     ] GC(4) Using 8 workers of 11 for evacuation
[2.633s][info][gc,phases   ] GC(4)   Pre Evacuate Collection Set: 0.4ms
[2.634s][info][gc,phases   ] GC(4)   Merge Heap Roots: 0.2ms
[2.634s][info][gc,phases   ] GC(4)   Evacuate Collection Set: 8.4ms
[2.635s][info][gc,phases   ] GC(4)   Post Evacuate Collection Set: 1.7ms
[2.635s][info][gc,phases   ] GC(4)   Other: 0.4ms
[2.635s][info][gc,heap     ] GC(4) Eden regions: 33->0(23)
[2.636s][info][gc,heap     ] GC(4) Survivor regions: 7->12(19)
[2.636s][info][gc,heap     ] GC(4) Old regions: 3->3
[2.636s][info][gc,heap     ] GC(4) Humongous regions: 4->4
[2.637s][info][gc,metaspace] GC(4) Metaspace: 28203K(28544K)->28203K(28544K) NonClass: 24822K(25024K)->24822K(25024K) Class: 3380K(3520K)->3380K(3520K)
[2.637s][info][gc          ] GC(4) Pause Young (Prepare Mixed) (G1 Evacuation Pause) 46M->18M(59M) 15.008ms
[2.637s][info][gc,cpu      ] GC(4) User=0.07s Sys=0.01s Real=0.02s
[3.180s][info][gc,start    ] GC(5) Pause Young (Mixed) (G1 Evacuation Pause)
[3.181s][info][gc,task     ] GC(5) Using 11 workers of 11 for evacuation
[3.190s][info][gc,phases   ] GC(5)   Pre Evacuate Collection Set: 0.4ms
[3.191s][info][gc,phases   ] GC(5)   Merge Heap Roots: 0.3ms
[3.191s][info][gc,phases   ] GC(5)   Evacuate Collection Set: 6.2ms
[3.191s][info][gc,phases   ] GC(5)   Post Evacuate Collection Set: 1.4ms
[3.192s][info][gc,phases   ] GC(5)   Other: 0.8ms
[3.192s][info][gc,heap     ] GC(5) Eden regions: 23->0(28)
[3.193s][info][gc,heap     ] GC(5) Survivor regions: 12->2(5)
[3.193s][info][gc,heap     ] GC(5) Old regions: 3->14
[3.193s][info][gc,heap     ] GC(5) Humongous regions: 4->4
[3.194s][info][gc,metaspace] GC(5) Metaspace: 31581K(32000K)->31581K(32000K) NonClass: 27768K(28032K)->27768K(28032K) Class: 3813K(3968K)->3813K(3968K)
[3.194s][info][gc          ] GC(5) Pause Young (Mixed) (G1 Evacuation Pause) 41M->19M(59M) 14.157ms
[3.195s][info][gc,cpu      ] GC(5) User=0.09s Sys=0.00s Real=0.02s
[5.613s][info][gc,heap,exit] Heap
[5.614s][info][gc,heap,exit]  garbage-first heap   total 60416K, used 36441K [0x00000000d0000000, 0x0000000100000000)
[5.614s][info][gc,heap,exit]   region size 1024K, 19 young (19456K), 2 survivors (2048K)
[5.615s][info][gc,heap,exit]  Metaspace       used 35651K, committed 36096K, reserved 1114112K
[5.615s][info][gc,heap,exit]   class space    used 4297K, committed 4480K, reserved 1048576K
