[0.090s][info][gc,init] CardTable entry size: 512
[0.092s][info][gc     ] Using G1
[0.098s][info][gc,init] Version: 21.0.8+9-LTS (release)
[0.099s][info][gc,init] CPUs: 14 total, 14 available
[0.100s][info][gc,init] Memory: 15750M
[0.100s][info][gc,init] Large Page Support: Disabled
[0.101s][info][gc,init] NUMA Support: Disabled
[0.102s][info][gc,init] Compressed Oops: Enabled (32-bit)
[0.102s][info][gc,init] Heap Region Size: 1M
[0.103s][info][gc,init] Heap Min Capacity: 8M
[0.104s][info][gc,init] Heap Initial Capacity: 248M
[0.104s][info][gc,init] Heap Max Capacity: 768M
[0.105s][info][gc,init] Pre-touch: Disabled
[0.106s][info][gc,init] Parallel Workers: 11
[0.106s][info][gc,init] Concurrent Workers: 3
[0.107s][info][gc,init] Concurrent Refinement Workers: 11
[0.107s][info][gc,init] Periodic GC: Disabled
[0.122s][info][gc,metaspace] CDS archive(s) mapped at: [0x00007ad50b000000-0x00007ad50bbb2000-0x00007ad50bbb2000), size 12263424, SharedBaseAddress: 0x00007ad50b000000, ArchiveRelocationMode: 1.
[0.123s][info][gc,metaspace] Compressed class space mapped at: 0x00007ad50c000000-0x00007ad54c000000, reserved size: 1073741824
[0.123s][info][gc,metaspace] Narrow klass base: 0x00007ad50b000000, Narrow klass shift: 0, Narrow klass range: 0x100000000
[1.157s][info][gc,start    ] GC(0) Pause Young (Normal) (G1 Evacuation Pause)
[1.160s][info][gc,task     ] GC(0) Using 5 workers of 11 for evacuation
[1.165s][info][gc,phases   ] GC(0)   Pre Evacuate Collection Set: 0.3ms
[1.166s][info][gc,phases   ] GC(0)   Merge Heap Roots: 0.1ms
[1.166s][info][gc,phases   ] GC(0)   Evacuate Collection Set: 3.2ms
[1.166s][info][gc,phases   ] GC(0)   Post Evacuate Collection Set: 1.1ms
[1.167s][info][gc,phases   ] GC(0)   Other: 2.4ms
[1.167s][info][gc,heap     ] GC(0) Eden regions: 23->0(38)
[1.167s][info][gc,heap     ] GC(0) Survivor regions: 0->3(3)
[1.167s][info][gc,heap     ] GC(0) Old regions: 1->2
[1.168s][info][gc,heap     ] GC(0) Humongous regions: 5->4
[1.168s][info][gc,metaspace] GC(0) Metaspace: 7965K(8128K)->7965K(8128K) NonClass: 7077K(7168K)->7077K(7168K) Class: 887K(960K)->887K(960K)
[1.168s][info][gc          ] GC(0) Pause Young (Normal) (G1 Evacuation Pause) 28M->8M(249M) 11.439ms
[1.169s][info][gc,cpu      ] GC(0) User=0.02s Sys=0.01s Real=0.02s
[2.258s][info][gc,start    ] GC(1) Pause Young (Normal) (G1 Evacuation Pause)
[2.258s][info][gc,task     ] GC(1) Using 5 workers of 11 for evacuation
[2.267s][info][gc,phases   ] GC(1)   Pre Evacuate Collection Set: 0.2ms
[2.267s][info][gc,phases   ] GC(1)   Merge Heap Roots: 0.1ms
[2.268s][info][gc,phases   ] GC(1)   Evacuate Collection Set: 5.8ms
[2.268s][info][gc,phases   ] GC(1)   Post Evacuate Collection Set: 2.3ms
[2.268s][info][gc,phases   ] GC(1)   Other: 0.3ms
[2.268s][info][gc,heap     ] GC(1) Eden regions: 38->0(87)
[2.269s][info][gc,heap     ] GC(1) Survivor regions: 3->6(6)
[2.269s][info][gc,heap     ] GC(1) Old regions: 2->3
[2.269s][info][gc,heap     ] GC(1) Humongous regions: 4->4
[2.269s][info][gc,metaspace] GC(1) Metaspace: 19403K(19712K)->19403K(19712K) NonClass: 17118K(17280K)->17118K(17280K) Class: 2285K(2432K)->2285K(2432K)
[2.269s][info][gc          ] GC(1) Pause Young (Normal) (G1 Evacuation Pause) 46M->12M(249M) 11.479ms
[2.270s][info][gc,cpu      ] GC(1) User=0.02s Sys=0.02s Real=0.02s
[2.401s][info][gc,start    ] GC(2) Pause Young (Concurrent Start) (Metadata GC Threshold)
[2.401s][info][gc,task     ] GC(2) Using 5 workers of 11 for evacuation
[2.407s][info][gc,phases   ] GC(2)   Pre Evacuate Collection Set: 0.3ms
[2.408s][info][gc,phases   ] GC(2)   Merge Heap Roots: 0.1ms
[2.408s][info][gc,phases   ] GC(2)   Evacuate Collection Set: 3.8ms
[2.408s][info][gc,phases   ] GC(2)   Post Evacuate Collection Set: 1.2ms
[2.408s][info][gc,phases   ] GC(2)   Other: 0.6ms
[2.409s][info][gc,heap     ] GC(2) Eden regions: 6->0(141)
[2.409s][info][gc,heap     ] GC(2) Survivor regions: 6->7(12)
[2.409s][info][gc,heap     ] GC(2) Old regions: 3->3
[2.409s][info][gc,heap     ] GC(2) Humongous regions: 4->4
[2.410s][info][gc,metaspace] GC(2) Metaspace: 21179K(21504K)->21179K(21504K) NonClass: 18671K(18816K)->18671K(18816K) Class: 2508K(2688K)->2508K(2688K)
[2.410s][info][gc          ] GC(2) Pause Young (Concurrent Start) (Metadata GC Threshold) 17M->13M(249M) 9.313ms
[2.410s][info][gc,cpu      ] GC(2) User=0.03s Sys=0.00s Real=0.01s
[2.410s][info][gc          ] GC(3) Concurrent Mark Cycle
[2.411s][info][gc,marking  ] GC(3) Concurrent Scan Root Regions
[2.414s][info][gc,marking  ] GC(3) Concurrent Scan Root Regions 3.347ms
[2.415s][info][gc,marking  ] GC(3) Concurrent Mark
[2.415s][info][gc,marking  ] GC(3) Concurrent Mark From Roots
[2.415s][info][gc,task     ] GC(3) Using 3 workers of 3 for marking
[2.418s][info][gc,marking  ] GC(3) Concurrent Mark From Roots 2.498ms
[2.418s][info][gc,marking  ] GC(3) Concurrent Preclean
[2.418s][info][gc,marking  ] GC(3) Concurrent Preclean 0.398ms
[2.419s][info][gc,start    ] GC(3) Pause Remark
[2.422s][info][gc          ] GC(3) Pause Remark 14M->14M(47M) 2.785ms
[2.422s][info][gc,cpu      ] GC(3) User=0.00s Sys=0.00s Real=0.01s
[2.422s][info][gc,marking  ] GC(3) Concurrent Mark 7.617ms
[2.424s][info][gc,marking  ] GC(3) Concurrent Rebuild Remembered Sets and Scrub Regions
[2.425s][info][gc,marking  ] GC(3) Concurrent Rebuild Remembered Sets and Scrub Regions 1.344ms
[2.426s][info][gc,start    ] GC(3) Pause Cleanup
[2.426s][info][gc          ] GC(3) Pause Cleanup 14M->14M(47M) 0.446ms
[2.426s][info][gc,cpu      ] GC(3) User=0.01s Sys=0.00s Real=0.00s
[2.427s][info][gc,marking  ] GC(3) Concurrent Clear Claimed Marks
[2.427s][info][gc,marking  ] GC(3) Concurrent Clear Claimed Marks 0.270ms
[2.427s][info][gc,marking  ] GC(3) Concurrent Cleanup for Next Mark
[2.428s][info][gc,marking  ] GC(3) Concurrent Cleanup for Next Mark 0.650ms
[2.428s][info][gc          ] GC(3) Concurrent Mark Cycle 17.768ms
[2.907s][info][gc,start    ] GC(4) Pause Young (Prepare Mixed) (G1 Evacuation Pause)
[2.908s][info][gc,task     ] GC(4) Using 8 workers of 11 for evacuation
[2.918s][info][gc,phases   ] GC(4)   Pre Evacuate Collection Set: 0.4ms
[2.918s][info][gc,phases   ] GC(4)   Merge Heap Roots: 0.3ms
[2.919s][info][gc,phases   ] GC(4)   Evacuate Collection Set: 7.3ms
[2.919s][info][gc,phases   ] GC(4)   Post Evacuate Collection Set: 1.4ms
[2.919s][info][gc,phases   ] GC(4)   Other: 0.5ms
[2.920s][info][gc,heap     ] GC(4) Eden regions: 33->0(23)
[2.920s][info][gc,heap     ] GC(4) Survivor regions: 7->12(19)
[2.920s][info][gc,heap     ] GC(4) Old regions: 3->3
[2.921s][info][gc,heap     ] GC(4) Humongous regions: 4->4
[2.921s][info][gc,metaspace] GC(4) Metaspace: 27851K(28160K)->27851K(28160K) NonClass: 24521K(24704K)->24521K(24704K) Class: 3329K(3456K)->3329K(3456K)
[2.921s][info][gc          ] GC(4) Pause Young (Prepare Mixed) (G1 Evacuation Pause) 46M->18M(59M) 13.922ms
[2.921s][info][gc,cpu      ] GC(4) User=0.06s Sys=0.01s Real=0.02s
[5.718s][info][gc,heap,exit] Heap
[5.718s][info][gc,heap,exit]  garbage-first heap   total 60416K, used 38861K [0x00000000d0000000, 0x0000000100000000)
[5.719s][info][gc,heap,exit]   region size 1024K, 32 young (32768K), 12 survivors (12288K)
[5.719s][info][gc,heap,exit]  Metaspace       used 29607K, committed 30016K, reserved 1114112K
[5.719s][info][gc,heap,exit]   class space    used 3569K, committed 3776K, reserved 1048576K
