[0.048s][info][gc,init] CardTable entry size: 512
[0.049s][info][gc     ] Using G1
[0.052s][info][gc,init] Version: 21.0.8+9-LTS (release)
[0.053s][info][gc,init] CPUs: 14 total, 14 available
[0.053s][info][gc,init] Memory: 15750M
[0.053s][info][gc,init] Large Page Support: Disabled
[0.053s][info][gc,init] NUMA Support: Disabled
[0.054s][info][gc,init] Compressed Oops: Enabled (32-bit)
[0.054s][info][gc,init] Heap Region Size: 1M
[0.054s][info][gc,init] Heap Min Capacity: 8M
[0.055s][info][gc,init] Heap Initial Capacity: 248M
[0.055s][info][gc,init] Heap Max Capacity: 768M
[0.055s][info][gc,init] Pre-touch: Disabled
[0.056s][info][gc,init] Parallel Workers: 11
[0.056s][info][gc,init] Concurrent Workers: 3
[0.056s][info][gc,init] Concurrent Refinement Workers: 11
[0.056s][info][gc,init] Periodic GC: Disabled
[0.062s][info][gc,metaspace] CDS archive(s) mapped at: [0x000077237f000000-0x000077237fbb2000-0x000077237fbb2000), size 12263424, SharedBaseAddress: 0x000077237f000000, ArchiveRelocationMode: 1.
[0.063s][info][gc,metaspace] Compressed class space mapped at: 0x0000772380000000-0x00007723c0000000, reserved size: 1073741824
[0.063s][info][gc,metaspace] Narrow klass base: 0x000077237f000000, Narrow klass shift: 0, Narrow klass range: 0x100000000
[0.510s][info][gc,start    ] GC(0) Pause Young (Normal) (G1 Evacuation Pause)
[0.511s][info][gc,task     ] GC(0) Using 5 workers of 11 for evacuation
[0.514s][info][gc,phases   ] GC(0)   Pre Evacuate Collection Set: 0.2ms
[0.515s][info][gc,phases   ] GC(0)   Merge Heap Roots: 0.1ms
[0.515s][info][gc,phases   ] GC(0)   Evacuate Collection Set: 2.2ms
[0.515s][info][gc,phases   ] GC(0)   Post Evacuate Collection Set: 0.5ms
[0.515s][info][gc,phases   ] GC(0)   Other: 1.0ms
[0.515s][info][gc,heap     ] GC(0) Eden regions: 23->0(38)
[0.516s][info][gc,heap     ] GC(0) Survivor regions: 0->3(3)
[0.516s][info][gc,heap     ] GC(0) Old regions: 1->2
[0.516s][info][gc,heap     ] GC(0) Humongous regions: 5->4
[0.516s][info][gc,metaspace] GC(0) Metaspace: 7963K(8128K)->7963K(8128K) NonClass: 7075K(7168K)->7075K(7168K) Class: 888K(960K)->888K(960K)
[0.516s][info][gc          ] GC(0) Pause Young (Normal) (G1 Evacuation Pause) 28M->8M(249M) 6.566ms
[0.516s][info][gc,cpu      ] GC(0) User=0.01s Sys=0.00s Real=0.01s
[1.186s][info][gc,start    ] GC(1) Pause Young (Normal) (G1 Evacuation Pause)
[1.187s][info][gc,task     ] GC(1) Using 5 workers of 11 for evacuation
[1.193s][info][gc,phases   ] GC(1)   Pre Evacuate Collection Set: 0.1ms
[1.194s][info][gc,phases   ] GC(1)   Merge Heap Roots: 0.1ms
[1.194s][info][gc,phases   ] GC(1)   Evacuate Collection Set: 4.0ms
[1.194s][info][gc,phases   ] GC(1)   Post Evacuate Collection Set: 1.9ms
[1.194s][info][gc,phases   ] GC(1)   Other: 0.3ms
[1.194s][info][gc,heap     ] GC(1) Eden regions: 38->0(84)
[1.195s][info][gc,heap     ] GC(1) Survivor regions: 3->6(6)
[1.195s][info][gc,heap     ] GC(1) Old regions: 2->3
[1.195s][info][gc,heap     ] GC(1) Humongous regions: 4->4
[1.195s][info][gc,metaspace] GC(1) Metaspace: 19368K(19648K)->19368K(19648K) NonClass: 17082K(17216K)->17082K(17216K) Class: 2286K(2432K)->2286K(2432K)
[1.195s][info][gc          ] GC(1) Pause Young (Normal) (G1 Evacuation Pause) 46M->12M(249M) 9.311ms
[1.196s][info][gc,cpu      ] GC(1) User=0.02s Sys=0.00s Real=0.01s
[1.277s][info][gc,start    ] GC(2) Pause Young (Concurrent Start) (Metadata GC Threshold)
[1.277s][info][gc,task     ] GC(2) Using 5 workers of 11 for evacuation
[1.282s][info][gc,phases   ] GC(2)   Pre Evacuate Collection Set: 0.3ms
[1.283s][info][gc,phases   ] GC(2)   Merge Heap Roots: 0.1ms
[1.283s][info][gc,phases   ] GC(2)   Evacuate Collection Set: 3.1ms
[1.283s][info][gc,phases   ] GC(2)   Post Evacuate Collection Set: 1.2ms
[1.284s][info][gc,phases   ] GC(2)   Other: 0.4ms
[1.284s][info][gc,heap     ] GC(2) Eden regions: 6->0(140)
[1.284s][info][gc,heap     ] GC(2) Survivor regions: 6->7(12)
[1.284s][info][gc,heap     ] GC(2) Old regions: 3->3
[1.285s][info][gc,heap     ] GC(2) Humongous regions: 4->4
[1.285s][info][gc,metaspace] GC(2) Metaspace: 21207K(21504K)->21207K(21504K) NonClass: 18692K(18816K)->18692K(18816K) Class: 2515K(2688K)->2515K(2688K)
[1.285s][info][gc          ] GC(2) Pause Young (Concurrent Start) (Metadata GC Threshold) 18M->13M(249M) 8.424ms
[1.285s][info][gc,cpu      ] GC(2) User=0.01s Sys=0.01s Real=0.01s
[1.285s][info][gc          ] GC(3) Concurrent Mark Cycle
[1.290s][info][gc,marking  ] GC(3) Concurrent Scan Root Regions
[1.292s][info][gc,marking  ] GC(3) Concurrent Scan Root Regions 2.093ms
[1.293s][info][gc,marking  ] GC(3) Concurrent Mark
[1.293s][info][gc,marking  ] GC(3) Concurrent Mark From Roots
[1.293s][info][gc,task     ] GC(3) Using 3 workers of 3 for marking
[1.295s][info][gc,marking  ] GC(3) Concurrent Mark From Roots 2.093ms
[1.295s][info][gc,marking  ] GC(3) Concurrent Preclean
[1.296s][info][gc,marking  ] GC(3) Concurrent Preclean 0.248ms
[1.296s][info][gc,start    ] GC(3) Pause Remark
[1.298s][info][gc          ] GC(3) Pause Remark 15M->15M(47M) 2.508ms
[1.299s][info][gc,cpu      ] GC(3) User=0.01s Sys=0.00s Real=0.00s
[1.299s][info][gc,marking  ] GC(3) Concurrent Mark 6.578ms
[1.302s][info][gc,marking  ] GC(3) Concurrent Rebuild Remembered Sets and Scrub Regions
[1.304s][info][gc,marking  ] GC(3) Concurrent Rebuild Remembered Sets and Scrub Regions 1.272ms
[1.304s][info][gc,start    ] GC(3) Pause Cleanup
[1.304s][info][gc          ] GC(3) Pause Cleanup 15M->15M(47M) 0.288ms
[1.305s][info][gc,cpu      ] GC(3) User=0.00s Sys=0.00s Real=0.00s
[1.305s][info][gc,marking  ] GC(3) Concurrent Clear Claimed Marks
[1.310s][info][gc,marking  ] GC(3) Concurrent Clear Claimed Marks 5.402ms
[1.311s][info][gc,marking  ] GC(3) Concurrent Cleanup for Next Mark
[1.311s][info][gc,marking  ] GC(3) Concurrent Cleanup for Next Mark 0.708ms
[1.312s][info][gc          ] GC(3) Concurrent Mark Cycle 26.165ms
[1.642s][info][gc,start    ] GC(4) Pause Young (Prepare Mixed) (G1 Evacuation Pause)
[1.643s][info][gc,task     ] GC(4) Using 8 workers of 11 for evacuation
[1.651s][info][gc,phases   ] GC(4)   Pre Evacuate Collection Set: 0.4ms
[1.652s][info][gc,phases   ] GC(4)   Merge Heap Roots: 0.2ms
[1.652s][info][gc,phases   ] GC(4)   Evacuate Collection Set: 5.7ms
[1.652s][info][gc,phases   ] GC(4)   Post Evacuate Collection Set: 1.5ms
[1.653s][info][gc,phases   ] GC(4)   Other: 0.5ms
[1.653s][info][gc,heap     ] GC(4) Eden regions: 33->0(23)
[1.653s][info][gc,heap     ] GC(4) Survivor regions: 7->12(19)
[1.653s][info][gc,heap     ] GC(4) Old regions: 3->3
[1.654s][info][gc,heap     ] GC(4) Humongous regions: 4->4
[1.654s][info][gc,metaspace] GC(4) Metaspace: 27735K(28160K)->27735K(28160K) NonClass: 24409K(24640K)->24409K(24640K) Class: 3325K(3520K)->3325K(3520K)
[1.654s][info][gc          ] GC(4) Pause Young (Prepare Mixed) (G1 Evacuation Pause) 46M->18M(59M) 11.720ms
[1.654s][info][gc,cpu      ] GC(4) User=0.02s Sys=0.02s Real=0.01s
[4.793s][info][gc,heap,exit] Heap
[4.794s][info][gc,heap,exit]  garbage-first heap   total 60416K, used 37833K [0x00000000d0000000, 0x0000000100000000)
[4.794s][info][gc,heap,exit]   region size 1024K, 31 young (31744K), 12 survivors (12288K)
[4.794s][info][gc,heap,exit]  Metaspace       used 29651K, committed 30016K, reserved 1114112K
[4.795s][info][gc,heap,exit]   class space    used 3594K, committed 3776K, reserved 1048576K
