[0.049s][info][gc,init] CardTable entry size: 512
[0.050s][info][gc     ] Using G1
[0.055s][info][gc,init] Version: 21.0.8+9-LTS (release)
[0.055s][info][gc,init] CPUs: 14 total, 14 available
[0.056s][info][gc,init] Memory: 15750M
[0.056s][info][gc,init] Large Page Support: Disabled
[0.057s][info][gc,init] NUMA Support: Disabled
[0.057s][info][gc,init] Compressed Oops: Enabled (32-bit)
[0.058s][info][gc,init] Heap Region Size: 1M
[0.058s][info][gc,init] Heap Min Capacity: 8M
[0.058s][info][gc,init] Heap Initial Capacity: 248M
[0.059s][info][gc,init] Heap Max Capacity: 768M
[0.059s][info][gc,init] Pre-touch: Disabled
[0.059s][info][gc,init] Parallel Workers: 11
[0.060s][info][gc,init] Concurrent Workers: 3
[0.060s][info][gc,init] Concurrent Refinement Workers: 11
[0.060s][info][gc,init] Periodic GC: Disabled
[0.068s][info][gc,metaspace] CDS archive(s) mapped at: [0x00007be1eb000000-0x00007be1ebbb2000-0x00007be1ebbb2000), size 12263424, SharedBaseAddress: 0x00007be1eb000000, ArchiveRelocationMode: 1.
[0.068s][info][gc,metaspace] Compressed class space mapped at: 0x00007be1ec000000-0x00007be22c000000, reserved size: 1073741824
[0.068s][info][gc,metaspace] Narrow klass base: 0x00007be1eb000000, Narrow klass shift: 0, Narrow klass range: 0x100000000
[0.596s][info][gc,start    ] GC(0) Pause Young (Normal) (G1 Evacuation Pause)
[0.598s][info][gc,task     ] GC(0) Using 5 workers of 11 for evacuation
[0.602s][info][gc,phases   ] GC(0)   Pre Evacuate Collection Set: 0.2ms
[0.603s][info][gc,phases   ] GC(0)   Merge Heap Roots: 0.1ms
[0.603s][info][gc,phases   ] GC(0)   Evacuate Collection Set: 2.6ms
[0.604s][info][gc,phases   ] GC(0)   Post Evacuate Collection Set: 1.0ms
[0.604s][info][gc,phases   ] GC(0)   Other: 1.6ms
[0.604s][info][gc,heap     ] GC(0) Eden regions: 23->0(38)
[0.604s][info][gc,heap     ] GC(0) Survivor regions: 0->3(3)
[0.605s][info][gc,heap     ] GC(0) Old regions: 1->2
[0.605s][info][gc,heap     ] GC(0) Humongous regions: 5->4
[0.605s][info][gc,metaspace] GC(0) Metaspace: 7962K(8128K)->7962K(8128K) NonClass: 7075K(7168K)->7075K(7168K) Class: 887K(960K)->887K(960K)
[0.606s][info][gc          ] GC(0) Pause Young (Normal) (G1 Evacuation Pause) 28M->8M(249M) 9.151ms
[0.606s][info][gc,cpu      ] GC(0) User=0.01s Sys=0.01s Real=0.01s
[1.540s][info][gc,start    ] GC(1) Pause Young (Normal) (G1 Evacuation Pause)
[1.541s][info][gc,task     ] GC(1) Using 5 workers of 11 for evacuation
[1.549s][info][gc,phases   ] GC(1)   Pre Evacuate Collection Set: 0.1ms
[1.549s][info][gc,phases   ] GC(1)   Merge Heap Roots: 0.1ms
[1.550s][info][gc,phases   ] GC(1)   Evacuate Collection Set: 5.1ms
[1.550s][info][gc,phases   ] GC(1)   Post Evacuate Collection Set: 2.3ms
[1.550s][info][gc,phases   ] GC(1)   Other: 0.4ms
[1.551s][info][gc,heap     ] GC(1) Eden regions: 38->0(84)
[1.551s][info][gc,heap     ] GC(1) Survivor regions: 3->6(6)
[1.551s][info][gc,heap     ] GC(1) Old regions: 2->3
[1.552s][info][gc,heap     ] GC(1) Humongous regions: 4->4
[1.552s][info][gc,metaspace] GC(1) Metaspace: 19398K(19712K)->19398K(19712K) NonClass: 17113K(17280K)->17113K(17280K) Class: 2285K(2432K)->2285K(2432K)
[1.552s][info][gc          ] GC(1) Pause Young (Normal) (G1 Evacuation Pause) 46M->12M(249M) 11.890ms
[1.553s][info][gc,cpu      ] GC(1) User=0.02s Sys=0.01s Real=0.01s
[1.661s][info][gc,start    ] GC(2) Pause Young (Concurrent Start) (Metadata GC Threshold)
[1.662s][info][gc,task     ] GC(2) Using 5 workers of 11 for evacuation
[1.668s][info][gc,phases   ] GC(2)   Pre Evacuate Collection Set: 0.3ms
[1.668s][info][gc,phases   ] GC(2)   Merge Heap Roots: 0.2ms
[1.669s][info][gc,phases   ] GC(2)   Evacuate Collection Set: 3.8ms
[1.669s][info][gc,phases   ] GC(2)   Post Evacuate Collection Set: 1.1ms
[1.669s][info][gc,phases   ] GC(2)   Other: 0.7ms
[1.670s][info][gc,heap     ] GC(2) Eden regions: 6->0(141)
[1.670s][info][gc,heap     ] GC(2) Survivor regions: 6->7(12)
[1.670s][info][gc,heap     ] GC(2) Old regions: 3->3
[1.670s][info][gc,heap     ] GC(2) Humongous regions: 4->4
[1.670s][info][gc,metaspace] GC(2) Metaspace: 21195K(21504K)->21195K(21504K) NonClass: 18686K(18816K)->18686K(18816K) Class: 2508K(2688K)->2508K(2688K)
[1.671s][info][gc          ] GC(2) Pause Young (Concurrent Start) (Metadata GC Threshold) 18M->13M(249M) 9.446ms
[1.671s][info][gc,cpu      ] GC(2) User=0.02s Sys=0.00s Real=0.01s
[1.671s][info][gc          ] GC(3) Concurrent Mark Cycle
[1.672s][info][gc,marking  ] GC(3) Concurrent Scan Root Regions
[1.675s][info][gc,marking  ] GC(3) Concurrent Scan Root Regions 2.977ms
[1.675s][info][gc,marking  ] GC(3) Concurrent Mark
[1.675s][info][gc,marking  ] GC(3) Concurrent Mark From Roots
[1.676s][info][gc,task     ] GC(3) Using 3 workers of 3 for marking
[1.679s][info][gc,marking  ] GC(3) Concurrent Mark From Roots 3.302ms
[1.679s][info][gc,marking  ] GC(3) Concurrent Preclean
[1.679s][info][gc,marking  ] GC(3) Concurrent Preclean 0.316ms
[1.680s][info][gc,start    ] GC(3) Pause Remark
[1.683s][info][gc          ] GC(3) Pause Remark 14M->14M(47M) 2.967ms
[1.683s][info][gc,cpu      ] GC(3) User=0.01s Sys=0.00s Real=0.00s
[1.684s][info][gc,marking  ] GC(3) Concurrent Mark 8.696ms
[1.684s][info][gc,marking  ] GC(3) Concurrent Rebuild Remembered Sets and Scrub Regions
[1.686s][info][gc,marking  ] GC(3) Concurrent Rebuild Remembered Sets and Scrub Regions 1.425ms
[1.686s][info][gc,start    ] GC(3) Pause Cleanup
[1.686s][info][gc          ] GC(3) Pause Cleanup 15M->15M(47M) 0.508ms
[1.687s][info][gc,cpu      ] GC(3) User=0.00s Sys=0.00s Real=0.01s
[1.687s][info][gc,marking  ] GC(3) Concurrent Clear Claimed Marks
[1.688s][info][gc,marking  ] GC(3) Concurrent Clear Claimed Marks 0.342ms
[1.688s][info][gc,marking  ] GC(3) Concurrent Cleanup for Next Mark
[1.689s][info][gc,marking  ] GC(3) Concurrent Cleanup for Next Mark 0.970ms
[1.689s][info][gc          ] GC(3) Concurrent Mark Cycle 18.073ms
[2.134s][info][gc,start    ] GC(4) Pause Young (Prepare Mixed) (G1 Evacuation Pause)
[2.135s][info][gc,task     ] GC(4) Using 8 workers of 11 for evacuation
[2.143s][info][gc,phases   ] GC(4)   Pre Evacuate Collection Set: 0.5ms
[2.144s][info][gc,phases   ] GC(4)   Merge Heap Roots: 0.3ms
[2.145s][info][gc,phases   ] GC(4)   Evacuate Collection Set: 6.1ms
[2.145s][info][gc,phases   ] GC(4)   Post Evacuate Collection Set: 1.3ms
[2.145s][info][gc,phases   ] GC(4)   Other: 0.5ms
[2.146s][info][gc,heap     ] GC(4) Eden regions: 33->0(23)
[2.146s][info][gc,heap     ] GC(4) Survivor regions: 7->12(19)
[2.146s][info][gc,heap     ] GC(4) Old regions: 3->3
[2.147s][info][gc,heap     ] GC(4) Humongous regions: 4->4
[2.147s][info][gc,metaspace] GC(4) Metaspace: 27808K(28224K)->27808K(28224K) NonClass: 24479K(24704K)->24479K(24704K) Class: 3328K(3520K)->3328K(3520K)
[2.147s][info][gc          ] GC(4) Pause Young (Prepare Mixed) (G1 Evacuation Pause) 46M->18M(59M) 12.943ms
[2.148s][info][gc,cpu      ] GC(4) User=0.05s Sys=0.01s Real=0.02s
[5.037s][info][gc,heap,exit] Heap
[5.038s][info][gc,heap,exit]  garbage-first heap   total 60416K, used 38449K [0x00000000d0000000, 0x0000000100000000)
[5.038s][info][gc,heap,exit]   region size 1024K, 31 young (31744K), 12 survivors (12288K)
[5.038s][info][gc,heap,exit]  Metaspace       used 29583K, committed 30016K, reserved 1114112K
[5.038s][info][gc,heap,exit]   class space    used 3571K, committed 3776K, reserved 1048576K
