[0.049s][info][gc,init] CardTable entry size: 512
[0.049s][info][gc     ] Using G1
[0.052s][info][gc,init] Version: 21.0.8+9-LTS (release)
[0.053s][info][gc,init] CPUs: 14 total, 14 available
[0.053s][info][gc,init] Memory: 15750M
[0.053s][info][gc,init] Large Page Support: Disabled
[0.053s][info][gc,init] NUMA Support: Disabled
[0.054s][info][gc,init] Compressed Oops: Enabled (32-bit)
[0.054s][info][gc,init] Heap Region Size: 1M
[0.054s][info][gc,init] Heap Min Capacity: 8M
[0.055s][info][gc,init] Heap Initial Capacity: 248M
[0.055s][info][gc,init] Heap Max Capacity: 768M
[0.055s][info][gc,init] Pre-touch: Disabled
[0.056s][info][gc,init] Parallel Workers: 11
[0.056s][info][gc,init] Concurrent Workers: 3
[0.056s][info][gc,init] Concurrent Refinement Workers: 11
[0.056s][info][gc,init] Periodic GC: Disabled
[0.062s][info][gc,metaspace] CDS archive(s) mapped at: [0x0000777cdb000000-0x0000777cdbbb2000-0x0000777cdbbb2000), size 12263424, SharedBaseAddress: 0x0000777cdb000000, ArchiveRelocationMode: 1.
[0.063s][info][gc,metaspace] Compressed class space mapped at: 0x0000777cdc000000-0x0000777d1c000000, reserved size: 1073741824
[0.063s][info][gc,metaspace] Narrow klass base: 0x0000777cdb000000, Narrow klass shift: 0, Narrow klass range: 0x100000000
[0.573s][info][gc,start    ] GC(0) Pause Young (Normal) (G1 Evacuation Pause)
[0.574s][info][gc,task     ] GC(0) Using 5 workers of 11 for evacuation
[0.578s][info][gc,phases   ] GC(0)   Pre Evacuate Collection Set: 0.2ms
[0.579s][info][gc,phases   ] GC(0)   Merge Heap Roots: 0.2ms
[0.579s][info][gc,phases   ] GC(0)   Evacuate Collection Set: 2.2ms
[0.579s][info][gc,phases   ] GC(0)   Post Evacuate Collection Set: 0.7ms
[0.580s][info][gc,phases   ] GC(0)   Other: 1.8ms
[0.580s][info][gc,heap     ] GC(0) Eden regions: 23->0(38)
[0.580s][info][gc,heap     ] GC(0) Survivor regions: 0->3(3)
[0.580s][info][gc,heap     ] GC(0) Old regions: 1->2
[0.581s][info][gc,heap     ] GC(0) Humongous regions: 5->4
[0.581s][info][gc,metaspace] GC(0) Metaspace: 7969K(8128K)->7969K(8128K) NonClass: 7080K(7168K)->7080K(7168K) Class: 888K(960K)->888K(960K)
[0.581s][info][gc          ] GC(0) Pause Young (Normal) (G1 Evacuation Pause) 28M->8M(249M) 8.734ms
[0.581s][info][gc,cpu      ] GC(0) User=0.02s Sys=0.00s Real=0.01s
[1.457s][info][gc,start    ] GC(1) Pause Young (Normal) (G1 Evacuation Pause)
[1.457s][info][gc,task     ] GC(1) Using 5 workers of 11 for evacuation
[1.466s][info][gc,phases   ] GC(1)   Pre Evacuate Collection Set: 0.3ms
[1.466s][info][gc,phases   ] GC(1)   Merge Heap Roots: 0.2ms
[1.466s][info][gc,phases   ] GC(1)   Evacuate Collection Set: 5.3ms
[1.467s][info][gc,phases   ] GC(1)   Post Evacuate Collection Set: 2.5ms
[1.467s][info][gc,phases   ] GC(1)   Other: 0.3ms
[1.467s][info][gc,heap     ] GC(1) Eden regions: 38->0(79)
[1.467s][info][gc,heap     ] GC(1) Survivor regions: 3->6(6)
[1.468s][info][gc,heap     ] GC(1) Old regions: 2->3
[1.468s][info][gc,heap     ] GC(1) Humongous regions: 4->4
[1.468s][info][gc,metaspace] GC(1) Metaspace: 19401K(19712K)->19401K(19712K) NonClass: 17115K(17280K)->17115K(17280K) Class: 2285K(2432K)->2285K(2432K)
[1.468s][info][gc          ] GC(1) Pause Young (Normal) (G1 Evacuation Pause) 46M->12M(249M) 11.748ms
[1.469s][info][gc,cpu      ] GC(1) User=0.03s Sys=0.00s Real=0.02s
[1.579s][info][gc,start    ] GC(2) Pause Young (Concurrent Start) (Metadata GC Threshold)
[1.579s][info][gc,task     ] GC(2) Using 5 workers of 11 for evacuation
[1.585s][info][gc,phases   ] GC(2)   Pre Evacuate Collection Set: 0.3ms
[1.585s][info][gc,phases   ] GC(2)   Merge Heap Roots: 0.1ms
[1.586s][info][gc,phases   ] GC(2)   Evacuate Collection Set: 3.4ms
[1.586s][info][gc,phases   ] GC(2)   Post Evacuate Collection Set: 1.2ms
[1.587s][info][gc,phases   ] GC(2)   Other: 0.5ms
[1.587s][info][gc,heap     ] GC(2) Eden regions: 6->0(137)
[1.587s][info][gc,heap     ] GC(2) Survivor regions: 6->4(11)
[1.587s][info][gc,heap     ] GC(2) Old regions: 3->6
[1.588s][info][gc,heap     ] GC(2) Humongous regions: 4->4
[1.588s][info][gc,metaspace] GC(2) Metaspace: 21198K(21504K)->21198K(21504K) NonClass: 18687K(18816K)->18687K(18816K) Class: 2510K(2688K)->2510K(2688K)
[1.588s][info][gc          ] GC(2) Pause Young (Concurrent Start) (Metadata GC Threshold) 18M->13M(249M) 9.443ms
[1.589s][info][gc,cpu      ] GC(2) User=0.01s Sys=0.01s Real=0.01s
[1.589s][info][gc          ] GC(3) Concurrent Mark Cycle
[1.589s][info][gc,marking  ] GC(3) Concurrent Scan Root Regions
[1.592s][info][gc,marking  ] GC(3) Concurrent Scan Root Regions 2.913ms
[1.593s][info][gc,marking  ] GC(3) Concurrent Mark
[1.593s][info][gc,marking  ] GC(3) Concurrent Mark From Roots
[1.593s][info][gc,task     ] GC(3) Using 3 workers of 3 for marking
[1.596s][info][gc,marking  ] GC(3) Concurrent Mark From Roots 2.616ms
[1.596s][info][gc,marking  ] GC(3) Concurrent Preclean
[1.596s][info][gc,marking  ] GC(3) Concurrent Preclean 0.365ms
[1.597s][info][gc,start    ] GC(3) Pause Remark
[1.600s][info][gc          ] GC(3) Pause Remark 14M->14M(47M) 2.886ms
[1.600s][info][gc,cpu      ] GC(3) User=0.00s Sys=0.00s Real=0.01s
[1.601s][info][gc,marking  ] GC(3) Concurrent Mark 8.041ms
[1.601s][info][gc,marking  ] GC(3) Concurrent Rebuild Remembered Sets and Scrub Regions
[1.603s][info][gc,marking  ] GC(3) Concurrent Rebuild Remembered Sets and Scrub Regions 1.987ms
[1.604s][info][gc,start    ] GC(3) Pause Cleanup
[1.604s][info][gc          ] GC(3) Pause Cleanup 15M->15M(47M) 0.488ms
[1.604s][info][gc,cpu      ] GC(3) User=0.00s Sys=0.00s Real=0.00s
[1.605s][info][gc,marking  ] GC(3) Concurrent Clear Claimed Marks
[1.605s][info][gc,marking  ] GC(3) Concurrent Clear Claimed Marks 0.396ms
[1.605s][info][gc,marking  ] GC(3) Concurrent Cleanup for Next Mark
[1.606s][info][gc,marking  ] GC(3) Concurrent Cleanup for Next Mark 0.674ms
[1.606s][info][gc          ] GC(3) Concurrent Mark Cycle 17.774ms
[1.997s][info][gc,start    ] GC(4) Pause Young (Prepare Mixed) (G1 Evacuation Pause)
[1.997s][info][gc,task     ] GC(4) Using 8 workers of 11 for evacuation
[2.004s][info][gc,phases   ] GC(4)   Pre Evacuate Collection Set: 0.3ms
[2.004s][info][gc,phases   ] GC(4)   Merge Heap Roots: 0.1ms
[2.004s][info][gc,phases   ] GC(4)   Evacuate Collection Set: 3.9ms
[2.005s][info][gc,phases   ] GC(4)   Post Evacuate Collection Set: 1.6ms
[2.005s][info][gc,phases   ] GC(4)   Other: 0.4ms
[2.005s][info][gc,heap     ] GC(4) Eden regions: 33->0(24)
[2.005s][info][gc,heap     ] GC(4) Survivor regions: 4->9(18)
[2.006s][info][gc,heap     ] GC(4) Old regions: 6->6
[2.006s][info][gc,heap     ] GC(4) Humongous regions: 4->4
[2.006s][info][gc,metaspace] GC(4) Metaspace: 27763K(28160K)->27763K(28160K) NonClass: 24440K(24640K)->24440K(24640K) Class: 3322K(3520K)->3322K(3520K)
[2.006s][info][gc          ] GC(4) Pause Young (Prepare Mixed) (G1 Evacuation Pause) 46M->18M(56M) 9.692ms
[2.006s][info][gc,cpu      ] GC(4) User=0.04s Sys=0.01s Real=0.01s
[4.975s][info][gc,heap,exit] Heap
[4.975s][info][gc,heap,exit]  garbage-first heap   total 57344K, used 37346K [0x00000000d0000000, 0x0000000100000000)
[4.975s][info][gc,heap,exit]   region size 1024K, 27 young (27648K), 9 survivors (9216K)
[4.976s][info][gc,heap,exit]  Metaspace       used 29647K, committed 30016K, reserved 1114112K
[4.976s][info][gc,heap,exit]   class space    used 3579K, committed 3776K, reserved 1048576K
