[0.060s][info][gc,init] CardTable entry size: 512
[0.062s][info][gc     ] Using G1
[0.066s][info][gc,init] Version: 21.0.8+9-LTS (release)
[0.066s][info][gc,init] CPUs: 14 total, 14 available
[0.067s][info][gc,init] Memory: 15750M
[0.067s][info][gc,init] Large Page Support: Disabled
[0.067s][info][gc,init] NUMA Support: Disabled
[0.067s][info][gc,init] Compressed Oops: Enabled (32-bit)
[0.068s][info][gc,init] Heap Region Size: 1M
[0.068s][info][gc,init] Heap Min Capacity: 8M
[0.068s][info][gc,init] Heap Initial Capacity: 248M
[0.068s][info][gc,init] Heap Max Capacity: 768M
[0.069s][info][gc,init] Pre-touch: Disabled
[0.069s][info][gc,init] Parallel Workers: 11
[0.069s][info][gc,init] Concurrent Workers: 3
[0.070s][info][gc,init] Concurrent Refinement Workers: 11
[0.070s][info][gc,init] Periodic GC: Disabled
[0.080s][info][gc,metaspace] CDS archive(s) mapped at: [0x00007aa64b000000-0x00007aa64bbb2000-0x00007aa64bbb2000), size 12263424, SharedBaseAddress: 0x00007aa64b000000, ArchiveRelocationMode: 1.
[0.080s][info][gc,metaspace] Compressed class space mapped at: 0x00007aa64c000000-0x00007aa68c000000, reserved size: 1073741824
[0.081s][info][gc,metaspace] Narrow klass base: 0x00007aa64b000000, Narrow klass shift: 0, Narrow klass range: 0x100000000
[0.880s][info][gc,start    ] GC(0) Pause Young (Normal) (G1 Evacuation Pause)
[0.882s][info][gc,task     ] GC(0) Using 5 workers of 11 for evacuation
[0.887s][info][gc,phases   ] GC(0)   Pre Evacuate Collection Set: 0.3ms
[0.887s][info][gc,phases   ] GC(0)   Merge Heap Roots: 0.2ms
[0.888s][info][gc,phases   ] GC(0)   Evacuate Collection Set: 3.0ms
[0.888s][info][gc,phases   ] GC(0)   Post Evacuate Collection Set: 1.1ms
[0.888s][info][gc,phases   ] GC(0)   Other: 2.0ms
[0.889s][info][gc,heap     ] GC(0) Eden regions: 23->0(38)
[0.889s][info][gc,heap     ] GC(0) Survivor regions: 0->3(3)
[0.889s][info][gc,heap     ] GC(0) Old regions: 1->2
[0.890s][info][gc,heap     ] GC(0) Humongous regions: 5->4
[0.890s][info][gc,metaspace] GC(0) Metaspace: 7959K(8128K)->7959K(8128K) NonClass: 7070K(7168K)->7070K(7168K) Class: 888K(960K)->888K(960K)
[0.890s][info][gc          ] GC(0) Pause Young (Normal) (G1 Evacuation Pause) 28M->8M(249M) 10.513ms
[0.891s][info][gc,cpu      ] GC(0) User=0.01s Sys=0.00s Real=0.02s
[1.868s][info][gc,start    ] GC(1) Pause Young (Normal) (G1 Evacuation Pause)
[1.869s][info][gc,task     ] GC(1) Using 5 workers of 11 for evacuation
[1.879s][info][gc,phases   ] GC(1)   Pre Evacuate Collection Set: 0.3ms
[1.880s][info][gc,phases   ] GC(1)   Merge Heap Roots: 0.2ms
[1.881s][info][gc,phases   ] GC(1)   Evacuate Collection Set: 5.6ms
[1.881s][info][gc,phases   ] GC(1)   Post Evacuate Collection Set: 3.1ms
[1.881s][info][gc,phases   ] GC(1)   Other: 0.9ms
[1.882s][info][gc,heap     ] GC(1) Eden regions: 38->0(90)
[1.882s][info][gc,heap     ] GC(1) Survivor regions: 3->6(6)
[1.882s][info][gc,heap     ] GC(1) Old regions: 2->3
[1.883s][info][gc,heap     ] GC(1) Humongous regions: 4->4
[1.883s][info][gc,metaspace] GC(1) Metaspace: 19374K(19648K)->19374K(19648K) NonClass: 17088K(17216K)->17088K(17216K) Class: 2286K(2432K)->2286K(2432K)
[1.883s][info][gc          ] GC(1) Pause Young (Normal) (G1 Evacuation Pause) 46M->12M(249M) 14.742ms
[1.883s][info][gc,cpu      ] GC(1) User=0.02s Sys=0.00s Real=0.02s
[1.991s][info][gc,start    ] GC(2) Pause Young (Concurrent Start) (Metadata GC Threshold)
[1.992s][info][gc,task     ] GC(2) Using 5 workers of 11 for evacuation
[1.998s][info][gc,phases   ] GC(2)   Pre Evacuate Collection Set: 0.3ms
[1.998s][info][gc,phases   ] GC(2)   Merge Heap Roots: 0.2ms
[1.999s][info][gc,phases   ] GC(2)   Evacuate Collection Set: 3.7ms
[1.999s][info][gc,phases   ] GC(2)   Post Evacuate Collection Set: 1.6ms
[1.999s][info][gc,phases   ] GC(2)   Other: 0.5ms
[2.000s][info][gc,heap     ] GC(2) Eden regions: 6->0(141)
[2.000s][info][gc,heap     ] GC(2) Survivor regions: 6->7(12)
[2.001s][info][gc,heap     ] GC(2) Old regions: 3->3
[2.001s][info][gc,heap     ] GC(2) Humongous regions: 4->4
[2.001s][info][gc,metaspace] GC(2) Metaspace: 21220K(21504K)->21220K(21504K) NonClass: 18703K(18816K)->18703K(18816K) Class: 2516K(2688K)->2516K(2688K)
[2.002s][info][gc          ] GC(2) Pause Young (Concurrent Start) (Metadata GC Threshold) 18M->13M(249M) 10.552ms
[2.002s][info][gc,cpu      ] GC(2) User=0.01s Sys=0.01s Real=0.01s
[2.002s][info][gc          ] GC(3) Concurrent Mark Cycle
[2.003s][info][gc,marking  ] GC(3) Concurrent Scan Root Regions
[2.007s][info][gc,marking  ] GC(3) Concurrent Scan Root Regions 4.156ms
[2.007s][info][gc,marking  ] GC(3) Concurrent Mark
[2.008s][info][gc,marking  ] GC(3) Concurrent Mark From Roots
[2.008s][info][gc,task     ] GC(3) Using 3 workers of 3 for marking
[2.011s][info][gc,marking  ] GC(3) Concurrent Mark From Roots 2.933ms
[2.011s][info][gc,marking  ] GC(3) Concurrent Preclean
[2.012s][info][gc,marking  ] GC(3) Concurrent Preclean 0.340ms
[2.012s][info][gc,start    ] GC(3) Pause Remark
[2.015s][info][gc          ] GC(3) Pause Remark 14M->14M(47M) 3.053ms
[2.016s][info][gc,cpu      ] GC(3) User=0.01s Sys=0.00s Real=0.00s
[2.016s][info][gc,marking  ] GC(3) Concurrent Mark 8.542ms
[2.016s][info][gc,marking  ] GC(3) Concurrent Rebuild Remembered Sets and Scrub Regions
[2.018s][info][gc,marking  ] GC(3) Concurrent Rebuild Remembered Sets and Scrub Regions 1.545ms
[2.018s][info][gc,start    ] GC(3) Pause Cleanup
[2.019s][info][gc          ] GC(3) Pause Cleanup 15M->15M(47M) 0.497ms
[2.019s][info][gc,cpu      ] GC(3) User=0.00s Sys=0.00s Real=0.00s
[2.019s][info][gc,marking  ] GC(3) Concurrent Clear Claimed Marks
[2.020s][info][gc,marking  ] GC(3) Concurrent Clear Claimed Marks 0.292ms
[2.020s][info][gc,marking  ] GC(3) Concurrent Cleanup for Next Mark
[2.021s][info][gc,marking  ] GC(3) Concurrent Cleanup for Next Mark 1.096ms
[2.021s][info][gc          ] GC(3) Concurrent Mark Cycle 19.464ms
[2.469s][info][gc,start    ] GC(4) Pause Young (Prepare Mixed) (G1 Evacuation Pause)
[2.473s][info][gc,task     ] GC(4) Using 8 workers of 11 for evacuation
[2.482s][info][gc,phases   ] GC(4)   Pre Evacuate Collection Set: 0.5ms
[2.482s][info][gc,phases   ] GC(4)   Merge Heap Roots: 0.3ms
[2.482s][info][gc,phases   ] GC(4)   Evacuate Collection Set: 6.3ms
[2.483s][info][gc,phases   ] GC(4)   Post Evacuate Collection Set: 0.9ms
[2.483s][info][gc,phases   ] GC(4)   Other: 0.5ms
[2.483s][info][gc,heap     ] GC(4) Eden regions: 33->0(23)
[2.483s][info][gc,heap     ] GC(4) Survivor regions: 7->12(19)
[2.483s][info][gc,heap     ] GC(4) Old regions: 3->3
[2.484s][info][gc,heap     ] GC(4) Humongous regions: 4->4
[2.484s][info][gc,metaspace] GC(4) Metaspace: 27899K(28288K)->27899K(28288K) NonClass: 24559K(24768K)->24559K(24768K) Class: 3340K(3520K)->3340K(3520K)
[2.484s][info][gc          ] GC(4) Pause Young (Prepare Mixed) (G1 Evacuation Pause) 46M->18M(59M) 15.199ms
[2.484s][info][gc,cpu      ] GC(4) User=0.05s Sys=0.01s Real=0.02s
[5.353s][info][gc,heap,exit] Heap
[5.354s][info][gc,heap,exit]  garbage-first heap   total 60416K, used 36884K [0x00000000d0000000, 0x0000000100000000)
[5.354s][info][gc,heap,exit]   region size 1024K, 30 young (30720K), 12 survivors (12288K)
[5.354s][info][gc,heap,exit]  Metaspace       used 29588K, committed 30016K, reserved 1114112K
[5.355s][info][gc,heap,exit]   class space    used 3575K, committed 3776K, reserved 1048576K
