[0.001s][warning][gc] -Xloggc is deprecated. Will use -Xlog:gc:artifacts/gc.log instead.
[0.001s][warning][gc] -XX:+PrintGCDetails is deprecated. Will use -Xlog:gc* instead.
[0.000s][warning][gc] -Xloggc is deprecated. Will use -Xlog:gc:artifacts/gc.log instead.
[0.001s][warning][gc] -XX:+PrintGCDetails is deprecated. Will use -Xlog:gc* instead.
[0.001s][warning][gc] -Xloggc is deprecated. Will use -Xlog:gc:artifacts/gc.log instead.
[0.001s][warning][gc] -XX:+PrintGCDetails is deprecated. Will use -Xlog:gc* instead.
[0.001s][warning][gc] -Xloggc is deprecated. Will use -Xlog:gc:artifacts/gc.log instead.
[0.001s][warning][gc] -XX:+PrintGCDetails is deprecated. Will use -Xlog:gc* instead.
[0.000s][warning][gc] -Xloggc is deprecated. Will use -Xlog:gc:artifacts/gc.log instead.
[0.001s][warning][gc] -XX:+PrintGCDetails is deprecated. Will use -Xlog:gc* instead.
[0.000s][warning][gc] -Xloggc is deprecated. Will use -Xlog:gc:artifacts/gc.log instead.
[0.001s][warning][gc] -XX:+PrintGCDetails is deprecated. Will use -Xlog:gc* instead.
[0.000s][warning][gc] -Xloggc is deprecated. Will use -Xlog:gc:artifacts/gc.log instead.
[0.001s][warning][gc] -XX:+PrintGCDetails is deprecated. Will use -Xlog:gc* instead.
[0.000s][warning][gc] -Xloggc is deprecated. Will use -Xlog:gc:artifacts/gc.log instead.
[0.001s][warning][gc] -XX:+PrintGCDetails is deprecated. Will use -Xlog:gc* instead.
[0.001s][warning][gc] -Xloggc is deprecated. Will use -Xlog:gc:artifacts/gc.log instead.
[0.001s][warning][gc] -XX:+PrintGCDetails is deprecated. Will use -Xlog:gc* instead.
[0.001s][warning][gc] -Xloggc is deprecated. Will use -Xlog:gc:artifacts/gc.log instead.
[0.001s][warning][gc] -XX:+PrintGCDetails is deprecated. Will use -Xlog:gc* instead.
[0.000s][warning][gc] -Xloggc is deprecated. Will use -Xlog:gc:artifacts/gc.log instead.
[0.001s][warning][gc] -XX:+PrintGCDetails is deprecated. Will use -Xlog:gc* instead.
[0.001s][warning][gc] -Xloggc is deprecated. Will use -Xlog:gc:artifacts/gc.log instead.
[0.001s][warning][gc] -XX:+PrintGCDetails is deprecated. Will use -Xlog:gc* instead.
[0.000s][warning][gc] -Xloggc is deprecated. Will use -Xlog:gc:artifacts/gc.log instead.
[0.001s][warning][gc] -XX:+PrintGCDetails is deprecated. Will use -Xlog:gc* instead.
[0.001s][warning][gc] -Xloggc is deprecated. Will use -Xlog:gc:artifacts/gc.log instead.
[0.001s][warning][gc] -XX:+PrintGCDetails is deprecated. Will use -Xlog:gc* instead.
[0.000s][warning][gc] -Xloggc is deprecated. Will use -Xlog:gc:artifacts/gc.log instead.
[0.000s][warning][gc] -XX:+PrintGCDetails is deprecated. Will use -Xlog:gc* instead.
[0.001s][warning][gc] -Xloggc is deprecated. Will use -Xlog:gc:artifacts/gc.log instead.
[0.001s][warning][gc] -XX:+PrintGCDetails is deprecated. Will use -Xlog:gc* instead.
[0.001s][warning][gc] -Xloggc is deprecated. Will use -Xlog:gc:artifacts/gc.log instead.
[0.001s][warning][gc] -XX:+PrintGCDetails is deprecated. Will use -Xlog:gc* instead.
[0.000s][warning][gc] -Xloggc is deprecated. Will use -Xlog:gc:artifacts/gc.log instead.
[0.001s][warning][gc] -XX:+PrintGCDetails is deprecated. Will use -Xlog:gc* instead.
[0.000s][warning][gc] -Xloggc is deprecated. Will use -Xlog:gc:artifacts/gc.log instead.
[0.001s][warning][gc] -XX:+PrintGCDetails is deprecated. Will use -Xlog:gc* instead.
[0.000s][warning][gc] -Xloggc is deprecated. Will use -Xlog:gc:artifacts/gc.log instead.
[0.001s][warning][gc] -XX:+PrintGCDetails is deprecated. Will use -Xlog:gc* instead.
[0.000s][warning][gc] -Xloggc is deprecated. Will use -Xlog:gc:artifacts/gc.log instead.
[0.001s][warning][gc] -XX:+PrintGCDetails is deprecated. Will use -Xlog:gc* instead.
[0.000s][warning][gc] -Xloggc is deprecated. Will use -Xlog:gc:artifacts/gc.log instead.
[0.001s][warning][gc] -XX:+PrintGCDetails is deprecated. Will use -Xlog:gc* instead.
[0.001s][warning][gc] -Xloggc is deprecated. Will use -Xlog:gc:artifacts/gc.log instead.
[0.001s][warning][gc] -XX:+PrintGCDetails is deprecated. Will use -Xlog:gc* instead.
[0.000s][warning][gc] -Xloggc is deprecated. Will use -Xlog:gc:artifacts/gc.log instead.
[0.001s][warning][gc] -XX:+PrintGCDetails is deprecated. Will use -Xlog:gc* instead.
[0.000s][warning][gc] -Xloggc is deprecated. Will use -Xlog:gc:artifacts/gc.log instead.
[0.001s][warning][gc] -XX:+PrintGCDetails is deprecated. Will use -Xlog:gc* instead.
[0.001s][warning][gc] -Xloggc is deprecated. Will use -Xlog:gc:artifacts/gc.log instead.
[0.001s][warning][gc] -XX:+PrintGCDetails is deprecated. Will use -Xlog:gc* instead.
[0.000s][warning][gc] -Xloggc is deprecated. Will use -Xlog:gc:artifacts/gc.log instead.
[0.001s][warning][gc] -XX:+PrintGCDetails is deprecated. Will use -Xlog:gc* instead.
[0.000s][warning][gc] -Xloggc is deprecated. Will use -Xlog:gc:artifacts/gc.log instead.
[0.001s][warning][gc] -XX:+PrintGCDetails is deprecated. Will use -Xlog:gc* instead.
[0.000s][warning][gc] -Xloggc is deprecated. Will use -Xlog:gc:artifacts/gc.log instead.
[0.001s][warning][gc] -XX:+PrintGCDetails is deprecated. Will use -Xlog:gc* instead.
[0.001s][warning][gc] -Xloggc is deprecated. Will use -Xlog:gc:artifacts/gc.log instead.
[0.001s][warning][gc] -XX:+PrintGCDetails is deprecated. Will use -Xlog:gc* instead.
[0.001s][warning][gc] -Xloggc is deprecated. Will use -Xlog:gc:artifacts/gc.log instead.
[0.001s][warning][gc] -XX:+PrintGCDetails is deprecated. Will use -Xlog:gc* instead.
[0.001s][warning][gc] -Xloggc is deprecated. Will use -Xlog:gc:artifacts/gc.log instead.
[0.001s][warning][gc] -XX:+PrintGCDetails is deprecated. Will use -Xlog:gc* instead.
[0.001s][warning][gc] -Xloggc is deprecated. Will use -Xlog:gc:artifacts/gc.log instead.
[0.001s][warning][gc] -XX:+PrintGCDetails is deprecated. Will use -Xlog:gc* instead.
[0.000s][warning][gc] -Xloggc is deprecated. Will use -Xlog:gc:artifacts/gc.log instead.
[0.000s][warning][gc] -XX:+PrintGCDetails is deprecated. Will use -Xlog:gc* instead.
[0.000s][warning][gc] -Xloggc is deprecated. Will use -Xlog:gc:artifacts/gc.log instead.
[0.001s][warning][gc] -XX:+PrintGCDetails is deprecated. Will use -Xlog:gc* instead.
[0.001s][warning][gc] -Xloggc is deprecated. Will use -Xlog:gc:artifacts/gc.log instead.
[0.001s][warning][gc] -XX:+PrintGCDetails is deprecated. Will use -Xlog:gc* instead.
[0.000s][warning][gc] -Xloggc is deprecated. Will use -Xlog:gc:artifacts/gc.log instead.
[0.001s][warning][gc] -XX:+PrintGCDetails is deprecated. Will use -Xlog:gc* instead.
[0.001s][warning][gc] -Xloggc is deprecated. Will use -Xlog:gc:artifacts/gc.log instead.
[0.001s][warning][gc] -XX:+PrintGCDetails is deprecated. Will use -Xlog:gc* instead.
[0.001s][warning][gc] -Xloggc is deprecated. Will use -Xlog:gc:artifacts/gc.log instead.
[0.001s][warning][gc] -XX:+PrintGCDetails is deprecated. Will use -Xlog:gc* instead.
[0.000s][warning][gc] -Xloggc is deprecated. Will use -Xlog:gc:artifacts/gc.log instead.
[0.001s][warning][gc] -XX:+PrintGCDetails is deprecated. Will use -Xlog:gc* instead.
[0.001s][warning][gc] -Xloggc is deprecated. Will use -Xlog:gc:artifacts/gc.log instead.
[0.001s][warning][gc] -XX:+PrintGCDetails is deprecated. Will use -Xlog:gc* instead.
[0.000s][warning][gc] -Xloggc is deprecated. Will use -Xlog:gc:artifacts/gc.log instead.
[0.001s][warning][gc] -XX:+PrintGCDetails is deprecated. Will use -Xlog:gc* instead.
[0.000s][warning][gc] -Xloggc is deprecated. Will use -Xlog:gc:artifacts/gc.log instead.
[0.001s][warning][gc] -XX:+PrintGCDetails is deprecated. Will use -Xlog:gc* instead.
[0.000s][warning][gc] -Xloggc is deprecated. Will use -Xlog:gc:artifacts/gc.log instead.
[0.001s][warning][gc] -XX:+PrintGCDetails is deprecated. Will use -Xlog:gc* instead.
[0.000s][warning][gc] -Xloggc is deprecated. Will use -Xlog:gc:artifacts/gc.log instead.
[0.001s][warning][gc] -XX:+PrintGCDetails is deprecated. Will use -Xlog:gc* instead.
[0.000s][warning][gc] -Xloggc is deprecated. Will use -Xlog:gc:artifacts/gc.log instead.
[0.001s][warning][gc] -XX:+PrintGCDetails is deprecated. Will use -Xlog:gc* instead.
[0.000s][warning][gc] -Xloggc is deprecated. Will use -Xlog:gc:artifacts/gc.log instead.
[0.001s][warning][gc] -XX:+PrintGCDetails is deprecated. Will use -Xlog:gc* instead.
[0.000s][warning][gc] -Xloggc is deprecated. Will use -Xlog:gc:artifacts/gc.log instead.
[0.001s][warning][gc] -XX:+PrintGCDetails is deprecated. Will use -Xlog:gc* instead.
[0.000s][warning][gc] -Xloggc is deprecated. Will use -Xlog:gc:artifacts/gc.log instead.
[0.001s][warning][gc] -XX:+PrintGCDetails is deprecated. Will use -Xlog:gc* instead.
[0.001s][warning][gc] -Xloggc is deprecated. Will use -Xlog:gc:artifacts/gc.log instead.
[0.001s][warning][gc] -XX:+PrintGCDetails is deprecated. Will use -Xlog:gc* instead.
[0.000s][warning][gc] -Xloggc is deprecated. Will use -Xlog:gc:artifacts/gc.log instead.
[0.001s][warning][gc] -XX:+PrintGCDetails is deprecated. Will use -Xlog:gc* instead.
[0.000s][warning][gc] -Xloggc is deprecated. Will use -Xlog:gc:artifacts/gc.log instead.
[0.001s][warning][gc] -XX:+PrintGCDetails is deprecated. Will use -Xlog:gc* instead.
[0.001s][warning][gc] -Xloggc is deprecated. Will use -Xlog:gc:artifacts/gc.log instead.
[0.001s][warning][gc] -XX:+PrintGCDetails is deprecated. Will use -Xlog:gc* instead.
[0.001s][warning][gc] -Xloggc is deprecated. Will use -Xlog:gc:artifacts/gc.log instead.
[0.001s][warning][gc] -XX:+PrintGCDetails is deprecated. Will use -Xlog:gc* instead.
[0.000s][warning][gc] -Xloggc is deprecated. Will use -Xlog:gc:artifacts/gc.log instead.
[0.001s][warning][gc] -XX:+PrintGCDetails is deprecated. Will use -Xlog:gc* instead.
[0.001s][warning][gc] -Xloggc is deprecated. Will use -Xlog:gc:artifacts/gc.log instead.
[0.002s][warning][gc] -XX:+PrintGCDetails is deprecated. Will use -Xlog:gc* instead.
[0.000s][warning][gc] -Xloggc is deprecated. Will use -Xlog:gc:artifacts/gc.log instead.
[0.001s][warning][gc] -XX:+PrintGCDetails is deprecated. Will use -Xlog:gc* instead.
[0.001s][warning][gc] -Xloggc is deprecated. Will use -Xlog:gc:artifacts/gc.log instead.
Could not rename log file 'artifacts/gc.log' to 'artifacts/gc.log.3' (No such file or directory).
[0.001s][warning][gc] -XX:+PrintGCDetails is deprecated. Will use -Xlog:gc* instead.
Error: Could not create the Java Virtual Machine.
[1.117s][error  ][logging] Error opening log file 'artifacts/gc.log': No such file or directory
Error: A fatal exception has occurred. Program will exit.
[1.117s][error  ][logging] Initialization of output 'file=artifacts/gc.log' using options '(null)' failed.
[0.001s][warning][gc] -Xloggc is deprecated. Will use -Xlog:gc:artifacts/gc.log instead.
[0.002s][warning][gc] -XX:+PrintGCDetails is deprecated. Will use -Xlog:gc* instead.
Error: Could not create the Java Virtual Machine.
[0.000s][warning][gc] -Xloggc is deprecated. Will use -Xlog:gc:artifacts/gc.log instead.
Error: A fatal exception has occurred. Program will exit.
[0.001s][warning][gc] -XX:+PrintGCDetails is deprecated. Will use -Xlog:gc* instead.
[0.354s][error  ][logging] Possible rotation target file 'artifacts/gc.log.1' already exists but is not a regular file.
[0.354s][error  ][logging] Initialization of output 'file=artifacts/gc.log' using options '(null)' failed.
[0.001s][warning][gc] -Xloggc is deprecated. Will use -Xlog:gc:artifacts/gc.log instead.
[0.001s][warning][gc] -XX:+PrintGCDetails is deprecated. Will use -Xlog:gc* instead.
[0.001s][warning][gc] -Xloggc is deprecated. Will use -Xlog:gc:artifacts/gc.log instead.
[0.001s][warning][gc] -XX:+PrintGCDetails is deprecated. Will use -Xlog:gc* instead.
[0.001s][warning][gc] -Xloggc is deprecated. Will use -Xlog:gc:artifacts/gc.log instead.
[0.001s][warning][gc] -XX:+PrintGCDetails is deprecated. Will use -Xlog:gc* instead.
[0.001s][warning][gc] -Xloggc is deprecated. Will use -Xlog:gc:artifacts/gc.log instead.
[0.002s][warning][gc] -XX:+PrintGCDetails is deprecated. Will use -Xlog:gc* instead.
[0.001s][warning][gc] -Xloggc is deprecated. Will use -Xlog:gc:artifacts/gc.log instead.
[0.001s][warning][gc] -XX:+PrintGCDetails is deprecated. Will use -Xlog:gc* instead.
[0.001s][warning][gc] -Xloggc is deprecated. Will use -Xlog:gc:artifacts/gc.log instead.
[0.001s][warning][gc] -XX:+PrintGCDetails is deprecated. Will use -Xlog:gc* instead.
[0.000s][warning][gc] -Xloggc is deprecated. Will use -Xlog:gc:artifacts/gc.log instead.
[0.001s][warning][gc] -XX:+PrintGCDetails is deprecated. Will use -Xlog:gc* instead.
[0.000s][warning][gc] -Xloggc is deprecated. Will use -Xlog:gc:artifacts/gc.log instead.
[0.001s][warning][gc] -XX:+PrintGCDetails is deprecated. Will use -Xlog:gc* instead.
[0.001s][warning][gc] -Xloggc is deprecated. Will use -Xlog:gc:artifacts/gc.log instead.
[0.001s][warning][gc] -XX:+PrintGCDetails is deprecated. Will use -Xlog:gc* instead.
[0.000s][warning][gc] -Xloggc is deprecated. Will use -Xlog:gc:artifacts/gc.log instead.
[0.001s][warning][gc] -XX:+PrintGCDetails is deprecated. Will use -Xlog:gc* instead.
[0.001s][warning][gc] -Xloggc is deprecated. Will use -Xlog:gc:artifacts/gc.log instead.
[0.001s][warning][gc] -XX:+PrintGCDetails is deprecated. Will use -Xlog:gc* instead.
[0.000s][warning][gc] -Xloggc is deprecated. Will use -Xlog:gc:artifacts/gc.log instead.
[0.001s][warning][gc] -XX:+PrintGCDetails is deprecated. Will use -Xlog:gc* instead.
[0.000s][warning][gc] -Xloggc is deprecated. Will use -Xlog:gc:artifacts/gc.log instead.
[0.001s][warning][gc] -XX:+PrintGCDetails is deprecated. Will use -Xlog:gc* instead.
[0.000s][warning][gc] -Xloggc is deprecated. Will use -Xlog:gc:artifacts/gc.log instead.
[0.000s][warning][gc] -XX:+PrintGCDetails is deprecated. Will use -Xlog:gc* instead.
[0.001s][warning][gc] -Xloggc is deprecated. Will use -Xlog:gc:artifacts/gc.log instead.
[0.001s][warning][gc] -XX:+PrintGCDetails is deprecated. Will use -Xlog:gc* instead.
[0.000s][warning][gc] -Xloggc is deprecated. Will use -Xlog:gc:artifacts/gc.log instead.
[0.001s][warning][gc] -XX:+PrintGCDetails is deprecated. Will use -Xlog:gc* instead.
[0.001s][warning][gc] -Xloggc is deprecated. Will use -Xlog:gc:artifacts/gc.log instead.
[0.001s][warning][gc] -XX:+PrintGCDetails is deprecated. Will use -Xlog:gc* instead.
[0.001s][warning][gc] -Xloggc is deprecated. Will use -Xlog:gc:artifacts/gc.log instead.
[0.001s][warning][gc] -XX:+PrintGCDetails is deprecated. Will use -Xlog:gc* instead.
[0.000s][warning][gc] -Xloggc is deprecated. Will use -Xlog:gc:artifacts/gc.log instead.
[0.001s][warning][gc] -XX:+PrintGCDetails is deprecated. Will use -Xlog:gc* instead.
[0.001s][warning][gc] -Xloggc is deprecated. Will use -Xlog:gc:artifacts/gc.log instead.
[0.001s][warning][gc] -XX:+PrintGCDetails is deprecated. Will use -Xlog:gc* instead.
[0.000s][warning][gc] -Xloggc is deprecated. Will use -Xlog:gc:artifacts/gc.log instead.
[0.000s][warning][gc] -XX:+PrintGCDetails is deprecated. Will use -Xlog:gc* instead.
[0.001s][warning][gc] -Xloggc is deprecated. Will use -Xlog:gc:artifacts/gc.log instead.
[0.001s][warning][gc] -XX:+PrintGCDetails is deprecated. Will use -Xlog:gc* instead.
[0.000s][warning][gc] -Xloggc is deprecated. Will use -Xlog:gc:artifacts/gc.log instead.
[0.001s][warning][gc] -XX:+PrintGCDetails is deprecated. Will use -Xlog:gc* instead.
[0.001s][warning][gc] -Xloggc is deprecated. Will use -Xlog:gc:artifacts/gc.log instead.
[0.001s][warning][gc] -XX:+PrintGCDetails is deprecated. Will use -Xlog:gc* instead.
[0.001s][warning][gc] -Xloggc is deprecated. Will use -Xlog:gc:artifacts/gc.log instead.
[0.001s][warning][gc] -XX:+PrintGCDetails is deprecated. Will use -Xlog:gc* instead.
[0.000s][warning][gc] -Xloggc is deprecated. Will use -Xlog:gc:artifacts/gc.log instead.
[0.001s][warning][gc] -XX:+PrintGCDetails is deprecated. Will use -Xlog:gc* instead.
[0.000s][warning][gc] -Xloggc is deprecated. Will use -Xlog:gc:artifacts/gc.log instead.
[0.001s][warning][gc] -XX:+PrintGCDetails is deprecated. Will use -Xlog:gc* instead.
[0.000s][warning][gc] -Xloggc is deprecated. Will use -Xlog:gc:artifacts/gc.log instead.
[0.001s][warning][gc] -XX:+PrintGCDetails is deprecated. Will use -Xlog:gc* instead.
[0.001s][warning][gc] -Xloggc is deprecated. Will use -Xlog:gc:artifacts/gc.log instead.
[0.002s][warning][gc] -XX:+PrintGCDetails is deprecated. Will use -Xlog:gc* instead.
[0.001s][warning][gc] -Xloggc is deprecated. Will use -Xlog:gc:artifacts/gc.log instead.
[0.001s][warning][gc] -XX:+PrintGCDetails is deprecated. Will use -Xlog:gc* instead.
[0.000s][warning][gc] -Xloggc is deprecated. Will use -Xlog:gc:artifacts/gc.log instead.
[0.001s][warning][gc] -XX:+PrintGCDetails is deprecated. Will use -Xlog:gc* instead.
[0.001s][warning][gc] -Xloggc is deprecated. Will use -Xlog:gc:artifacts/gc.log instead.
[0.001s][warning][gc] -XX:+PrintGCDetails is deprecated. Will use -Xlog:gc* instead.
[0.000s][warning][gc] -Xloggc is deprecated. Will use -Xlog:gc:artifacts/gc.log instead.
[0.000s][warning][gc] -XX:+PrintGCDetails is deprecated. Will use -Xlog:gc* instead.
[0.001s][warning][gc] -Xloggc is deprecated. Will use -Xlog:gc:artifacts/gc.log instead.
[0.001s][warning][gc] -XX:+PrintGCDetails is deprecated. Will use -Xlog:gc* instead.
[0.000s][warning][gc] -Xloggc is deprecated. Will use -Xlog:gc:artifacts/gc.log instead.
[0.001s][warning][gc] -XX:+PrintGCDetails is deprecated. Will use -Xlog:gc* instead.
[0.000s][warning][gc] -Xloggc is deprecated. Will use -Xlog:gc:artifacts/gc.log instead.
[0.001s][warning][gc] -XX:+PrintGCDetails is deprecated. Will use -Xlog:gc* instead.
[0.000s][warning][gc] -Xloggc is deprecated. Will use -Xlog:gc:artifacts/gc.log instead.
[0.000s][warning][gc] -XX:+PrintGCDetails is deprecated. Will use -Xlog:gc* instead.
[0.001s][warning][gc] -Xloggc is deprecated. Will use -Xlog:gc:artifacts/gc.log instead.
[0.001s][warning][gc] -XX:+PrintGCDetails is deprecated. Will use -Xlog:gc* instead.
[0.000s][warning][gc] -Xloggc is deprecated. Will use -Xlog:gc:artifacts/gc.log instead.
[0.001s][warning][gc] -XX:+PrintGCDetails is deprecated. Will use -Xlog:gc* instead.
[0.000s][warning][gc] -Xloggc is deprecated. Will use -Xlog:gc:artifacts/gc.log instead.
[0.001s][warning][gc] -XX:+PrintGCDetails is deprecated. Will use -Xlog:gc* instead.
[0.000s][warning][gc] -Xloggc is deprecated. Will use -Xlog:gc:artifacts/gc.log instead.
[0.001s][warning][gc] -XX:+PrintGCDetails is deprecated. Will use -Xlog:gc* instead.
[0.000s][warning][gc] -Xloggc is deprecated. Will use -Xlog:gc:artifacts/gc.log instead.
[0.000s][warning][gc] -XX:+PrintGCDetails is deprecated. Will use -Xlog:gc* instead.
[0.000s][warning][gc] -Xloggc is deprecated. Will use -Xlog:gc:artifacts/gc.log instead.
[0.001s][warning][gc] -XX:+PrintGCDetails is deprecated. Will use -Xlog:gc* instead.
[0.000s][warning][gc] -Xloggc is deprecated. Will use -Xlog:gc:artifacts/gc.log instead.
[0.000s][warning][gc] -XX:+PrintGCDetails is deprecated. Will use -Xlog:gc* instead.
[0.001s][warning][gc] -Xloggc is deprecated. Will use -Xlog:gc:artifacts/gc.log instead.
[0.001s][warning][gc] -XX:+PrintGCDetails is deprecated. Will use -Xlog:gc* instead.
[0.001s][warning][gc] -Xloggc is deprecated. Will use -Xlog:gc:artifacts/gc.log instead.
[0.001s][warning][gc] -XX:+PrintGCDetails is deprecated. Will use -Xlog:gc* instead.
[0.000s][warning][gc] -Xloggc is deprecated. Will use -Xlog:gc:artifacts/gc.log instead.
[0.001s][warning][gc] -XX:+PrintGCDetails is deprecated. Will use -Xlog:gc* instead.
[0.001s][warning][gc] -Xloggc is deprecated. Will use -Xlog:gc:artifacts/gc.log instead.
[0.001s][warning][gc] -XX:+PrintGCDetails is deprecated. Will use -Xlog:gc* instead.
[0.001s][warning][gc] -Xloggc is deprecated. Will use -Xlog:gc:artifacts/gc.log instead.
[0.001s][warning][gc] -XX:+PrintGCDetails is deprecated. Will use -Xlog:gc* instead.
[0.001s][warning][gc] -Xloggc is deprecated. Will use -Xlog:gc:artifacts/gc.log instead.
[0.001s][warning][gc] -XX:+PrintGCDetails is deprecated. Will use -Xlog:gc* instead.
[0.000s][warning][gc] -Xloggc is deprecated. Will use -Xlog:gc:artifacts/gc.log instead.
[0.001s][warning][gc] -XX:+PrintGCDetails is deprecated. Will use -Xlog:gc* instead.
[0.000s][warning][gc] -Xloggc is deprecated. Will use -Xlog:gc:artifacts/gc.log instead.
[0.001s][warning][gc] -XX:+PrintGCDetails is deprecated. Will use -Xlog:gc* instead.
[0.001s][warning][gc] -Xloggc is deprecated. Will use -Xlog:gc:artifacts/gc.log instead.
[0.001s][warning][gc] -XX:+PrintGCDetails is deprecated. Will use -Xlog:gc* instead.
[0.001s][warning][gc] -Xloggc is deprecated. Will use -Xlog:gc:artifacts/gc.log instead.
[0.001s][warning][gc] -XX:+PrintGCDetails is deprecated. Will use -Xlog:gc* instead.
[0.001s][warning][gc] -Xloggc is deprecated. Will use -Xlog:gc:artifacts/gc.log instead.
[0.001s][warning][gc] -XX:+PrintGCDetails is deprecated. Will use -Xlog:gc* instead.
[0.001s][warning][gc] -Xloggc is deprecated. Will use -Xlog:gc:artifacts/gc.log instead.
[0.001s][warning][gc] -XX:+PrintGCDetails is deprecated. Will use -Xlog:gc* instead.
[0.001s][warning][gc] -Xloggc is deprecated. Will use -Xlog:gc:artifacts/gc.log instead.
[0.001s][warning][gc] -XX:+PrintGCDetails is deprecated. Will use -Xlog:gc* instead.
[0.000s][warning][gc] -Xloggc is deprecated. Will use -Xlog:gc:artifacts/gc.log instead.
[0.001s][warning][gc] -XX:+PrintGCDetails is deprecated. Will use -Xlog:gc* instead.
[0.000s][warning][gc] -Xloggc is deprecated. Will use -Xlog:gc:artifacts/gc.log instead.
[0.000s][warning][gc] -XX:+PrintGCDetails is deprecated. Will use -Xlog:gc* instead.
[0.000s][warning][gc] -Xloggc is deprecated. Will use -Xlog:gc:artifacts/gc.log instead.
[0.001s][warning][gc] -XX:+PrintGCDetails is deprecated. Will use -Xlog:gc* instead.
[0.000s][warning][gc] -Xloggc is deprecated. Will use -Xlog:gc:artifacts/gc.log instead.
[0.000s][warning][gc] -XX:+PrintGCDetails is deprecated. Will use -Xlog:gc* instead.
[0.000s][warning][gc] -Xloggc is deprecated. Will use -Xlog:gc:artifacts/gc.log instead.
[0.001s][warning][gc] -XX:+PrintGCDetails is deprecated. Will use -Xlog:gc* instead.
[0.000s][warning][gc] -Xloggc is deprecated. Will use -Xlog:gc:artifacts/gc.log instead.
[0.001s][warning][gc] -XX:+PrintGCDetails is deprecated. Will use -Xlog:gc* instead.
[0.000s][warning][gc] -Xloggc is deprecated. Will use -Xlog:gc:artifacts/gc.log instead.
[0.001s][warning][gc] -XX:+PrintGCDetails is deprecated. Will use -Xlog:gc* instead.
[0.000s][warning][gc] -Xloggc is deprecated. Will use -Xlog:gc:artifacts/gc.log instead.
[0.001s][warning][gc] -XX:+PrintGCDetails is deprecated. Will use -Xlog:gc* instead.
[0.000s][warning][gc] -Xloggc is deprecated. Will use -Xlog:gc:artifacts/gc.log instead.
[0.000s][warning][gc] -XX:+PrintGCDetails is deprecated. Will use -Xlog:gc* instead.
[0.000s][warning][gc] -Xloggc is deprecated. Will use -Xlog:gc:artifacts/gc.log instead.
[0.001s][warning][gc] -XX:+PrintGCDetails is deprecated. Will use -Xlog:gc* instead.
[0.000s][warning][gc] -Xloggc is deprecated. Will use -Xlog:gc:artifacts/gc.log instead.
[0.001s][warning][gc] -XX:+PrintGCDetails is deprecated. Will use -Xlog:gc* instead.
[0.001s][warning][gc] -Xloggc is deprecated. Will use -Xlog:gc:artifacts/gc.log instead.
[0.001s][warning][gc] -XX:+PrintGCDetails is deprecated. Will use -Xlog:gc* instead.
[0.000s][warning][gc] -Xloggc is deprecated. Will use -Xlog:gc:artifacts/gc.log instead.
[0.001s][warning][gc] -XX:+PrintGCDetails is deprecated. Will use -Xlog:gc* instead.
[0.001s][warning][gc] -Xloggc is deprecated. Will use -Xlog:gc:artifacts/gc.log instead.
[0.001s][warning][gc] -XX:+PrintGCDetails is deprecated. Will use -Xlog:gc* instead.
[0.001s][warning][gc] -Xloggc is deprecated. Will use -Xlog:gc:artifacts/gc.log instead.
[0.001s][warning][gc] -XX:+PrintGCDetails is deprecated. Will use -Xlog:gc* instead.
[0.000s][warning][gc] -Xloggc is deprecated. Will use -Xlog:gc:artifacts/gc.log instead.
[0.001s][warning][gc] -XX:+PrintGCDetails is deprecated. Will use -Xlog:gc* instead.
[0.001s][warning][gc] -Xloggc is deprecated. Will use -Xlog:gc:artifacts/gc.log instead.
[0.001s][warning][gc] -XX:+PrintGCDetails is deprecated. Will use -Xlog:gc* instead.
[0.000s][warning][gc] -Xloggc is deprecated. Will use -Xlog:gc:artifacts/gc.log instead.
[0.001s][warning][gc] -XX:+PrintGCDetails is deprecated. Will use -Xlog:gc* instead.
[0.001s][warning][gc] -Xloggc is deprecated. Will use -Xlog:gc:artifacts/gc.log instead.
[0.001s][warning][gc] -XX:+PrintGCDetails is deprecated. Will use -Xlog:gc* instead.
[0.001s][warning][gc] -Xloggc is deprecated. Will use -Xlog:gc:artifacts/gc.log instead.
[0.001s][warning][gc] -XX:+PrintGCDetails is deprecated. Will use -Xlog:gc* instead.
[0.001s][warning][gc] -Xloggc is deprecated. Will use -Xlog:gc:artifacts/gc.log instead.
[0.001s][warning][gc] -XX:+PrintGCDetails is deprecated. Will use -Xlog:gc* instead.
[0.000s][warning][gc] -Xloggc is deprecated. Will use -Xlog:gc:artifacts/gc.log instead.
[0.001s][warning][gc] -XX:+PrintGCDetails is deprecated. Will use -Xlog:gc* instead.
[0.000s][warning][gc] -Xloggc is deprecated. Will use -Xlog:gc:artifacts/gc.log instead.
[0.001s][warning][gc] -XX:+PrintGCDetails is deprecated. Will use -Xlog:gc* instead.
[0.000s][warning][gc] -Xloggc is deprecated. Will use -Xlog:gc:artifacts/gc.log instead.
[0.000s][warning][gc] -XX:+PrintGCDetails is deprecated. Will use -Xlog:gc* instead.
[0.000s][warning][gc] -Xloggc is deprecated. Will use -Xlog:gc:artifacts/gc.log instead.
[0.000s][warning][gc] -XX:+PrintGCDetails is deprecated. Will use -Xlog:gc* instead.
[0.000s][warning][gc] -Xloggc is deprecated. Will use -Xlog:gc:artifacts/gc.log instead.
[0.000s][warning][gc] -XX:+PrintGCDetails is deprecated. Will use -Xlog:gc* instead.
[0.000s][warning][gc] -Xloggc is deprecated. Will use -Xlog:gc:artifacts/gc.log instead.
[0.001s][warning][gc] -XX:+PrintGCDetails is deprecated. Will use -Xlog:gc* instead.
[0.000s][warning][gc] -Xloggc is deprecated. Will use -Xlog:gc:artifacts/gc.log instead.
[0.001s][warning][gc] -XX:+PrintGCDetails is deprecated. Will use -Xlog:gc* instead.
[0.001s][warning][gc] -Xloggc is deprecated. Will use -Xlog:gc:artifacts/gc.log instead.
[0.001s][warning][gc] -XX:+PrintGCDetails is deprecated. Will use -Xlog:gc* instead.
[0.000s][warning][gc] -Xloggc is deprecated. Will use -Xlog:gc:artifacts/gc.log instead.
[0.001s][warning][gc] -XX:+PrintGCDetails is deprecated. Will use -Xlog:gc* instead.
[0.000s][warning][gc] -Xloggc is deprecated. Will use -Xlog:gc:artifacts/gc.log instead.
[0.001s][warning][gc] -XX:+PrintGCDetails is deprecated. Will use -Xlog:gc* instead.
[0.000s][warning][gc] -Xloggc is deprecated. Will use -Xlog:gc:artifacts/gc.log instead.
[0.001s][warning][gc] -XX:+PrintGCDetails is deprecated. Will use -Xlog:gc* instead.
[0.001s][warning][gc] -Xloggc is deprecated. Will use -Xlog:gc:artifacts/gc.log instead.
[0.001s][warning][gc] -XX:+PrintGCDetails is deprecated. Will use -Xlog:gc* instead.
[0.000s][warning][gc] -Xloggc is deprecated. Will use -Xlog:gc:artifacts/gc.log instead.
[0.000s][warning][gc] -XX:+PrintGCDetails is deprecated. Will use -Xlog:gc* instead.
[0.000s][warning][gc] -Xloggc is deprecated. Will use -Xlog:gc:artifacts/gc.log instead.
[0.001s][warning][gc] -XX:+PrintGCDetails is deprecated. Will use -Xlog:gc* instead.
[0.001s][warning][gc] -Xloggc is deprecated. Will use -Xlog:gc:artifacts/gc.log instead.
[0.001s][warning][gc] -XX:+PrintGCDetails is deprecated. Will use -Xlog:gc* instead.
[0.000s][warning][gc] -Xloggc is deprecated. Will use -Xlog:gc:artifacts/gc.log instead.
[0.001s][warning][gc] -XX:+PrintGCDetails is deprecated. Will use -Xlog:gc* instead.
[0.001s][warning][gc] -Xloggc is deprecated. Will use -Xlog:gc:artifacts/gc.log instead.
[0.001s][warning][gc] -XX:+PrintGCDetails is deprecated. Will use -Xlog:gc* instead.
[0.000s][warning][gc] -Xloggc is deprecated. Will use -Xlog:gc:artifacts/gc.log instead.
[0.001s][warning][gc] -XX:+PrintGCDetails is deprecated. Will use -Xlog:gc* instead.
[0.000s][warning][gc] -Xloggc is deprecated. Will use -Xlog:gc:artifacts/gc.log instead.
[0.001s][warning][gc] -XX:+PrintGCDetails is deprecated. Will use -Xlog:gc* instead.
[0.000s][warning][gc] -Xloggc is deprecated. Will use -Xlog:gc:artifacts/gc.log instead.
[0.001s][warning][gc] -XX:+PrintGCDetails is deprecated. Will use -Xlog:gc* instead.
[0.001s][warning][gc] -Xloggc is deprecated. Will use -Xlog:gc:artifacts/gc.log instead.
[0.001s][warning][gc] -XX:+PrintGCDetails is deprecated. Will use -Xlog:gc* instead.
[0.001s][warning][gc] -Xloggc is deprecated. Will use -Xlog:gc:artifacts/gc.log instead.
[0.001s][warning][gc] -XX:+PrintGCDetails is deprecated. Will use -Xlog:gc* instead.
[0.001s][warning][gc] -Xloggc is deprecated. Will use -Xlog:gc:artifacts/gc.log instead.
[0.001s][warning][gc] -XX:+PrintGCDetails is deprecated. Will use -Xlog:gc* instead.
[0.001s][warning][gc] -Xloggc is deprecated. Will use -Xlog:gc:artifacts/gc.log instead.
[0.001s][warning][gc] -XX:+PrintGCDetails is deprecated. Will use -Xlog:gc* instead.
[0.000s][warning][gc] -Xloggc is deprecated. Will use -Xlog:gc:artifacts/gc.log instead.
[0.001s][warning][gc] -XX:+PrintGCDetails is deprecated. Will use -Xlog:gc* instead.
[0.001s][warning][gc] -Xloggc is deprecated. Will use -Xlog:gc:artifacts/gc.log instead.
[0.001s][warning][gc] -XX:+PrintGCDetails is deprecated. Will use -Xlog:gc* instead.
[0.000s][warning][gc] -Xloggc is deprecated. Will use -Xlog:gc:artifacts/gc.log instead.
[0.000s][warning][gc] -XX:+PrintGCDetails is deprecated. Will use -Xlog:gc* instead.
[0.000s][warning][gc] -Xloggc is deprecated. Will use -Xlog:gc:artifacts/gc.log instead.
[0.000s][warning][gc] -XX:+PrintGCDetails is deprecated. Will use -Xlog:gc* instead.
[0.001s][warning][gc] -Xloggc is deprecated. Will use -Xlog:gc:artifacts/gc.log instead.
[0.001s][warning][gc] -XX:+PrintGCDetails is deprecated. Will use -Xlog:gc* instead.
[0.000s][warning][gc] -Xloggc is deprecated. Will use -Xlog:gc:artifacts/gc.log instead.
[0.000s][warning][gc] -XX:+PrintGCDetails is deprecated. Will use -Xlog:gc* instead.
[0.001s][warning][gc] -Xloggc is deprecated. Will use -Xlog:gc:artifacts/gc.log instead.
[0.001s][warning][gc] -XX:+PrintGCDetails is deprecated. Will use -Xlog:gc* instead.
[0.001s][warning][gc] -Xloggc is deprecated. Will use -Xlog:gc:artifacts/gc.log instead.
[0.001s][warning][gc] -XX:+PrintGCDetails is deprecated. Will use -Xlog:gc* instead.
[0.000s][warning][gc] -Xloggc is deprecated. Will use -Xlog:gc:artifacts/gc.log instead.
[0.001s][warning][gc] -XX:+PrintGCDetails is deprecated. Will use -Xlog:gc* instead.
[0.001s][warning][gc] -Xloggc is deprecated. Will use -Xlog:gc:artifacts/gc.log instead.
[0.001s][warning][gc] -XX:+PrintGCDetails is deprecated. Will use -Xlog:gc* instead.
[0.000s][warning][gc] -Xloggc is deprecated. Will use -Xlog:gc:artifacts/gc.log instead.
[0.001s][warning][gc] -XX:+PrintGCDetails is deprecated. Will use -Xlog:gc* instead.
[0.000s][warning][gc] -Xloggc is deprecated. Will use -Xlog:gc:artifacts/gc.log instead.
[0.001s][warning][gc] -XX:+PrintGCDetails is deprecated. Will use -Xlog:gc* instead.
[0.001s][warning][gc] -Xloggc is deprecated. Will use -Xlog:gc:artifacts/gc.log instead.
[0.001s][warning][gc] -XX:+PrintGCDetails is deprecated. Will use -Xlog:gc* instead.
[0.001s][warning][gc] -Xloggc is deprecated. Will use -Xlog:gc:artifacts/gc.log instead.
[0.001s][warning][gc] -XX:+PrintGCDetails is deprecated. Will use -Xlog:gc* instead.
[0.000s][warning][gc] -Xloggc is deprecated. Will use -Xlog:gc:artifacts/gc.log instead.
[0.001s][warning][gc] -XX:+PrintGCDetails is deprecated. Will use -Xlog:gc* instead.
[0.001s][warning][gc] -Xloggc is deprecated. Will use -Xlog:gc:artifacts/gc.log instead.
[0.001s][warning][gc] -XX:+PrintGCDetails is deprecated. Will use -Xlog:gc* instead.
[0.000s][warning][gc] -Xloggc is deprecated. Will use -Xlog:gc:artifacts/gc.log instead.
[0.001s][warning][gc] -XX:+PrintGCDetails is deprecated. Will use -Xlog:gc* instead.
[0.000s][warning][gc] -Xloggc is deprecated. Will use -Xlog:gc:artifacts/gc.log instead.
[0.001s][warning][gc] -XX:+PrintGCDetails is deprecated. Will use -Xlog:gc* instead.
[0.000s][warning][gc] -Xloggc is deprecated. Will use -Xlog:gc:artifacts/gc.log instead.
[0.001s][warning][gc] -XX:+PrintGCDetails is deprecated. Will use -Xlog:gc* instead.
[0.001s][warning][gc] -Xloggc is deprecated. Will use -Xlog:gc:artifacts/gc.log instead.
[0.001s][warning][gc] -XX:+PrintGCDetails is deprecated. Will use -Xlog:gc* instead.
[0.000s][warning][gc] -Xloggc is deprecated. Will use -Xlog:gc:artifacts/gc.log instead.
[0.001s][warning][gc] -XX:+PrintGCDetails is deprecated. Will use -Xlog:gc* instead.
[0.000s][warning][gc] -Xloggc is deprecated. Will use -Xlog:gc:artifacts/gc.log instead.
[0.001s][warning][gc] -XX:+PrintGCDetails is deprecated. Will use -Xlog:gc* instead.
[0.000s][warning][gc] -Xloggc is deprecated. Will use -Xlog:gc:artifacts/gc.log instead.
[0.001s][warning][gc] -XX:+PrintGCDetails is deprecated. Will use -Xlog:gc* instead.
[0.000s][warning][gc] -Xloggc is deprecated. Will use -Xlog:gc:artifacts/gc.log instead.
[0.000s][warning][gc] -XX:+PrintGCDetails is deprecated. Will use -Xlog:gc* instead.
[0.000s][warning][gc] -Xloggc is deprecated. Will use -Xlog:gc:artifacts/gc.log instead.
[0.001s][warning][gc] -XX:+PrintGCDetails is deprecated. Will use -Xlog:gc* instead.
[0.001s][warning][gc] -Xloggc is deprecated. Will use -Xlog:gc:artifacts/gc.log instead.
[0.001s][warning][gc] -XX:+PrintGCDetails is deprecated. Will use -Xlog:gc* instead.
[0.000s][warning][gc] -Xloggc is deprecated. Will use -Xlog:gc:artifacts/gc.log instead.
[0.001s][warning][gc] -XX:+PrintGCDetails is deprecated. Will use -Xlog:gc* instead.
[0.000s][warning][gc] -Xloggc is deprecated. Will use -Xlog:gc:artifacts/gc.log instead.
[0.001s][warning][gc] -XX:+PrintGCDetails is deprecated. Will use -Xlog:gc* instead.
[0.000s][warning][gc] -Xloggc is deprecated. Will use -Xlog:gc:artifacts/gc.log instead.
[0.001s][warning][gc] -XX:+PrintGCDetails is deprecated. Will use -Xlog:gc* instead.
[0.000s][warning][gc] -Xloggc is deprecated. Will use -Xlog:gc:artifacts/gc.log instead.
[0.001s][warning][gc] -XX:+PrintGCDetails is deprecated. Will use -Xlog:gc* instead.
[0.000s][warning][gc] -Xloggc is deprecated. Will use -Xlog:gc:artifacts/gc.log instead.
[0.001s][warning][gc] -XX:+PrintGCDetails is deprecated. Will use -Xlog:gc* instead.
[0.000s][warning][gc] -Xloggc is deprecated. Will use -Xlog:gc:artifacts/gc.log instead.
[0.001s][warning][gc] -XX:+PrintGCDetails is deprecated. Will use -Xlog:gc* instead.
[0.000s][warning][gc] -Xloggc is deprecated. Will use -Xlog:gc:artifacts/gc.log instead.
[0.001s][warning][gc] -XX:+PrintGCDetails is deprecated. Will use -Xlog:gc* instead.
[0.000s][warning][gc] -Xloggc is deprecated. Will use -Xlog:gc:artifacts/gc.log instead.
[0.000s][warning][gc] -XX:+PrintGCDetails is deprecated. Will use -Xlog:gc* instead.
[0.001s][warning][gc] -Xloggc is deprecated. Will use -Xlog:gc:artifacts/gc.log instead.
[0.001s][warning][gc] -XX:+PrintGCDetails is deprecated. Will use -Xlog:gc* instead.
[0.000s][warning][gc] -Xloggc is deprecated. Will use -Xlog:gc:artifacts/gc.log instead.
[0.000s][warning][gc] -XX:+PrintGCDetails is deprecated. Will use -Xlog:gc* instead.
[0.001s][warning][gc] -Xloggc is deprecated. Will use -Xlog:gc:artifacts/gc.log instead.
[0.001s][warning][gc] -XX:+PrintGCDetails is deprecated. Will use -Xlog:gc* instead.
[0.000s][warning][gc] -Xloggc is deprecated. Will use -Xlog:gc:artifacts/gc.log instead.
[0.001s][warning][gc] -XX:+PrintGCDetails is deprecated. Will use -Xlog:gc* instead.
[0.001s][warning][gc] -Xloggc is deprecated. Will use -Xlog:gc:artifacts/gc.log instead.
[0.001s][warning][gc] -XX:+PrintGCDetails is deprecated. Will use -Xlog:gc* instead.
[0.000s][warning][gc] -Xloggc is deprecated. Will use -Xlog:gc:artifacts/gc.log instead.
[0.000s][warning][gc] -XX:+PrintGCDetails is deprecated. Will use -Xlog:gc* instead.
[0.001s][warning][gc] -Xloggc is deprecated. Will use -Xlog:gc:artifacts/gc.log instead.
[0.001s][warning][gc] -XX:+PrintGCDetails is deprecated. Will use -Xlog:gc* instead.
[0.000s][warning][gc] -Xloggc is deprecated. Will use -Xlog:gc:artifacts/gc.log instead.
[0.001s][warning][gc] -XX:+PrintGCDetails is deprecated. Will use -Xlog:gc* instead.
[0.000s][warning][gc] -Xloggc is deprecated. Will use -Xlog:gc:artifacts/gc.log instead.
[0.001s][warning][gc] -XX:+PrintGCDetails is deprecated. Will use -Xlog:gc* instead.
[0.000s][warning][gc] -Xloggc is deprecated. Will use -Xlog:gc:artifacts/gc.log instead.
[0.000s][warning][gc] -XX:+PrintGCDetails is deprecated. Will use -Xlog:gc* instead.
[0.000s][warning][gc] -Xloggc is deprecated. Will use -Xlog:gc:artifacts/gc.log instead.
[0.000s][warning][gc] -XX:+PrintGCDetails is deprecated. Will use -Xlog:gc* instead.
[0.000s][warning][gc] -Xloggc is deprecated. Will use -Xlog:gc:artifacts/gc.log instead.
[0.000s][warning][gc] -XX:+PrintGCDetails is deprecated. Will use -Xlog:gc* instead.
[0.000s][warning][gc] -Xloggc is deprecated. Will use -Xlog:gc:artifacts/gc.log instead.
[0.001s][warning][gc] -XX:+PrintGCDetails is deprecated. Will use -Xlog:gc* instead.
[0.000s][warning][gc] -Xloggc is deprecated. Will use -Xlog:gc:artifacts/gc.log instead.
[0.001s][warning][gc] -XX:+PrintGCDetails is deprecated. Will use -Xlog:gc* instead.
[0.000s][warning][gc] -Xloggc is deprecated. Will use -Xlog:gc:artifacts/gc.log instead.
[0.000s][warning][gc] -XX:+PrintGCDetails is deprecated. Will use -Xlog:gc* instead.
[0.000s][warning][gc] -Xloggc is deprecated. Will use -Xlog:gc:artifacts/gc.log instead.
[0.001s][warning][gc] -XX:+PrintGCDetails is deprecated. Will use -Xlog:gc* instead.
[0.000s][warning][gc] -Xloggc is deprecated. Will use -Xlog:gc:artifacts/gc.log instead.
[0.001s][warning][gc] -XX:+PrintGCDetails is deprecated. Will use -Xlog:gc* instead.
[0.000s][warning][gc] -Xloggc is deprecated. Will use -Xlog:gc:artifacts/gc.log instead.
[0.000s][warning][gc] -XX:+PrintGCDetails is deprecated. Will use -Xlog:gc* instead.
[0.000s][warning][gc] -Xloggc is deprecated. Will use -Xlog:gc:artifacts/gc.log instead.
[0.001s][warning][gc] -XX:+PrintGCDetails is deprecated. Will use -Xlog:gc* instead.
[0.000s][warning][gc] -Xloggc is deprecated. Will use -Xlog:gc:artifacts/gc.log instead.
[0.001s][warning][gc] -XX:+PrintGCDetails is deprecated. Will use -Xlog:gc* instead.
[0.000s][warning][gc] -Xloggc is deprecated. Will use -Xlog:gc:artifacts/gc.log instead.
[0.001s][warning][gc] -XX:+PrintGCDetails is deprecated. Will use -Xlog:gc* instead.
[0.000s][warning][gc] -Xloggc is deprecated. Will use -Xlog:gc:artifacts/gc.log instead.
[0.001s][warning][gc] -XX:+PrintGCDetails is deprecated. Will use -Xlog:gc* instead.
[0.000s][warning][gc] -Xloggc is deprecated. Will use -Xlog:gc:artifacts/gc.log instead.
[0.000s][warning][gc] -XX:+PrintGCDetails is deprecated. Will use -Xlog:gc* instead.
[0.000s][warning][gc] -Xloggc is deprecated. Will use -Xlog:gc:artifacts/gc.log instead.
[0.001s][warning][gc] -XX:+PrintGCDetails is deprecated. Will use -Xlog:gc* instead.
[0.000s][warning][gc] -Xloggc is deprecated. Will use -Xlog:gc:artifacts/gc.log instead.
[0.001s][warning][gc] -XX:+PrintGCDetails is deprecated. Will use -Xlog:gc* instead.
[0.000s][warning][gc] -Xloggc is deprecated. Will use -Xlog:gc:artifacts/gc.log instead.
[0.001s][warning][gc] -XX:+PrintGCDetails is deprecated. Will use -Xlog:gc* instead.
[0.001s][warning][gc] -Xloggc is deprecated. Will use -Xlog:gc:artifacts/gc.log instead.
[0.001s][warning][gc] -XX:+PrintGCDetails is deprecated. Will use -Xlog:gc* instead.
[0.001s][warning][gc] -Xloggc is deprecated. Will use -Xlog:gc:artifacts/gc.log instead.
[0.001s][warning][gc] -XX:+PrintGCDetails is deprecated. Will use -Xlog:gc* instead.
[0.001s][warning][gc] -Xloggc is deprecated. Will use -Xlog:gc:artifacts/gc.log instead.
[0.001s][warning][gc] -XX:+PrintGCDetails is deprecated. Will use -Xlog:gc* instead.
[0.000s][warning][gc] -Xloggc is deprecated. Will use -Xlog:gc:artifacts/gc.log instead.
[0.001s][warning][gc] -XX:+PrintGCDetails is deprecated. Will use -Xlog:gc* instead.
[0.000s][warning][gc] -Xloggc is deprecated. Will use -Xlog:gc:artifacts/gc.log instead.
[0.001s][warning][gc] -XX:+PrintGCDetails is deprecated. Will use -Xlog:gc* instead.
[0.001s][warning][gc] -Xloggc is deprecated. Will use -Xlog:gc:artifacts/gc.log instead.
[0.001s][warning][gc] -XX:+PrintGCDetails is deprecated. Will use -Xlog:gc* instead.
[0.000s][warning][gc] -Xloggc is deprecated. Will use -Xlog:gc:artifacts/gc.log instead.
[0.001s][warning][gc] -XX:+PrintGCDetails is deprecated. Will use -Xlog:gc* instead.
[0.000s][warning][gc] -Xloggc is deprecated. Will use -Xlog:gc:artifacts/gc.log instead.
[0.001s][warning][gc] -XX:+PrintGCDetails is deprecated. Will use -Xlog:gc* instead.
[0.000s][warning][gc] -Xloggc is deprecated. Will use -Xlog:gc:artifacts/gc.log instead.
[0.001s][warning][gc] -XX:+PrintGCDetails is deprecated. Will use -Xlog:gc* instead.
[0.000s][warning][gc] -Xloggc is deprecated. Will use -Xlog:gc:artifacts/gc.log instead.
[0.001s][warning][gc] -XX:+PrintGCDetails is deprecated. Will use -Xlog:gc* instead.
[0.000s][warning][gc] -Xloggc is deprecated. Will use -Xlog:gc:artifacts/gc.log instead.
[0.001s][warning][gc] -XX:+PrintGCDetails is deprecated. Will use -Xlog:gc* instead.
[0.001s][warning][gc] -Xloggc is deprecated. Will use -Xlog:gc:artifacts/gc.log instead.
[0.001s][warning][gc] -XX:+PrintGCDetails is deprecated. Will use -Xlog:gc* instead.
[0.000s][warning][gc] -Xloggc is deprecated. Will use -Xlog:gc:artifacts/gc.log instead.
[0.001s][warning][gc] -XX:+PrintGCDetails is deprecated. Will use -Xlog:gc* instead.
[0.000s][warning][gc] -Xloggc is deprecated. Will use -Xlog:gc:artifacts/gc.log instead.
[0.000s][warning][gc] -XX:+PrintGCDetails is deprecated. Will use -Xlog:gc* instead.
[0.000s][warning][gc] -Xloggc is deprecated. Will use -Xlog:gc:artifacts/gc.log instead.
[0.001s][warning][gc] -XX:+PrintGCDetails is deprecated. Will use -Xlog:gc* instead.
[0.000s][warning][gc] -Xloggc is deprecated. Will use -Xlog:gc:artifacts/gc.log instead.
[0.001s][warning][gc] -XX:+PrintGCDetails is deprecated. Will use -Xlog:gc* instead.
[0.000s][warning][gc] -Xloggc is deprecated. Will use -Xlog:gc:artifacts/gc.log instead.
[0.000s][warning][gc] -XX:+PrintGCDetails is deprecated. Will use -Xlog:gc* instead.
[0.000s][warning][gc] -Xloggc is deprecated. Will use -Xlog:gc:artifacts/gc.log instead.
[0.001s][warning][gc] -XX:+PrintGCDetails is deprecated. Will use -Xlog:gc* instead.
[0.000s][warning][gc] -Xloggc is deprecated. Will use -Xlog:gc:artifacts/gc.log instead.
[0.000s][warning][gc] -XX:+PrintGCDetails is deprecated. Will use -Xlog:gc* instead.
[0.000s][warning][gc] -Xloggc is deprecated. Will use -Xlog:gc:artifacts/gc.log instead.
[0.001s][warning][gc] -XX:+PrintGCDetails is deprecated. Will use -Xlog:gc* instead.
[0.000s][warning][gc] -Xloggc is deprecated. Will use -Xlog:gc:artifacts/gc.log instead.
[0.001s][warning][gc] -XX:+PrintGCDetails is deprecated. Will use -Xlog:gc* instead.
[0.000s][warning][gc] -Xloggc is deprecated. Will use -Xlog:gc:artifacts/gc.log instead.
[0.001s][warning][gc] -XX:+PrintGCDetails is deprecated. Will use -Xlog:gc* instead.
[0.001s][warning][gc] -Xloggc is deprecated. Will use -Xlog:gc:artifacts/gc.log instead.
[0.001s][warning][gc] -XX:+PrintGCDetails is deprecated. Will use -Xlog:gc* instead.
[0.000s][warning][gc] -Xloggc is deprecated. Will use -Xlog:gc:artifacts/gc.log instead.
[0.001s][warning][gc] -XX:+PrintGCDetails is deprecated. Will use -Xlog:gc* instead.
[0.000s][warning][gc] -Xloggc is deprecated. Will use -Xlog:gc:artifacts/gc.log instead.
[0.001s][warning][gc] -XX:+PrintGCDetails is deprecated. Will use -Xlog:gc* instead.
[0.000s][warning][gc] -Xloggc is deprecated. Will use -Xlog:gc:artifacts/gc.log instead.
[0.000s][warning][gc] -XX:+PrintGCDetails is deprecated. Will use -Xlog:gc* instead.
[0.000s][warning][gc] -Xloggc is deprecated. Will use -Xlog:gc:artifacts/gc.log instead.
[0.001s][warning][gc] -XX:+PrintGCDetails is deprecated. Will use -Xlog:gc* instead.
[0.000s][warning][gc] -Xloggc is deprecated. Will use -Xlog:gc:artifacts/gc.log instead.
[0.001s][warning][gc] -XX:+PrintGCDetails is deprecated. Will use -Xlog:gc* instead.
[0.000s][warning][gc] -Xloggc is deprecated. Will use -Xlog:gc:artifacts/gc.log instead.
[0.000s][warning][gc] -XX:+PrintGCDetails is deprecated. Will use -Xlog:gc* instead.
[0.000s][warning][gc] -Xloggc is deprecated. Will use -Xlog:gc:artifacts/gc.log instead.
[0.001s][warning][gc] -XX:+PrintGCDetails is deprecated. Will use -Xlog:gc* instead.
[0.000s][warning][gc] -Xloggc is deprecated. Will use -Xlog:gc:artifacts/gc.log instead.
[0.000s][warning][gc] -XX:+PrintGCDetails is deprecated. Will use -Xlog:gc* instead.
[0.000s][warning][gc] -Xloggc is deprecated. Will use -Xlog:gc:artifacts/gc.log instead.
[0.001s][warning][gc] -XX:+PrintGCDetails is deprecated. Will use -Xlog:gc* instead.
[0.000s][warning][gc] -Xloggc is deprecated. Will use -Xlog:gc:artifacts/gc.log instead.
[0.001s][warning][gc] -XX:+PrintGCDetails is deprecated. Will use -Xlog:gc* instead.
[0.000s][warning][gc] -Xloggc is deprecated. Will use -Xlog:gc:artifacts/gc.log instead.
[0.000s][warning][gc] -XX:+PrintGCDetails is deprecated. Will use -Xlog:gc* instead.
[0.000s][warning][gc] -Xloggc is deprecated. Will use -Xlog:gc:artifacts/gc.log instead.
[0.001s][warning][gc] -XX:+PrintGCDetails is deprecated. Will use -Xlog:gc* instead.
[0.000s][warning][gc] -Xloggc is deprecated. Will use -Xlog:gc:artifacts/gc.log instead.
[0.001s][warning][gc] -XX:+PrintGCDetails is deprecated. Will use -Xlog:gc* instead.
[0.001s][warning][gc] -Xloggc is deprecated. Will use -Xlog:gc:artifacts/gc.log instead.
[0.002s][warning][gc] -XX:+PrintGCDetails is deprecated. Will use -Xlog:gc* instead.
[0.000s][warning][gc] -Xloggc is deprecated. Will use -Xlog:gc:artifacts/gc.log instead.
[0.000s][warning][gc] -XX:+PrintGCDetails is deprecated. Will use -Xlog:gc* instead.
[0.000s][warning][gc] -Xloggc is deprecated. Will use -Xlog:gc:artifacts/gc.log instead.
[0.001s][warning][gc] -XX:+PrintGCDetails is deprecated. Will use -Xlog:gc* instead.
[0.001s][warning][gc] -Xloggc is deprecated. Will use -Xlog:gc:artifacts/gc.log instead.
[0.001s][warning][gc] -XX:+PrintGCDetails is deprecated. Will use -Xlog:gc* instead.
[0.000s][warning][gc] -Xloggc is deprecated. Will use -Xlog:gc:artifacts/gc.log instead.
[0.000s][warning][gc] -XX:+PrintGCDetails is deprecated. Will use -Xlog:gc* instead.
[0.000s][warning][gc] -Xloggc is deprecated. Will use -Xlog:gc:artifacts/gc.log instead.
[0.001s][warning][gc] -XX:+PrintGCDetails is deprecated. Will use -Xlog:gc* instead.
[0.000s][warning][gc] -Xloggc is deprecated. Will use -Xlog:gc:artifacts/gc.log instead.
[0.000s][warning][gc] -XX:+PrintGCDetails is deprecated. Will use -Xlog:gc* instead.
[0.000s][warning][gc] -Xloggc is deprecated. Will use -Xlog:gc:artifacts/gc.log instead.
[0.001s][warning][gc] -XX:+PrintGCDetails is deprecated. Will use -Xlog:gc* instead.
[0.001s][warning][gc] -Xloggc is deprecated. Will use -Xlog:gc:artifacts/gc.log instead.
[0.001s][warning][gc] -XX:+PrintGCDetails is deprecated. Will use -Xlog:gc* instead.
[0.001s][warning][gc] -Xloggc is deprecated. Will use -Xlog:gc:artifacts/gc.log instead.
[0.001s][warning][gc] -XX:+PrintGCDetails is deprecated. Will use -Xlog:gc* instead.
[0.001s][warning][gc] -Xloggc is deprecated. Will use -Xlog:gc:artifacts/gc.log instead.
[0.001s][warning][gc] -XX:+PrintGCDetails is deprecated. Will use -Xlog:gc* instead.
[0.000s][warning][gc] -Xloggc is deprecated. Will use -Xlog:gc:artifacts/gc.log instead.
[0.001s][warning][gc] -XX:+PrintGCDetails is deprecated. Will use -Xlog:gc* instead.
[0.001s][warning][gc] -Xloggc is deprecated. Will use -Xlog:gc:artifacts/gc.log instead.
[0.007s][warning][gc] -XX:+PrintGCDetails is deprecated. Will use -Xlog:gc* instead.
[0.000s][warning][gc] -Xloggc is deprecated. Will use -Xlog:gc:artifacts/gc.log instead.
[0.001s][warning][gc] -XX:+PrintGCDetails is deprecated. Will use -Xlog:gc* instead.
[0.000s][warning][gc] -Xloggc is deprecated. Will use -Xlog:gc:artifacts/gc.log instead.
[0.001s][warning][gc] -XX:+PrintGCDetails is deprecated. Will use -Xlog:gc* instead.
[0.000s][warning][gc] -Xloggc is deprecated. Will use -Xlog:gc:artifacts/gc.log instead.
[0.001s][warning][gc] -XX:+PrintGCDetails is deprecated. Will use -Xlog:gc* instead.
[0.000s][warning][gc] -Xloggc is deprecated. Will use -Xlog:gc:artifacts/gc.log instead.
[0.001s][warning][gc] -XX:+PrintGCDetails is deprecated. Will use -Xlog:gc* instead.
[0.001s][warning][gc] -Xloggc is deprecated. Will use -Xlog:gc:artifacts/gc.log instead.
[0.001s][warning][gc] -XX:+PrintGCDetails is deprecated. Will use -Xlog:gc* instead.
[0.000s][warning][gc] -Xloggc is deprecated. Will use -Xlog:gc:artifacts/gc.log instead.
[0.001s][warning][gc] -XX:+PrintGCDetails is deprecated. Will use -Xlog:gc* instead.
[0.001s][warning][gc] -Xloggc is deprecated. Will use -Xlog:gc:artifacts/gc.log instead.
[0.001s][warning][gc] -XX:+PrintGCDetails is deprecated. Will use -Xlog:gc* instead.
[0.000s][warning][gc] -Xloggc is deprecated. Will use -Xlog:gc:artifacts/gc.log instead.
[0.001s][warning][gc] -XX:+PrintGCDetails is deprecated. Will use -Xlog:gc* instead.
[0.001s][warning][gc] -Xloggc is deprecated. Will use -Xlog:gc:artifacts/gc.log instead.
[0.001s][warning][gc] -XX:+PrintGCDetails is deprecated. Will use -Xlog:gc* instead.
[0.001s][warning][gc] -Xloggc is deprecated. Will use -Xlog:gc:artifacts/gc.log instead.
[0.001s][warning][gc] -XX:+PrintGCDetails is deprecated. Will use -Xlog:gc* instead.
[0.001s][warning][gc] -Xloggc is deprecated. Will use -Xlog:gc:artifacts/gc.log instead.
[0.001s][warning][gc] -XX:+PrintGCDetails is deprecated. Will use -Xlog:gc* instead.
[0.000s][warning][gc] -Xloggc is deprecated. Will use -Xlog:gc:artifacts/gc.log instead.
[0.001s][warning][gc] -XX:+PrintGCDetails is deprecated. Will use -Xlog:gc* instead.
[0.000s][warning][gc] -Xloggc is deprecated. Will use -Xlog:gc:artifacts/gc.log instead.
[0.001s][warning][gc] -XX:+PrintGCDetails is deprecated. Will use -Xlog:gc* instead.
[0.000s][warning][gc] -Xloggc is deprecated. Will use -Xlog:gc:artifacts/gc.log instead.
[0.001s][warning][gc] -XX:+PrintGCDetails is deprecated. Will use -Xlog:gc* instead.
[0.000s][warning][gc] -Xloggc is deprecated. Will use -Xlog:gc:artifacts/gc.log instead.
[0.001s][warning][gc] -XX:+PrintGCDetails is deprecated. Will use -Xlog:gc* instead.
[0.000s][warning][gc] -Xloggc is deprecated. Will use -Xlog:gc:artifacts/gc.log instead.
[0.000s][warning][gc] -XX:+PrintGCDetails is deprecated. Will use -Xlog:gc* instead.
[0.000s][warning][gc] -Xloggc is deprecated. Will use -Xlog:gc:artifacts/gc.log instead.
[0.000s][warning][gc] -XX:+PrintGCDetails is deprecated. Will use -Xlog:gc* instead.
[0.000s][warning][gc] -Xloggc is deprecated. Will use -Xlog:gc:artifacts/gc.log instead.
[0.000s][warning][gc] -XX:+PrintGCDetails is deprecated. Will use -Xlog:gc* instead.
[0.000s][warning][gc] -Xloggc is deprecated. Will use -Xlog:gc:artifacts/gc.log instead.
[0.001s][warning][gc] -XX:+PrintGCDetails is deprecated. Will use -Xlog:gc* instead.
[0.001s][warning][gc] -Xloggc is deprecated. Will use -Xlog:gc:artifacts/gc.log instead.
[0.001s][warning][gc] -XX:+PrintGCDetails is deprecated. Will use -Xlog:gc* instead.
[0.001s][warning][gc] -Xloggc is deprecated. Will use -Xlog:gc:artifacts/gc.log instead.
[0.001s][warning][gc] -XX:+PrintGCDetails is deprecated. Will use -Xlog:gc* instead.
[0.000s][warning][gc] -Xloggc is deprecated. Will use -Xlog:gc:artifacts/gc.log instead.
[0.001s][warning][gc] -XX:+PrintGCDetails is deprecated. Will use -Xlog:gc* instead.
[0.000s][warning][gc] -Xloggc is deprecated. Will use -Xlog:gc:artifacts/gc.log instead.
[0.001s][warning][gc] -XX:+PrintGCDetails is deprecated. Will use -Xlog:gc* instead.
[0.000s][warning][gc] -Xloggc is deprecated. Will use -Xlog:gc:artifacts/gc.log instead.
[0.001s][warning][gc] -XX:+PrintGCDetails is deprecated. Will use -Xlog:gc* instead.
[0.001s][warning][gc] -Xloggc is deprecated. Will use -Xlog:gc:artifacts/gc.log instead.
[0.001s][warning][gc] -XX:+PrintGCDetails is deprecated. Will use -Xlog:gc* instead.
[0.001s][warning][gc] -Xloggc is deprecated. Will use -Xlog:gc:artifacts/gc.log instead.
[0.001s][warning][gc] -XX:+PrintGCDetails is deprecated. Will use -Xlog:gc* instead.
[0.000s][warning][gc] -Xloggc is deprecated. Will use -Xlog:gc:artifacts/gc.log instead.
[0.000s][warning][gc] -XX:+PrintGCDetails is deprecated. Will use -Xlog:gc* instead.
[0.000s][warning][gc] -Xloggc is deprecated. Will use -Xlog:gc:artifacts/gc.log instead.
[0.001s][warning][gc] -XX:+PrintGCDetails is deprecated. Will use -Xlog:gc* instead.
[0.000s][warning][gc] -Xloggc is deprecated. Will use -Xlog:gc:artifacts/gc.log instead.
[0.001s][warning][gc] -XX:+PrintGCDetails is deprecated. Will use -Xlog:gc* instead.
[0.000s][warning][gc] -Xloggc is deprecated. Will use -Xlog:gc:artifacts/gc.log instead.
[0.000s][warning][gc] -XX:+PrintGCDetails is deprecated. Will use -Xlog:gc* instead.
[0.000s][warning][gc] -Xloggc is deprecated. Will use -Xlog:gc:artifacts/gc.log instead.
[0.001s][warning][gc] -XX:+PrintGCDetails is deprecated. Will use -Xlog:gc* instead.
[0.001s][warning][gc] -Xloggc is deprecated. Will use -Xlog:gc:artifacts/gc.log instead.
[0.001s][warning][gc] -XX:+PrintGCDetails is deprecated. Will use -Xlog:gc* instead.
[0.001s][warning][gc] -Xloggc is deprecated. Will use -Xlog:gc:artifacts/gc.log instead.
[0.001s][warning][gc] -XX:+PrintGCDetails is deprecated. Will use -Xlog:gc* instead.
[0.000s][warning][gc] -Xloggc is deprecated. Will use -Xlog:gc:artifacts/gc.log instead.
[0.001s][warning][gc] -XX:+PrintGCDetails is deprecated. Will use -Xlog:gc* instead.
[0.000s][warning][gc] -Xloggc is deprecated. Will use -Xlog:gc:artifacts/gc.log instead.
[0.000s][warning][gc] -XX:+PrintGCDetails is deprecated. Will use -Xlog:gc* instead.
[0.000s][warning][gc] -Xloggc is deprecated. Will use -Xlog:gc:artifacts/gc.log instead.
[0.001s][warning][gc] -XX:+PrintGCDetails is deprecated. Will use -Xlog:gc* instead.
[0.001s][warning][gc] -Xloggc is deprecated. Will use -Xlog:gc:artifacts/gc.log instead.
[0.001s][warning][gc] -XX:+PrintGCDetails is deprecated. Will use -Xlog:gc* instead.
[0.001s][warning][gc] -Xloggc is deprecated. Will use -Xlog:gc:artifacts/gc.log instead.
[0.001s][warning][gc] -XX:+PrintGCDetails is deprecated. Will use -Xlog:gc* instead.
[0.001s][warning][gc] -Xloggc is deprecated. Will use -Xlog:gc:artifacts/gc.log instead.
[0.001s][warning][gc] -XX:+PrintGCDetails is deprecated. Will use -Xlog:gc* instead.
[0.000s][warning][gc] -Xloggc is deprecated. Will use -Xlog:gc:artifacts/gc.log instead.
[0.001s][warning][gc] -XX:+PrintGCDetails is deprecated. Will use -Xlog:gc* instead.
[0.000s][warning][gc] -Xloggc is deprecated. Will use -Xlog:gc:artifacts/gc.log instead.
[0.000s][warning][gc] -XX:+PrintGCDetails is deprecated. Will use -Xlog:gc* instead.
