[0.067s][info][gc,init] CardTable entry size: 512
[0.069s][info][gc     ] Using G1
[0.074s][info][gc,init] Version: 21.0.8+9-LTS (release)
[0.074s][info][gc,init] CPUs: 14 total, 14 available
[0.075s][info][gc,init] Memory: 15750M
[0.075s][info][gc,init] Large Page Support: Disabled
[0.075s][info][gc,init] NUMA Support: Disabled
[0.076s][info][gc,init] Compressed Oops: Enabled (32-bit)
[0.076s][info][gc,init] Heap Region Size: 1M
[0.076s][info][gc,init] Heap Min Capacity: 8M
[0.077s][info][gc,init] Heap Initial Capacity: 248M
[0.077s][info][gc,init] Heap Max Capacity: 768M
[0.077s][info][gc,init] Pre-touch: Disabled
[0.078s][info][gc,init] Parallel Workers: 11
[0.078s][info][gc,init] Concurrent Workers: 3
[0.078s][info][gc,init] Concurrent Refinement Workers: 11
[0.079s][info][gc,init] Periodic GC: Disabled
[0.087s][info][gc,metaspace] CDS archive(s) mapped at: [0x00007ca977000000-0x00007ca977bb2000-0x00007ca977bb2000), size 12263424, SharedBaseAddress: 0x00007ca977000000, ArchiveRelocationMode: 1.
[0.087s][info][gc,metaspace] Compressed class space mapped at: 0x00007ca978000000-0x00007ca9b8000000, reserved size: 1073741824
[0.088s][info][gc,metaspace] Narrow klass base: 0x00007ca977000000, Narrow klass shift: 0, Narrow klass range: 0x100000000
[1.204s][info][gc,start    ] GC(0) Pause Young (Normal) (G1 Evacuation Pause)
[1.207s][info][gc,task     ] GC(0) Using 5 workers of 11 for evacuation
[1.217s][info][gc,phases   ] GC(0)   Pre Evacuate Collection Set: 0.4ms
[1.218s][info][gc,phases   ] GC(0)   Merge Heap Roots: 0.3ms
[1.219s][info][gc,phases   ] GC(0)   Evacuate Collection Set: 5.4ms
[1.219s][info][gc,phases   ] GC(0)   Post Evacuate Collection Set: 1.5ms
[1.220s][info][gc,phases   ] GC(0)   Other: 3.5ms
[1.220s][info][gc,heap     ] GC(0) Eden regions: 23->0(37)
[1.221s][info][gc,heap     ] GC(0) Survivor regions: 0->3(3)
[1.222s][info][gc,heap     ] GC(0) Old regions: 1->2
[1.222s][info][gc,heap     ] GC(0) Humongous regions: 5->4
[1.223s][info][gc,metaspace] GC(0) Metaspace: 7971K(8128K)->7971K(8128K) NonClass: 7083K(7168K)->7083K(7168K) Class: 887K(960K)->887K(960K)
[1.227s][info][gc          ] GC(0) Pause Young (Normal) (G1 Evacuation Pause) 28M->8M(249M) 23.354ms
[1.228s][info][gc,cpu      ] GC(0) User=0.02s Sys=0.01s Real=0.03s
[2.517s][info][gc,start    ] GC(1) Pause Young (Normal) (G1 Evacuation Pause)
[2.517s][info][gc,task     ] GC(1) Using 5 workers of 11 for evacuation
[2.528s][info][gc,phases   ] GC(1)   Pre Evacuate Collection Set: 0.6ms
[2.529s][info][gc,phases   ] GC(1)   Merge Heap Roots: 0.6ms
[2.529s][info][gc,phases   ] GC(1)   Evacuate Collection Set: 5.8ms
[2.530s][info][gc,phases   ] GC(1)   Post Evacuate Collection Set: 3.2ms
[2.530s][info][gc,phases   ] GC(1)   Other: 0.8ms
[2.530s][info][gc,heap     ] GC(1) Eden regions: 37->0(93)
[2.530s][info][gc,heap     ] GC(1) Survivor regions: 3->5(5)
[2.531s][info][gc,heap     ] GC(1) Old regions: 2->5
[2.531s][info][gc,heap     ] GC(1) Humongous regions: 4->4
[2.532s][info][gc,metaspace] GC(1) Metaspace: 19404K(19712K)->19404K(19712K) NonClass: 17122K(17280K)->17122K(17280K) Class: 2281K(2432K)->2281K(2432K)
[2.532s][info][gc          ] GC(1) Pause Young (Normal) (G1 Evacuation Pause) 45M->13M(249M) 15.041ms
[2.532s][info][gc,cpu      ] GC(1) User=0.05s Sys=0.00s Real=0.01s
[2.788s][info][gc,start    ] GC(2) Pause Young (Concurrent Start) (Metadata GC Threshold)
[2.789s][info][gc,task     ] GC(2) Using 5 workers of 11 for evacuation
[2.794s][info][gc,phases   ] GC(2)   Pre Evacuate Collection Set: 0.4ms
[2.794s][info][gc,phases   ] GC(2)   Merge Heap Roots: 0.1ms
[2.795s][info][gc,phases   ] GC(2)   Evacuate Collection Set: 2.9ms
[2.795s][info][gc,phases   ] GC(2)   Post Evacuate Collection Set: 1.3ms
[2.796s][info][gc,phases   ] GC(2)   Other: 0.6ms
[2.796s][info][gc,heap     ] GC(2) Eden regions: 7->0(143)
[2.796s][info][gc,heap     ] GC(2) Survivor regions: 5->5(13)
[2.797s][info][gc,heap     ] GC(2) Old regions: 5->5
[2.797s][info][gc,heap     ] GC(2) Humongous regions: 4->4
[2.797s][info][gc,metaspace] GC(2) Metaspace: 21209K(21504K)->21209K(21504K) NonClass: 18701K(18816K)->18701K(18816K) Class: 2508K(2688K)->2508K(2688K)
[2.798s][info][gc          ] GC(2) Pause Young (Concurrent Start) (Metadata GC Threshold) 20M->13M(249M) 9.593ms
[2.798s][info][gc,cpu      ] GC(2) User=0.02s Sys=0.00s Real=0.01s
[2.798s][info][gc          ] GC(3) Concurrent Mark Cycle
[2.799s][info][gc,marking  ] GC(3) Concurrent Scan Root Regions
[2.804s][info][gc,marking  ] GC(3) Concurrent Scan Root Regions 4.715ms
[2.804s][info][gc,marking  ] GC(3) Concurrent Mark
[2.805s][info][gc,marking  ] GC(3) Concurrent Mark From Roots
[2.805s][info][gc,task     ] GC(3) Using 3 workers of 3 for marking
[2.809s][info][gc,marking  ] GC(3) Concurrent Mark From Roots 4.712ms
[2.810s][info][gc,marking  ] GC(3) Concurrent Preclean
[2.810s][info][gc,marking  ] GC(3) Concurrent Preclean 0.588ms
[2.811s][info][gc,start    ] GC(3) Pause Remark
[2.814s][info][gc          ] GC(3) Pause Remark 14M->14M(47M) 3.294ms
[2.815s][info][gc,cpu      ] GC(3) User=0.00s Sys=0.00s Real=0.00s
[2.815s][info][gc,marking  ] GC(3) Concurrent Mark 11.047ms
[2.816s][info][gc,marking  ] GC(3) Concurrent Rebuild Remembered Sets and Scrub Regions
[2.818s][info][gc,marking  ] GC(3) Concurrent Rebuild Remembered Sets and Scrub Regions 1.865ms
[2.819s][info][gc,start    ] GC(3) Pause Cleanup
[2.820s][info][gc          ] GC(3) Pause Cleanup 14M->14M(47M) 0.841ms
[2.820s][info][gc,cpu      ] GC(3) User=0.00s Sys=0.00s Real=0.00s
[2.820s][info][gc,marking  ] GC(3) Concurrent Clear Claimed Marks
[2.821s][info][gc,marking  ] GC(3) Concurrent Clear Claimed Marks 0.375ms
[2.821s][info][gc,marking  ] GC(3) Concurrent Cleanup for Next Mark
[2.822s][info][gc,marking  ] GC(3) Concurrent Cleanup for Next Mark 0.946ms
[2.822s][info][gc          ] GC(3) Concurrent Mark Cycle 24.312ms
[3.491s][info][gc,start    ] GC(4) Pause Young (Prepare Mixed) (G1 Evacuation Pause)
[3.492s][info][gc,task     ] GC(4) Using 10 workers of 11 for evacuation
[3.524s][info][gc,phases   ] GC(4)   Pre Evacuate Collection Set: 0.8ms
[3.525s][info][gc,phases   ] GC(4)   Merge Heap Roots: 0.1ms
[3.525s][info][gc,phases   ] GC(4)   Evacuate Collection Set: 22.6ms
[3.526s][info][gc,phases   ] GC(4)   Post Evacuate Collection Set: 7.8ms
[3.526s][info][gc,phases   ] GC(4)   Other: 1.0ms
[3.526s][info][gc,heap     ] GC(4) Eden regions: 33->0(24)
[3.527s][info][gc,heap     ] GC(4) Survivor regions: 5->10(19)
[3.527s][info][gc,heap     ] GC(4) Old regions: 5->5
[3.531s][info][gc,heap     ] GC(4) Humongous regions: 4->4
[3.532s][info][gc,metaspace] GC(4) Metaspace: 27954K(28352K)->27954K(28352K) NonClass: 24598K(24832K)->24598K(24832K) Class: 3356K(3520K)->3356K(3520K)
[3.534s][info][gc          ] GC(4) Pause Young (Prepare Mixed) (G1 Evacuation Pause) 46M->18M(57M) 43.097ms
[3.535s][info][gc,cpu      ] GC(4) User=0.08s Sys=0.05s Real=0.04s
[4.093s][info][gc,start    ] GC(5) Pause Young (Mixed) (G1 Evacuation Pause)
[4.094s][info][gc,task     ] GC(5) Using 11 workers of 11 for evacuation
[4.104s][info][gc,phases   ] GC(5)   Pre Evacuate Collection Set: 0.6ms
[4.104s][info][gc,phases   ] GC(5)   Merge Heap Roots: 0.3ms
[4.105s][info][gc,phases   ] GC(5)   Evacuate Collection Set: 5.8ms
[4.105s][info][gc,phases   ] GC(5)   Post Evacuate Collection Set: 2.5ms
[4.106s][info][gc,phases   ] GC(5)   Other: 0.5ms
[4.106s][info][gc,heap     ] GC(5) Eden regions: 24->0(27)
[4.107s][info][gc,heap     ] GC(5) Survivor regions: 10->2(5)
[4.107s][info][gc,heap     ] GC(5) Old regions: 5->14
[4.107s][info][gc,heap     ] GC(5) Humongous regions: 4->4
[4.108s][info][gc,metaspace] GC(5) Metaspace: 32198K(32640K)->32198K(32640K) NonClass: 28316K(28544K)->28316K(28544K) Class: 3881K(4096K)->3881K(4096K)
[4.108s][info][gc          ] GC(5) Pause Young (Mixed) (G1 Evacuation Pause) 42M->19M(57M) 14.441ms
[4.108s][info][gc,cpu      ] GC(5) User=0.05s Sys=0.04s Real=0.02s
[6.407s][info][gc,heap,exit] Heap
[6.407s][info][gc,heap,exit]  garbage-first heap   total 58368K, used 34049K [0x00000000d0000000, 0x0000000100000000)
[6.408s][info][gc,heap,exit]   region size 1024K, 16 young (16384K), 2 survivors (2048K)
[6.408s][info][gc,heap,exit]  Metaspace       used 35435K, committed 35904K, reserved 1114112K
[6.408s][info][gc,heap,exit]   class space    used 4261K, committed 4480K, reserved 1048576K
