[0.064s][info][gc,init] CardTable entry size: 512
[0.065s][info][gc     ] Using G1
[0.069s][info][gc,init] Version: 21.0.8+9-LTS (release)
[0.070s][info][gc,init] CPUs: 14 total, 14 available
[0.070s][info][gc,init] Memory: 15750M
[0.071s][info][gc,init] Large Page Support: Disabled
[0.071s][info][gc,init] NUMA Support: Disabled
[0.071s][info][gc,init] Compressed Oops: Enabled (32-bit)
[0.071s][info][gc,init] Heap Region Size: 1M
[0.072s][info][gc,init] Heap Min Capacity: 8M
[0.072s][info][gc,init] Heap Initial Capacity: 248M
[0.072s][info][gc,init] Heap Max Capacity: 768M
[0.073s][info][gc,init] Pre-touch: Disabled
[0.073s][info][gc,init] Parallel Workers: 11
[0.074s][info][gc,init] Concurrent Workers: 3
[0.074s][info][gc,init] Concurrent Refinement Workers: 11
[0.074s][info][gc,init] Periodic GC: Disabled
[0.083s][info][gc,metaspace] CDS archive(s) mapped at: [0x000072ce7b000000-0x000072ce7bbb2000-0x000072ce7bbb2000), size 12263424, SharedBaseAddress: 0x000072ce7b000000, ArchiveRelocationMode: 1.
[0.083s][info][gc,metaspace] Compressed class space mapped at: 0x000072ce7c000000-0x000072cebc000000, reserved size: 1073741824
[0.084s][info][gc,metaspace] Narrow klass base: 0x000072ce7b000000, Narrow klass shift: 0, Narrow klass range: 0x100000000
[0.864s][info][gc,start    ] GC(0) Pause Young (Normal) (G1 Evacuation Pause)
[0.865s][info][gc,task     ] GC(0) Using 5 workers of 11 for evacuation
[0.869s][info][gc,phases   ] GC(0)   Pre Evacuate Collection Set: 0.2ms
[0.870s][info][gc,phases   ] GC(0)   Merge Heap Roots: 0.2ms
[0.870s][info][gc,phases   ] GC(0)   Evacuate Collection Set: 2.2ms
[0.871s][info][gc,phases   ] GC(0)   Post Evacuate Collection Set: 0.7ms
[0.871s][info][gc,phases   ] GC(0)   Other: 1.7ms
[0.871s][info][gc,heap     ] GC(0) Eden regions: 23->0(38)
[0.871s][info][gc,heap     ] GC(0) Survivor regions: 0->3(3)
[0.872s][info][gc,heap     ] GC(0) Old regions: 1->2
[0.872s][info][gc,heap     ] GC(0) Humongous regions: 5->4
[0.872s][info][gc,metaspace] GC(0) Metaspace: 7925K(8128K)->7925K(8128K) NonClass: 7039K(7168K)->7039K(7168K) Class: 885K(960K)->885K(960K)
[0.873s][info][gc          ] GC(0) Pause Young (Normal) (G1 Evacuation Pause) 28M->8M(249M) 9.152ms
[0.873s][info][gc,cpu      ] GC(0) User=0.01s Sys=0.01s Real=0.01s
[1.929s][info][gc,start    ] GC(1) Pause Young (Normal) (G1 Evacuation Pause)
[1.930s][info][gc,task     ] GC(1) Using 5 workers of 11 for evacuation
[1.941s][info][gc,phases   ] GC(1)   Pre Evacuate Collection Set: 0.4ms
[1.942s][info][gc,phases   ] GC(1)   Merge Heap Roots: 0.2ms
[1.942s][info][gc,phases   ] GC(1)   Evacuate Collection Set: 7.2ms
[1.942s][info][gc,phases   ] GC(1)   Post Evacuate Collection Set: 3.2ms
[1.942s][info][gc,phases   ] GC(1)   Other: 0.4ms
[1.943s][info][gc,heap     ] GC(1) Eden regions: 38->0(93)
[1.943s][info][gc,heap     ] GC(1) Survivor regions: 3->6(6)
[1.943s][info][gc,heap     ] GC(1) Old regions: 2->3
[1.944s][info][gc,heap     ] GC(1) Humongous regions: 4->4
[1.944s][info][gc,metaspace] GC(1) Metaspace: 19412K(19712K)->19412K(19712K) NonClass: 17127K(17280K)->17127K(17280K) Class: 2285K(2432K)->2285K(2432K)
[1.944s][info][gc          ] GC(1) Pause Young (Normal) (G1 Evacuation Pause) 46M->12M(249M) 14.888ms
[1.944s][info][gc,cpu      ] GC(1) User=0.02s Sys=0.03s Real=0.02s
[2.088s][info][gc,start    ] GC(2) Pause Young (Concurrent Start) (Metadata GC Threshold)
[2.089s][info][gc,task     ] GC(2) Using 5 workers of 11 for evacuation
[2.096s][info][gc,phases   ] GC(2)   Pre Evacuate Collection Set: 0.5ms
[2.096s][info][gc,phases   ] GC(2)   Merge Heap Roots: 0.2ms
[2.097s][info][gc,phases   ] GC(2)   Evacuate Collection Set: 4.6ms
[2.097s][info][gc,phases   ] GC(2)   Post Evacuate Collection Set: 1.1ms
[2.097s][info][gc,phases   ] GC(2)   Other: 0.7ms
[2.098s][info][gc,heap     ] GC(2) Eden regions: 6->0(141)
[2.098s][info][gc,heap     ] GC(2) Survivor regions: 6->7(13)
[2.098s][info][gc,heap     ] GC(2) Old regions: 3->3
[2.098s][info][gc,heap     ] GC(2) Humongous regions: 4->4
[2.099s][info][gc,metaspace] GC(2) Metaspace: 21196K(21504K)->21196K(21504K) NonClass: 18687K(18816K)->18687K(18816K) Class: 2508K(2688K)->2508K(2688K)
[2.099s][info][gc          ] GC(2) Pause Young (Concurrent Start) (Metadata GC Threshold) 18M->13M(249M) 10.554ms
[2.099s][info][gc,cpu      ] GC(2) User=0.03s Sys=0.00s Real=0.02s
[2.099s][info][gc          ] GC(3) Concurrent Mark Cycle
[2.100s][info][gc,marking  ] GC(3) Concurrent Scan Root Regions
[2.103s][info][gc,marking  ] GC(3) Concurrent Scan Root Regions 2.967ms
[2.104s][info][gc,marking  ] GC(3) Concurrent Mark
[2.104s][info][gc,marking  ] GC(3) Concurrent Mark From Roots
[2.104s][info][gc,task     ] GC(3) Using 3 workers of 3 for marking
[2.107s][info][gc,marking  ] GC(3) Concurrent Mark From Roots 3.095ms
[2.108s][info][gc,marking  ] GC(3) Concurrent Preclean
[2.108s][info][gc,marking  ] GC(3) Concurrent Preclean 0.466ms
[2.109s][info][gc,start    ] GC(3) Pause Remark
[2.113s][info][gc          ] GC(3) Pause Remark 14M->14M(47M) 4.061ms
[2.113s][info][gc,cpu      ] GC(3) User=0.01s Sys=0.00s Real=0.01s
[2.114s][info][gc,marking  ] GC(3) Concurrent Mark 10.339ms
[2.115s][info][gc,marking  ] GC(3) Concurrent Rebuild Remembered Sets and Scrub Regions
[2.116s][info][gc,marking  ] GC(3) Concurrent Rebuild Remembered Sets and Scrub Regions 1.767ms
[2.117s][info][gc,start    ] GC(3) Pause Cleanup
[2.117s][info][gc          ] GC(3) Pause Cleanup 14M->14M(47M) 0.514ms
[2.118s][info][gc,cpu      ] GC(3) User=0.00s Sys=0.00s Real=0.00s
[2.118s][info][gc,marking  ] GC(3) Concurrent Clear Claimed Marks
[2.119s][info][gc,marking  ] GC(3) Concurrent Clear Claimed Marks 0.425ms
[2.119s][info][gc,marking  ] GC(3) Concurrent Cleanup for Next Mark
[2.120s][info][gc,marking  ] GC(3) Concurrent Cleanup for Next Mark 1.003ms
[2.120s][info][gc          ] GC(3) Concurrent Mark Cycle 21.038ms
[2.881s][info][gc,start    ] GC(4) Pause Young (Prepare Mixed) (G1 Evacuation Pause)
[2.882s][info][gc,task     ] GC(4) Using 10 workers of 11 for evacuation
[2.923s][info][gc,phases   ] GC(4)   Pre Evacuate Collection Set: 1.0ms
[2.924s][info][gc,phases   ] GC(4)   Merge Heap Roots: 0.3ms
[2.927s][info][gc,phases   ] GC(4)   Evacuate Collection Set: 25.7ms
[2.927s][info][gc,phases   ] GC(4)   Post Evacuate Collection Set: 8.4ms
[2.928s][info][gc,phases   ] GC(4)   Other: 5.8ms
[2.929s][info][gc,heap     ] GC(4) Eden regions: 33->0(23)
[2.929s][info][gc,heap     ] GC(4) Survivor regions: 7->13(19)
[2.930s][info][gc,heap     ] GC(4) Old regions: 3->3
[2.930s][info][gc,heap     ] GC(4) Humongous regions: 4->4
[2.931s][info][gc,metaspace] GC(4) Metaspace: 28164K(28608K)->28164K(28608K) NonClass: 24776K(25024K)->24776K(25024K) Class: 3388K(3584K)->3388K(3584K)
[2.931s][info][gc          ] GC(4) Pause Young (Prepare Mixed) (G1 Evacuation Pause) 46M->19M(60M) 50.299ms
[2.931s][info][gc,cpu      ] GC(4) User=0.08s Sys=0.12s Real=0.05s
[3.532s][info][gc,start    ] GC(5) Pause Young (Mixed) (G1 Evacuation Pause)
[3.533s][info][gc,task     ] GC(5) Using 11 workers of 11 for evacuation
[3.557s][info][gc,phases   ] GC(5)   Pre Evacuate Collection Set: 1.4ms
[3.558s][info][gc,phases   ] GC(5)   Merge Heap Roots: 0.4ms
[3.558s][info][gc,phases   ] GC(5)   Evacuate Collection Set: 18.9ms
[3.559s][info][gc,phases   ] GC(5)   Post Evacuate Collection Set: 1.9ms
[3.560s][info][gc,phases   ] GC(5)   Other: 1.6ms
[3.564s][info][gc,heap     ] GC(5) Eden regions: 23->0(28)
[3.564s][info][gc,heap     ] GC(5) Survivor regions: 13->2(5)
[3.564s][info][gc,heap     ] GC(5) Old regions: 3->15
[3.565s][info][gc,heap     ] GC(5) Humongous regions: 4->4
[3.565s][info][gc,metaspace] GC(5) Metaspace: 32314K(32704K)->32314K(32704K) NonClass: 28414K(28608K)->28414K(28608K) Class: 3900K(4096K)->3900K(4096K)
[3.566s][info][gc          ] GC(5) Pause Young (Mixed) (G1 Evacuation Pause) 42M->20M(60M) 33.243ms
[3.566s][info][gc,cpu      ] GC(5) User=0.14s Sys=0.04s Real=0.03s
[5.829s][info][gc,heap,exit] Heap
[5.829s][info][gc,heap,exit]  garbage-first heap   total 61440K, used 33592K [0x00000000d0000000, 0x0000000100000000)
[5.829s][info][gc,heap,exit]   region size 1024K, 15 young (15360K), 2 survivors (2048K)
[5.829s][info][gc,heap,exit]  Metaspace       used 35413K, committed 35840K, reserved 1114112K
[5.830s][info][gc,heap,exit]   class space    used 4264K, committed 4480K, reserved 1048576K
