[0.092s][info][gc,init] CardTable entry size: 512
[0.093s][info][gc     ] Using G1
[0.096s][info][gc,init] Version: 21.0.8+9-LTS (release)
[0.096s][info][gc,init] CPUs: 14 total, 14 available
[0.096s][info][gc,init] Memory: 15750M
[0.097s][info][gc,init] Large Page Support: Disabled
[0.097s][info][gc,init] NUMA Support: Disabled
[0.097s][info][gc,init] Compressed Oops: Enabled (32-bit)
[0.097s][info][gc,init] Heap Region Size: 1M
[0.098s][info][gc,init] Heap Min Capacity: 8M
[0.098s][info][gc,init] Heap Initial Capacity: 248M
[0.098s][info][gc,init] Heap Max Capacity: 768M
[0.098s][info][gc,init] Pre-touch: Disabled
[0.099s][info][gc,init] Parallel Workers: 11
[0.099s][info][gc,init] Concurrent Workers: 3
[0.099s][info][gc,init] Concurrent Refinement Workers: 11
[0.099s][info][gc,init] Periodic GC: Disabled
[0.107s][info][gc,metaspace] CDS archive(s) mapped at: [0x00007cf02f000000-0x00007cf02fbb2000-0x00007cf02fbb2000), size 12263424, SharedBaseAddress: 0x00007cf02f000000, ArchiveRelocationMode: 1.
[0.107s][info][gc,metaspace] Compressed class space mapped at: 0x00007cf030000000-0x00007cf070000000, reserved size: 1073741824
[0.107s][info][gc,metaspace] Narrow klass base: 0x00007cf02f000000, Narrow klass shift: 0, Narrow klass range: 0x100000000
[0.759s][info][gc,start    ] GC(0) Pause Young (Normal) (G1 Evacuation Pause)
[0.760s][info][gc,task     ] GC(0) Using 5 workers of 11 for evacuation
[0.764s][info][gc,phases   ] GC(0)   Pre Evacuate Collection Set: 0.2ms
[0.765s][info][gc,phases   ] GC(0)   Merge Heap Roots: 0.1ms
[0.765s][info][gc,phases   ] GC(0)   Evacuate Collection Set: 2.5ms
[0.765s][info][gc,phases   ] GC(0)   Post Evacuate Collection Set: 0.7ms
[0.765s][info][gc,phases   ] GC(0)   Other: 1.4ms
[0.766s][info][gc,heap     ] GC(0) Eden regions: 23->0(38)
[0.766s][info][gc,heap     ] GC(0) Survivor regions: 0->3(3)
[0.766s][info][gc,heap     ] GC(0) Old regions: 1->2
[0.766s][info][gc,heap     ] GC(0) Humongous regions: 5->4
[0.766s][info][gc,metaspace] GC(0) Metaspace: 7960K(8128K)->7960K(8128K) NonClass: 7072K(7168K)->7072K(7168K) Class: 887K(960K)->887K(960K)
[0.767s][info][gc          ] GC(0) Pause Young (Normal) (G1 Evacuation Pause) 28M->8M(249M) 7.761ms
[0.767s][info][gc,cpu      ] GC(0) User=0.01s Sys=0.00s Real=0.01s
[1.681s][info][gc,start    ] GC(1) Pause Young (Normal) (G1 Evacuation Pause)
[1.681s][info][gc,task     ] GC(1) Using 5 workers of 11 for evacuation
[1.690s][info][gc,phases   ] GC(1)   Pre Evacuate Collection Set: 0.3ms
[1.691s][info][gc,phases   ] GC(1)   Merge Heap Roots: 0.2ms
[1.691s][info][gc,phases   ] GC(1)   Evacuate Collection Set: 5.6ms
[1.691s][info][gc,phases   ] GC(1)   Post Evacuate Collection Set: 2.2ms
[1.692s][info][gc,phases   ] GC(1)   Other: 0.5ms
[1.692s][info][gc,heap     ] GC(1) Eden regions: 38->0(82)
[1.692s][info][gc,heap     ] GC(1) Survivor regions: 3->6(6)
[1.692s][info][gc,heap     ] GC(1) Old regions: 2->3
[1.693s][info][gc,heap     ] GC(1) Humongous regions: 4->4
[1.693s][info][gc,metaspace] GC(1) Metaspace: 19388K(19712K)->19388K(19712K) NonClass: 17103K(17280K)->17103K(17280K) Class: 2285K(2432K)->2285K(2432K)
[1.693s][info][gc          ] GC(1) Pause Young (Normal) (G1 Evacuation Pause) 46M->12M(249M) 12.406ms
[1.694s][info][gc,cpu      ] GC(1) User=0.03s Sys=0.00s Real=0.01s
[1.798s][info][gc,start    ] GC(2) Pause Young (Concurrent Start) (Metadata GC Threshold)
[1.798s][info][gc,task     ] GC(2) Using 5 workers of 11 for evacuation
[1.803s][info][gc,phases   ] GC(2)   Pre Evacuate Collection Set: 0.2ms
[1.804s][info][gc,phases   ] GC(2)   Merge Heap Roots: 0.1ms
[1.804s][info][gc,phases   ] GC(2)   Evacuate Collection Set: 3.4ms
[1.804s][info][gc,phases   ] GC(2)   Post Evacuate Collection Set: 0.8ms
[1.805s][info][gc,phases   ] GC(2)   Other: 0.4ms
[1.805s][info][gc,heap     ] GC(2) Eden regions: 6->0(142)
[1.805s][info][gc,heap     ] GC(2) Survivor regions: 6->5(11)
[1.805s][info][gc,heap     ] GC(2) Old regions: 3->6
[1.806s][info][gc,heap     ] GC(2) Humongous regions: 4->4
[1.806s][info][gc,metaspace] GC(2) Metaspace: 21158K(21504K)->21158K(21504K) NonClass: 18651K(18816K)->18651K(18816K) Class: 2507K(2688K)->2507K(2688K)
[1.806s][info][gc          ] GC(2) Pause Young (Concurrent Start) (Metadata GC Threshold) 18M->13M(249M) 8.427ms
[1.806s][info][gc,cpu      ] GC(2) User=0.02s Sys=0.00s Real=0.01s
[1.806s][info][gc          ] GC(3) Concurrent Mark Cycle
[1.807s][info][gc,marking  ] GC(3) Concurrent Scan Root Regions
[1.810s][info][gc,marking  ] GC(3) Concurrent Scan Root Regions 2.761ms
[1.810s][info][gc,marking  ] GC(3) Concurrent Mark
[1.810s][info][gc,marking  ] GC(3) Concurrent Mark From Roots
[1.811s][info][gc,task     ] GC(3) Using 3 workers of 3 for marking
[1.813s][info][gc,marking  ] GC(3) Concurrent Mark From Roots 2.961ms
[1.814s][info][gc,marking  ] GC(3) Concurrent Preclean
[1.814s][info][gc,marking  ] GC(3) Concurrent Preclean 0.334ms
[1.815s][info][gc,start    ] GC(3) Pause Remark
[1.817s][info][gc          ] GC(3) Pause Remark 14M->14M(50M) 2.782ms
[1.818s][info][gc,cpu      ] GC(3) User=0.00s Sys=0.00s Real=0.00s
[1.818s][info][gc,marking  ] GC(3) Concurrent Mark 7.981ms
[1.818s][info][gc,marking  ] GC(3) Concurrent Rebuild Remembered Sets and Scrub Regions
[1.820s][info][gc,marking  ] GC(3) Concurrent Rebuild Remembered Sets and Scrub Regions 2.046ms
[1.821s][info][gc,start    ] GC(3) Pause Cleanup
[1.821s][info][gc          ] GC(3) Pause Cleanup 14M->14M(50M) 0.487ms
[1.822s][info][gc,cpu      ] GC(3) User=0.00s Sys=0.00s Real=0.00s
[1.822s][info][gc,marking  ] GC(3) Concurrent Clear Claimed Marks
[1.822s][info][gc,marking  ] GC(3) Concurrent Clear Claimed Marks 0.275ms
[1.823s][info][gc,marking  ] GC(3) Concurrent Cleanup for Next Mark
[1.823s][info][gc,marking  ] GC(3) Concurrent Cleanup for Next Mark 0.743ms
[1.824s][info][gc          ] GC(3) Concurrent Mark Cycle 17.164ms
[2.340s][info][gc,start    ] GC(4) Pause Young (Prepare Mixed) (G1 Evacuation Pause)
[2.340s][info][gc,task     ] GC(4) Using 11 workers of 11 for evacuation
[2.347s][info][gc,phases   ] GC(4)   Pre Evacuate Collection Set: 0.3ms
[2.347s][info][gc,phases   ] GC(4)   Merge Heap Roots: 0.1ms
[2.348s][info][gc,phases   ] GC(4)   Evacuate Collection Set: 4.5ms
[2.348s][info][gc,phases   ] GC(4)   Post Evacuate Collection Set: 1.6ms
[2.348s][info][gc,phases   ] GC(4)   Other: 0.3ms
[2.348s][info][gc,heap     ] GC(4) Eden regions: 35->0(26)
[2.349s][info][gc,heap     ] GC(4) Survivor regions: 5->8(19)
[2.349s][info][gc,heap     ] GC(4) Old regions: 6->6
[2.349s][info][gc,heap     ] GC(4) Humongous regions: 4->4
[2.349s][info][gc,metaspace] GC(4) Metaspace: 27558K(28032K)->27558K(28032K) NonClass: 24270K(24512K)->24270K(24512K) Class: 3288K(3520K)->3288K(3520K)
[2.349s][info][gc          ] GC(4) Pause Young (Prepare Mixed) (G1 Evacuation Pause) 48M->17M(58M) 9.521ms
[2.350s][info][gc,cpu      ] GC(4) User=0.03s Sys=0.01s Real=0.01s
[5.917s][info][gc,start    ] GC(5) Pause Young (Mixed) (G1 Evacuation Pause)
[5.918s][info][gc,task     ] GC(5) Using 11 workers of 11 for evacuation
[5.925s][info][gc,phases   ] GC(5)   Pre Evacuate Collection Set: 0.5ms
[5.926s][info][gc,phases   ] GC(5)   Merge Heap Roots: 0.2ms
[5.926s][info][gc,phases   ] GC(5)   Evacuate Collection Set: 4.2ms
[5.926s][info][gc,phases   ] GC(5)   Post Evacuate Collection Set: 1.6ms
[5.926s][info][gc,phases   ] GC(5)   Other: 0.4ms
[5.927s][info][gc,heap     ] GC(5) Eden regions: 26->0(28)
[5.927s][info][gc,heap     ] GC(5) Survivor regions: 8->3(5)
[5.927s][info][gc,heap     ] GC(5) Old regions: 6->14
[5.927s][info][gc,heap     ] GC(5) Humongous regions: 4->4
[5.928s][info][gc,metaspace] GC(5) Metaspace: 32190K(32576K)->32190K(32576K) NonClass: 28316K(28544K)->28316K(28544K) Class: 3874K(4032K)->3874K(4032K)
[5.928s][info][gc          ] GC(5) Pause Young (Mixed) (G1 Evacuation Pause) 43M->19M(58M) 10.618ms
[5.928s][info][gc,cpu      ] GC(5) User=0.03s Sys=0.02s Real=0.02s
[8.171s][info][gc,start    ] GC(6) Pause Young (Concurrent Start) (Metadata GC Threshold)
[8.171s][info][gc,task     ] GC(6) Using 11 workers of 11 for evacuation
[8.175s][info][gc,phases   ] GC(6)   Pre Evacuate Collection Set: 0.2ms
[8.175s][info][gc,phases   ] GC(6)   Merge Heap Roots: 0.1ms
[8.175s][info][gc,phases   ] GC(6)   Evacuate Collection Set: 1.2ms
[8.175s][info][gc,phases   ] GC(6)   Post Evacuate Collection Set: 1.3ms
[8.176s][info][gc,phases   ] GC(6)   Other: 0.3ms
[8.176s][info][gc,heap     ] GC(6) Eden regions: 14->0(28)
[8.176s][info][gc,heap     ] GC(6) Survivor regions: 3->3(4)
[8.176s][info][gc,heap     ] GC(6) Old regions: 14->14
[8.176s][info][gc,heap     ] GC(6) Humongous regions: 4->4
[8.176s][info][gc,metaspace] GC(6) Metaspace: 35700K(36096K)->35700K(36096K) NonClass: 31421K(31616K)->31421K(31616K) Class: 4279K(4480K)->4279K(4480K)
[8.177s][info][gc          ] GC(6) Pause Young (Concurrent Start) (Metadata GC Threshold) 33M->20M(58M) 5.700ms
[8.177s][info][gc,cpu      ] GC(6) User=0.01s Sys=0.00s Real=0.00s
[8.177s][info][gc          ] GC(7) Concurrent Mark Cycle
[8.177s][info][gc,marking  ] GC(7) Concurrent Scan Root Regions
[8.179s][info][gc,marking  ] GC(7) Concurrent Scan Root Regions 1.576ms
[8.179s][info][gc,marking  ] GC(7) Concurrent Mark
[8.179s][info][gc,marking  ] GC(7) Concurrent Mark From Roots
[8.180s][info][gc,task     ] GC(7) Using 3 workers of 3 for marking
[8.184s][info][gc,marking  ] GC(7) Concurrent Mark From Roots 4.560ms
[8.184s][info][gc,marking  ] GC(7) Concurrent Preclean
[8.185s][info][gc,marking  ] GC(7) Concurrent Preclean 0.356ms
[8.185s][info][gc,start    ] GC(7) Pause Remark
[8.188s][info][gc          ] GC(7) Pause Remark 20M->20M(58M) 2.801ms
[8.188s][info][gc,cpu      ] GC(7) User=0.00s Sys=0.00s Real=0.01s
[8.188s][info][gc,marking  ] GC(7) Concurrent Mark 9.216ms
[8.189s][info][gc,marking  ] GC(7) Concurrent Rebuild Remembered Sets and Scrub Regions
[8.191s][info][gc,marking  ] GC(7) Concurrent Rebuild Remembered Sets and Scrub Regions 2.221ms
[8.191s][info][gc,start    ] GC(7) Pause Cleanup
[8.192s][info][gc          ] GC(7) Pause Cleanup 20M->20M(58M) 0.602ms
[8.192s][info][gc,cpu      ] GC(7) User=0.00s Sys=0.00s Real=0.00s
[8.192s][info][gc,marking  ] GC(7) Concurrent Clear Claimed Marks
[8.193s][info][gc,marking  ] GC(7) Concurrent Clear Claimed Marks 0.271ms
[8.193s][info][gc,marking  ] GC(7) Concurrent Cleanup for Next Mark
[8.193s][info][gc,marking  ] GC(7) Concurrent Cleanup for Next Mark 0.596ms
[8.194s][info][gc          ] GC(7) Concurrent Mark Cycle 16.968ms
[8.300s][info][gc,heap,exit] Heap
[8.300s][info][gc,heap,exit]  garbage-first heap   total 59392K, used 21317K [0x00000000d0000000, 0x0000000100000000)
[8.301s][info][gc,heap,exit]   region size 1024K, 4 young (4096K), 3 survivors (3072K)
[8.301s][info][gc,heap,exit]  Metaspace       used 35753K, committed 36160K, reserved 1114112K
[8.302s][info][gc,heap,exit]   class space    used 4296K, committed 4480K, reserved 1048576K
