[0.057s][info][gc,init] CardTable entry size: 512
[0.058s][info][gc     ] Using G1
[0.062s][info][gc,init] Version: 21.0.8+9-LTS (release)
[0.062s][info][gc,init] CPUs: 14 total, 14 available
[0.063s][info][gc,init] Memory: 15750M
[0.063s][info][gc,init] Large Page Support: Disabled
[0.063s][info][gc,init] NUMA Support: Disabled
[0.064s][info][gc,init] Compressed Oops: Enabled (32-bit)
[0.064s][info][gc,init] Heap Region Size: 1M
[0.064s][info][gc,init] Heap Min Capacity: 8M
[0.065s][info][gc,init] Heap Initial Capacity: 248M
[0.065s][info][gc,init] Heap Max Capacity: 768M
[0.065s][info][gc,init] Pre-touch: Disabled
[0.066s][info][gc,init] Parallel Workers: 11
[0.066s][info][gc,init] Concurrent Workers: 3
[0.066s][info][gc,init] Concurrent Refinement Workers: 11
[0.067s][info][gc,init] Periodic GC: Disabled
[0.076s][info][gc,metaspace] CDS archive(s) mapped at: [0x00007611e3000000-0x00007611e3bb2000-0x00007611e3bb2000), size 12263424, SharedBaseAddress: 0x00007611e3000000, ArchiveRelocationMode: 1.
[0.077s][info][gc,metaspace] Compressed class space mapped at: 0x00007611e4000000-0x0000761224000000, reserved size: 1073741824
[0.077s][info][gc,metaspace] Narrow klass base: 0x00007611e3000000, Narrow klass shift: 0, Narrow klass range: 0x100000000
[1.010s][info][gc,start    ] GC(0) Pause Young (Normal) (G1 Evacuation Pause)
[1.012s][info][gc,task     ] GC(0) Using 5 workers of 11 for evacuation
[1.017s][info][gc,phases   ] GC(0)   Pre Evacuate Collection Set: 0.3ms
[1.018s][info][gc,phases   ] GC(0)   Merge Heap Roots: 0.1ms
[1.018s][info][gc,phases   ] GC(0)   Evacuate Collection Set: 2.8ms
[1.019s][info][gc,phases   ] GC(0)   Post Evacuate Collection Set: 1.1ms
[1.019s][info][gc,phases   ] GC(0)   Other: 2.5ms
[1.020s][info][gc,heap     ] GC(0) Eden regions: 23->0(38)
[1.020s][info][gc,heap     ] GC(0) Survivor regions: 0->3(3)
[1.020s][info][gc,heap     ] GC(0) Old regions: 1->2
[1.021s][info][gc,heap     ] GC(0) Humongous regions: 5->4
[1.021s][info][gc,metaspace] GC(0) Metaspace: 7957K(8128K)->7957K(8128K) NonClass: 7070K(7168K)->7070K(7168K) Class: 887K(960K)->887K(960K)
[1.022s][info][gc          ] GC(0) Pause Young (Normal) (G1 Evacuation Pause) 28M->8M(249M) 11.667ms
[1.022s][info][gc,cpu      ] GC(0) User=0.02s Sys=0.01s Real=0.01s
[2.352s][info][gc,start    ] GC(1) Pause Young (Normal) (G1 Evacuation Pause)
[2.352s][info][gc,task     ] GC(1) Using 5 workers of 11 for evacuation
[2.364s][info][gc,phases   ] GC(1)   Pre Evacuate Collection Set: 0.4ms
[2.365s][info][gc,phases   ] GC(1)   Merge Heap Roots: 0.2ms
[2.365s][info][gc,phases   ] GC(1)   Evacuate Collection Set: 6.8ms
[2.366s][info][gc,phases   ] GC(1)   Post Evacuate Collection Set: 3.6ms
[2.366s][info][gc,phases   ] GC(1)   Other: 0.4ms
[2.367s][info][gc,heap     ] GC(1) Eden regions: 38->0(83)
[2.367s][info][gc,heap     ] GC(1) Survivor regions: 3->6(6)
[2.367s][info][gc,heap     ] GC(1) Old regions: 2->3
[2.368s][info][gc,heap     ] GC(1) Humongous regions: 4->4
[2.368s][info][gc,metaspace] GC(1) Metaspace: 19426K(19712K)->19426K(19712K) NonClass: 17140K(17280K)->17140K(17280K) Class: 2286K(2432K)->2286K(2432K)
[2.368s][info][gc          ] GC(1) Pause Young (Normal) (G1 Evacuation Pause) 46M->12M(249M) 16.455ms
[2.369s][info][gc,cpu      ] GC(1) User=0.03s Sys=0.01s Real=0.02s
[2.542s][info][gc,start    ] GC(2) Pause Young (Concurrent Start) (Metadata GC Threshold)
[2.542s][info][gc,task     ] GC(2) Using 5 workers of 11 for evacuation
[2.550s][info][gc,phases   ] GC(2)   Pre Evacuate Collection Set: 0.4ms
[2.551s][info][gc,phases   ] GC(2)   Merge Heap Roots: 0.2ms
[2.551s][info][gc,phases   ] GC(2)   Evacuate Collection Set: 4.4ms
[2.551s][info][gc,phases   ] GC(2)   Post Evacuate Collection Set: 1.8ms
[2.552s][info][gc,phases   ] GC(2)   Other: 0.7ms
[2.553s][info][gc,heap     ] GC(2) Eden regions: 6->0(139)
[2.553s][info][gc,heap     ] GC(2) Survivor regions: 6->7(12)
[2.554s][info][gc,heap     ] GC(2) Old regions: 3->3
[2.554s][info][gc,heap     ] GC(2) Humongous regions: 4->4
[2.555s][info][gc,metaspace] GC(2) Metaspace: 21214K(21504K)->21214K(21504K) NonClass: 18703K(18816K)->18703K(18816K) Class: 2511K(2688K)->2511K(2688K)
[2.555s][info][gc          ] GC(2) Pause Young (Concurrent Start) (Metadata GC Threshold) 18M->13M(249M) 13.384ms
[2.556s][info][gc,cpu      ] GC(2) User=0.03s Sys=0.00s Real=0.01s
[2.556s][info][gc          ] GC(3) Concurrent Mark Cycle
[2.560s][info][gc,marking  ] GC(3) Concurrent Scan Root Regions
[2.564s][info][gc,marking  ] GC(3) Concurrent Scan Root Regions 4.037ms
[2.566s][info][gc,marking  ] GC(3) Concurrent Mark
[2.567s][info][gc,marking  ] GC(3) Concurrent Mark From Roots
[2.567s][info][gc,task     ] GC(3) Using 3 workers of 3 for marking
[2.570s][info][gc,marking  ] GC(3) Concurrent Mark From Roots 3.863ms
[2.571s][info][gc,marking  ] GC(3) Concurrent Preclean
[2.572s][info][gc,marking  ] GC(3) Concurrent Preclean 0.560ms
[2.572s][info][gc,start    ] GC(3) Pause Remark
[2.576s][info][gc          ] GC(3) Pause Remark 15M->15M(47M) 4.228ms
[2.577s][info][gc,cpu      ] GC(3) User=0.01s Sys=0.00s Real=0.00s
[2.578s][info][gc,marking  ] GC(3) Concurrent Mark 11.771ms
[2.578s][info][gc,marking  ] GC(3) Concurrent Rebuild Remembered Sets and Scrub Regions
[2.580s][info][gc,marking  ] GC(3) Concurrent Rebuild Remembered Sets and Scrub Regions 1.807ms
[2.581s][info][gc,start    ] GC(3) Pause Cleanup
[2.581s][info][gc          ] GC(3) Pause Cleanup 15M->15M(47M) 0.671ms
[2.582s][info][gc,cpu      ] GC(3) User=0.00s Sys=0.00s Real=0.00s
[2.582s][info][gc,marking  ] GC(3) Concurrent Clear Claimed Marks
[2.583s][info][gc,marking  ] GC(3) Concurrent Clear Claimed Marks 0.471ms
[2.584s][info][gc,marking  ] GC(3) Concurrent Cleanup for Next Mark
[2.585s][info][gc,marking  ] GC(3) Concurrent Cleanup for Next Mark 1.449ms
[2.586s][info][gc          ] GC(3) Concurrent Mark Cycle 29.691ms
[3.355s][info][gc,start    ] GC(4) Pause Young (Prepare Mixed) (G1 Evacuation Pause)
[3.356s][info][gc,task     ] GC(4) Using 10 workers of 11 for evacuation
[3.394s][info][gc,phases   ] GC(4)   Pre Evacuate Collection Set: 0.4ms
[3.395s][info][gc,phases   ] GC(4)   Merge Heap Roots: 0.2ms
[3.395s][info][gc,phases   ] GC(4)   Evacuate Collection Set: 33.0ms
[3.398s][info][gc,phases   ] GC(4)   Post Evacuate Collection Set: 4.1ms
[3.399s][info][gc,phases   ] GC(4)   Other: 0.7ms
[3.399s][info][gc,heap     ] GC(4) Eden regions: 33->0(23)
[3.400s][info][gc,heap     ] GC(4) Survivor regions: 7->13(19)
[3.400s][info][gc,heap     ] GC(4) Old regions: 3->3
[3.400s][info][gc,heap     ] GC(4) Humongous regions: 4->4
[3.401s][info][gc,metaspace] GC(4) Metaspace: 28070K(28416K)->28070K(28416K) NonClass: 24696K(24896K)->24696K(24896K) Class: 3374K(3520K)->3374K(3520K)
[3.401s][info][gc          ] GC(4) Pause Young (Prepare Mixed) (G1 Evacuation Pause) 46M->18M(60M) 45.976ms
[3.401s][info][gc,cpu      ] GC(4) User=0.10s Sys=0.04s Real=0.05s
[3.897s][info][gc,start    ] GC(5) Pause Young (Mixed) (G1 Evacuation Pause)
[3.897s][info][gc,task     ] GC(5) Using 11 workers of 11 for evacuation
[3.908s][info][gc,phases   ] GC(5)   Pre Evacuate Collection Set: 0.6ms
[3.908s][info][gc,phases   ] GC(5)   Merge Heap Roots: 0.4ms
[3.909s][info][gc,phases   ] GC(5)   Evacuate Collection Set: 7.2ms
[3.909s][info][gc,phases   ] GC(5)   Post Evacuate Collection Set: 1.7ms
[3.910s][info][gc,phases   ] GC(5)   Other: 0.5ms
[3.910s][info][gc,heap     ] GC(5) Eden regions: 23->0(28)
[3.911s][info][gc,heap     ] GC(5) Survivor regions: 13->3(5)
[3.911s][info][gc,heap     ] GC(5) Old regions: 3->14
[3.911s][info][gc,heap     ] GC(5) Humongous regions: 4->4
[3.912s][info][gc,metaspace] GC(5) Metaspace: 32240K(32704K)->32240K(32704K) NonClass: 28352K(28608K)->28352K(28608K) Class: 3888K(4096K)->3888K(4096K)
[3.912s][info][gc          ] GC(5) Pause Young (Mixed) (G1 Evacuation Pause) 41M->20M(60M) 15.671ms
[3.913s][info][gc,cpu      ] GC(5) User=0.08s Sys=0.01s Real=0.02s
[6.221s][info][gc,heap,exit] Heap
[6.222s][info][gc,heap,exit]  garbage-first heap   total 61440K, used 34245K [0x00000000d0000000, 0x0000000100000000)
[6.222s][info][gc,heap,exit]   region size 1024K, 17 young (17408K), 3 survivors (3072K)
[6.222s][info][gc,heap,exit]  Metaspace       used 35457K, committed 35904K, reserved 1114112K
[6.223s][info][gc,heap,exit]   class space    used 4265K, committed 4480K, reserved 1048576K
