[0.086s][info][gc,init] CardTable entry size: 512
[0.087s][info][gc     ] Using G1
[0.092s][info][gc,init] Version: 21.0.8+9-LTS (release)
[0.093s][info][gc,init] CPUs: 14 total, 14 available
[0.093s][info][gc,init] Memory: 15750M
[0.093s][info][gc,init] Large Page Support: Disabled
[0.094s][info][gc,init] NUMA Support: Disabled
[0.094s][info][gc,init] Compressed Oops: Enabled (32-bit)
[0.094s][info][gc,init] Heap Region Size: 1M
[0.094s][info][gc,init] Heap Min Capacity: 8M
[0.095s][info][gc,init] Heap Initial Capacity: 248M
[0.095s][info][gc,init] Heap Max Capacity: 768M
[0.095s][info][gc,init] Pre-touch: Disabled
[0.096s][info][gc,init] Parallel Workers: 11
[0.096s][info][gc,init] Concurrent Workers: 3
[0.096s][info][gc,init] Concurrent Refinement Workers: 11
[0.097s][info][gc,init] Periodic GC: Disabled
[0.104s][info][gc,metaspace] CDS archive(s) mapped at: [0x000075047f000000-0x000075047fbb2000-0x000075047fbb2000), size 12263424, SharedBaseAddress: 0x000075047f000000, ArchiveRelocationMode: 1.
[0.105s][info][gc,metaspace] Compressed class space mapped at: 0x0000750480000000-0x00007504c0000000, reserved size: 1073741824
[0.105s][info][gc,metaspace] Narrow klass base: 0x000075047f000000, Narrow klass shift: 0, Narrow klass range: 0x100000000
[0.679s][info][gc,start    ] GC(0) Pause Young (Normal) (G1 Evacuation Pause)
[0.680s][info][gc,task     ] GC(0) Using 5 workers of 11 for evacuation
[0.684s][info][gc,phases   ] GC(0)   Pre Evacuate Collection Set: 0.3ms
[0.685s][info][gc,phases   ] GC(0)   Merge Heap Roots: 0.2ms
[0.685s][info][gc,phases   ] GC(0)   Evacuate Collection Set: 2.3ms
[0.685s][info][gc,phases   ] GC(0)   Post Evacuate Collection Set: 0.8ms
[0.685s][info][gc,phases   ] GC(0)   Other: 1.4ms
[0.686s][info][gc,heap     ] GC(0) Eden regions: 23->0(38)
[0.686s][info][gc,heap     ] GC(0) Survivor regions: 0->3(3)
[0.686s][info][gc,heap     ] GC(0) Old regions: 1->2
[0.686s][info][gc,heap     ] GC(0) Humongous regions: 5->4
[0.686s][info][gc,metaspace] GC(0) Metaspace: 7964K(8128K)->7964K(8128K) NonClass: 7075K(7168K)->7075K(7168K) Class: 888K(960K)->888K(960K)
[0.687s][info][gc          ] GC(0) Pause Young (Normal) (G1 Evacuation Pause) 28M->8M(249M) 7.920ms
[0.687s][info][gc,cpu      ] GC(0) User=0.01s Sys=0.00s Real=0.01s
[1.470s][info][gc,start    ] GC(1) Pause Young (Normal) (G1 Evacuation Pause)
[1.470s][info][gc,task     ] GC(1) Using 5 workers of 11 for evacuation
[1.477s][info][gc,phases   ] GC(1)   Pre Evacuate Collection Set: 0.2ms
[1.478s][info][gc,phases   ] GC(1)   Merge Heap Roots: 0.1ms
[1.478s][info][gc,phases   ] GC(1)   Evacuate Collection Set: 4.8ms
[1.478s][info][gc,phases   ] GC(1)   Post Evacuate Collection Set: 2.0ms
[1.479s][info][gc,phases   ] GC(1)   Other: 0.3ms
[1.479s][info][gc,heap     ] GC(1) Eden regions: 38->0(80)
[1.479s][info][gc,heap     ] GC(1) Survivor regions: 3->6(6)
[1.479s][info][gc,heap     ] GC(1) Old regions: 2->3
[1.479s][info][gc,heap     ] GC(1) Humongous regions: 4->4
[1.479s][info][gc,metaspace] GC(1) Metaspace: 19371K(19648K)->19371K(19648K) NonClass: 17085K(17216K)->17085K(17216K) Class: 2285K(2432K)->2285K(2432K)
[1.480s][info][gc          ] GC(1) Pause Young (Normal) (G1 Evacuation Pause) 46M->12M(249M) 9.787ms
[1.480s][info][gc,cpu      ] GC(1) User=0.02s Sys=0.02s Real=0.01s
[1.567s][info][gc,start    ] GC(2) Pause Young (Concurrent Start) (Metadata GC Threshold)
[1.567s][info][gc,task     ] GC(2) Using 5 workers of 11 for evacuation
[1.572s][info][gc,phases   ] GC(2)   Pre Evacuate Collection Set: 0.3ms
[1.573s][info][gc,phases   ] GC(2)   Merge Heap Roots: 0.1ms
[1.573s][info][gc,phases   ] GC(2)   Evacuate Collection Set: 3.3ms
[1.573s][info][gc,phases   ] GC(2)   Post Evacuate Collection Set: 1.1ms
[1.573s][info][gc,phases   ] GC(2)   Other: 0.3ms
[1.574s][info][gc,heap     ] GC(2) Eden regions: 6->0(138)
[1.574s][info][gc,heap     ] GC(2) Survivor regions: 6->4(11)
[1.574s][info][gc,heap     ] GC(2) Old regions: 3->6
[1.574s][info][gc,heap     ] GC(2) Humongous regions: 4->4
[1.574s][info][gc,metaspace] GC(2) Metaspace: 21177K(21504K)->21177K(21504K) NonClass: 18664K(18816K)->18664K(18816K) Class: 2512K(2688K)->2512K(2688K)
[1.575s][info][gc          ] GC(2) Pause Young (Concurrent Start) (Metadata GC Threshold) 18M->13M(249M) 7.822ms
[1.575s][info][gc,cpu      ] GC(2) User=0.00s Sys=0.02s Real=0.01s
[1.575s][info][gc          ] GC(3) Concurrent Mark Cycle
[1.575s][info][gc,marking  ] GC(3) Concurrent Scan Root Regions
[1.578s][info][gc,marking  ] GC(3) Concurrent Scan Root Regions 2.420ms
[1.578s][info][gc,marking  ] GC(3) Concurrent Mark
[1.579s][info][gc,marking  ] GC(3) Concurrent Mark From Roots
[1.579s][info][gc,task     ] GC(3) Using 3 workers of 3 for marking
[1.581s][info][gc,marking  ] GC(3) Concurrent Mark From Roots 2.313ms
[1.581s][info][gc,marking  ] GC(3) Concurrent Preclean
[1.582s][info][gc,marking  ] GC(3) Concurrent Preclean 0.281ms
[1.582s][info][gc,start    ] GC(3) Pause Remark
[1.584s][info][gc          ] GC(3) Pause Remark 14M->14M(47M) 2.531ms
[1.585s][info][gc,cpu      ] GC(3) User=0.01s Sys=0.00s Real=0.01s
[1.585s][info][gc,marking  ] GC(3) Concurrent Mark 6.993ms
[1.586s][info][gc,marking  ] GC(3) Concurrent Rebuild Remembered Sets and Scrub Regions
[1.587s][info][gc,marking  ] GC(3) Concurrent Rebuild Remembered Sets and Scrub Regions 0.939ms
[1.587s][info][gc,start    ] GC(3) Pause Cleanup
[1.587s][info][gc          ] GC(3) Pause Cleanup 14M->14M(47M) 0.234ms
[1.587s][info][gc,cpu      ] GC(3) User=0.00s Sys=0.00s Real=0.00s
[1.588s][info][gc,marking  ] GC(3) Concurrent Clear Claimed Marks
[1.588s][info][gc,marking  ] GC(3) Concurrent Clear Claimed Marks 0.309ms
[1.588s][info][gc,marking  ] GC(3) Concurrent Cleanup for Next Mark
[1.589s][info][gc,marking  ] GC(3) Concurrent Cleanup for Next Mark 0.667ms
[1.589s][info][gc          ] GC(3) Concurrent Mark Cycle 14.412ms
[2.025s][info][gc,start    ] GC(4) Pause Young (Normal) (G1 Evacuation Pause)
[2.026s][info][gc,task     ] GC(4) Using 8 workers of 11 for evacuation
[2.033s][info][gc,phases   ] GC(4)   Pre Evacuate Collection Set: 0.4ms
[2.033s][info][gc,phases   ] GC(4)   Merge Heap Roots: 0.1ms
[2.033s][info][gc,phases   ] GC(4)   Evacuate Collection Set: 4.7ms
[2.034s][info][gc,phases   ] GC(4)   Post Evacuate Collection Set: 1.5ms
[2.034s][info][gc,phases   ] GC(4)   Other: 0.4ms
[2.034s][info][gc,heap     ] GC(4) Eden regions: 33->0(24)
[2.035s][info][gc,heap     ] GC(4) Survivor regions: 4->9(18)
[2.035s][info][gc,heap     ] GC(4) Old regions: 6->6
[2.035s][info][gc,heap     ] GC(4) Humongous regions: 4->4
[2.035s][info][gc,metaspace] GC(4) Metaspace: 27556K(28032K)->27556K(28032K) NonClass: 24264K(24512K)->24264K(24512K) Class: 3291K(3520K)->3291K(3520K)
[2.036s][info][gc          ] GC(4) Pause Young (Normal) (G1 Evacuation Pause) 46M->17M(56M) 10.515ms
[2.036s][info][gc,cpu      ] GC(4) User=0.02s Sys=0.02s Real=0.01s
[31.119s][info][gc,heap,exit] Heap
[31.119s][info][gc,heap,exit]  garbage-first heap   total 57344K, used 42716K [0x00000000d0000000, 0x0000000100000000)
[31.120s][info][gc,heap,exit]   region size 1024K, 33 young (33792K), 9 survivors (9216K)
[31.120s][info][gc,heap,exit]  Metaspace       used 29909K, committed 30336K, reserved 1114112K
[31.120s][info][gc,heap,exit]   class space    used 3595K, committed 3776K, reserved 1048576K
