[0.059s][info][gc,init] CardTable entry size: 512
[0.060s][info][gc     ] Using G1
[0.063s][info][gc,init] Version: 21.0.8+9-LTS (release)
[0.064s][info][gc,init] CPUs: 14 total, 14 available
[0.064s][info][gc,init] Memory: 15750M
[0.064s][info][gc,init] Large Page Support: Disabled
[0.065s][info][gc,init] NUMA Support: Disabled
[0.065s][info][gc,init] Compressed Oops: Enabled (32-bit)
[0.065s][info][gc,init] Heap Region Size: 1M
[0.065s][info][gc,init] Heap Min Capacity: 8M
[0.066s][info][gc,init] Heap Initial Capacity: 248M
[0.066s][info][gc,init] Heap Max Capacity: 768M
[0.066s][info][gc,init] Pre-touch: Disabled
[0.067s][info][gc,init] Parallel Workers: 11
[0.067s][info][gc,init] Concurrent Workers: 3
[0.068s][info][gc,init] Concurrent Refinement Workers: 11
[0.068s][info][gc,init] Periodic GC: Disabled
[0.075s][info][gc,metaspace] CDS archive(s) mapped at: [0x0000765b5b000000-0x0000765b5bbb2000-0x0000765b5bbb2000), size 12263424, SharedBaseAddress: 0x0000765b5b000000, ArchiveRelocationMode: 1.
[0.076s][info][gc,metaspace] Compressed class space mapped at: 0x0000765b5c000000-0x0000765b9c000000, reserved size: 1073741824
[0.076s][info][gc,metaspace] Narrow klass base: 0x0000765b5b000000, Narrow klass shift: 0, Narrow klass range: 0x100000000
[1.009s][info][gc,start    ] GC(0) Pause Young (Normal) (G1 Evacuation Pause)
[1.012s][info][gc,task     ] GC(0) Using 5 workers of 11 for evacuation
[1.019s][info][gc,phases   ] GC(0)   Pre Evacuate Collection Set: 0.9ms
[1.020s][info][gc,phases   ] GC(0)   Merge Heap Roots: 0.2ms
[1.022s][info][gc,phases   ] GC(0)   Evacuate Collection Set: 3.5ms
[1.022s][info][gc,phases   ] GC(0)   Post Evacuate Collection Set: 1.3ms
[1.023s][info][gc,phases   ] GC(0)   Other: 3.2ms
[1.023s][info][gc,heap     ] GC(0) Eden regions: 23->0(38)
[1.023s][info][gc,heap     ] GC(0) Survivor regions: 0->3(3)
[1.025s][info][gc,heap     ] GC(0) Old regions: 1->2
[1.028s][info][gc,heap     ] GC(0) Humongous regions: 5->4
[1.028s][info][gc,metaspace] GC(0) Metaspace: 7957K(8128K)->7957K(8128K) NonClass: 7069K(7168K)->7069K(7168K) Class: 887K(960K)->887K(960K)
[1.029s][info][gc          ] GC(0) Pause Young (Normal) (G1 Evacuation Pause) 28M->8M(249M) 19.828ms
[1.029s][info][gc,cpu      ] GC(0) User=0.02s Sys=0.01s Real=0.02s
[2.427s][info][gc,start    ] GC(1) Pause Young (Normal) (G1 Evacuation Pause)
[2.427s][info][gc,task     ] GC(1) Using 5 workers of 11 for evacuation
[2.438s][info][gc,phases   ] GC(1)   Pre Evacuate Collection Set: 0.3ms
[2.438s][info][gc,phases   ] GC(1)   Merge Heap Roots: 0.3ms
[2.439s][info][gc,phases   ] GC(1)   Evacuate Collection Set: 5.7ms
[2.439s][info][gc,phases   ] GC(1)   Post Evacuate Collection Set: 3.7ms
[2.439s][info][gc,phases   ] GC(1)   Other: 0.6ms
[2.439s][info][gc,heap     ] GC(1) Eden regions: 38->0(87)
[2.440s][info][gc,heap     ] GC(1) Survivor regions: 3->6(6)
[2.440s][info][gc,heap     ] GC(1) Old regions: 2->3
[2.440s][info][gc,heap     ] GC(1) Humongous regions: 4->4
[2.441s][info][gc,metaspace] GC(1) Metaspace: 19401K(19712K)->19401K(19712K) NonClass: 17117K(17280K)->17117K(17280K) Class: 2284K(2432K)->2284K(2432K)
[2.441s][info][gc          ] GC(1) Pause Young (Normal) (G1 Evacuation Pause) 46M->12M(249M) 14.108ms
[2.441s][info][gc,cpu      ] GC(1) User=0.03s Sys=0.00s Real=0.01s
[2.577s][info][gc,start    ] GC(2) Pause Young (Concurrent Start) (Metadata GC Threshold)
[2.580s][info][gc,task     ] GC(2) Using 5 workers of 11 for evacuation
[2.585s][info][gc,phases   ] GC(2)   Pre Evacuate Collection Set: 0.5ms
[2.586s][info][gc,phases   ] GC(2)   Merge Heap Roots: 0.1ms
[2.586s][info][gc,phases   ] GC(2)   Evacuate Collection Set: 3.3ms
[2.586s][info][gc,phases   ] GC(2)   Post Evacuate Collection Set: 1.0ms
[2.587s][info][gc,phases   ] GC(2)   Other: 0.7ms
[2.587s][info][gc,heap     ] GC(2) Eden regions: 6->0(141)
[2.587s][info][gc,heap     ] GC(2) Survivor regions: 6->7(12)
[2.588s][info][gc,heap     ] GC(2) Old regions: 3->3
[2.588s][info][gc,heap     ] GC(2) Humongous regions: 4->4
[2.588s][info][gc,metaspace] GC(2) Metaspace: 21187K(21504K)->21187K(21504K) NonClass: 18679K(18816K)->18679K(18816K) Class: 2508K(2688K)->2508K(2688K)
[2.588s][info][gc          ] GC(2) Pause Young (Concurrent Start) (Metadata GC Threshold) 18M->13M(249M) 11.671ms
[2.589s][info][gc,cpu      ] GC(2) User=0.02s Sys=0.00s Real=0.02s
[2.589s][info][gc          ] GC(3) Concurrent Mark Cycle
[2.590s][info][gc,marking  ] GC(3) Concurrent Scan Root Regions
[2.593s][info][gc,marking  ] GC(3) Concurrent Scan Root Regions 3.255ms
[2.593s][info][gc,marking  ] GC(3) Concurrent Mark
[2.593s][info][gc,marking  ] GC(3) Concurrent Mark From Roots
[2.594s][info][gc,task     ] GC(3) Using 3 workers of 3 for marking
[2.597s][info][gc,marking  ] GC(3) Concurrent Mark From Roots 3.150ms
[2.597s][info][gc,marking  ] GC(3) Concurrent Preclean
[2.598s][info][gc,marking  ] GC(3) Concurrent Preclean 0.766ms
[2.599s][info][gc,start    ] GC(3) Pause Remark
[2.603s][info][gc          ] GC(3) Pause Remark 14M->14M(47M) 3.397ms
[2.603s][info][gc,cpu      ] GC(3) User=0.01s Sys=0.00s Real=0.00s
[2.604s][info][gc,marking  ] GC(3) Concurrent Mark 10.348ms
[2.605s][info][gc,marking  ] GC(3) Concurrent Rebuild Remembered Sets and Scrub Regions
[2.607s][info][gc,marking  ] GC(3) Concurrent Rebuild Remembered Sets and Scrub Regions 1.855ms
[2.607s][info][gc,start    ] GC(3) Pause Cleanup
[2.608s][info][gc          ] GC(3) Pause Cleanup 14M->14M(47M) 0.564ms
[2.608s][info][gc,cpu      ] GC(3) User=0.00s Sys=0.00s Real=0.00s
[2.609s][info][gc,marking  ] GC(3) Concurrent Clear Claimed Marks
[2.609s][info][gc,marking  ] GC(3) Concurrent Clear Claimed Marks 0.443ms
[2.609s][info][gc,marking  ] GC(3) Concurrent Cleanup for Next Mark
[2.610s][info][gc,marking  ] GC(3) Concurrent Cleanup for Next Mark 1.134ms
[2.611s][info][gc          ] GC(3) Concurrent Mark Cycle 21.931ms
[3.027s][info][gc,start    ] GC(4) Pause Young (Prepare Mixed) (G1 Evacuation Pause)
[3.027s][info][gc,task     ] GC(4) Using 8 workers of 11 for evacuation
[3.038s][info][gc,phases   ] GC(4)   Pre Evacuate Collection Set: 0.6ms
[3.039s][info][gc,phases   ] GC(4)   Merge Heap Roots: 0.3ms
[3.039s][info][gc,phases   ] GC(4)   Evacuate Collection Set: 6.9ms
[3.040s][info][gc,phases   ] GC(4)   Post Evacuate Collection Set: 2.0ms
[3.040s][info][gc,phases   ] GC(4)   Other: 0.7ms
[3.040s][info][gc,heap     ] GC(4) Eden regions: 21->0(20)
[3.041s][info][gc,heap     ] GC(4) Survivor regions: 7->4(4)
[3.041s][info][gc,heap     ] GC(4) Old regions: 3->10
[3.041s][info][gc,heap     ] GC(4) Humongous regions: 4->4
[3.042s][info][gc,metaspace] GC(4) Metaspace: 26732K(27072K)->26732K(27072K) NonClass: 23546K(23744K)->23546K(23744K) Class: 3186K(3328K)->3186K(3328K)
[3.042s][info][gc          ] GC(4) Pause Young (Prepare Mixed) (G1 Evacuation Pause) 34M->16M(47M) 15.504ms
[3.043s][info][gc,cpu      ] GC(4) User=0.04s Sys=0.02s Real=0.01s
[3.454s][info][gc,start    ] GC(5) Pause Young (Mixed) (G1 Evacuation Pause)
[3.455s][info][gc,task     ] GC(5) Using 11 workers of 11 for evacuation
[3.462s][info][gc,phases   ] GC(5)   Pre Evacuate Collection Set: 0.6ms
[3.463s][info][gc,phases   ] GC(5)   Merge Heap Roots: 0.2ms
[3.463s][info][gc,phases   ] GC(5)   Evacuate Collection Set: 3.5ms
[3.463s][info][gc,phases   ] GC(5)   Post Evacuate Collection Set: 2.6ms
[3.464s][info][gc,phases   ] GC(5)   Other: 0.5ms
[3.464s][info][gc,heap     ] GC(5) Eden regions: 20->0(20)
[3.464s][info][gc,heap     ] GC(5) Survivor regions: 4->2(3)
[3.465s][info][gc,heap     ] GC(5) Old regions: 10->13
[3.465s][info][gc,heap     ] GC(5) Humongous regions: 4->4
[3.465s][info][gc,metaspace] GC(5) Metaspace: 28962K(29440K)->28962K(29440K) NonClass: 25472K(25728K)->25472K(25728K) Class: 3489K(3712K)->3489K(3712K)
[3.465s][info][gc          ] GC(5) Pause Young (Mixed) (G1 Evacuation Pause) 36M->18M(47M) 11.163ms
[3.466s][info][gc,cpu      ] GC(5) User=0.03s Sys=0.01s Real=0.01s
[4.064s][info][gc,start    ] GC(6) Pause Young (Normal) (G1 Evacuation Pause)
[4.065s][info][gc,task     ] GC(6) Using 11 workers of 11 for evacuation
[4.071s][info][gc,phases   ] GC(6)   Pre Evacuate Collection Set: 0.4ms
[4.071s][info][gc,phases   ] GC(6)   Merge Heap Roots: 0.4ms
[4.072s][info][gc,phases   ] GC(6)   Evacuate Collection Set: 3.2ms
[4.072s][info][gc,phases   ] GC(6)   Post Evacuate Collection Set: 1.2ms
[4.072s][info][gc,phases   ] GC(6)   Other: 0.5ms
[4.073s][info][gc,heap     ] GC(6) Eden regions: 20->0(19)
[4.073s][info][gc,heap     ] GC(6) Survivor regions: 2->2(3)
[4.073s][info][gc,heap     ] GC(6) Old regions: 13->15
[4.074s][info][gc,heap     ] GC(6) Humongous regions: 4->4
[4.074s][info][gc,metaspace] GC(6) Metaspace: 34543K(34944K)->34543K(34944K) NonClass: 30371K(30592K)->30371K(30592K) Class: 4171K(4352K)->4171K(4352K)
[4.074s][info][gc          ] GC(6) Pause Young (Normal) (G1 Evacuation Pause) 38M->20M(47M) 9.913ms
[4.074s][info][gc,cpu      ] GC(6) User=0.03s Sys=0.01s Real=0.01s
[6.140s][info][gc,heap,exit] Heap
[6.141s][info][gc,heap,exit]  garbage-first heap   total 48128K, used 25779K [0x00000000d0000000, 0x0000000100000000)
[6.141s][info][gc,heap,exit]   region size 1024K, 7 young (7168K), 2 survivors (2048K)
[6.141s][info][gc,heap,exit]  Metaspace       used 35700K, committed 36096K, reserved 1114112K
[6.141s][info][gc,heap,exit]   class space    used 4295K, committed 4480K, reserved 1048576K
