[0.049s][info][gc,init] CardTable entry size: 512
[0.050s][info][gc     ] Using G1
[0.054s][info][gc,init] Version: 21.0.8+9-LTS (release)
[0.055s][info][gc,init] CPUs: 14 total, 14 available
[0.055s][info][gc,init] Memory: 15750M
[0.055s][info][gc,init] Large Page Support: Disabled
[0.056s][info][gc,init] NUMA Support: Disabled
[0.056s][info][gc,init] Compressed Oops: Enabled (32-bit)
[0.056s][info][gc,init] Heap Region Size: 1M
[0.056s][info][gc,init] Heap Min Capacity: 8M
[0.057s][info][gc,init] Heap Initial Capacity: 248M
[0.057s][info][gc,init] Heap Max Capacity: 768M
[0.057s][info][gc,init] Pre-touch: Disabled
[0.058s][info][gc,init] Parallel Workers: 11
[0.058s][info][gc,init] Concurrent Workers: 3
[0.058s][info][gc,init] Concurrent Refinement Workers: 11
[0.059s][info][gc,init] Periodic GC: Disabled
[0.065s][info][gc,metaspace] CDS archive(s) mapped at: [0x0000724a9b000000-0x0000724a9bbb2000-0x0000724a9bbb2000), size 12263424, SharedBaseAddress: 0x0000724a9b000000, ArchiveRelocationMode: 1.
[0.066s][info][gc,metaspace] Compressed class space mapped at: 0x0000724a9c000000-0x0000724adc000000, reserved size: 1073741824
[0.066s][info][gc,metaspace] Narrow klass base: 0x0000724a9b000000, Narrow klass shift: 0, Narrow klass range: 0x100000000
[0.581s][info][gc,start    ] GC(0) Pause Young (Normal) (G1 Evacuation Pause)
[0.583s][info][gc,task     ] GC(0) Using 5 workers of 11 for evacuation
[0.586s][info][gc,phases   ] GC(0)   Pre Evacuate Collection Set: 0.2ms
[0.587s][info][gc,phases   ] GC(0)   Merge Heap Roots: 0.2ms
[0.587s][info][gc,phases   ] GC(0)   Evacuate Collection Set: 2.1ms
[0.587s][info][gc,phases   ] GC(0)   Post Evacuate Collection Set: 0.5ms
[0.587s][info][gc,phases   ] GC(0)   Other: 1.7ms
[0.588s][info][gc,heap     ] GC(0) Eden regions: 23->0(38)
[0.588s][info][gc,heap     ] GC(0) Survivor regions: 0->3(3)
[0.588s][info][gc,heap     ] GC(0) Old regions: 1->2
[0.588s][info][gc,heap     ] GC(0) Humongous regions: 5->4
[0.588s][info][gc,metaspace] GC(0) Metaspace: 7969K(8128K)->7969K(8128K) NonClass: 7081K(7168K)->7081K(7168K) Class: 887K(960K)->887K(960K)
[0.589s][info][gc          ] GC(0) Pause Young (Normal) (G1 Evacuation Pause) 28M->8M(249M) 7.559ms
[0.589s][info][gc,cpu      ] GC(0) User=0.01s Sys=0.01s Real=0.00s
[1.327s][info][gc,start    ] GC(1) Pause Young (Normal) (G1 Evacuation Pause)
[1.327s][info][gc,task     ] GC(1) Using 5 workers of 11 for evacuation
[1.334s][info][gc,phases   ] GC(1)   Pre Evacuate Collection Set: 0.1ms
[1.335s][info][gc,phases   ] GC(1)   Merge Heap Roots: 0.1ms
[1.335s][info][gc,phases   ] GC(1)   Evacuate Collection Set: 4.1ms
[1.335s][info][gc,phases   ] GC(1)   Post Evacuate Collection Set: 1.7ms
[1.335s][info][gc,phases   ] GC(1)   Other: 0.5ms
[1.335s][info][gc,heap     ] GC(1) Eden regions: 38->0(84)
[1.335s][info][gc,heap     ] GC(1) Survivor regions: 3->6(6)
[1.336s][info][gc,heap     ] GC(1) Old regions: 2->3
[1.336s][info][gc,heap     ] GC(1) Humongous regions: 4->4
[1.336s][info][gc,metaspace] GC(1) Metaspace: 19368K(19648K)->19368K(19648K) NonClass: 17082K(17216K)->17082K(17216K) Class: 2285K(2432K)->2285K(2432K)
[1.336s][info][gc          ] GC(1) Pause Young (Normal) (G1 Evacuation Pause) 46M->12M(249M) 9.150ms
[1.336s][info][gc,cpu      ] GC(1) User=0.02s Sys=0.01s Real=0.01s
[1.421s][info][gc,start    ] GC(2) Pause Young (Concurrent Start) (Metadata GC Threshold)
[1.422s][info][gc,task     ] GC(2) Using 5 workers of 11 for evacuation
[1.426s][info][gc,phases   ] GC(2)   Pre Evacuate Collection Set: 0.2ms
[1.426s][info][gc,phases   ] GC(2)   Merge Heap Roots: 0.1ms
[1.427s][info][gc,phases   ] GC(2)   Evacuate Collection Set: 2.7ms
[1.427s][info][gc,phases   ] GC(2)   Post Evacuate Collection Set: 0.8ms
[1.427s][info][gc,phases   ] GC(2)   Other: 0.4ms
[1.428s][info][gc,heap     ] GC(2) Eden regions: 6->0(140)
[1.428s][info][gc,heap     ] GC(2) Survivor regions: 6->7(12)
[1.428s][info][gc,heap     ] GC(2) Old regions: 3->3
[1.429s][info][gc,heap     ] GC(2) Humongous regions: 4->4
[1.429s][info][gc,metaspace] GC(2) Metaspace: 21218K(21504K)->21218K(21504K) NonClass: 18703K(18816K)->18703K(18816K) Class: 2514K(2688K)->2514K(2688K)
[1.429s][info][gc          ] GC(2) Pause Young (Concurrent Start) (Metadata GC Threshold) 18M->13M(249M) 7.814ms
[1.429s][info][gc          ] GC(3) Concurrent Mark Cycle
[1.430s][info][gc,marking  ] GC(3) Concurrent Scan Root Regions
[1.429s][info][gc,cpu      ] GC(2) User=0.01s Sys=0.00s Real=0.00s
[1.432s][info][gc,marking  ] GC(3) Concurrent Scan Root Regions 2.478ms
[1.432s][info][gc,marking  ] GC(3) Concurrent Mark
[1.433s][info][gc,marking  ] GC(3) Concurrent Mark From Roots
[1.433s][info][gc,task     ] GC(3) Using 3 workers of 3 for marking
[1.435s][info][gc,marking  ] GC(3) Concurrent Mark From Roots 2.219ms
[1.435s][info][gc,marking  ] GC(3) Concurrent Preclean
[1.435s][info][gc,marking  ] GC(3) Concurrent Preclean 0.245ms
[1.436s][info][gc,start    ] GC(3) Pause Remark
[1.438s][info][gc          ] GC(3) Pause Remark 14M->14M(47M) 2.257ms
[1.438s][info][gc,cpu      ] GC(3) User=0.00s Sys=0.00s Real=0.00s
[1.439s][info][gc,marking  ] GC(3) Concurrent Mark 6.378ms
[1.439s][info][gc,marking  ] GC(3) Concurrent Rebuild Remembered Sets and Scrub Regions
[1.440s][info][gc,marking  ] GC(3) Concurrent Rebuild Remembered Sets and Scrub Regions 1.084ms
[1.441s][info][gc,start    ] GC(3) Pause Cleanup
[1.441s][info][gc          ] GC(3) Pause Cleanup 14M->14M(47M) 0.354ms
[1.441s][info][gc,cpu      ] GC(3) User=0.00s Sys=0.00s Real=0.00s
[1.441s][info][gc,marking  ] GC(3) Concurrent Clear Claimed Marks
[1.442s][info][gc,marking  ] GC(3) Concurrent Clear Claimed Marks 0.237ms
[1.442s][info][gc,marking  ] GC(3) Concurrent Cleanup for Next Mark
[1.442s][info][gc,marking  ] GC(3) Concurrent Cleanup for Next Mark 0.544ms
[1.443s][info][gc          ] GC(3) Concurrent Mark Cycle 13.272ms
[1.856s][info][gc,start    ] GC(4) Pause Young (Prepare Mixed) (G1 Evacuation Pause)
[1.856s][info][gc,task     ] GC(4) Using 8 workers of 11 for evacuation
[1.867s][info][gc,phases   ] GC(4)   Pre Evacuate Collection Set: 0.4ms
[1.868s][info][gc,phases   ] GC(4)   Merge Heap Roots: 0.1ms
[1.868s][info][gc,phases   ] GC(4)   Evacuate Collection Set: 8.8ms
[1.868s][info][gc,phases   ] GC(4)   Post Evacuate Collection Set: 1.2ms
[1.868s][info][gc,phases   ] GC(4)   Other: 0.4ms
[1.869s][info][gc,heap     ] GC(4) Eden regions: 33->0(23)
[1.869s][info][gc,heap     ] GC(4) Survivor regions: 7->13(19)
[1.869s][info][gc,heap     ] GC(4) Old regions: 3->3
[1.869s][info][gc,heap     ] GC(4) Humongous regions: 4->4
[1.869s][info][gc,metaspace] GC(4) Metaspace: 28263K(28608K)->28263K(28608K) NonClass: 24867K(25088K)->24867K(25088K) Class: 3395K(3520K)->3395K(3520K)
[1.870s][info][gc          ] GC(4) Pause Young (Prepare Mixed) (G1 Evacuation Pause) 46M->19M(60M) 13.826ms
[1.870s][info][gc,cpu      ] GC(4) User=0.04s Sys=0.03s Real=0.01s
[2.473s][info][gc,start    ] GC(5) Pause Young (Mixed) (G1 Evacuation Pause)
[2.474s][info][gc,task     ] GC(5) Using 11 workers of 11 for evacuation
[2.479s][info][gc,phases   ] GC(5)   Pre Evacuate Collection Set: 0.5ms
[2.479s][info][gc,phases   ] GC(5)   Merge Heap Roots: 0.1ms
[2.480s][info][gc,phases   ] GC(5)   Evacuate Collection Set: 3.4ms
[2.480s][info][gc,phases   ] GC(5)   Post Evacuate Collection Set: 0.6ms
[2.480s][info][gc,phases   ] GC(5)   Other: 0.5ms
[2.480s][info][gc,heap     ] GC(5) Eden regions: 23->0(29)
[2.481s][info][gc,heap     ] GC(5) Survivor regions: 13->2(5)
[2.481s][info][gc,heap     ] GC(5) Old regions: 3->14
[2.481s][info][gc,heap     ] GC(5) Humongous regions: 4->4
[2.481s][info][gc,metaspace] GC(5) Metaspace: 31992K(32384K)->31992K(32384K) NonClass: 28135K(28352K)->28135K(28352K) Class: 3857K(4032K)->3857K(4032K)
[2.482s][info][gc          ] GC(5) Pause Young (Mixed) (G1 Evacuation Pause) 42M->19M(60M) 8.447ms
[2.482s][info][gc,cpu      ] GC(5) User=0.03s Sys=0.01s Real=0.01s
[4.879s][info][gc,heap,exit] Heap
[4.880s][info][gc,heap,exit]  garbage-first heap   total 61440K, used 24737K [0x00000000d0000000, 0x0000000100000000)
[4.880s][info][gc,heap,exit]   region size 1024K, 7 young (7168K), 2 survivors (2048K)
[4.880s][info][gc,heap,exit]  Metaspace       used 32601K, committed 33024K, reserved 1114112K
[4.881s][info][gc,heap,exit]   class space    used 3942K, committed 4096K, reserved 1048576K
