[0.046s][info][gc,init] CardTable entry size: 512
[0.048s][info][gc     ] Using G1
[0.050s][info][gc,init] Version: 21.0.8+9-LTS (release)
[0.051s][info][gc,init] CPUs: 14 total, 14 available
[0.051s][info][gc,init] Memory: 15750M
[0.051s][info][gc,init] Large Page Support: Disabled
[0.051s][info][gc,init] NUMA Support: Disabled
[0.051s][info][gc,init] Compressed Oops: Enabled (32-bit)
[0.052s][info][gc,init] Heap Region Size: 1M
[0.052s][info][gc,init] Heap Min Capacity: 8M
[0.052s][info][gc,init] Heap Initial Capacity: 248M
[0.052s][info][gc,init] Heap Max Capacity: 768M
[0.053s][info][gc,init] Pre-touch: Disabled
[0.053s][info][gc,init] Parallel Workers: 11
[0.053s][info][gc,init] Concurrent Workers: 3
[0.053s][info][gc,init] Concurrent Refinement Workers: 11
[0.053s][info][gc,init] Periodic GC: Disabled
[0.060s][info][gc,metaspace] CDS archive(s) mapped at: [0x00007dadfb000000-0x00007dadfbbb2000-0x00007dadfbbb2000), size 12263424, SharedBaseAddress: 0x00007dadfb000000, ArchiveRelocationMode: 1.
[0.061s][info][gc,metaspace] Compressed class space mapped at: 0x00007dadfc000000-0x00007dae3c000000, reserved size: 1073741824
[0.061s][info][gc,metaspace] Narrow klass base: 0x00007dadfb000000, Narrow klass shift: 0, Narrow klass range: 0x100000000
[0.538s][info][gc,start    ] GC(0) Pause Young (Normal) (G1 Evacuation Pause)
[0.540s][info][gc,task     ] GC(0) Using 5 workers of 11 for evacuation
[0.543s][info][gc,phases   ] GC(0)   Pre Evacuate Collection Set: 0.3ms
[0.544s][info][gc,phases   ] GC(0)   Merge Heap Roots: 0.2ms
[0.544s][info][gc,phases   ] GC(0)   Evacuate Collection Set: 2.0ms
[0.544s][info][gc,phases   ] GC(0)   Post Evacuate Collection Set: 0.8ms
[0.544s][info][gc,phases   ] GC(0)   Other: 1.5ms
[0.545s][info][gc,heap     ] GC(0) Eden regions: 23->0(38)
[0.545s][info][gc,heap     ] GC(0) Survivor regions: 0->3(3)
[0.545s][info][gc,heap     ] GC(0) Old regions: 1->2
[0.545s][info][gc,heap     ] GC(0) Humongous regions: 5->4
[0.546s][info][gc,metaspace] GC(0) Metaspace: 7964K(8128K)->7964K(8128K) NonClass: 7074K(7168K)->7074K(7168K) Class: 889K(960K)->889K(960K)
[0.546s][info][gc          ] GC(0) Pause Young (Normal) (G1 Evacuation Pause) 28M->8M(249M) 7.623ms
[0.546s][info][gc,cpu      ] GC(0) User=0.02s Sys=0.01s Real=0.00s
[1.200s][info][gc,start    ] GC(1) Pause Young (Normal) (G1 Evacuation Pause)
[1.200s][info][gc,task     ] GC(1) Using 5 workers of 11 for evacuation
[1.209s][info][gc,phases   ] GC(1)   Pre Evacuate Collection Set: 0.2ms
[1.209s][info][gc,phases   ] GC(1)   Merge Heap Roots: 0.1ms
[1.210s][info][gc,phases   ] GC(1)   Evacuate Collection Set: 5.0ms
[1.210s][info][gc,phases   ] GC(1)   Post Evacuate Collection Set: 2.3ms
[1.210s][info][gc,phases   ] GC(1)   Other: 0.7ms
[1.211s][info][gc,heap     ] GC(1) Eden regions: 38->0(85)
[1.211s][info][gc,heap     ] GC(1) Survivor regions: 3->6(6)
[1.211s][info][gc,heap     ] GC(1) Old regions: 2->3
[1.211s][info][gc,heap     ] GC(1) Humongous regions: 4->4
[1.211s][info][gc,metaspace] GC(1) Metaspace: 19366K(19648K)->19366K(19648K) NonClass: 17080K(17216K)->17080K(17216K) Class: 2285K(2432K)->2285K(2432K)
[1.211s][info][gc          ] GC(1) Pause Young (Normal) (G1 Evacuation Pause) 46M->12M(249M) 11.285ms
[1.212s][info][gc,cpu      ] GC(1) User=0.02s Sys=0.00s Real=0.01s
[1.286s][info][gc,start    ] GC(2) Pause Young (Concurrent Start) (Metadata GC Threshold)
[1.286s][info][gc,task     ] GC(2) Using 5 workers of 11 for evacuation
[1.290s][info][gc,phases   ] GC(2)   Pre Evacuate Collection Set: 0.2ms
[1.291s][info][gc,phases   ] GC(2)   Merge Heap Roots: 0.1ms
[1.291s][info][gc,phases   ] GC(2)   Evacuate Collection Set: 2.7ms
[1.291s][info][gc,phases   ] GC(2)   Post Evacuate Collection Set: 0.4ms
[1.292s][info][gc,phases   ] GC(2)   Other: 0.6ms
[1.292s][info][gc,heap     ] GC(2) Eden regions: 6->0(141)
[1.292s][info][gc,heap     ] GC(2) Survivor regions: 6->7(12)
[1.292s][info][gc,heap     ] GC(2) Old regions: 3->3
[1.292s][info][gc,heap     ] GC(2) Humongous regions: 4->4
[1.292s][info][gc,metaspace] GC(2) Metaspace: 21180K(21504K)->21180K(21504K) NonClass: 18667K(18816K)->18667K(18816K) Class: 2512K(2688K)->2512K(2688K)
[1.293s][info][gc          ] GC(2) Pause Young (Concurrent Start) (Metadata GC Threshold) 18M->13M(249M) 7.115ms
[1.293s][info][gc          ] GC(3) Concurrent Mark Cycle
[1.293s][info][gc,cpu      ] GC(2) User=0.01s Sys=0.00s Real=0.01s
[1.293s][info][gc,marking  ] GC(3) Concurrent Scan Root Regions
[1.296s][info][gc,marking  ] GC(3) Concurrent Scan Root Regions 2.873ms
[1.297s][info][gc,marking  ] GC(3) Concurrent Mark
[1.297s][info][gc,marking  ] GC(3) Concurrent Mark From Roots
[1.297s][info][gc,task     ] GC(3) Using 3 workers of 3 for marking
[1.299s][info][gc,marking  ] GC(3) Concurrent Mark From Roots 2.113ms
[1.299s][info][gc,marking  ] GC(3) Concurrent Preclean
[1.300s][info][gc,marking  ] GC(3) Concurrent Preclean 0.266ms
[1.300s][info][gc,start    ] GC(3) Pause Remark
[1.302s][info][gc          ] GC(3) Pause Remark 15M->15M(47M) 2.095ms
[1.303s][info][gc,cpu      ] GC(3) User=0.01s Sys=0.00s Real=0.00s
[1.303s][info][gc,marking  ] GC(3) Concurrent Mark 6.272ms
[1.303s][info][gc,marking  ] GC(3) Concurrent Rebuild Remembered Sets and Scrub Regions
[1.304s][info][gc,marking  ] GC(3) Concurrent Rebuild Remembered Sets and Scrub Regions 1.100ms
[1.305s][info][gc,start    ] GC(3) Pause Cleanup
[1.305s][info][gc          ] GC(3) Pause Cleanup 15M->15M(47M) 0.268ms
[1.305s][info][gc,cpu      ] GC(3) User=0.00s Sys=0.00s Real=0.00s
[1.305s][info][gc,marking  ] GC(3) Concurrent Clear Claimed Marks
[1.306s][info][gc,marking  ] GC(3) Concurrent Clear Claimed Marks 0.189ms
[1.306s][info][gc,marking  ] GC(3) Concurrent Cleanup for Next Mark
[1.306s][info][gc,marking  ] GC(3) Concurrent Cleanup for Next Mark 0.472ms
[1.306s][info][gc          ] GC(3) Concurrent Mark Cycle 13.429ms
[1.654s][info][gc,start    ] GC(4) Pause Young (Prepare Mixed) (G1 Evacuation Pause)
[1.655s][info][gc,task     ] GC(4) Using 10 workers of 11 for evacuation
[1.663s][info][gc,phases   ] GC(4)   Pre Evacuate Collection Set: 0.6ms
[1.664s][info][gc,phases   ] GC(4)   Merge Heap Roots: 0.6ms
[1.664s][info][gc,phases   ] GC(4)   Evacuate Collection Set: 5.2ms
[1.664s][info][gc,phases   ] GC(4)   Post Evacuate Collection Set: 1.4ms
[1.664s][info][gc,phases   ] GC(4)   Other: 0.6ms
[1.664s][info][gc,heap     ] GC(4) Eden regions: 33->0(23)
[1.665s][info][gc,heap     ] GC(4) Survivor regions: 7->13(19)
[1.665s][info][gc,heap     ] GC(4) Old regions: 3->3
[1.665s][info][gc,heap     ] GC(4) Humongous regions: 4->4
[1.665s][info][gc,metaspace] GC(4) Metaspace: 28164K(28608K)->28164K(28608K) NonClass: 24770K(25024K)->24770K(25024K) Class: 3394K(3584K)->3394K(3584K)
[1.665s][info][gc          ] GC(4) Pause Young (Prepare Mixed) (G1 Evacuation Pause) 46M->19M(60M) 11.243ms
[1.666s][info][gc,cpu      ] GC(4) User=0.04s Sys=0.03s Real=0.01s
[38.418s][info][gc,start    ] GC(5) Pause Young (Mixed) (G1 Evacuation Pause)
[38.419s][info][gc,task     ] GC(5) Using 11 workers of 11 for evacuation
[38.425s][info][gc,phases   ] GC(5)   Pre Evacuate Collection Set: 0.5ms
[38.426s][info][gc,phases   ] GC(5)   Merge Heap Roots: 0.3ms
[38.426s][info][gc,phases   ] GC(5)   Evacuate Collection Set: 3.9ms
[38.427s][info][gc,phases   ] GC(5)   Post Evacuate Collection Set: 1.1ms
[38.427s][info][gc,phases   ] GC(5)   Other: 0.8ms
[38.427s][info][gc,heap     ] GC(5) Eden regions: 23->0(29)
[38.428s][info][gc,heap     ] GC(5) Survivor regions: 13->2(5)
[38.428s][info][gc,heap     ] GC(5) Old regions: 3->14
[38.428s][info][gc,heap     ] GC(5) Humongous regions: 4->4
[38.429s][info][gc,metaspace] GC(5) Metaspace: 29665K(30144K)->29665K(30144K) NonClass: 26110K(26368K)->26110K(26368K) Class: 3554K(3776K)->3554K(3776K)
[38.429s][info][gc          ] GC(5) Pause Young (Mixed) (G1 Evacuation Pause) 42M->19M(60M) 11.231ms
[38.429s][info][gc,cpu      ] GC(5) User=0.01s Sys=0.01s Real=0.01s
[105.319s][info][gc,heap,exit] Heap
[105.319s][info][gc,heap,exit]  garbage-first heap   total 61440K, used 39851K [0x00000000d0000000, 0x0000000100000000)
[105.320s][info][gc,heap,exit]   region size 1024K, 22 young (22528K), 2 survivors (2048K)
[105.320s][info][gc,heap,exit]  Metaspace       used 30240K, committed 30656K, reserved 1114112K
[105.321s][info][gc,heap,exit]   class space    used 3597K, committed 3776K, reserved 1048576K
