[0.036s][info][gc,init] CardTable entry size: 512
[0.037s][info][gc     ] Using G1
[0.041s][info][gc,init] Version: 21.0.8+9-LTS (release)
[0.041s][info][gc,init] CPUs: 14 total, 14 available
[0.042s][info][gc,init] Memory: 15750M
[0.042s][info][gc,init] Large Page Support: Disabled
[0.042s][info][gc,init] NUMA Support: Disabled
[0.042s][info][gc,init] Compressed Oops: Enabled (32-bit)
[0.042s][info][gc,init] Heap Region Size: 1M
[0.042s][info][gc,init] Heap Min Capacity: 8M
[0.043s][info][gc,init] Heap Initial Capacity: 248M
[0.043s][info][gc,init] Heap Max Capacity: 768M
[0.043s][info][gc,init] Pre-touch: Disabled
[0.043s][info][gc,init] Parallel Workers: 11
[0.043s][info][gc,init] Concurrent Workers: 3
[0.044s][info][gc,init] Concurrent Refinement Workers: 11
[0.044s][info][gc,init] Periodic GC: Disabled
[0.049s][info][gc,metaspace] CDS archive(s) mapped at: [0x000078fd13000000-0x000078fd13bb2000-0x000078fd13bb2000), size 12263424, SharedBaseAddress: 0x000078fd13000000, ArchiveRelocationMode: 1.
[0.049s][info][gc,metaspace] Compressed class space mapped at: 0x000078fd14000000-0x000078fd54000000, reserved size: 1073741824
[0.049s][info][gc,metaspace] Narrow klass base: 0x000078fd13000000, Narrow klass shift: 0, Narrow klass range: 0x100000000
[0.512s][info][gc,start    ] GC(0) Pause Young (Normal) (G1 Evacuation Pause)
[0.513s][info][gc,task     ] GC(0) Using 5 workers of 11 for evacuation
[0.517s][info][gc,phases   ] GC(0)   Pre Evacuate Collection Set: 0.2ms
[0.517s][info][gc,phases   ] GC(0)   Merge Heap Roots: 0.2ms
[0.517s][info][gc,phases   ] GC(0)   Evacuate Collection Set: 2.2ms
[0.518s][info][gc,phases   ] GC(0)   Post Evacuate Collection Set: 0.5ms
[0.518s][info][gc,phases   ] GC(0)   Other: 1.2ms
[0.518s][info][gc,heap     ] GC(0) Eden regions: 23->0(38)
[0.519s][info][gc,heap     ] GC(0) Survivor regions: 0->3(3)
[0.519s][info][gc,heap     ] GC(0) Old regions: 1->2
[0.519s][info][gc,heap     ] GC(0) Humongous regions: 5->4
[0.519s][info][gc,metaspace] GC(0) Metaspace: 7993K(8128K)->7993K(8128K) NonClass: 7103K(7168K)->7103K(7168K) Class: 889K(960K)->889K(960K)
[0.520s][info][gc          ] GC(0) Pause Young (Normal) (G1 Evacuation Pause) 28M->8M(249M) 7.293ms
[0.520s][info][gc,cpu      ] GC(0) User=0.01s Sys=0.01s Real=0.01s
[1.242s][info][gc,start    ] GC(1) Pause Young (Normal) (G1 Evacuation Pause)
[1.243s][info][gc,task     ] GC(1) Using 5 workers of 11 for evacuation
[1.249s][info][gc,phases   ] GC(1)   Pre Evacuate Collection Set: 0.1ms
[1.250s][info][gc,phases   ] GC(1)   Merge Heap Roots: 0.1ms
[1.250s][info][gc,phases   ] GC(1)   Evacuate Collection Set: 3.9ms
[1.250s][info][gc,phases   ] GC(1)   Post Evacuate Collection Set: 1.8ms
[1.250s][info][gc,phases   ] GC(1)   Other: 0.4ms
[1.250s][info][gc,heap     ] GC(1) Eden regions: 38->0(86)
[1.251s][info][gc,heap     ] GC(1) Survivor regions: 3->6(6)
[1.251s][info][gc,heap     ] GC(1) Old regions: 2->3
[1.251s][info][gc,heap     ] GC(1) Humongous regions: 4->4
[1.251s][info][gc,metaspace] GC(1) Metaspace: 19496K(19776K)->19496K(19776K) NonClass: 17202K(17344K)->17202K(17344K) Class: 2293K(2432K)->2293K(2432K)
[1.251s][info][gc          ] GC(1) Pause Young (Normal) (G1 Evacuation Pause) 46M->12M(249M) 8.963ms
[1.252s][info][gc,cpu      ] GC(1) User=0.02s Sys=0.00s Real=0.01s
[1.319s][info][gc,start    ] GC(2) Pause Young (Concurrent Start) (Metadata GC Threshold)
[1.320s][info][gc,task     ] GC(2) Using 5 workers of 11 for evacuation
[1.324s][info][gc,phases   ] GC(2)   Pre Evacuate Collection Set: 0.2ms
[1.324s][info][gc,phases   ] GC(2)   Merge Heap Roots: 0.1ms
[1.324s][info][gc,phases   ] GC(2)   Evacuate Collection Set: 2.6ms
[1.324s][info][gc,phases   ] GC(2)   Post Evacuate Collection Set: 0.7ms
[1.325s][info][gc,phases   ] GC(2)   Other: 0.4ms
[1.325s][info][gc,heap     ] GC(2) Eden regions: 5->0(139)
[1.325s][info][gc,heap     ] GC(2) Survivor regions: 6->7(12)
[1.325s][info][gc,heap     ] GC(2) Old regions: 3->3
[1.325s][info][gc,heap     ] GC(2) Humongous regions: 4->4
[1.326s][info][gc,metaspace] GC(2) Metaspace: 21192K(21504K)->21192K(21504K) NonClass: 18683K(18816K)->18683K(18816K) Class: 2509K(2688K)->2509K(2688K)
[1.326s][info][gc          ] GC(2) Pause Young (Concurrent Start) (Metadata GC Threshold) 17M->13M(249M) 6.950ms
[1.326s][info][gc,cpu      ] GC(2) User=0.02s Sys=0.00s Real=0.01s
[1.326s][info][gc          ] GC(3) Concurrent Mark Cycle
[1.327s][info][gc,marking  ] GC(3) Concurrent Scan Root Regions
[1.329s][info][gc,marking  ] GC(3) Concurrent Scan Root Regions 2.201ms
[1.329s][info][gc,marking  ] GC(3) Concurrent Mark
[1.330s][info][gc,marking  ] GC(3) Concurrent Mark From Roots
[1.330s][info][gc,task     ] GC(3) Using 3 workers of 3 for marking
[1.332s][info][gc,marking  ] GC(3) Concurrent Mark From Roots 1.965ms
[1.332s][info][gc,marking  ] GC(3) Concurrent Preclean
[1.332s][info][gc,marking  ] GC(3) Concurrent Preclean 0.204ms
[1.332s][info][gc,start    ] GC(3) Pause Remark
[1.335s][info][gc          ] GC(3) Pause Remark 14M->14M(47M) 2.747ms
[1.335s][info][gc,cpu      ] GC(3) User=0.01s Sys=0.00s Real=0.01s
[1.336s][info][gc,marking  ] GC(3) Concurrent Mark 6.464ms
[1.336s][info][gc,marking  ] GC(3) Concurrent Rebuild Remembered Sets and Scrub Regions
[1.338s][info][gc,marking  ] GC(3) Concurrent Rebuild Remembered Sets and Scrub Regions 1.610ms
[1.338s][info][gc,start    ] GC(3) Pause Cleanup
[1.338s][info][gc          ] GC(3) Pause Cleanup 15M->15M(47M) 0.335ms
[1.339s][info][gc,cpu      ] GC(3) User=0.01s Sys=0.00s Real=0.00s
[1.339s][info][gc,marking  ] GC(3) Concurrent Clear Claimed Marks
[1.339s][info][gc,marking  ] GC(3) Concurrent Clear Claimed Marks 0.180ms
[1.339s][info][gc,marking  ] GC(3) Concurrent Cleanup for Next Mark
[1.340s][info][gc,marking  ] GC(3) Concurrent Cleanup for Next Mark 0.697ms
[1.340s][info][gc          ] GC(3) Concurrent Mark Cycle 13.973ms
[1.617s][info][gc,start    ] GC(4) Pause Young (Prepare Mixed) (G1 Evacuation Pause)
[1.618s][info][gc,task     ] GC(4) Using 6 workers of 11 for evacuation
[1.624s][info][gc,phases   ] GC(4)   Pre Evacuate Collection Set: 0.2ms
[1.625s][info][gc,phases   ] GC(4)   Merge Heap Roots: 0.1ms
[1.625s][info][gc,phases   ] GC(4)   Evacuate Collection Set: 4.7ms
[1.625s][info][gc,phases   ] GC(4)   Post Evacuate Collection Set: 1.0ms
[1.626s][info][gc,phases   ] GC(4)   Other: 0.4ms
[1.626s][info][gc,heap     ] GC(4) Eden regions: 21->0(20)
[1.626s][info][gc,heap     ] GC(4) Survivor regions: 7->4(4)
[1.626s][info][gc,heap     ] GC(4) Old regions: 3->10
[1.627s][info][gc,heap     ] GC(4) Humongous regions: 4->4
[1.627s][info][gc,metaspace] GC(4) Metaspace: 26602K(26944K)->26602K(26944K) NonClass: 23435K(23616K)->23435K(23616K) Class: 3167K(3328K)->3167K(3328K)
[1.627s][info][gc          ] GC(4) Pause Young (Prepare Mixed) (G1 Evacuation Pause) 34M->17M(47M) 9.924ms
[1.627s][info][gc,cpu      ] GC(4) User=0.04s Sys=0.00s Real=0.01s
[2.272s][info][gc,start    ] GC(5) Pause Young (Mixed) (G1 Evacuation Pause)
[2.272s][info][gc,task     ] GC(5) Using 11 workers of 11 for evacuation
[2.277s][info][gc,phases   ] GC(5)   Pre Evacuate Collection Set: 0.5ms
[2.277s][info][gc,phases   ] GC(5)   Merge Heap Roots: 0.3ms
[2.278s][info][gc,phases   ] GC(5)   Evacuate Collection Set: 2.7ms
[2.278s][info][gc,phases   ] GC(5)   Post Evacuate Collection Set: 0.8ms
[2.278s][info][gc,phases   ] GC(5)   Other: 0.5ms
[2.279s][info][gc,heap     ] GC(5) Eden regions: 20->0(19)
[2.279s][info][gc,heap     ] GC(5) Survivor regions: 4->2(3)
[2.279s][info][gc,heap     ] GC(5) Old regions: 10->14
[2.280s][info][gc,heap     ] GC(5) Humongous regions: 4->4
[2.280s][info][gc,metaspace] GC(5) Metaspace: 28893K(29376K)->28893K(29376K) NonClass: 25421K(25664K)->25421K(25664K) Class: 3472K(3712K)->3472K(3712K)
[2.280s][info][gc          ] GC(5) Pause Young (Mixed) (G1 Evacuation Pause) 37M->19M(47M) 8.144ms
[2.280s][info][gc,cpu      ] GC(5) User=0.02s Sys=0.00s Real=0.01s
[4.828s][info][gc,heap,exit] Heap
[4.828s][info][gc,heap,exit]  garbage-first heap   total 48128K, used 34637K [0x00000000d0000000, 0x0000000100000000)
[4.829s][info][gc,heap,exit]   region size 1024K, 17 young (17408K), 2 survivors (2048K)
[4.829s][info][gc,heap,exit]  Metaspace       used 32632K, committed 32960K, reserved 1114112K
[4.829s][info][gc,heap,exit]   class space    used 3940K, committed 4096K, reserved 1048576K
