[0.045s][info][gc,init] CardTable entry size: 512
[0.046s][info][gc     ] Using G1
[0.049s][info][gc,init] Version: 21.0.8+9-LTS (release)
[0.049s][info][gc,init] CPUs: 14 total, 14 available
[0.050s][info][gc,init] Memory: 15750M
[0.050s][info][gc,init] Large Page Support: Disabled
[0.050s][info][gc,init] NUMA Support: Disabled
[0.051s][info][gc,init] Compressed Oops: Enabled (32-bit)
[0.051s][info][gc,init] Heap Region Size: 1M
[0.051s][info][gc,init] Heap Min Capacity: 8M
[0.052s][info][gc,init] Heap Initial Capacity: 248M
[0.052s][info][gc,init] Heap Max Capacity: 768M
[0.052s][info][gc,init] Pre-touch: Disabled
[0.053s][info][gc,init] Parallel Workers: 11
[0.053s][info][gc,init] Concurrent Workers: 3
[0.053s][info][gc,init] Concurrent Refinement Workers: 11
[0.053s][info][gc,init] Periodic GC: Disabled
[0.063s][info][gc,metaspace] CDS archive(s) mapped at: [0x000075b517000000-0x000075b517bb2000-0x000075b517bb2000), size 12263424, SharedBaseAddress: 0x000075b517000000, ArchiveRelocationMode: 1.
[0.064s][info][gc,metaspace] Compressed class space mapped at: 0x000075b518000000-0x000075b558000000, reserved size: 1073741824
[0.064s][info][gc,metaspace] Narrow klass base: 0x000075b517000000, Narrow klass shift: 0, Narrow klass range: 0x100000000
[0.515s][info][gc,start    ] GC(0) Pause Young (Normal) (G1 Evacuation Pause)
[0.517s][info][gc,task     ] GC(0) Using 5 workers of 11 for evacuation
[0.520s][info][gc,phases   ] GC(0)   Pre Evacuate Collection Set: 0.2ms
[0.520s][info][gc,phases   ] GC(0)   Merge Heap Roots: 0.1ms
[0.520s][info][gc,phases   ] GC(0)   Evacuate Collection Set: 2.1ms
[0.521s][info][gc,phases   ] GC(0)   Post Evacuate Collection Set: 0.5ms
[0.521s][info][gc,phases   ] GC(0)   Other: 1.2ms
[0.521s][info][gc,heap     ] GC(0) Eden regions: 23->0(38)
[0.521s][info][gc,heap     ] GC(0) Survivor regions: 0->3(3)
[0.521s][info][gc,heap     ] GC(0) Old regions: 1->2
[0.522s][info][gc,heap     ] GC(0) Humongous regions: 5->4
[0.522s][info][gc,metaspace] GC(0) Metaspace: 7969K(8128K)->7969K(8128K) NonClass: 7081K(7168K)->7081K(7168K) Class: 887K(960K)->887K(960K)
[0.522s][info][gc          ] GC(0) Pause Young (Normal) (G1 Evacuation Pause) 28M->8M(249M) 6.693ms
[0.522s][info][gc,cpu      ] GC(0) User=0.02s Sys=0.00s Real=0.01s
[1.216s][info][gc,start    ] GC(1) Pause Young (Normal) (G1 Evacuation Pause)
[1.216s][info][gc,task     ] GC(1) Using 5 workers of 11 for evacuation
[1.222s][info][gc,phases   ] GC(1)   Pre Evacuate Collection Set: 0.2ms
[1.223s][info][gc,phases   ] GC(1)   Merge Heap Roots: 0.1ms
[1.223s][info][gc,phases   ] GC(1)   Evacuate Collection Set: 4.0ms
[1.223s][info][gc,phases   ] GC(1)   Post Evacuate Collection Set: 1.7ms
[1.224s][info][gc,phases   ] GC(1)   Other: 0.2ms
[1.224s][info][gc,heap     ] GC(1) Eden regions: 38->0(82)
[1.224s][info][gc,heap     ] GC(1) Survivor regions: 3->6(6)
[1.224s][info][gc,heap     ] GC(1) Old regions: 2->3
[1.224s][info][gc,heap     ] GC(1) Humongous regions: 4->4
[1.224s][info][gc,metaspace] GC(1) Metaspace: 19396K(19648K)->19396K(19648K) NonClass: 17111K(17216K)->17111K(17216K) Class: 2285K(2432K)->2285K(2432K)
[1.225s][info][gc          ] GC(1) Pause Young (Normal) (G1 Evacuation Pause) 46M->12M(249M) 8.638ms
[1.225s][info][gc,cpu      ] GC(1) User=0.02s Sys=0.00s Real=0.00s
[1.308s][info][gc,start    ] GC(2) Pause Young (Concurrent Start) (Metadata GC Threshold)
[1.309s][info][gc,task     ] GC(2) Using 5 workers of 11 for evacuation
[1.313s][info][gc,phases   ] GC(2)   Pre Evacuate Collection Set: 0.3ms
[1.314s][info][gc,phases   ] GC(2)   Merge Heap Roots: 0.1ms
[1.314s][info][gc,phases   ] GC(2)   Evacuate Collection Set: 3.0ms
[1.314s][info][gc,phases   ] GC(2)   Post Evacuate Collection Set: 0.5ms
[1.314s][info][gc,phases   ] GC(2)   Other: 0.4ms
[1.314s][info][gc,heap     ] GC(2) Eden regions: 6->0(142)
[1.314s][info][gc,heap     ] GC(2) Survivor regions: 6->4(11)
[1.315s][info][gc,heap     ] GC(2) Old regions: 3->6
[1.315s][info][gc,heap     ] GC(2) Humongous regions: 4->4
[1.315s][info][gc,metaspace] GC(2) Metaspace: 21184K(21504K)->21184K(21504K) NonClass: 18674K(18816K)->18674K(18816K) Class: 2510K(2688K)->2510K(2688K)
[1.315s][info][gc          ] GC(2) Pause Young (Concurrent Start) (Metadata GC Threshold) 18M->13M(249M) 6.942ms
[1.315s][info][gc,cpu      ] GC(2) User=0.01s Sys=0.01s Real=0.00s
[1.315s][info][gc          ] GC(3) Concurrent Mark Cycle
[1.316s][info][gc,marking  ] GC(3) Concurrent Scan Root Regions
[1.318s][info][gc,marking  ] GC(3) Concurrent Scan Root Regions 2.094ms
[1.318s][info][gc,marking  ] GC(3) Concurrent Mark
[1.319s][info][gc,marking  ] GC(3) Concurrent Mark From Roots
[1.319s][info][gc,task     ] GC(3) Using 3 workers of 3 for marking
[1.321s][info][gc,marking  ] GC(3) Concurrent Mark From Roots 2.144ms
[1.321s][info][gc,marking  ] GC(3) Concurrent Preclean
[1.321s][info][gc,marking  ] GC(3) Concurrent Preclean 0.235ms
[1.322s][info][gc,start    ] GC(3) Pause Remark
[1.324s][info][gc          ] GC(3) Pause Remark 14M->14M(47M) 2.571ms
[1.325s][info][gc,cpu      ] GC(3) User=0.00s Sys=0.00s Real=0.00s
[1.325s][info][gc,marking  ] GC(3) Concurrent Mark 6.818ms
[1.325s][info][gc,marking  ] GC(3) Concurrent Rebuild Remembered Sets and Scrub Regions
[1.327s][info][gc,marking  ] GC(3) Concurrent Rebuild Remembered Sets and Scrub Regions 1.701ms
[1.328s][info][gc,start    ] GC(3) Pause Cleanup
[1.328s][info][gc          ] GC(3) Pause Cleanup 14M->14M(47M) 0.329ms
[1.328s][info][gc,cpu      ] GC(3) User=0.00s Sys=0.00s Real=0.00s
[1.328s][info][gc,marking  ] GC(3) Concurrent Clear Claimed Marks
[1.329s][info][gc,marking  ] GC(3) Concurrent Clear Claimed Marks 0.217ms
[1.329s][info][gc,marking  ] GC(3) Concurrent Cleanup for Next Mark
[1.330s][info][gc,marking  ] GC(3) Concurrent Cleanup for Next Mark 0.748ms
[1.330s][info][gc          ] GC(3) Concurrent Mark Cycle 14.418ms
[1.635s][info][gc,start    ] GC(4) Pause Young (Prepare Mixed) (G1 Evacuation Pause)
[1.636s][info][gc,task     ] GC(4) Using 8 workers of 11 for evacuation
[1.640s][info][gc,phases   ] GC(4)   Pre Evacuate Collection Set: 0.3ms
[1.641s][info][gc,phases   ] GC(4)   Merge Heap Roots: 0.2ms
[1.641s][info][gc,phases   ] GC(4)   Evacuate Collection Set: 3.1ms
[1.641s][info][gc,phases   ] GC(4)   Post Evacuate Collection Set: 0.5ms
[1.641s][info][gc,phases   ] GC(4)   Other: 0.4ms
[1.642s][info][gc,heap     ] GC(4) Eden regions: 24->0(20)
[1.642s][info][gc,heap     ] GC(4) Survivor regions: 4->4(4)
[1.642s][info][gc,heap     ] GC(4) Old regions: 6->10
[1.642s][info][gc,heap     ] GC(4) Humongous regions: 4->4
[1.642s][info][gc,metaspace] GC(4) Metaspace: 26868K(27200K)->26868K(27200K) NonClass: 23663K(23872K)->23663K(23872K) Class: 3205K(3328K)->3205K(3328K)
[1.643s][info][gc          ] GC(4) Pause Young (Prepare Mixed) (G1 Evacuation Pause) 37M->16M(47M) 7.212ms
[1.643s][info][gc,cpu      ] GC(4) User=0.02s Sys=0.00s Real=0.01s
[2.281s][info][gc,start    ] GC(5) Pause Young (Mixed) (G1 Evacuation Pause)
[2.282s][info][gc,task     ] GC(5) Using 11 workers of 11 for evacuation
[2.286s][info][gc,phases   ] GC(5)   Pre Evacuate Collection Set: 0.3ms
[2.286s][info][gc,phases   ] GC(5)   Merge Heap Roots: 0.2ms
[2.286s][info][gc,phases   ] GC(5)   Evacuate Collection Set: 2.3ms
[2.286s][info][gc,phases   ] GC(5)   Post Evacuate Collection Set: 1.0ms
[2.287s][info][gc,phases   ] GC(5)   Other: 0.3ms
[2.287s][info][gc,heap     ] GC(5) Eden regions: 20->0(18)
[2.287s][info][gc,heap     ] GC(5) Survivor regions: 4->3(3)
[2.287s][info][gc,heap     ] GC(5) Old regions: 10->14
[2.288s][info][gc,heap     ] GC(5) Humongous regions: 4->4
[2.288s][info][gc,metaspace] GC(5) Metaspace: 29815K(30272K)->29815K(30272K) NonClass: 26223K(26496K)->26223K(26496K) Class: 3592K(3776K)->3592K(3776K)
[2.288s][info][gc          ] GC(5) Pause Young (Mixed) (G1 Evacuation Pause) 36M->19M(47M) 6.883ms
[2.288s][info][gc,cpu      ] GC(5) User=0.03s Sys=0.01s Real=0.01s
[4.773s][info][gc,heap,exit] Heap
[4.774s][info][gc,heap,exit]  garbage-first heap   total 48128K, used 31668K [0x00000000d0000000, 0x0000000100000000)
[4.774s][info][gc,heap,exit]   region size 1024K, 15 young (15360K), 3 survivors (3072K)
[4.775s][info][gc,heap,exit]  Metaspace       used 32618K, committed 32960K, reserved 1114112K
[4.775s][info][gc,heap,exit]   class space    used 3944K, committed 4096K, reserved 1048576K
