[0.068s][info][gc,init] CardTable entry size: 512
[0.070s][info][gc     ] Using G1
[0.076s][info][gc,init] Version: 21.0.8+9-LTS (release)
[0.077s][info][gc,init] CPUs: 14 total, 14 available
[0.077s][info][gc,init] Memory: 15750M
[0.077s][info][gc,init] Large Page Support: Disabled
[0.078s][info][gc,init] NUMA Support: Disabled
[0.078s][info][gc,init] Compressed Oops: Enabled (32-bit)
[0.078s][info][gc,init] Heap Region Size: 1M
[0.079s][info][gc,init] Heap Min Capacity: 8M
[0.079s][info][gc,init] Heap Initial Capacity: 248M
[0.079s][info][gc,init] Heap Max Capacity: 768M
[0.080s][info][gc,init] Pre-touch: Disabled
[0.080s][info][gc,init] Parallel Workers: 11
[0.081s][info][gc,init] Concurrent Workers: 3
[0.081s][info][gc,init] Concurrent Refinement Workers: 11
[0.081s][info][gc,init] Periodic GC: Disabled
[0.093s][info][gc,metaspace] CDS archive(s) mapped at: [0x000073839b000000-0x000073839bbb2000-0x000073839bbb2000), size 12263424, SharedBaseAddress: 0x000073839b000000, ArchiveRelocationMode: 1.
[0.094s][info][gc,metaspace] Compressed class space mapped at: 0x000073839c000000-0x00007383dc000000, reserved size: 1073741824
[0.094s][info][gc,metaspace] Narrow klass base: 0x000073839b000000, Narrow klass shift: 0, Narrow klass range: 0x100000000
[1.082s][info][gc,start    ] GC(0) Pause Young (Normal) (G1 Evacuation Pause)
[1.084s][info][gc,task     ] GC(0) Using 5 workers of 11 for evacuation
[1.091s][info][gc,phases   ] GC(0)   Pre Evacuate Collection Set: 0.3ms
[1.092s][info][gc,phases   ] GC(0)   Merge Heap Roots: 0.4ms
[1.092s][info][gc,phases   ] GC(0)   Evacuate Collection Set: 4.1ms
[1.092s][info][gc,phases   ] GC(0)   Post Evacuate Collection Set: 0.9ms
[1.093s][info][gc,phases   ] GC(0)   Other: 2.7ms
[1.093s][info][gc,heap     ] GC(0) Eden regions: 23->0(38)
[1.093s][info][gc,heap     ] GC(0) Survivor regions: 0->3(3)
[1.093s][info][gc,heap     ] GC(0) Old regions: 1->2
[1.094s][info][gc,heap     ] GC(0) Humongous regions: 5->4
[1.094s][info][gc,metaspace] GC(0) Metaspace: 7981K(8128K)->7981K(8128K) NonClass: 7093K(7168K)->7093K(7168K) Class: 888K(960K)->888K(960K)
[1.094s][info][gc          ] GC(0) Pause Young (Normal) (G1 Evacuation Pause) 28M->8M(249M) 12.293ms
[1.095s][info][gc,cpu      ] GC(0) User=0.01s Sys=0.02s Real=0.01s
[2.295s][info][gc,start    ] GC(1) Pause Young (Normal) (G1 Evacuation Pause)
[2.295s][info][gc,task     ] GC(1) Using 5 workers of 11 for evacuation
[2.305s][info][gc,phases   ] GC(1)   Pre Evacuate Collection Set: 0.3ms
[2.305s][info][gc,phases   ] GC(1)   Merge Heap Roots: 0.1ms
[2.310s][info][gc,phases   ] GC(1)   Evacuate Collection Set: 5.8ms
[2.310s][info][gc,phases   ] GC(1)   Post Evacuate Collection Set: 2.7ms
[2.310s][info][gc,phases   ] GC(1)   Other: 0.5ms
[2.311s][info][gc,heap     ] GC(1) Eden regions: 38->0(84)
[2.311s][info][gc,heap     ] GC(1) Survivor regions: 3->6(6)
[2.311s][info][gc,heap     ] GC(1) Old regions: 2->3
[2.312s][info][gc,heap     ] GC(1) Humongous regions: 4->4
[2.312s][info][gc,metaspace] GC(1) Metaspace: 19396K(19712K)->19396K(19712K) NonClass: 17112K(17280K)->17112K(17280K) Class: 2284K(2432K)->2284K(2432K)
[2.313s][info][gc          ] GC(1) Pause Young (Normal) (G1 Evacuation Pause) 46M->12M(249M) 17.478ms
[2.313s][info][gc,cpu      ] GC(1) User=0.03s Sys=0.00s Real=0.02s
[2.423s][info][gc,start    ] GC(2) Pause Young (Concurrent Start) (Metadata GC Threshold)
[2.423s][info][gc,task     ] GC(2) Using 5 workers of 11 for evacuation
[2.429s][info][gc,phases   ] GC(2)   Pre Evacuate Collection Set: 0.3ms
[2.429s][info][gc,phases   ] GC(2)   Merge Heap Roots: 0.1ms
[2.430s][info][gc,phases   ] GC(2)   Evacuate Collection Set: 3.3ms
[2.430s][info][gc,phases   ] GC(2)   Post Evacuate Collection Set: 1.3ms
[2.430s][info][gc,phases   ] GC(2)   Other: 0.5ms
[2.431s][info][gc,heap     ] GC(2) Eden regions: 6->0(141)
[2.431s][info][gc,heap     ] GC(2) Survivor regions: 6->7(12)
[2.431s][info][gc,heap     ] GC(2) Old regions: 3->3
[2.432s][info][gc,heap     ] GC(2) Humongous regions: 4->4
[2.432s][info][gc,metaspace] GC(2) Metaspace: 21201K(21504K)->21201K(21504K) NonClass: 18691K(18816K)->18691K(18816K) Class: 2509K(2688K)->2509K(2688K)
[2.432s][info][gc          ] GC(2) Pause Young (Concurrent Start) (Metadata GC Threshold) 18M->13M(249M) 9.664ms
[2.433s][info][gc          ] GC(3) Concurrent Mark Cycle
[2.433s][info][gc,cpu      ] GC(2) User=0.02s Sys=0.00s Real=0.01s
[2.433s][info][gc,marking  ] GC(3) Concurrent Scan Root Regions
[2.437s][info][gc,marking  ] GC(3) Concurrent Scan Root Regions 3.724ms
[2.437s][info][gc,marking  ] GC(3) Concurrent Mark
[2.438s][info][gc,marking  ] GC(3) Concurrent Mark From Roots
[2.438s][info][gc,task     ] GC(3) Using 3 workers of 3 for marking
[2.440s][info][gc,marking  ] GC(3) Concurrent Mark From Roots 2.592ms
[2.441s][info][gc,marking  ] GC(3) Concurrent Preclean
[2.441s][info][gc,marking  ] GC(3) Concurrent Preclean 0.297ms
[2.441s][info][gc,start    ] GC(3) Pause Remark
[2.444s][info][gc          ] GC(3) Pause Remark 14M->14M(47M) 2.916ms
[2.445s][info][gc,cpu      ] GC(3) User=0.01s Sys=0.00s Real=0.00s
[2.445s][info][gc,marking  ] GC(3) Concurrent Mark 7.717ms
[2.446s][info][gc,marking  ] GC(3) Concurrent Rebuild Remembered Sets and Scrub Regions
[2.448s][info][gc,marking  ] GC(3) Concurrent Rebuild Remembered Sets and Scrub Regions 1.321ms
[2.448s][info][gc,start    ] GC(3) Pause Cleanup
[2.449s][info][gc          ] GC(3) Pause Cleanup 14M->14M(47M) 0.444ms
[2.449s][info][gc,cpu      ] GC(3) User=0.00s Sys=0.00s Real=0.00s
[2.449s][info][gc,marking  ] GC(3) Concurrent Clear Claimed Marks
[2.450s][info][gc,marking  ] GC(3) Concurrent Clear Claimed Marks 0.328ms
[2.450s][info][gc,marking  ] GC(3) Concurrent Cleanup for Next Mark
[2.451s][info][gc,marking  ] GC(3) Concurrent Cleanup for Next Mark 0.890ms
[2.451s][info][gc          ] GC(3) Concurrent Mark Cycle 18.639ms
[2.993s][info][gc,start    ] GC(4) Pause Young (Prepare Mixed) (G1 Evacuation Pause)
[2.994s][info][gc,task     ] GC(4) Using 8 workers of 11 for evacuation
[3.007s][info][gc,phases   ] GC(4)   Pre Evacuate Collection Set: 0.4ms
[3.008s][info][gc,phases   ] GC(4)   Merge Heap Roots: 0.3ms
[3.008s][info][gc,phases   ] GC(4)   Evacuate Collection Set: 10.0ms
[3.008s][info][gc,phases   ] GC(4)   Post Evacuate Collection Set: 2.0ms
[3.008s][info][gc,phases   ] GC(4)   Other: 0.5ms
[3.009s][info][gc,heap     ] GC(4) Eden regions: 33->0(23)
[3.009s][info][gc,heap     ] GC(4) Survivor regions: 7->13(19)
[3.009s][info][gc,heap     ] GC(4) Old regions: 3->3
[3.009s][info][gc,heap     ] GC(4) Humongous regions: 4->4
[3.010s][info][gc,metaspace] GC(4) Metaspace: 28122K(28544K)->28122K(28544K) NonClass: 24755K(24960K)->24755K(24960K) Class: 3367K(3584K)->3367K(3584K)
[3.010s][info][gc          ] GC(4) Pause Young (Prepare Mixed) (G1 Evacuation Pause) 46M->18M(60M) 16.515ms
[3.010s][info][gc,cpu      ] GC(4) User=0.03s Sys=0.03s Real=0.01s
[3.494s][info][gc,start    ] GC(5) Pause Young (Mixed) (G1 Evacuation Pause)
[3.495s][info][gc,task     ] GC(5) Using 11 workers of 11 for evacuation
[3.504s][info][gc,phases   ] GC(5)   Pre Evacuate Collection Set: 0.6ms
[3.505s][info][gc,phases   ] GC(5)   Merge Heap Roots: 0.4ms
[3.505s][info][gc,phases   ] GC(5)   Evacuate Collection Set: 5.2ms
[3.506s][info][gc,phases   ] GC(5)   Post Evacuate Collection Set: 2.7ms
[3.506s][info][gc,phases   ] GC(5)   Other: 0.4ms
[3.506s][info][gc,heap     ] GC(5) Eden regions: 23->0(29)
[3.506s][info][gc,heap     ] GC(5) Survivor regions: 13->2(5)
[3.507s][info][gc,heap     ] GC(5) Old regions: 3->14
[3.507s][info][gc,heap     ] GC(5) Humongous regions: 4->4
[3.507s][info][gc,metaspace] GC(5) Metaspace: 31572K(32000K)->31572K(32000K) NonClass: 27764K(28032K)->27764K(28032K) Class: 3808K(3968K)->3808K(3968K)
[3.507s][info][gc          ] GC(5) Pause Young (Mixed) (G1 Evacuation Pause) 41M->19M(60M) 12.775ms
[3.507s][info][gc,cpu      ] GC(5) User=0.07s Sys=0.00s Real=0.01s
[5.901s][info][gc,heap,exit] Heap
[5.901s][info][gc,heap,exit]  garbage-first heap   total 61440K, used 26995K [0x00000000d0000000, 0x0000000100000000)
[5.902s][info][gc,heap,exit]   region size 1024K, 9 young (9216K), 2 survivors (2048K)
[5.902s][info][gc,heap,exit]  Metaspace       used 32704K, committed 33152K, reserved 1114112K
[5.902s][info][gc,heap,exit]   class space    used 3960K, committed 4160K, reserved 1048576K
