[0.001s][warning][gc] -Xloggc is deprecated. Will use -Xlog:gc:artifacts/gc.log instead.
[0.001s][warning][gc] -XX:+PrintGCDetails is deprecated. Will use -Xlog:gc* instead.
[0.000s][warning][gc] -Xloggc is deprecated. Will use -Xlog:gc:artifacts/gc.log instead.
[0.001s][warning][gc] -XX:+PrintGCDetails is deprecated. Will use -Xlog:gc* instead.
[0.001s][warning][gc] -Xloggc is deprecated. Will use -Xlog:gc:artifacts/gc.log instead.
[0.001s][warning][gc] -XX:+PrintGCDetails is deprecated. Will use -Xlog:gc* instead.
[0.001s][warning][gc] -Xloggc is deprecated. Will use -Xlog:gc:artifacts/gc.log instead.
[0.001s][warning][gc] -XX:+PrintGCDetails is deprecated. Will use -Xlog:gc* instead.
[0.000s][warning][gc] -Xloggc is deprecated. Will use -Xlog:gc:artifacts/gc.log instead.
[0.001s][warning][gc] -XX:+PrintGCDetails is deprecated. Will use -Xlog:gc* instead.
[0.000s][warning][gc] -Xloggc is deprecated. Will use -Xlog:gc:artifacts/gc.log instead.
[0.000s][warning][gc] -XX:+PrintGCDetails is deprecated. Will use -Xlog:gc* instead.
[0.000s][warning][gc] -Xloggc is deprecated. Will use -Xlog:gc:artifacts/gc.log instead.
[0.001s][warning][gc] -XX:+PrintGCDetails is deprecated. Will use -Xlog:gc* instead.
[0.000s][warning][gc] -Xloggc is deprecated. Will use -Xlog:gc:artifacts/gc.log instead.
[0.001s][warning][gc] -XX:+PrintGCDetails is deprecated. Will use -Xlog:gc* instead.
[0.000s][warning][gc] -Xloggc is deprecated. Will use -Xlog:gc:artifacts/gc.log instead.
[0.001s][warning][gc] -XX:+PrintGCDetails is deprecated. Will use -Xlog:gc* instead.
[0.000s][warning][gc] -Xloggc is deprecated. Will use -Xlog:gc:artifacts/gc.log instead.
[0.001s][warning][gc] -XX:+PrintGCDetails is deprecated. Will use -Xlog:gc* instead.
[0.001s][warning][gc] -Xloggc is deprecated. Will use -Xlog:gc:artifacts/gc.log instead.
[0.001s][warning][gc] -XX:+PrintGCDetails is deprecated. Will use -Xlog:gc* instead.
[0.001s][warning][gc] -Xloggc is deprecated. Will use -Xlog:gc:artifacts/gc.log instead.
[0.001s][warning][gc] -XX:+PrintGCDetails is deprecated. Will use -Xlog:gc* instead.
[0.001s][warning][gc] -Xloggc is deprecated. Will use -Xlog:gc:artifacts/gc.log instead.
[0.001s][warning][gc] -XX:+PrintGCDetails is deprecated. Will use -Xlog:gc* instead.
[0.001s][warning][gc] -Xloggc is deprecated. Will use -Xlog:gc:artifacts/gc.log instead.
[0.001s][warning][gc] -XX:+PrintGCDetails is deprecated. Will use -Xlog:gc* instead.
[0.001s][warning][gc] -Xloggc is deprecated. Will use -Xlog:gc:artifacts/gc.log instead.
[0.001s][warning][gc] -XX:+PrintGCDetails is deprecated. Will use -Xlog:gc* instead.
[0.001s][warning][gc] -Xloggc is deprecated. Will use -Xlog:gc:artifacts/gc.log instead.
[0.001s][warning][gc] -XX:+PrintGCDetails is deprecated. Will use -Xlog:gc* instead.
[0.000s][warning][gc] -Xloggc is deprecated. Will use -Xlog:gc:artifacts/gc.log instead.
[0.001s][warning][gc] -XX:+PrintGCDetails is deprecated. Will use -Xlog:gc* instead.
[0.000s][warning][gc] -Xloggc is deprecated. Will use -Xlog:gc:artifacts/gc.log instead.
[0.001s][warning][gc] -XX:+PrintGCDetails is deprecated. Will use -Xlog:gc* instead.
[0.001s][warning][gc] -Xloggc is deprecated. Will use -Xlog:gc:artifacts/gc.log instead.
[0.001s][warning][gc] -XX:+PrintGCDetails is deprecated. Will use -Xlog:gc* instead.
[0.000s][warning][gc] -Xloggc is deprecated. Will use -Xlog:gc:artifacts/gc.log instead.
[0.001s][warning][gc] -XX:+PrintGCDetails is deprecated. Will use -Xlog:gc* instead.
[0.000s][warning][gc] -Xloggc is deprecated. Will use -Xlog:gc:artifacts/gc.log instead.
[0.001s][warning][gc] -XX:+PrintGCDetails is deprecated. Will use -Xlog:gc* instead.
[0.001s][warning][gc] -Xloggc is deprecated. Will use -Xlog:gc:artifacts/gc.log instead.
[0.001s][warning][gc] -XX:+PrintGCDetails is deprecated. Will use -Xlog:gc* instead.
[0.000s][warning][gc] -Xloggc is deprecated. Will use -Xlog:gc:artifacts/gc.log instead.
[0.001s][warning][gc] -XX:+PrintGCDetails is deprecated. Will use -Xlog:gc* instead.
[0.000s][warning][gc] -Xloggc is deprecated. Will use -Xlog:gc:artifacts/gc.log instead.
[0.001s][warning][gc] -XX:+PrintGCDetails is deprecated. Will use -Xlog:gc* instead.
[0.001s][warning][gc] -Xloggc is deprecated. Will use -Xlog:gc:artifacts/gc.log instead.
[0.001s][warning][gc] -XX:+PrintGCDetails is deprecated. Will use -Xlog:gc* instead.
[0.001s][warning][gc] -Xloggc is deprecated. Will use -Xlog:gc:artifacts/gc.log instead.
[0.001s][warning][gc] -XX:+PrintGCDetails is deprecated. Will use -Xlog:gc* instead.
[0.001s][warning][gc] -Xloggc is deprecated. Will use -Xlog:gc:artifacts/gc.log instead.
[0.002s][warning][gc] -XX:+PrintGCDetails is deprecated. Will use -Xlog:gc* instead.
[0.000s][warning][gc] -Xloggc is deprecated. Will use -Xlog:gc:artifacts/gc.log instead.
[0.000s][warning][gc] -XX:+PrintGCDetails is deprecated. Will use -Xlog:gc* instead.
[0.000s][warning][gc] -Xloggc is deprecated. Will use -Xlog:gc:artifacts/gc.log instead.
[0.001s][warning][gc] -XX:+PrintGCDetails is deprecated. Will use -Xlog:gc* instead.
[0.000s][warning][gc] -Xloggc is deprecated. Will use -Xlog:gc:artifacts/gc.log instead.
[0.001s][warning][gc] -XX:+PrintGCDetails is deprecated. Will use -Xlog:gc* instead.
[0.000s][warning][gc] -Xloggc is deprecated. Will use -Xlog:gc:artifacts/gc.log instead.
[0.001s][warning][gc] -XX:+PrintGCDetails is deprecated. Will use -Xlog:gc* instead.
[0.000s][warning][gc] -Xloggc is deprecated. Will use -Xlog:gc:artifacts/gc.log instead.
[0.001s][warning][gc] -XX:+PrintGCDetails is deprecated. Will use -Xlog:gc* instead.
[0.001s][warning][gc] -Xloggc is deprecated. Will use -Xlog:gc:artifacts/gc.log instead.
[0.001s][warning][gc] -XX:+PrintGCDetails is deprecated. Will use -Xlog:gc* instead.
[0.001s][warning][gc] -Xloggc is deprecated. Will use -Xlog:gc:artifacts/gc.log instead.
[0.001s][warning][gc] -XX:+PrintGCDetails is deprecated. Will use -Xlog:gc* instead.
[0.000s][warning][gc] -Xloggc is deprecated. Will use -Xlog:gc:artifacts/gc.log instead.
[0.001s][warning][gc] -XX:+PrintGCDetails is deprecated. Will use -Xlog:gc* instead.
[0.000s][warning][gc] -Xloggc is deprecated. Will use -Xlog:gc:artifacts/gc.log instead.
[0.001s][warning][gc] -XX:+PrintGCDetails is deprecated. Will use -Xlog:gc* instead.
[0.001s][warning][gc] -Xloggc is deprecated. Will use -Xlog:gc:artifacts/gc.log instead.
[0.001s][warning][gc] -XX:+PrintGCDetails is deprecated. Will use -Xlog:gc* instead.
[0.000s][warning][gc] -Xloggc is deprecated. Will use -Xlog:gc:artifacts/gc.log instead.
[0.001s][warning][gc] -XX:+PrintGCDetails is deprecated. Will use -Xlog:gc* instead.
[0.000s][warning][gc] -Xloggc is deprecated. Will use -Xlog:gc:artifacts/gc.log instead.
[0.001s][warning][gc] -XX:+PrintGCDetails is deprecated. Will use -Xlog:gc* instead.
[0.000s][warning][gc] -Xloggc is deprecated. Will use -Xlog:gc:artifacts/gc.log instead.
[0.000s][warning][gc] -XX:+PrintGCDetails is deprecated. Will use -Xlog:gc* instead.
[0.000s][warning][gc] -Xloggc is deprecated. Will use -Xlog:gc:artifacts/gc.log instead.
[0.001s][warning][gc] -XX:+PrintGCDetails is deprecated. Will use -Xlog:gc* instead.
[0.000s][warning][gc] -Xloggc is deprecated. Will use -Xlog:gc:artifacts/gc.log instead.
[0.001s][warning][gc] -XX:+PrintGCDetails is deprecated. Will use -Xlog:gc* instead.
[0.000s][warning][gc] -Xloggc is deprecated. Will use -Xlog:gc:artifacts/gc.log instead.
[0.001s][warning][gc] -XX:+PrintGCDetails is deprecated. Will use -Xlog:gc* instead.
[0.001s][warning][gc] -Xloggc is deprecated. Will use -Xlog:gc:artifacts/gc.log instead.
[0.001s][warning][gc] -XX:+PrintGCDetails is deprecated. Will use -Xlog:gc* instead.
[0.001s][warning][gc] -Xloggc is deprecated. Will use -Xlog:gc:artifacts/gc.log instead.
[0.001s][warning][gc] -XX:+PrintGCDetails is deprecated. Will use -Xlog:gc* instead.
[0.000s][warning][gc] -Xloggc is deprecated. Will use -Xlog:gc:artifacts/gc.log instead.
[0.001s][warning][gc] -XX:+PrintGCDetails is deprecated. Will use -Xlog:gc* instead.
[0.001s][warning][gc] -Xloggc is deprecated. Will use -Xlog:gc:artifacts/gc.log instead.
[0.002s][warning][gc] -XX:+PrintGCDetails is deprecated. Will use -Xlog:gc* instead.
Could not rename log file 'artifacts/gc.log' to 'artifacts/gc.log.1' (No such file or directory).
[0.001s][warning][gc] -Xloggc is deprecated. Will use -Xlog:gc:artifacts/gc.log instead.
Error: Could not create the Java Virtual Machine.
[0.001s][warning][gc] -XX:+PrintGCDetails is deprecated. Will use -Xlog:gc* instead.
Error: A fatal exception has occurred. Program will exit.
[1.539s][error  ][logging] Error opening log file 'artifacts/gc.log': No such file or directory
[1.539s][error  ][logging] Initialization of output 'file=artifacts/gc.log' using options '(null)' failed.
[0.000s][warning][gc] -Xloggc is deprecated. Will use -Xlog:gc:artifacts/gc.log instead.
[0.001s][warning][gc] -XX:+PrintGCDetails is deprecated. Will use -Xlog:gc* instead.
[0.001s][warning][gc] -Xloggc is deprecated. Will use -Xlog:gc:artifacts/gc.log instead.
[0.001s][warning][gc] -XX:+PrintGCDetails is deprecated. Will use -Xlog:gc* instead.
[0.001s][warning][gc] -Xloggc is deprecated. Will use -Xlog:gc:artifacts/gc.log instead.
[0.004s][warning][gc] -XX:+PrintGCDetails is deprecated. Will use -Xlog:gc* instead.
[0.001s][warning][gc] -Xloggc is deprecated. Will use -Xlog:gc:artifacts/gc.log instead.
[0.001s][warning][gc] -XX:+PrintGCDetails is deprecated. Will use -Xlog:gc* instead.
[0.000s][warning][gc] -Xloggc is deprecated. Will use -Xlog:gc:artifacts/gc.log instead.
[0.000s][warning][gc] -XX:+PrintGCDetails is deprecated. Will use -Xlog:gc* instead.
[0.001s][warning][gc] -Xloggc is deprecated. Will use -Xlog:gc:artifacts/gc.log instead.
[0.001s][warning][gc] -XX:+PrintGCDetails is deprecated. Will use -Xlog:gc* instead.
[0.000s][warning][gc] -Xloggc is deprecated. Will use -Xlog:gc:artifacts/gc.log instead.
[0.001s][warning][gc] -XX:+PrintGCDetails is deprecated. Will use -Xlog:gc* instead.
[0.000s][warning][gc] -Xloggc is deprecated. Will use -Xlog:gc:artifacts/gc.log instead.
[0.000s][warning][gc] -XX:+PrintGCDetails is deprecated. Will use -Xlog:gc* instead.
[0.000s][warning][gc] -Xloggc is deprecated. Will use -Xlog:gc:artifacts/gc.log instead.
[0.000s][warning][gc] -XX:+PrintGCDetails is deprecated. Will use -Xlog:gc* instead.
[0.000s][warning][gc] -Xloggc is deprecated. Will use -Xlog:gc:artifacts/gc.log instead.
[0.001s][warning][gc] -XX:+PrintGCDetails is deprecated. Will use -Xlog:gc* instead.
[0.000s][warning][gc] -Xloggc is deprecated. Will use -Xlog:gc:artifacts/gc.log instead.
[0.000s][warning][gc] -XX:+PrintGCDetails is deprecated. Will use -Xlog:gc* instead.
[0.000s][warning][gc] -Xloggc is deprecated. Will use -Xlog:gc:artifacts/gc.log instead.
[0.000s][warning][gc] -XX:+PrintGCDetails is deprecated. Will use -Xlog:gc* instead.
[0.000s][warning][gc] -Xloggc is deprecated. Will use -Xlog:gc:artifacts/gc.log instead.
[0.000s][warning][gc] -XX:+PrintGCDetails is deprecated. Will use -Xlog:gc* instead.
[0.000s][warning][gc] -Xloggc is deprecated. Will use -Xlog:gc:artifacts/gc.log instead.
[0.001s][warning][gc] -XX:+PrintGCDetails is deprecated. Will use -Xlog:gc* instead.
[0.000s][warning][gc] -Xloggc is deprecated. Will use -Xlog:gc:artifacts/gc.log instead.
[0.000s][warning][gc] -XX:+PrintGCDetails is deprecated. Will use -Xlog:gc* instead.
[0.000s][warning][gc] -Xloggc is deprecated. Will use -Xlog:gc:artifacts/gc.log instead.
[0.000s][warning][gc] -XX:+PrintGCDetails is deprecated. Will use -Xlog:gc* instead.
[0.000s][warning][gc] -Xloggc is deprecated. Will use -Xlog:gc:artifacts/gc.log instead.
[0.001s][warning][gc] -XX:+PrintGCDetails is deprecated. Will use -Xlog:gc* instead.
[0.001s][warning][gc] -Xloggc is deprecated. Will use -Xlog:gc:artifacts/gc.log instead.
[0.001s][warning][gc] -XX:+PrintGCDetails is deprecated. Will use -Xlog:gc* instead.
[0.000s][warning][gc] -Xloggc is deprecated. Will use -Xlog:gc:artifacts/gc.log instead.
[0.000s][warning][gc] -XX:+PrintGCDetails is deprecated. Will use -Xlog:gc* instead.
[0.000s][warning][gc] -Xloggc is deprecated. Will use -Xlog:gc:artifacts/gc.log instead.
[0.001s][warning][gc] -XX:+PrintGCDetails is deprecated. Will use -Xlog:gc* instead.
[0.000s][warning][gc] -Xloggc is deprecated. Will use -Xlog:gc:artifacts/gc.log instead.
[0.000s][warning][gc] -XX:+PrintGCDetails is deprecated. Will use -Xlog:gc* instead.
[0.001s][warning][gc] -Xloggc is deprecated. Will use -Xlog:gc:artifacts/gc.log instead.
[0.001s][warning][gc] -XX:+PrintGCDetails is deprecated. Will use -Xlog:gc* instead.
[0.000s][warning][gc] -Xloggc is deprecated. Will use -Xlog:gc:artifacts/gc.log instead.
[0.001s][warning][gc] -XX:+PrintGCDetails is deprecated. Will use -Xlog:gc* instead.
[0.000s][warning][gc] -Xloggc is deprecated. Will use -Xlog:gc:artifacts/gc.log instead.
[0.000s][warning][gc] -XX:+PrintGCDetails is deprecated. Will use -Xlog:gc* instead.
[0.001s][warning][gc] -Xloggc is deprecated. Will use -Xlog:gc:artifacts/gc.log instead.
[0.001s][warning][gc] -XX:+PrintGCDetails is deprecated. Will use -Xlog:gc* instead.
[0.001s][warning][gc] -Xloggc is deprecated. Will use -Xlog:gc:artifacts/gc.log instead.
[0.001s][warning][gc] -XX:+PrintGCDetails is deprecated. Will use -Xlog:gc* instead.
[0.001s][warning][gc] -Xloggc is deprecated. Will use -Xlog:gc:artifacts/gc.log instead.
[0.001s][warning][gc] -XX:+PrintGCDetails is deprecated. Will use -Xlog:gc* instead.
[0.000s][warning][gc] -Xloggc is deprecated. Will use -Xlog:gc:artifacts/gc.log instead.
[0.001s][warning][gc] -XX:+PrintGCDetails is deprecated. Will use -Xlog:gc* instead.
[0.001s][warning][gc] -Xloggc is deprecated. Will use -Xlog:gc:artifacts/gc.log instead.
[0.001s][warning][gc] -XX:+PrintGCDetails is deprecated. Will use -Xlog:gc* instead.
[0.000s][warning][gc] -Xloggc is deprecated. Will use -Xlog:gc:artifacts/gc.log instead.
[0.001s][warning][gc] -XX:+PrintGCDetails is deprecated. Will use -Xlog:gc* instead.
[0.000s][warning][gc] -Xloggc is deprecated. Will use -Xlog:gc:artifacts/gc.log instead.
[0.000s][warning][gc] -XX:+PrintGCDetails is deprecated. Will use -Xlog:gc* instead.
[0.001s][warning][gc] -Xloggc is deprecated. Will use -Xlog:gc:artifacts/gc.log instead.
[0.001s][warning][gc] -XX:+PrintGCDetails is deprecated. Will use -Xlog:gc* instead.
[0.000s][warning][gc] -Xloggc is deprecated. Will use -Xlog:gc:artifacts/gc.log instead.
[0.001s][warning][gc] -XX:+PrintGCDetails is deprecated. Will use -Xlog:gc* instead.
[0.001s][warning][gc] -Xloggc is deprecated. Will use -Xlog:gc:artifacts/gc.log instead.
[0.001s][warning][gc] -XX:+PrintGCDetails is deprecated. Will use -Xlog:gc* instead.
[0.000s][warning][gc] -Xloggc is deprecated. Will use -Xlog:gc:artifacts/gc.log instead.
[0.000s][warning][gc] -XX:+PrintGCDetails is deprecated. Will use -Xlog:gc* instead.
[0.000s][warning][gc] -Xloggc is deprecated. Will use -Xlog:gc:artifacts/gc.log instead.
[0.001s][warning][gc] -XX:+PrintGCDetails is deprecated. Will use -Xlog:gc* instead.
[0.000s][warning][gc] -Xloggc is deprecated. Will use -Xlog:gc:artifacts/gc.log instead.
[0.001s][warning][gc] -XX:+PrintGCDetails is deprecated. Will use -Xlog:gc* instead.
[0.001s][warning][gc] -Xloggc is deprecated. Will use -Xlog:gc:artifacts/gc.log instead.
[0.001s][warning][gc] -XX:+PrintGCDetails is deprecated. Will use -Xlog:gc* instead.
[0.001s][warning][gc] -Xloggc is deprecated. Will use -Xlog:gc:artifacts/gc.log instead.
[0.001s][warning][gc] -XX:+PrintGCDetails is deprecated. Will use -Xlog:gc* instead.
[0.001s][warning][gc] -Xloggc is deprecated. Will use -Xlog:gc:artifacts/gc.log instead.
[0.001s][warning][gc] -XX:+PrintGCDetails is deprecated. Will use -Xlog:gc* instead.
[0.000s][warning][gc] -Xloggc is deprecated. Will use -Xlog:gc:artifacts/gc.log instead.
[0.001s][warning][gc] -XX:+PrintGCDetails is deprecated. Will use -Xlog:gc* instead.
[0.000s][warning][gc] -Xloggc is deprecated. Will use -Xlog:gc:artifacts/gc.log instead.
[0.001s][warning][gc] -XX:+PrintGCDetails is deprecated. Will use -Xlog:gc* instead.
[0.001s][warning][gc] -Xloggc is deprecated. Will use -Xlog:gc:artifacts/gc.log instead.
[0.001s][warning][gc] -XX:+PrintGCDetails is deprecated. Will use -Xlog:gc* instead.
[0.000s][warning][gc] -Xloggc is deprecated. Will use -Xlog:gc:artifacts/gc.log instead.
[0.001s][warning][gc] -XX:+PrintGCDetails is deprecated. Will use -Xlog:gc* instead.
[0.001s][warning][gc] -Xloggc is deprecated. Will use -Xlog:gc:artifacts/gc.log instead.
[0.001s][warning][gc] -XX:+PrintGCDetails is deprecated. Will use -Xlog:gc* instead.
[0.001s][warning][gc] -Xloggc is deprecated. Will use -Xlog:gc:artifacts/gc.log instead.
[0.001s][warning][gc] -XX:+PrintGCDetails is deprecated. Will use -Xlog:gc* instead.
[0.001s][warning][gc] -Xloggc is deprecated. Will use -Xlog:gc:artifacts/gc.log instead.
[0.001s][warning][gc] -XX:+PrintGCDetails is deprecated. Will use -Xlog:gc* instead.
[0.001s][warning][gc] -Xloggc is deprecated. Will use -Xlog:gc:artifacts/gc.log instead.
[0.001s][warning][gc] -XX:+PrintGCDetails is deprecated. Will use -Xlog:gc* instead.
[0.000s][warning][gc] -Xloggc is deprecated. Will use -Xlog:gc:artifacts/gc.log instead.
[0.001s][warning][gc] -XX:+PrintGCDetails is deprecated. Will use -Xlog:gc* instead.
[0.001s][warning][gc] -Xloggc is deprecated. Will use -Xlog:gc:artifacts/gc.log instead.
[0.001s][warning][gc] -XX:+PrintGCDetails is deprecated. Will use -Xlog:gc* instead.
[0.001s][warning][gc] -Xloggc is deprecated. Will use -Xlog:gc:artifacts/gc.log instead.
[0.001s][warning][gc] -XX:+PrintGCDetails is deprecated. Will use -Xlog:gc* instead.
[0.000s][warning][gc] -Xloggc is deprecated. Will use -Xlog:gc:artifacts/gc.log instead.
[0.000s][warning][gc] -XX:+PrintGCDetails is deprecated. Will use -Xlog:gc* instead.
[0.000s][warning][gc] -Xloggc is deprecated. Will use -Xlog:gc:artifacts/gc.log instead.
[0.001s][warning][gc] -XX:+PrintGCDetails is deprecated. Will use -Xlog:gc* instead.
[0.000s][warning][gc] -Xloggc is deprecated. Will use -Xlog:gc:artifacts/gc.log instead.
[0.001s][warning][gc] -XX:+PrintGCDetails is deprecated. Will use -Xlog:gc* instead.
[0.001s][warning][gc] -Xloggc is deprecated. Will use -Xlog:gc:artifacts/gc.log instead.
[0.001s][warning][gc] -XX:+PrintGCDetails is deprecated. Will use -Xlog:gc* instead.
[0.000s][warning][gc] -Xloggc is deprecated. Will use -Xlog:gc:artifacts/gc.log instead.
[0.001s][warning][gc] -XX:+PrintGCDetails is deprecated. Will use -Xlog:gc* instead.
[0.000s][warning][gc] -Xloggc is deprecated. Will use -Xlog:gc:artifacts/gc.log instead.
[0.000s][warning][gc] -XX:+PrintGCDetails is deprecated. Will use -Xlog:gc* instead.
[0.000s][warning][gc] -Xloggc is deprecated. Will use -Xlog:gc:artifacts/gc.log instead.
[0.001s][warning][gc] -XX:+PrintGCDetails is deprecated. Will use -Xlog:gc* instead.
[0.000s][warning][gc] -Xloggc is deprecated. Will use -Xlog:gc:artifacts/gc.log instead.
[0.001s][warning][gc] -XX:+PrintGCDetails is deprecated. Will use -Xlog:gc* instead.
[0.000s][warning][gc] -Xloggc is deprecated. Will use -Xlog:gc:artifacts/gc.log instead.
[0.001s][warning][gc] -XX:+PrintGCDetails is deprecated. Will use -Xlog:gc* instead.
[0.001s][warning][gc] -Xloggc is deprecated. Will use -Xlog:gc:artifacts/gc.log instead.
[0.001s][warning][gc] -XX:+PrintGCDetails is deprecated. Will use -Xlog:gc* instead.
[0.000s][warning][gc] -Xloggc is deprecated. Will use -Xlog:gc:artifacts/gc.log instead.
[0.001s][warning][gc] -XX:+PrintGCDetails is deprecated. Will use -Xlog:gc* instead.
[0.001s][warning][gc] -Xloggc is deprecated. Will use -Xlog:gc:artifacts/gc.log instead.
[0.002s][warning][gc] -XX:+PrintGCDetails is deprecated. Will use -Xlog:gc* instead.
[0.000s][warning][gc] -Xloggc is deprecated. Will use -Xlog:gc:artifacts/gc.log instead.
[0.001s][warning][gc] -XX:+PrintGCDetails is deprecated. Will use -Xlog:gc* instead.
[0.001s][warning][gc] -Xloggc is deprecated. Will use -Xlog:gc:artifacts/gc.log instead.
[0.001s][warning][gc] -XX:+PrintGCDetails is deprecated. Will use -Xlog:gc* instead.
[0.001s][warning][gc] -Xloggc is deprecated. Will use -Xlog:gc:artifacts/gc.log instead.
[0.001s][warning][gc] -XX:+PrintGCDetails is deprecated. Will use -Xlog:gc* instead.
[0.000s][warning][gc] -Xloggc is deprecated. Will use -Xlog:gc:artifacts/gc.log instead.
[0.001s][warning][gc] -XX:+PrintGCDetails is deprecated. Will use -Xlog:gc* instead.
[0.001s][warning][gc] -Xloggc is deprecated. Will use -Xlog:gc:artifacts/gc.log instead.
[0.001s][warning][gc] -XX:+PrintGCDetails is deprecated. Will use -Xlog:gc* instead.
[0.000s][warning][gc] -Xloggc is deprecated. Will use -Xlog:gc:artifacts/gc.log instead.
[0.000s][warning][gc] -XX:+PrintGCDetails is deprecated. Will use -Xlog:gc* instead.
[0.001s][warning][gc] -Xloggc is deprecated. Will use -Xlog:gc:artifacts/gc.log instead.
[0.001s][warning][gc] -XX:+PrintGCDetails is deprecated. Will use -Xlog:gc* instead.
[0.001s][warning][gc] -Xloggc is deprecated. Will use -Xlog:gc:artifacts/gc.log instead.
[0.001s][warning][gc] -XX:+PrintGCDetails is deprecated. Will use -Xlog:gc* instead.
[0.000s][warning][gc] -Xloggc is deprecated. Will use -Xlog:gc:artifacts/gc.log instead.
[0.000s][warning][gc] -XX:+PrintGCDetails is deprecated. Will use -Xlog:gc* instead.
[0.000s][warning][gc] -Xloggc is deprecated. Will use -Xlog:gc:artifacts/gc.log instead.
[0.001s][warning][gc] -XX:+PrintGCDetails is deprecated. Will use -Xlog:gc* instead.
[0.000s][warning][gc] -Xloggc is deprecated. Will use -Xlog:gc:artifacts/gc.log instead.
[0.001s][warning][gc] -XX:+PrintGCDetails is deprecated. Will use -Xlog:gc* instead.
[0.000s][warning][gc] -Xloggc is deprecated. Will use -Xlog:gc:artifacts/gc.log instead.
[0.000s][warning][gc] -XX:+PrintGCDetails is deprecated. Will use -Xlog:gc* instead.
[0.000s][warning][gc] -Xloggc is deprecated. Will use -Xlog:gc:artifacts/gc.log instead.
[0.001s][warning][gc] -XX:+PrintGCDetails is deprecated. Will use -Xlog:gc* instead.
[0.001s][warning][gc] -Xloggc is deprecated. Will use -Xlog:gc:artifacts/gc.log instead.
[0.001s][warning][gc] -XX:+PrintGCDetails is deprecated. Will use -Xlog:gc* instead.
[0.000s][warning][gc] -Xloggc is deprecated. Will use -Xlog:gc:artifacts/gc.log instead.
[0.000s][warning][gc] -XX:+PrintGCDetails is deprecated. Will use -Xlog:gc* instead.
[0.000s][warning][gc] -Xloggc is deprecated. Will use -Xlog:gc:artifacts/gc.log instead.
[0.001s][warning][gc] -XX:+PrintGCDetails is deprecated. Will use -Xlog:gc* instead.
[0.000s][warning][gc] -Xloggc is deprecated. Will use -Xlog:gc:artifacts/gc.log instead.
[0.000s][warning][gc] -XX:+PrintGCDetails is deprecated. Will use -Xlog:gc* instead.
[0.000s][warning][gc] -Xloggc is deprecated. Will use -Xlog:gc:artifacts/gc.log instead.
[0.001s][warning][gc] -XX:+PrintGCDetails is deprecated. Will use -Xlog:gc* instead.
[0.000s][warning][gc] -Xloggc is deprecated. Will use -Xlog:gc:artifacts/gc.log instead.
[0.001s][warning][gc] -XX:+PrintGCDetails is deprecated. Will use -Xlog:gc* instead.
[0.000s][warning][gc] -Xloggc is deprecated. Will use -Xlog:gc:artifacts/gc.log instead.
[0.001s][warning][gc] -XX:+PrintGCDetails is deprecated. Will use -Xlog:gc* instead.
[0.001s][warning][gc] -Xloggc is deprecated. Will use -Xlog:gc:artifacts/gc.log instead.
[0.001s][warning][gc] -XX:+PrintGCDetails is deprecated. Will use -Xlog:gc* instead.
[0.000s][warning][gc] -Xloggc is deprecated. Will use -Xlog:gc:artifacts/gc.log instead.
[0.000s][warning][gc] -XX:+PrintGCDetails is deprecated. Will use -Xlog:gc* instead.
[0.000s][warning][gc] -Xloggc is deprecated. Will use -Xlog:gc:artifacts/gc.log instead.
[0.001s][warning][gc] -XX:+PrintGCDetails is deprecated. Will use -Xlog:gc* instead.
[0.000s][warning][gc] -Xloggc is deprecated. Will use -Xlog:gc:artifacts/gc.log instead.
[0.001s][warning][gc] -XX:+PrintGCDetails is deprecated. Will use -Xlog:gc* instead.
[0.000s][warning][gc] -Xloggc is deprecated. Will use -Xlog:gc:artifacts/gc.log instead.
[0.001s][warning][gc] -XX:+PrintGCDetails is deprecated. Will use -Xlog:gc* instead.
[0.000s][warning][gc] -Xloggc is deprecated. Will use -Xlog:gc:artifacts/gc.log instead.
[0.001s][warning][gc] -XX:+PrintGCDetails is deprecated. Will use -Xlog:gc* instead.
[0.000s][warning][gc] -Xloggc is deprecated. Will use -Xlog:gc:artifacts/gc.log instead.
[0.000s][warning][gc] -XX:+PrintGCDetails is deprecated. Will use -Xlog:gc* instead.
[0.000s][warning][gc] -Xloggc is deprecated. Will use -Xlog:gc:artifacts/gc.log instead.
[0.001s][warning][gc] -XX:+PrintGCDetails is deprecated. Will use -Xlog:gc* instead.
[0.000s][warning][gc] -Xloggc is deprecated. Will use -Xlog:gc:artifacts/gc.log instead.
[0.000s][warning][gc] -XX:+PrintGCDetails is deprecated. Will use -Xlog:gc* instead.
[0.001s][warning][gc] -Xloggc is deprecated. Will use -Xlog:gc:artifacts/gc.log instead.
[0.001s][warning][gc] -XX:+PrintGCDetails is deprecated. Will use -Xlog:gc* instead.
[0.000s][warning][gc] -Xloggc is deprecated. Will use -Xlog:gc:artifacts/gc.log instead.
[0.000s][warning][gc] -XX:+PrintGCDetails is deprecated. Will use -Xlog:gc* instead.
[0.001s][warning][gc] -Xloggc is deprecated. Will use -Xlog:gc:artifacts/gc.log instead.
[0.001s][warning][gc] -XX:+PrintGCDetails is deprecated. Will use -Xlog:gc* instead.
[0.000s][warning][gc] -Xloggc is deprecated. Will use -Xlog:gc:artifacts/gc.log instead.
[0.001s][warning][gc] -XX:+PrintGCDetails is deprecated. Will use -Xlog:gc* instead.
[0.001s][warning][gc] -Xloggc is deprecated. Will use -Xlog:gc:artifacts/gc.log instead.
[0.001s][warning][gc] -XX:+PrintGCDetails is deprecated. Will use -Xlog:gc* instead.
[0.001s][warning][gc] -Xloggc is deprecated. Will use -Xlog:gc:artifacts/gc.log instead.
[0.001s][warning][gc] -XX:+PrintGCDetails is deprecated. Will use -Xlog:gc* instead.
[0.001s][warning][gc] -Xloggc is deprecated. Will use -Xlog:gc:artifacts/gc.log instead.
[0.001s][warning][gc] -XX:+PrintGCDetails is deprecated. Will use -Xlog:gc* instead.
[0.000s][warning][gc] -Xloggc is deprecated. Will use -Xlog:gc:artifacts/gc.log instead.
[0.001s][warning][gc] -XX:+PrintGCDetails is deprecated. Will use -Xlog:gc* instead.
[0.000s][warning][gc] -Xloggc is deprecated. Will use -Xlog:gc:artifacts/gc.log instead.
[0.001s][warning][gc] -XX:+PrintGCDetails is deprecated. Will use -Xlog:gc* instead.
[0.000s][warning][gc] -Xloggc is deprecated. Will use -Xlog:gc:artifacts/gc.log instead.
[0.000s][warning][gc] -XX:+PrintGCDetails is deprecated. Will use -Xlog:gc* instead.
[0.000s][warning][gc] -Xloggc is deprecated. Will use -Xlog:gc:artifacts/gc.log instead.
[0.001s][warning][gc] -XX:+PrintGCDetails is deprecated. Will use -Xlog:gc* instead.
[0.000s][warning][gc] -Xloggc is deprecated. Will use -Xlog:gc:artifacts/gc.log instead.
[0.000s][warning][gc] -XX:+PrintGCDetails is deprecated. Will use -Xlog:gc* instead.
[0.000s][warning][gc] -Xloggc is deprecated. Will use -Xlog:gc:artifacts/gc.log instead.
[0.000s][warning][gc] -XX:+PrintGCDetails is deprecated. Will use -Xlog:gc* instead.
[0.000s][warning][gc] -Xloggc is deprecated. Will use -Xlog:gc:artifacts/gc.log instead.
[0.001s][warning][gc] -XX:+PrintGCDetails is deprecated. Will use -Xlog:gc* instead.
[0.001s][warning][gc] -Xloggc is deprecated. Will use -Xlog:gc:artifacts/gc.log instead.
[0.001s][warning][gc] -XX:+PrintGCDetails is deprecated. Will use -Xlog:gc* instead.
[0.001s][warning][gc] -Xloggc is deprecated. Will use -Xlog:gc:artifacts/gc.log instead.
[0.001s][warning][gc] -XX:+PrintGCDetails is deprecated. Will use -Xlog:gc* instead.
[0.001s][warning][gc] -Xloggc is deprecated. Will use -Xlog:gc:artifacts/gc.log instead.
[0.001s][warning][gc] -XX:+PrintGCDetails is deprecated. Will use -Xlog:gc* instead.
[0.000s][warning][gc] -Xloggc is deprecated. Will use -Xlog:gc:artifacts/gc.log instead.
[0.001s][warning][gc] -XX:+PrintGCDetails is deprecated. Will use -Xlog:gc* instead.
[0.000s][warning][gc] -Xloggc is deprecated. Will use -Xlog:gc:artifacts/gc.log instead.
[0.001s][warning][gc] -XX:+PrintGCDetails is deprecated. Will use -Xlog:gc* instead.
[0.000s][warning][gc] -Xloggc is deprecated. Will use -Xlog:gc:artifacts/gc.log instead.
[0.001s][warning][gc] -XX:+PrintGCDetails is deprecated. Will use -Xlog:gc* instead.
[0.000s][warning][gc] -Xloggc is deprecated. Will use -Xlog:gc:artifacts/gc.log instead.
[0.000s][warning][gc] -XX:+PrintGCDetails is deprecated. Will use -Xlog:gc* instead.
[0.000s][warning][gc] -Xloggc is deprecated. Will use -Xlog:gc:artifacts/gc.log instead.
[0.001s][warning][gc] -XX:+PrintGCDetails is deprecated. Will use -Xlog:gc* instead.
[0.000s][warning][gc] -Xloggc is deprecated. Will use -Xlog:gc:artifacts/gc.log instead.
[0.001s][warning][gc] -XX:+PrintGCDetails is deprecated. Will use -Xlog:gc* instead.
[0.000s][warning][gc] -Xloggc is deprecated. Will use -Xlog:gc:artifacts/gc.log instead.
[0.001s][warning][gc] -XX:+PrintGCDetails is deprecated. Will use -Xlog:gc* instead.
[0.000s][warning][gc] -Xloggc is deprecated. Will use -Xlog:gc:artifacts/gc.log instead.
[0.000s][warning][gc] -XX:+PrintGCDetails is deprecated. Will use -Xlog:gc* instead.
[0.000s][warning][gc] -Xloggc is deprecated. Will use -Xlog:gc:artifacts/gc.log instead.
[0.001s][warning][gc] -XX:+PrintGCDetails is deprecated. Will use -Xlog:gc* instead.
[0.000s][warning][gc] -Xloggc is deprecated. Will use -Xlog:gc:artifacts/gc.log instead.
[0.001s][warning][gc] -XX:+PrintGCDetails is deprecated. Will use -Xlog:gc* instead.
[0.000s][warning][gc] -Xloggc is deprecated. Will use -Xlog:gc:artifacts/gc.log instead.
[0.001s][warning][gc] -XX:+PrintGCDetails is deprecated. Will use -Xlog:gc* instead.
[0.000s][warning][gc] -Xloggc is deprecated. Will use -Xlog:gc:artifacts/gc.log instead.
[0.001s][warning][gc] -XX:+PrintGCDetails is deprecated. Will use -Xlog:gc* instead.
[0.000s][warning][gc] -Xloggc is deprecated. Will use -Xlog:gc:artifacts/gc.log instead.
[0.001s][warning][gc] -XX:+PrintGCDetails is deprecated. Will use -Xlog:gc* instead.
[0.000s][warning][gc] -Xloggc is deprecated. Will use -Xlog:gc:artifacts/gc.log instead.
[0.000s][warning][gc] -XX:+PrintGCDetails is deprecated. Will use -Xlog:gc* instead.
[0.000s][warning][gc] -Xloggc is deprecated. Will use -Xlog:gc:artifacts/gc.log instead.
[0.001s][warning][gc] -XX:+PrintGCDetails is deprecated. Will use -Xlog:gc* instead.
[0.000s][warning][gc] -Xloggc is deprecated. Will use -Xlog:gc:artifacts/gc.log instead.
[0.001s][warning][gc] -XX:+PrintGCDetails is deprecated. Will use -Xlog:gc* instead.
[0.001s][warning][gc] -Xloggc is deprecated. Will use -Xlog:gc:artifacts/gc.log instead.
[0.001s][warning][gc] -XX:+PrintGCDetails is deprecated. Will use -Xlog:gc* instead.
[0.001s][warning][gc] -Xloggc is deprecated. Will use -Xlog:gc:artifacts/gc.log instead.
[0.001s][warning][gc] -XX:+PrintGCDetails is deprecated. Will use -Xlog:gc* instead.
[0.000s][warning][gc] -Xloggc is deprecated. Will use -Xlog:gc:artifacts/gc.log instead.
[0.000s][warning][gc] -XX:+PrintGCDetails is deprecated. Will use -Xlog:gc* instead.
[0.001s][warning][gc] -Xloggc is deprecated. Will use -Xlog:gc:artifacts/gc.log instead.
[0.001s][warning][gc] -XX:+PrintGCDetails is deprecated. Will use -Xlog:gc* instead.
[0.001s][warning][gc] -Xloggc is deprecated. Will use -Xlog:gc:artifacts/gc.log instead.
[0.001s][warning][gc] -XX:+PrintGCDetails is deprecated. Will use -Xlog:gc* instead.
[0.001s][warning][gc] -Xloggc is deprecated. Will use -Xlog:gc:artifacts/gc.log instead.
[0.001s][warning][gc] -XX:+PrintGCDetails is deprecated. Will use -Xlog:gc* instead.
[0.000s][warning][gc] -Xloggc is deprecated. Will use -Xlog:gc:artifacts/gc.log instead.
[0.001s][warning][gc] -XX:+PrintGCDetails is deprecated. Will use -Xlog:gc* instead.
[0.001s][warning][gc] -Xloggc is deprecated. Will use -Xlog:gc:artifacts/gc.log instead.
[0.001s][warning][gc] -XX:+PrintGCDetails is deprecated. Will use -Xlog:gc* instead.
[0.000s][warning][gc] -Xloggc is deprecated. Will use -Xlog:gc:artifacts/gc.log instead.
[0.001s][warning][gc] -XX:+PrintGCDetails is deprecated. Will use -Xlog:gc* instead.
[0.001s][warning][gc] -Xloggc is deprecated. Will use -Xlog:gc:artifacts/gc.log instead.
[0.001s][warning][gc] -XX:+PrintGCDetails is deprecated. Will use -Xlog:gc* instead.
[0.000s][warning][gc] -Xloggc is deprecated. Will use -Xlog:gc:artifacts/gc.log instead.
[0.001s][warning][gc] -XX:+PrintGCDetails is deprecated. Will use -Xlog:gc* instead.
[0.000s][warning][gc] -Xloggc is deprecated. Will use -Xlog:gc:artifacts/gc.log instead.
[0.000s][warning][gc] -XX:+PrintGCDetails is deprecated. Will use -Xlog:gc* instead.
[0.001s][warning][gc] -Xloggc is deprecated. Will use -Xlog:gc:artifacts/gc.log instead.
[0.001s][warning][gc] -XX:+PrintGCDetails is deprecated. Will use -Xlog:gc* instead.
[0.000s][warning][gc] -Xloggc is deprecated. Will use -Xlog:gc:artifacts/gc.log instead.
[0.000s][warning][gc] -XX:+PrintGCDetails is deprecated. Will use -Xlog:gc* instead.
[0.000s][warning][gc] -Xloggc is deprecated. Will use -Xlog:gc:artifacts/gc.log instead.
[0.000s][warning][gc] -XX:+PrintGCDetails is deprecated. Will use -Xlog:gc* instead.
[0.001s][warning][gc] -Xloggc is deprecated. Will use -Xlog:gc:artifacts/gc.log instead.
[0.001s][warning][gc] -XX:+PrintGCDetails is deprecated. Will use -Xlog:gc* instead.
[0.000s][warning][gc] -Xloggc is deprecated. Will use -Xlog:gc:artifacts/gc.log instead.
[0.000s][warning][gc] -XX:+PrintGCDetails is deprecated. Will use -Xlog:gc* instead.
[0.000s][warning][gc] -Xloggc is deprecated. Will use -Xlog:gc:artifacts/gc.log instead.
[0.001s][warning][gc] -XX:+PrintGCDetails is deprecated. Will use -Xlog:gc* instead.
[0.001s][warning][gc] -Xloggc is deprecated. Will use -Xlog:gc:artifacts/gc.log instead.
[0.001s][warning][gc] -XX:+PrintGCDetails is deprecated. Will use -Xlog:gc* instead.
[0.000s][warning][gc] -Xloggc is deprecated. Will use -Xlog:gc:artifacts/gc.log instead.
[0.001s][warning][gc] -XX:+PrintGCDetails is deprecated. Will use -Xlog:gc* instead.
[0.001s][warning][gc] -Xloggc is deprecated. Will use -Xlog:gc:artifacts/gc.log instead.
[0.001s][warning][gc] -XX:+PrintGCDetails is deprecated. Will use -Xlog:gc* instead.
[0.000s][warning][gc] -Xloggc is deprecated. Will use -Xlog:gc:artifacts/gc.log instead.
[0.001s][warning][gc] -XX:+PrintGCDetails is deprecated. Will use -Xlog:gc* instead.
[0.000s][warning][gc] -Xloggc is deprecated. Will use -Xlog:gc:artifacts/gc.log instead.
[0.001s][warning][gc] -XX:+PrintGCDetails is deprecated. Will use -Xlog:gc* instead.
[0.001s][warning][gc] -Xloggc is deprecated. Will use -Xlog:gc:artifacts/gc.log instead.
[0.001s][warning][gc] -XX:+PrintGCDetails is deprecated. Will use -Xlog:gc* instead.
[0.000s][warning][gc] -Xloggc is deprecated. Will use -Xlog:gc:artifacts/gc.log instead.
[0.001s][warning][gc] -XX:+PrintGCDetails is deprecated. Will use -Xlog:gc* instead.
[0.000s][warning][gc] -Xloggc is deprecated. Will use -Xlog:gc:artifacts/gc.log instead.
[0.001s][warning][gc] -XX:+PrintGCDetails is deprecated. Will use -Xlog:gc* instead.
[0.000s][warning][gc] -Xloggc is deprecated. Will use -Xlog:gc:artifacts/gc.log instead.
[0.000s][warning][gc] -XX:+PrintGCDetails is deprecated. Will use -Xlog:gc* instead.
[0.001s][warning][gc] -Xloggc is deprecated. Will use -Xlog:gc:artifacts/gc.log instead.
[0.001s][warning][gc] -XX:+PrintGCDetails is deprecated. Will use -Xlog:gc* instead.
[0.000s][warning][gc] -Xloggc is deprecated. Will use -Xlog:gc:artifacts/gc.log instead.
[0.000s][warning][gc] -XX:+PrintGCDetails is deprecated. Will use -Xlog:gc* instead.
[0.000s][warning][gc] -Xloggc is deprecated. Will use -Xlog:gc:artifacts/gc.log instead.
[0.000s][warning][gc] -XX:+PrintGCDetails is deprecated. Will use -Xlog:gc* instead.
[0.000s][warning][gc] -Xloggc is deprecated. Will use -Xlog:gc:artifacts/gc.log instead.
[0.001s][warning][gc] -XX:+PrintGCDetails is deprecated. Will use -Xlog:gc* instead.
[0.001s][warning][gc] -Xloggc is deprecated. Will use -Xlog:gc:artifacts/gc.log instead.
[0.001s][warning][gc] -XX:+PrintGCDetails is deprecated. Will use -Xlog:gc* instead.
[0.000s][warning][gc] -Xloggc is deprecated. Will use -Xlog:gc:artifacts/gc.log instead.
[0.001s][warning][gc] -XX:+PrintGCDetails is deprecated. Will use -Xlog:gc* instead.
[0.000s][warning][gc] -Xloggc is deprecated. Will use -Xlog:gc:artifacts/gc.log instead.
[0.001s][warning][gc] -XX:+PrintGCDetails is deprecated. Will use -Xlog:gc* instead.
[0.001s][warning][gc] -Xloggc is deprecated. Will use -Xlog:gc:artifacts/gc.log instead.
[0.001s][warning][gc] -XX:+PrintGCDetails is deprecated. Will use -Xlog:gc* instead.
[0.001s][warning][gc] -Xloggc is deprecated. Will use -Xlog:gc:artifacts/gc.log instead.
[0.001s][warning][gc] -XX:+PrintGCDetails is deprecated. Will use -Xlog:gc* instead.
[0.001s][warning][gc] -Xloggc is deprecated. Will use -Xlog:gc:artifacts/gc.log instead.
[0.001s][warning][gc] -XX:+PrintGCDetails is deprecated. Will use -Xlog:gc* instead.
[0.000s][warning][gc] -Xloggc is deprecated. Will use -Xlog:gc:artifacts/gc.log instead.
[0.001s][warning][gc] -XX:+PrintGCDetails is deprecated. Will use -Xlog:gc* instead.
[0.001s][warning][gc] -Xloggc is deprecated. Will use -Xlog:gc:artifacts/gc.log instead.
[0.001s][warning][gc] -XX:+PrintGCDetails is deprecated. Will use -Xlog:gc* instead.
[0.000s][warning][gc] -Xloggc is deprecated. Will use -Xlog:gc:artifacts/gc.log instead.
[0.001s][warning][gc] -XX:+PrintGCDetails is deprecated. Will use -Xlog:gc* instead.
[0.000s][warning][gc] -Xloggc is deprecated. Will use -Xlog:gc:artifacts/gc.log instead.
[0.001s][warning][gc] -XX:+PrintGCDetails is deprecated. Will use -Xlog:gc* instead.
[0.000s][warning][gc] -Xloggc is deprecated. Will use -Xlog:gc:artifacts/gc.log instead.
[0.000s][warning][gc] -XX:+PrintGCDetails is deprecated. Will use -Xlog:gc* instead.
[0.001s][warning][gc] -Xloggc is deprecated. Will use -Xlog:gc:artifacts/gc.log instead.
[0.001s][warning][gc] -XX:+PrintGCDetails is deprecated. Will use -Xlog:gc* instead.
[0.000s][warning][gc] -Xloggc is deprecated. Will use -Xlog:gc:artifacts/gc.log instead.
[0.001s][warning][gc] -XX:+PrintGCDetails is deprecated. Will use -Xlog:gc* instead.
[0.000s][warning][gc] -Xloggc is deprecated. Will use -Xlog:gc:artifacts/gc.log instead.
[0.001s][warning][gc] -XX:+PrintGCDetails is deprecated. Will use -Xlog:gc* instead.
[0.000s][warning][gc] -Xloggc is deprecated. Will use -Xlog:gc:artifacts/gc.log instead.
[0.001s][warning][gc] -XX:+PrintGCDetails is deprecated. Will use -Xlog:gc* instead.
[0.000s][warning][gc] -Xloggc is deprecated. Will use -Xlog:gc:artifacts/gc.log instead.
[0.001s][warning][gc] -XX:+PrintGCDetails is deprecated. Will use -Xlog:gc* instead.
[0.000s][warning][gc] -Xloggc is deprecated. Will use -Xlog:gc:artifacts/gc.log instead.
[0.000s][warning][gc] -XX:+PrintGCDetails is deprecated. Will use -Xlog:gc* instead.
[0.000s][warning][gc] -Xloggc is deprecated. Will use -Xlog:gc:artifacts/gc.log instead.
[0.000s][warning][gc] -XX:+PrintGCDetails is deprecated. Will use -Xlog:gc* instead.
[0.000s][warning][gc] -Xloggc is deprecated. Will use -Xlog:gc:artifacts/gc.log instead.
[0.000s][warning][gc] -XX:+PrintGCDetails is deprecated. Will use -Xlog:gc* instead.
[0.000s][warning][gc] -Xloggc is deprecated. Will use -Xlog:gc:artifacts/gc.log instead.
[0.000s][warning][gc] -XX:+PrintGCDetails is deprecated. Will use -Xlog:gc* instead.
[0.000s][warning][gc] -Xloggc is deprecated. Will use -Xlog:gc:artifacts/gc.log instead.
[0.001s][warning][gc] -XX:+PrintGCDetails is deprecated. Will use -Xlog:gc* instead.
[0.001s][warning][gc] -Xloggc is deprecated. Will use -Xlog:gc:artifacts/gc.log instead.
[0.001s][warning][gc] -XX:+PrintGCDetails is deprecated. Will use -Xlog:gc* instead.
[0.000s][warning][gc] -Xloggc is deprecated. Will use -Xlog:gc:artifacts/gc.log instead.
[0.000s][warning][gc] -XX:+PrintGCDetails is deprecated. Will use -Xlog:gc* instead.
[0.000s][warning][gc] -Xloggc is deprecated. Will use -Xlog:gc:artifacts/gc.log instead.
[0.001s][warning][gc] -XX:+PrintGCDetails is deprecated. Will use -Xlog:gc* instead.
[0.000s][warning][gc] -Xloggc is deprecated. Will use -Xlog:gc:artifacts/gc.log instead.
[0.000s][warning][gc] -XX:+PrintGCDetails is deprecated. Will use -Xlog:gc* instead.
[0.000s][warning][gc] -Xloggc is deprecated. Will use -Xlog:gc:artifacts/gc.log instead.
[0.000s][warning][gc] -XX:+PrintGCDetails is deprecated. Will use -Xlog:gc* instead.
[0.000s][warning][gc] -Xloggc is deprecated. Will use -Xlog:gc:artifacts/gc.log instead.
[0.001s][warning][gc] -XX:+PrintGCDetails is deprecated. Will use -Xlog:gc* instead.
[0.000s][warning][gc] -Xloggc is deprecated. Will use -Xlog:gc:artifacts/gc.log instead.
[0.000s][warning][gc] -XX:+PrintGCDetails is deprecated. Will use -Xlog:gc* instead.
[0.000s][warning][gc] -Xloggc is deprecated. Will use -Xlog:gc:artifacts/gc.log instead.
[0.001s][warning][gc] -XX:+PrintGCDetails is deprecated. Will use -Xlog:gc* instead.
[0.000s][warning][gc] -Xloggc is deprecated. Will use -Xlog:gc:artifacts/gc.log instead.
[0.000s][warning][gc] -XX:+PrintGCDetails is deprecated. Will use -Xlog:gc* instead.
[0.000s][warning][gc] -Xloggc is deprecated. Will use -Xlog:gc:artifacts/gc.log instead.
[0.001s][warning][gc] -XX:+PrintGCDetails is deprecated. Will use -Xlog:gc* instead.
[0.000s][warning][gc] -Xloggc is deprecated. Will use -Xlog:gc:artifacts/gc.log instead.
[0.001s][warning][gc] -XX:+PrintGCDetails is deprecated. Will use -Xlog:gc* instead.
[0.001s][warning][gc] -Xloggc is deprecated. Will use -Xlog:gc:artifacts/gc.log instead.
[0.001s][warning][gc] -XX:+PrintGCDetails is deprecated. Will use -Xlog:gc* instead.
[0.001s][warning][gc] -Xloggc is deprecated. Will use -Xlog:gc:artifacts/gc.log instead.
[0.001s][warning][gc] -XX:+PrintGCDetails is deprecated. Will use -Xlog:gc* instead.
[0.000s][warning][gc] -Xloggc is deprecated. Will use -Xlog:gc:artifacts/gc.log instead.
[0.000s][warning][gc] -XX:+PrintGCDetails is deprecated. Will use -Xlog:gc* instead.
[0.000s][warning][gc] -Xloggc is deprecated. Will use -Xlog:gc:artifacts/gc.log instead.
[0.001s][warning][gc] -XX:+PrintGCDetails is deprecated. Will use -Xlog:gc* instead.
[0.000s][warning][gc] -Xloggc is deprecated. Will use -Xlog:gc:artifacts/gc.log instead.
[0.001s][warning][gc] -XX:+PrintGCDetails is deprecated. Will use -Xlog:gc* instead.
[0.000s][warning][gc] -Xloggc is deprecated. Will use -Xlog:gc:artifacts/gc.log instead.
[0.001s][warning][gc] -XX:+PrintGCDetails is deprecated. Will use -Xlog:gc* instead.
[0.000s][warning][gc] -Xloggc is deprecated. Will use -Xlog:gc:artifacts/gc.log instead.
[0.001s][warning][gc] -XX:+PrintGCDetails is deprecated. Will use -Xlog:gc* instead.
[0.000s][warning][gc] -Xloggc is deprecated. Will use -Xlog:gc:artifacts/gc.log instead.
[0.000s][warning][gc] -XX:+PrintGCDetails is deprecated. Will use -Xlog:gc* instead.
[0.000s][warning][gc] -Xloggc is deprecated. Will use -Xlog:gc:artifacts/gc.log instead.
[0.000s][warning][gc] -XX:+PrintGCDetails is deprecated. Will use -Xlog:gc* instead.
[0.000s][warning][gc] -Xloggc is deprecated. Will use -Xlog:gc:artifacts/gc.log instead.
[0.001s][warning][gc] -XX:+PrintGCDetails is deprecated. Will use -Xlog:gc* instead.
[0.000s][warning][gc] -Xloggc is deprecated. Will use -Xlog:gc:artifacts/gc.log instead.
[0.001s][warning][gc] -XX:+PrintGCDetails is deprecated. Will use -Xlog:gc* instead.
[0.001s][warning][gc] -Xloggc is deprecated. Will use -Xlog:gc:artifacts/gc.log instead.
[0.001s][warning][gc] -XX:+PrintGCDetails is deprecated. Will use -Xlog:gc* instead.
[0.001s][warning][gc] -Xloggc is deprecated. Will use -Xlog:gc:artifacts/gc.log instead.
[0.001s][warning][gc] -XX:+PrintGCDetails is deprecated. Will use -Xlog:gc* instead.
[0.000s][warning][gc] -Xloggc is deprecated. Will use -Xlog:gc:artifacts/gc.log instead.
[0.000s][warning][gc] -XX:+PrintGCDetails is deprecated. Will use -Xlog:gc* instead.
[0.000s][warning][gc] -Xloggc is deprecated. Will use -Xlog:gc:artifacts/gc.log instead.
[0.001s][warning][gc] -XX:+PrintGCDetails is deprecated. Will use -Xlog:gc* instead.
[0.000s][warning][gc] -Xloggc is deprecated. Will use -Xlog:gc:artifacts/gc.log instead.
[0.001s][warning][gc] -XX:+PrintGCDetails is deprecated. Will use -Xlog:gc* instead.
[0.001s][warning][gc] -Xloggc is deprecated. Will use -Xlog:gc:artifacts/gc.log instead.
[0.001s][warning][gc] -XX:+PrintGCDetails is deprecated. Will use -Xlog:gc* instead.
[0.000s][warning][gc] -Xloggc is deprecated. Will use -Xlog:gc:artifacts/gc.log instead.
[0.001s][warning][gc] -XX:+PrintGCDetails is deprecated. Will use -Xlog:gc* instead.
[0.000s][warning][gc] -Xloggc is deprecated. Will use -Xlog:gc:artifacts/gc.log instead.
[0.000s][warning][gc] -XX:+PrintGCDetails is deprecated. Will use -Xlog:gc* instead.
[0.000s][warning][gc] -Xloggc is deprecated. Will use -Xlog:gc:artifacts/gc.log instead.
[0.000s][warning][gc] -XX:+PrintGCDetails is deprecated. Will use -Xlog:gc* instead.
[0.001s][warning][gc] -Xloggc is deprecated. Will use -Xlog:gc:artifacts/gc.log instead.
[0.001s][warning][gc] -XX:+PrintGCDetails is deprecated. Will use -Xlog:gc* instead.
[0.000s][warning][gc] -Xloggc is deprecated. Will use -Xlog:gc:artifacts/gc.log instead.
[0.000s][warning][gc] -XX:+PrintGCDetails is deprecated. Will use -Xlog:gc* instead.
[0.000s][warning][gc] -Xloggc is deprecated. Will use -Xlog:gc:artifacts/gc.log instead.
[0.001s][warning][gc] -XX:+PrintGCDetails is deprecated. Will use -Xlog:gc* instead.
[0.000s][warning][gc] -Xloggc is deprecated. Will use -Xlog:gc:artifacts/gc.log instead.
[0.001s][warning][gc] -XX:+PrintGCDetails is deprecated. Will use -Xlog:gc* instead.
[0.001s][warning][gc] -Xloggc is deprecated. Will use -Xlog:gc:artifacts/gc.log instead.
[0.001s][warning][gc] -XX:+PrintGCDetails is deprecated. Will use -Xlog:gc* instead.
[0.000s][warning][gc] -Xloggc is deprecated. Will use -Xlog:gc:artifacts/gc.log instead.
[0.001s][warning][gc] -XX:+PrintGCDetails is deprecated. Will use -Xlog:gc* instead.
[0.000s][warning][gc] -Xloggc is deprecated. Will use -Xlog:gc:artifacts/gc.log instead.
[0.001s][warning][gc] -XX:+PrintGCDetails is deprecated. Will use -Xlog:gc* instead.
[0.000s][warning][gc] -Xloggc is deprecated. Will use -Xlog:gc:artifacts/gc.log instead.
[0.000s][warning][gc] -XX:+PrintGCDetails is deprecated. Will use -Xlog:gc* instead.
[0.001s][warning][gc] -Xloggc is deprecated. Will use -Xlog:gc:artifacts/gc.log instead.
[0.001s][warning][gc] -XX:+PrintGCDetails is deprecated. Will use -Xlog:gc* instead.
[0.000s][warning][gc] -Xloggc is deprecated. Will use -Xlog:gc:artifacts/gc.log instead.
[0.001s][warning][gc] -XX:+PrintGCDetails is deprecated. Will use -Xlog:gc* instead.
[0.000s][warning][gc] -Xloggc is deprecated. Will use -Xlog:gc:artifacts/gc.log instead.
[0.001s][warning][gc] -XX:+PrintGCDetails is deprecated. Will use -Xlog:gc* instead.
[0.000s][warning][gc] -Xloggc is deprecated. Will use -Xlog:gc:artifacts/gc.log instead.
[0.001s][warning][gc] -XX:+PrintGCDetails is deprecated. Will use -Xlog:gc* instead.
[0.000s][warning][gc] -Xloggc is deprecated. Will use -Xlog:gc:artifacts/gc.log instead.
[0.001s][warning][gc] -XX:+PrintGCDetails is deprecated. Will use -Xlog:gc* instead.
[0.000s][warning][gc] -Xloggc is deprecated. Will use -Xlog:gc:artifacts/gc.log instead.
[0.000s][warning][gc] -XX:+PrintGCDetails is deprecated. Will use -Xlog:gc* instead.
[0.000s][warning][gc] -Xloggc is deprecated. Will use -Xlog:gc:artifacts/gc.log instead.
[0.001s][warning][gc] -XX:+PrintGCDetails is deprecated. Will use -Xlog:gc* instead.
[0.001s][warning][gc] -Xloggc is deprecated. Will use -Xlog:gc:artifacts/gc.log instead.
[0.001s][warning][gc] -XX:+PrintGCDetails is deprecated. Will use -Xlog:gc* instead.
[0.001s][warning][gc] -Xloggc is deprecated. Will use -Xlog:gc:artifacts/gc.log instead.
[0.001s][warning][gc] -XX:+PrintGCDetails is deprecated. Will use -Xlog:gc* instead.
[0.000s][warning][gc] -Xloggc is deprecated. Will use -Xlog:gc:artifacts/gc.log instead.
[0.001s][warning][gc] -XX:+PrintGCDetails is deprecated. Will use -Xlog:gc* instead.
[0.000s][warning][gc] -Xloggc is deprecated. Will use -Xlog:gc:artifacts/gc.log instead.
[0.001s][warning][gc] -XX:+PrintGCDetails is deprecated. Will use -Xlog:gc* instead.
[0.000s][warning][gc] -Xloggc is deprecated. Will use -Xlog:gc:artifacts/gc.log instead.
[0.001s][warning][gc] -XX:+PrintGCDetails is deprecated. Will use -Xlog:gc* instead.
[0.000s][warning][gc] -Xloggc is deprecated. Will use -Xlog:gc:artifacts/gc.log instead.
[0.001s][warning][gc] -XX:+PrintGCDetails is deprecated. Will use -Xlog:gc* instead.
[0.001s][warning][gc] -Xloggc is deprecated. Will use -Xlog:gc:artifacts/gc.log instead.
[0.001s][warning][gc] -XX:+PrintGCDetails is deprecated. Will use -Xlog:gc* instead.
[0.000s][warning][gc] -Xloggc is deprecated. Will use -Xlog:gc:artifacts/gc.log instead.
[0.000s][warning][gc] -XX:+PrintGCDetails is deprecated. Will use -Xlog:gc* instead.
[0.000s][warning][gc] -Xloggc is deprecated. Will use -Xlog:gc:artifacts/gc.log instead.
[0.000s][warning][gc] -XX:+PrintGCDetails is deprecated. Will use -Xlog:gc* instead.
[0.001s][warning][gc] -Xloggc is deprecated. Will use -Xlog:gc:artifacts/gc.log instead.
[0.001s][warning][gc] -XX:+PrintGCDetails is deprecated. Will use -Xlog:gc* instead.
[0.000s][warning][gc] -Xloggc is deprecated. Will use -Xlog:gc:artifacts/gc.log instead.
[0.001s][warning][gc] -XX:+PrintGCDetails is deprecated. Will use -Xlog:gc* instead.
[0.000s][warning][gc] -Xloggc is deprecated. Will use -Xlog:gc:artifacts/gc.log instead.
[0.001s][warning][gc] -XX:+PrintGCDetails is deprecated. Will use -Xlog:gc* instead.
[0.000s][warning][gc] -Xloggc is deprecated. Will use -Xlog:gc:artifacts/gc.log instead.
[0.000s][warning][gc] -XX:+PrintGCDetails is deprecated. Will use -Xlog:gc* instead.
[0.000s][warning][gc] -Xloggc is deprecated. Will use -Xlog:gc:artifacts/gc.log instead.
[0.001s][warning][gc] -XX:+PrintGCDetails is deprecated. Will use -Xlog:gc* instead.
[0.000s][warning][gc] -Xloggc is deprecated. Will use -Xlog:gc:artifacts/gc.log instead.
[0.001s][warning][gc] -XX:+PrintGCDetails is deprecated. Will use -Xlog:gc* instead.
[0.000s][warning][gc] -Xloggc is deprecated. Will use -Xlog:gc:artifacts/gc.log instead.
[0.000s][warning][gc] -XX:+PrintGCDetails is deprecated. Will use -Xlog:gc* instead.
[0.000s][warning][gc] -Xloggc is deprecated. Will use -Xlog:gc:artifacts/gc.log instead.
[0.000s][warning][gc] -XX:+PrintGCDetails is deprecated. Will use -Xlog:gc* instead.
[0.000s][warning][gc] -Xloggc is deprecated. Will use -Xlog:gc:artifacts/gc.log instead.
[0.001s][warning][gc] -XX:+PrintGCDetails is deprecated. Will use -Xlog:gc* instead.
[0.000s][warning][gc] -Xloggc is deprecated. Will use -Xlog:gc:artifacts/gc.log instead.
[0.001s][warning][gc] -XX:+PrintGCDetails is deprecated. Will use -Xlog:gc* instead.
[0.000s][warning][gc] -Xloggc is deprecated. Will use -Xlog:gc:artifacts/gc.log instead.
[0.000s][warning][gc] -XX:+PrintGCDetails is deprecated. Will use -Xlog:gc* instead.
