[0.071s][info][gc,init] CardTable entry size: 512
[0.072s][info][gc     ] Using G1
[0.075s][info][gc,init] Version: 21.0.8+9-LTS (release)
[0.076s][info][gc,init] CPUs: 14 total, 14 available
[0.076s][info][gc,init] Memory: 15750M
[0.076s][info][gc,init] Large Page Support: Disabled
[0.076s][info][gc,init] NUMA Support: Disabled
[0.076s][info][gc,init] Compressed Oops: Enabled (32-bit)
[0.077s][info][gc,init] Heap Region Size: 1M
[0.077s][info][gc,init] Heap Min Capacity: 8M
[0.077s][info][gc,init] Heap Initial Capacity: 248M
[0.077s][info][gc,init] Heap Max Capacity: 768M
[0.077s][info][gc,init] Pre-touch: Disabled
[0.078s][info][gc,init] Parallel Workers: 11
[0.078s][info][gc,init] Concurrent Workers: 3
[0.079s][info][gc,init] Concurrent Refinement Workers: 11
[0.079s][info][gc,init] Periodic GC: Disabled
[0.086s][info][gc,metaspace] CDS archive(s) mapped at: [0x000076025f000000-0x000076025fbb2000-0x000076025fbb2000), size 12263424, SharedBaseAddress: 0x000076025f000000, ArchiveRelocationMode: 1.
[0.087s][info][gc,metaspace] Compressed class space mapped at: 0x0000760260000000-0x00007602a0000000, reserved size: 1073741824
[0.087s][info][gc,metaspace] Narrow klass base: 0x000076025f000000, Narrow klass shift: 0, Narrow klass range: 0x100000000
[0.674s][info][gc,start    ] GC(0) Pause Young (Normal) (G1 Evacuation Pause)
[0.676s][info][gc,task     ] GC(0) Using 5 workers of 11 for evacuation
[0.679s][info][gc,phases   ] GC(0)   Pre Evacuate Collection Set: 0.2ms
[0.680s][info][gc,phases   ] GC(0)   Merge Heap Roots: 0.1ms
[0.680s][info][gc,phases   ] GC(0)   Evacuate Collection Set: 2.1ms
[0.680s][info][gc,phases   ] GC(0)   Post Evacuate Collection Set: 0.7ms
[0.681s][info][gc,phases   ] GC(0)   Other: 1.2ms
[0.681s][info][gc,heap     ] GC(0) Eden regions: 23->0(38)
[0.681s][info][gc,heap     ] GC(0) Survivor regions: 0->3(3)
[0.682s][info][gc,heap     ] GC(0) Old regions: 1->2
[0.682s][info][gc,heap     ] GC(0) Humongous regions: 5->4
[0.682s][info][gc,metaspace] GC(0) Metaspace: 7970K(8128K)->7970K(8128K) NonClass: 7081K(7168K)->7081K(7168K) Class: 888K(960K)->888K(960K)
[0.683s][info][gc          ] GC(0) Pause Young (Normal) (G1 Evacuation Pause) 28M->8M(249M) 8.052ms
[0.683s][info][gc,cpu      ] GC(0) User=0.01s Sys=0.00s Real=0.01s
[1.532s][info][gc,start    ] GC(1) Pause Young (Normal) (G1 Evacuation Pause)
[1.532s][info][gc,task     ] GC(1) Using 5 workers of 11 for evacuation
[1.542s][info][gc,phases   ] GC(1)   Pre Evacuate Collection Set: 0.2ms
[1.542s][info][gc,phases   ] GC(1)   Merge Heap Roots: 0.1ms
[1.543s][info][gc,phases   ] GC(1)   Evacuate Collection Set: 6.2ms
[1.543s][info][gc,phases   ] GC(1)   Post Evacuate Collection Set: 2.7ms
[1.543s][info][gc,phases   ] GC(1)   Other: 0.3ms
[1.543s][info][gc,heap     ] GC(1) Eden regions: 38->0(85)
[1.544s][info][gc,heap     ] GC(1) Survivor regions: 3->6(6)
[1.544s][info][gc,heap     ] GC(1) Old regions: 2->3
[1.544s][info][gc,heap     ] GC(1) Humongous regions: 4->4
[1.545s][info][gc,metaspace] GC(1) Metaspace: 19417K(19712K)->19417K(19712K) NonClass: 17131K(17280K)->17131K(17280K) Class: 2285K(2432K)->2285K(2432K)
[1.545s][info][gc          ] GC(1) Pause Young (Normal) (G1 Evacuation Pause) 46M->12M(249M) 13.059ms
[1.545s][info][gc,cpu      ] GC(1) User=0.02s Sys=0.01s Real=0.02s
[1.640s][info][gc,start    ] GC(2) Pause Young (Concurrent Start) (Metadata GC Threshold)
[1.641s][info][gc,task     ] GC(2) Using 5 workers of 11 for evacuation
[1.645s][info][gc,phases   ] GC(2)   Pre Evacuate Collection Set: 0.3ms
[1.646s][info][gc,phases   ] GC(2)   Merge Heap Roots: 0.1ms
[1.646s][info][gc,phases   ] GC(2)   Evacuate Collection Set: 2.4ms
[1.646s][info][gc,phases   ] GC(2)   Post Evacuate Collection Set: 1.3ms
[1.647s][info][gc,phases   ] GC(2)   Other: 0.5ms
[1.647s][info][gc,heap     ] GC(2) Eden regions: 6->0(141)
[1.647s][info][gc,heap     ] GC(2) Survivor regions: 6->7(12)
[1.648s][info][gc,heap     ] GC(2) Old regions: 3->3
[1.648s][info][gc,heap     ] GC(2) Humongous regions: 4->4
[1.648s][info][gc,metaspace] GC(2) Metaspace: 21201K(21504K)->21201K(21504K) NonClass: 18691K(18816K)->18691K(18816K) Class: 2510K(2688K)->2510K(2688K)
[1.649s][info][gc          ] GC(2) Pause Young (Concurrent Start) (Metadata GC Threshold) 18M->13M(249M) 8.513ms
[1.649s][info][gc,cpu      ] GC(2) User=0.01s Sys=0.00s Real=0.01s
[1.649s][info][gc          ] GC(3) Concurrent Mark Cycle
[1.650s][info][gc,marking  ] GC(3) Concurrent Scan Root Regions
[1.652s][info][gc,marking  ] GC(3) Concurrent Scan Root Regions 2.654ms
[1.653s][info][gc,marking  ] GC(3) Concurrent Mark
[1.653s][info][gc,marking  ] GC(3) Concurrent Mark From Roots
[1.654s][info][gc,task     ] GC(3) Using 3 workers of 3 for marking
[1.656s][info][gc,marking  ] GC(3) Concurrent Mark From Roots 2.624ms
[1.657s][info][gc,marking  ] GC(3) Concurrent Preclean
[1.657s][info][gc,marking  ] GC(3) Concurrent Preclean 0.404ms
[1.658s][info][gc,start    ] GC(3) Pause Remark
[1.660s][info][gc          ] GC(3) Pause Remark 14M->14M(47M) 2.854ms
[1.661s][info][gc,cpu      ] GC(3) User=0.00s Sys=0.00s Real=0.00s
[1.661s][info][gc,marking  ] GC(3) Concurrent Mark 8.262ms
[1.661s][info][gc,marking  ] GC(3) Concurrent Rebuild Remembered Sets and Scrub Regions
[1.663s][info][gc,marking  ] GC(3) Concurrent Rebuild Remembered Sets and Scrub Regions 1.025ms
[1.663s][info][gc,start    ] GC(3) Pause Cleanup
[1.663s][info][gc          ] GC(3) Pause Cleanup 15M->15M(47M) 0.348ms
[1.664s][info][gc,cpu      ] GC(3) User=0.00s Sys=0.00s Real=0.00s
[1.664s][info][gc,marking  ] GC(3) Concurrent Clear Claimed Marks
[1.665s][info][gc,marking  ] GC(3) Concurrent Clear Claimed Marks 0.455ms
[1.665s][info][gc,marking  ] GC(3) Concurrent Cleanup for Next Mark
[1.667s][info][gc,marking  ] GC(3) Concurrent Cleanup for Next Mark 1.206ms
[1.667s][info][gc          ] GC(3) Concurrent Mark Cycle 18.106ms
[2.071s][info][gc,start    ] GC(4) Pause Young (Prepare Mixed) (G1 Evacuation Pause)
[2.072s][info][gc,task     ] GC(4) Using 8 workers of 11 for evacuation
[2.081s][info][gc,phases   ] GC(4)   Pre Evacuate Collection Set: 0.3ms
[2.082s][info][gc,phases   ] GC(4)   Merge Heap Roots: 0.1ms
[2.082s][info][gc,phases   ] GC(4)   Evacuate Collection Set: 7.3ms
[2.082s][info][gc,phases   ] GC(4)   Post Evacuate Collection Set: 1.5ms
[2.083s][info][gc,phases   ] GC(4)   Other: 0.4ms
[2.083s][info][gc,heap     ] GC(4) Eden regions: 33->0(23)
[2.083s][info][gc,heap     ] GC(4) Survivor regions: 7->13(19)
[2.083s][info][gc,heap     ] GC(4) Old regions: 3->3
[2.084s][info][gc,heap     ] GC(4) Humongous regions: 4->4
[2.084s][info][gc,metaspace] GC(4) Metaspace: 27813K(28224K)->27813K(28224K) NonClass: 24484K(24704K)->24484K(24704K) Class: 3328K(3520K)->3328K(3520K)
[2.084s][info][gc          ] GC(4) Pause Young (Prepare Mixed) (G1 Evacuation Pause) 46M->18M(60M) 12.936ms
[2.084s][info][gc,cpu      ] GC(4) User=0.03s Sys=0.01s Real=0.02s
[5.036s][info][gc,heap,exit] Heap
[5.037s][info][gc,heap,exit]  garbage-first heap   total 61440K, used 38636K [0x00000000d0000000, 0x0000000100000000)
[5.037s][info][gc,heap,exit]   region size 1024K, 32 young (32768K), 13 survivors (13312K)
[5.038s][info][gc,heap,exit]  Metaspace       used 29584K, committed 30016K, reserved 1114112K
[5.038s][info][gc,heap,exit]   class space    used 3573K, committed 3776K, reserved 1048576K
