[0.076s][info][gc,init] CardTable entry size: 512
[0.078s][info][gc     ] Using G1
[0.081s][info][gc,init] Version: 21.0.8+9-LTS (release)
[0.082s][info][gc,init] CPUs: 14 total, 14 available
[0.083s][info][gc,init] Memory: 15750M
[0.083s][info][gc,init] Large Page Support: Disabled
[0.083s][info][gc,init] NUMA Support: Disabled
[0.084s][info][gc,init] Compressed Oops: Enabled (32-bit)
[0.084s][info][gc,init] Heap Region Size: 1M
[0.085s][info][gc,init] Heap Min Capacity: 8M
[0.085s][info][gc,init] Heap Initial Capacity: 248M
[0.085s][info][gc,init] Heap Max Capacity: 768M
[0.086s][info][gc,init] Pre-touch: Disabled
[0.086s][info][gc,init] Parallel Workers: 11
[0.086s][info][gc,init] Concurrent Workers: 3
[0.087s][info][gc,init] Concurrent Refinement Workers: 11
[0.087s][info][gc,init] Periodic GC: Disabled
[0.095s][info][gc,metaspace] CDS archive(s) mapped at: [0x000079b3b7000000-0x000079b3b7bb2000-0x000079b3b7bb2000), size 12263424, SharedBaseAddress: 0x000079b3b7000000, ArchiveRelocationMode: 1.
[0.096s][info][gc,metaspace] Compressed class space mapped at: 0x000079b3b8000000-0x000079b3f8000000, reserved size: 1073741824
[0.096s][info][gc,metaspace] Narrow klass base: 0x000079b3b7000000, Narrow klass shift: 0, Narrow klass range: 0x100000000
[0.697s][info][gc,start    ] GC(0) Pause Young (Normal) (G1 Evacuation Pause)
[0.699s][info][gc,task     ] GC(0) Using 5 workers of 11 for evacuation
[0.703s][info][gc,phases   ] GC(0)   Pre Evacuate Collection Set: 0.3ms
[0.704s][info][gc,phases   ] GC(0)   Merge Heap Roots: 0.1ms
[0.704s][info][gc,phases   ] GC(0)   Evacuate Collection Set: 2.1ms
[0.704s][info][gc,phases   ] GC(0)   Post Evacuate Collection Set: 0.8ms
[0.705s][info][gc,phases   ] GC(0)   Other: 1.6ms
[0.705s][info][gc,heap     ] GC(0) Eden regions: 23->0(38)
[0.705s][info][gc,heap     ] GC(0) Survivor regions: 0->3(3)
[0.706s][info][gc,heap     ] GC(0) Old regions: 1->2
[0.706s][info][gc,heap     ] GC(0) Humongous regions: 5->4
[0.706s][info][gc,metaspace] GC(0) Metaspace: 7965K(8128K)->7965K(8128K) NonClass: 7078K(7168K)->7078K(7168K) Class: 887K(960K)->887K(960K)
[0.707s][info][gc          ] GC(0) Pause Young (Normal) (G1 Evacuation Pause) 28M->8M(249M) 9.220ms
[0.707s][info][gc,cpu      ] GC(0) User=0.01s Sys=0.00s Real=0.01s
[1.505s][info][gc,start    ] GC(1) Pause Young (Normal) (G1 Evacuation Pause)
[1.507s][info][gc,task     ] GC(1) Using 5 workers of 11 for evacuation
[1.517s][info][gc,phases   ] GC(1)   Pre Evacuate Collection Set: 0.3ms
[1.518s][info][gc,phases   ] GC(1)   Merge Heap Roots: 0.2ms
[1.519s][info][gc,phases   ] GC(1)   Evacuate Collection Set: 5.8ms
[1.519s][info][gc,phases   ] GC(1)   Post Evacuate Collection Set: 3.0ms
[1.520s][info][gc,phases   ] GC(1)   Other: 0.8ms
[1.521s][info][gc,heap     ] GC(1) Eden regions: 38->0(84)
[1.521s][info][gc,heap     ] GC(1) Survivor regions: 3->6(6)
[1.522s][info][gc,heap     ] GC(1) Old regions: 2->3
[1.525s][info][gc,heap     ] GC(1) Humongous regions: 4->4
[1.525s][info][gc,metaspace] GC(1) Metaspace: 19409K(19712K)->19409K(19712K) NonClass: 17123K(17280K)->17123K(17280K) Class: 2285K(2432K)->2285K(2432K)
[1.526s][info][gc          ] GC(1) Pause Young (Normal) (G1 Evacuation Pause) 46M->12M(249M) 20.366ms
[1.526s][info][gc,cpu      ] GC(1) User=0.03s Sys=0.02s Real=0.02s
[1.673s][info][gc,start    ] GC(2) Pause Young (Concurrent Start) (Metadata GC Threshold)
[1.673s][info][gc,task     ] GC(2) Using 5 workers of 11 for evacuation
[1.679s][info][gc,phases   ] GC(2)   Pre Evacuate Collection Set: 0.3ms
[1.680s][info][gc,phases   ] GC(2)   Merge Heap Roots: 0.1ms
[1.680s][info][gc,phases   ] GC(2)   Evacuate Collection Set: 3.4ms
[1.681s][info][gc,phases   ] GC(2)   Post Evacuate Collection Set: 1.2ms
[1.681s][info][gc,phases   ] GC(2)   Other: 0.6ms
[1.681s][info][gc,heap     ] GC(2) Eden regions: 6->0(133)
[1.681s][info][gc,heap     ] GC(2) Survivor regions: 6->7(12)
[1.681s][info][gc,heap     ] GC(2) Old regions: 3->3
[1.682s][info][gc,heap     ] GC(2) Humongous regions: 4->4
[1.682s][info][gc,metaspace] GC(2) Metaspace: 21181K(21504K)->21181K(21504K) NonClass: 18674K(18816K)->18674K(18816K) Class: 2507K(2688K)->2507K(2688K)
[1.682s][info][gc          ] GC(2) Pause Young (Concurrent Start) (Metadata GC Threshold) 18M->13M(249M) 9.799ms
[1.683s][info][gc,cpu      ] GC(2) User=0.02s Sys=0.00s Real=0.00s
[1.683s][info][gc          ] GC(3) Concurrent Mark Cycle
[1.683s][info][gc,marking  ] GC(3) Concurrent Scan Root Regions
[1.686s][info][gc,marking  ] GC(3) Concurrent Scan Root Regions 3.080ms
[1.687s][info][gc,marking  ] GC(3) Concurrent Mark
[1.688s][info][gc,marking  ] GC(3) Concurrent Mark From Roots
[1.688s][info][gc,task     ] GC(3) Using 3 workers of 3 for marking
[1.691s][info][gc,marking  ] GC(3) Concurrent Mark From Roots 3.600ms
[1.692s][info][gc,marking  ] GC(3) Concurrent Preclean
[1.692s][info][gc,marking  ] GC(3) Concurrent Preclean 0.397ms
[1.693s][info][gc,start    ] GC(3) Pause Remark
[1.697s][info][gc          ] GC(3) Pause Remark 14M->14M(47M) 3.454ms
[1.697s][info][gc,cpu      ] GC(3) User=0.01s Sys=0.00s Real=0.00s
[1.698s][info][gc,marking  ] GC(3) Concurrent Mark 10.835ms
[1.698s][info][gc,marking  ] GC(3) Concurrent Rebuild Remembered Sets and Scrub Regions
[1.699s][info][gc,marking  ] GC(3) Concurrent Rebuild Remembered Sets and Scrub Regions 1.149ms
[1.700s][info][gc,start    ] GC(3) Pause Cleanup
[1.700s][info][gc          ] GC(3) Pause Cleanup 14M->14M(47M) 0.432ms
[1.701s][info][gc,cpu      ] GC(3) User=0.00s Sys=0.00s Real=0.00s
[1.702s][info][gc,marking  ] GC(3) Concurrent Clear Claimed Marks
[1.702s][info][gc,marking  ] GC(3) Concurrent Clear Claimed Marks 0.580ms
[1.703s][info][gc,marking  ] GC(3) Concurrent Cleanup for Next Mark
[1.704s][info][gc,marking  ] GC(3) Concurrent Cleanup for Next Mark 1.422ms
[1.705s][info][gc          ] GC(3) Concurrent Mark Cycle 22.482ms
[2.163s][info][gc,start    ] GC(4) Pause Young (Normal) (G1 Evacuation Pause)
[2.164s][info][gc,task     ] GC(4) Using 8 workers of 11 for evacuation
[2.172s][info][gc,phases   ] GC(4)   Pre Evacuate Collection Set: 0.3ms
[2.173s][info][gc,phases   ] GC(4)   Merge Heap Roots: 0.1ms
[2.173s][info][gc,phases   ] GC(4)   Evacuate Collection Set: 6.0ms
[2.173s][info][gc,phases   ] GC(4)   Post Evacuate Collection Set: 1.3ms
[2.174s][info][gc,phases   ] GC(4)   Other: 0.5ms
[2.174s][info][gc,heap     ] GC(4) Eden regions: 33->0(23)
[2.174s][info][gc,heap     ] GC(4) Survivor regions: 7->12(18)
[2.174s][info][gc,heap     ] GC(4) Old regions: 3->3
[2.175s][info][gc,heap     ] GC(4) Humongous regions: 4->4
[2.175s][info][gc,metaspace] GC(4) Metaspace: 27842K(28224K)->27842K(28224K) NonClass: 24514K(24704K)->24514K(24704K) Class: 3327K(3520K)->3327K(3520K)
[2.175s][info][gc          ] GC(4) Pause Young (Normal) (G1 Evacuation Pause) 46M->18M(59M) 11.862ms
[2.175s][info][gc,cpu      ] GC(4) User=0.05s Sys=0.01s Real=0.02s
[5.044s][info][gc,heap,exit] Heap
[5.045s][info][gc,heap,exit]  garbage-first heap   total 60416K, used 36828K [0x00000000d0000000, 0x0000000100000000)
[5.045s][info][gc,heap,exit]   region size 1024K, 30 young (30720K), 12 survivors (12288K)
[5.046s][info][gc,heap,exit]  Metaspace       used 29646K, committed 30080K, reserved 1114112K
[5.046s][info][gc,heap,exit]   class space    used 3575K, committed 3776K, reserved 1048576K
