[0.067s][info][gc,init] CardTable entry size: 512
[0.068s][info][gc     ] Using G1
[0.072s][info][gc,init] Version: 21.0.8+9-LTS (release)
[0.074s][info][gc,init] CPUs: 14 total, 14 available
[0.074s][info][gc,init] Memory: 15750M
[0.075s][info][gc,init] Large Page Support: Disabled
[0.075s][info][gc,init] NUMA Support: Disabled
[0.076s][info][gc,init] Compressed Oops: Enabled (32-bit)
[0.076s][info][gc,init] Heap Region Size: 1M
[0.076s][info][gc,init] Heap Min Capacity: 8M
[0.076s][info][gc,init] Heap Initial Capacity: 248M
[0.077s][info][gc,init] Heap Max Capacity: 768M
[0.078s][info][gc,init] Pre-touch: Disabled
[0.079s][info][gc,init] Parallel Workers: 11
[0.079s][info][gc,init] Concurrent Workers: 3
[0.080s][info][gc,init] Concurrent Refinement Workers: 11
[0.080s][info][gc,init] Periodic GC: Disabled
[0.088s][info][gc,metaspace] CDS archive(s) mapped at: [0x000073086f000000-0x000073086fbb2000-0x000073086fbb2000), size 12263424, SharedBaseAddress: 0x000073086f000000, ArchiveRelocationMode: 1.
[0.088s][info][gc,metaspace] Compressed class space mapped at: 0x0000730870000000-0x00007308b0000000, reserved size: 1073741824
[0.089s][info][gc,metaspace] Narrow klass base: 0x000073086f000000, Narrow klass shift: 0, Narrow klass range: 0x100000000
[0.746s][info][gc,start    ] GC(0) Pause Young (Normal) (G1 Evacuation Pause)
[0.748s][info][gc,task     ] GC(0) Using 5 workers of 11 for evacuation
[0.752s][info][gc,phases   ] GC(0)   Pre Evacuate Collection Set: 0.3ms
[0.753s][info][gc,phases   ] GC(0)   Merge Heap Roots: 0.1ms
[0.753s][info][gc,phases   ] GC(0)   Evacuate Collection Set: 2.5ms
[0.753s][info][gc,phases   ] GC(0)   Post Evacuate Collection Set: 0.8ms
[0.754s][info][gc,phases   ] GC(0)   Other: 1.8ms
[0.754s][info][gc,heap     ] GC(0) Eden regions: 23->0(38)
[0.754s][info][gc,heap     ] GC(0) Survivor regions: 0->3(3)
[0.755s][info][gc,heap     ] GC(0) Old regions: 1->2
[0.755s][info][gc,heap     ] GC(0) Humongous regions: 5->4
[0.756s][info][gc,metaspace] GC(0) Metaspace: 7967K(8128K)->7967K(8128K) NonClass: 7079K(7168K)->7079K(7168K) Class: 887K(960K)->887K(960K)
[0.757s][info][gc          ] GC(0) Pause Young (Normal) (G1 Evacuation Pause) 28M->8M(249M) 10.819ms
[0.757s][info][gc,cpu      ] GC(0) User=0.02s Sys=0.00s Real=0.01s
[1.738s][info][gc,start    ] GC(1) Pause Young (Normal) (G1 Evacuation Pause)
[1.739s][info][gc,task     ] GC(1) Using 5 workers of 11 for evacuation
[1.749s][info][gc,phases   ] GC(1)   Pre Evacuate Collection Set: 0.3ms
[1.750s][info][gc,phases   ] GC(1)   Merge Heap Roots: 0.1ms
[1.750s][info][gc,phases   ] GC(1)   Evacuate Collection Set: 6.4ms
[1.750s][info][gc,phases   ] GC(1)   Post Evacuate Collection Set: 3.1ms
[1.751s][info][gc,phases   ] GC(1)   Other: 0.6ms
[1.751s][info][gc,heap     ] GC(1) Eden regions: 38->0(82)
[1.754s][info][gc,heap     ] GC(1) Survivor regions: 3->6(6)
[1.755s][info][gc,heap     ] GC(1) Old regions: 2->3
[1.756s][info][gc,heap     ] GC(1) Humongous regions: 4->4
[1.756s][info][gc,metaspace] GC(1) Metaspace: 19386K(19712K)->19386K(19712K) NonClass: 17102K(17280K)->17102K(17280K) Class: 2284K(2432K)->2284K(2432K)
[1.756s][info][gc          ] GC(1) Pause Young (Normal) (G1 Evacuation Pause) 46M->12M(249M) 18.077ms
[1.756s][info][gc,cpu      ] GC(1) User=0.02s Sys=0.01s Real=0.02s
[1.886s][info][gc,start    ] GC(2) Pause Young (Concurrent Start) (Metadata GC Threshold)
[1.887s][info][gc,task     ] GC(2) Using 5 workers of 11 for evacuation
[1.895s][info][gc,phases   ] GC(2)   Pre Evacuate Collection Set: 0.6ms
[1.896s][info][gc,phases   ] GC(2)   Merge Heap Roots: 0.2ms
[1.896s][info][gc,phases   ] GC(2)   Evacuate Collection Set: 5.4ms
[1.897s][info][gc,phases   ] GC(2)   Post Evacuate Collection Set: 1.2ms
[1.897s][info][gc,phases   ] GC(2)   Other: 0.8ms
[1.897s][info][gc,heap     ] GC(2) Eden regions: 6->0(140)
[1.898s][info][gc,heap     ] GC(2) Survivor regions: 6->5(11)
[1.899s][info][gc,heap     ] GC(2) Old regions: 3->6
[1.899s][info][gc,heap     ] GC(2) Humongous regions: 4->4
[1.899s][info][gc,metaspace] GC(2) Metaspace: 21168K(21504K)->21168K(21504K) NonClass: 18659K(18816K)->18659K(18816K) Class: 2509K(2688K)->2509K(2688K)
[1.900s][info][gc          ] GC(2) Pause Young (Concurrent Start) (Metadata GC Threshold) 18M->13M(249M) 13.743ms
[1.900s][info][gc          ] GC(3) Concurrent Mark Cycle
[1.900s][info][gc,cpu      ] GC(2) User=0.03s Sys=0.01s Real=0.02s
[1.901s][info][gc,marking  ] GC(3) Concurrent Scan Root Regions
[1.904s][info][gc,marking  ] GC(3) Concurrent Scan Root Regions 3.687ms
[1.905s][info][gc,marking  ] GC(3) Concurrent Mark
[1.906s][info][gc,marking  ] GC(3) Concurrent Mark From Roots
[1.906s][info][gc,task     ] GC(3) Using 3 workers of 3 for marking
[1.909s][info][gc,marking  ] GC(3) Concurrent Mark From Roots 2.843ms
[1.909s][info][gc,marking  ] GC(3) Concurrent Preclean
[1.909s][info][gc,marking  ] GC(3) Concurrent Preclean 0.326ms
[1.910s][info][gc,start    ] GC(3) Pause Remark
[1.914s][info][gc          ] GC(3) Pause Remark 14M->14M(50M) 4.034ms
[1.915s][info][gc,cpu      ] GC(3) User=0.01s Sys=0.00s Real=0.01s
[1.915s][info][gc,marking  ] GC(3) Concurrent Mark 10.196ms
[1.917s][info][gc,marking  ] GC(3) Concurrent Rebuild Remembered Sets and Scrub Regions
[1.919s][info][gc,marking  ] GC(3) Concurrent Rebuild Remembered Sets and Scrub Regions 2.214ms
[1.920s][info][gc,start    ] GC(3) Pause Cleanup
[1.921s][info][gc          ] GC(3) Pause Cleanup 15M->15M(50M) 0.771ms
[1.921s][info][gc,cpu      ] GC(3) User=0.00s Sys=0.00s Real=0.00s
[1.922s][info][gc,marking  ] GC(3) Concurrent Clear Claimed Marks
[1.923s][info][gc,marking  ] GC(3) Concurrent Clear Claimed Marks 0.518ms
[1.923s][info][gc,marking  ] GC(3) Concurrent Cleanup for Next Mark
[1.924s][info][gc,marking  ] GC(3) Concurrent Cleanup for Next Mark 1.378ms
[1.925s][info][gc          ] GC(3) Concurrent Mark Cycle 24.732ms
[2.414s][info][gc,start    ] GC(4) Pause Young (Prepare Mixed) (G1 Evacuation Pause)
[2.419s][info][gc,task     ] GC(4) Using 8 workers of 11 for evacuation
[2.429s][info][gc,phases   ] GC(4)   Pre Evacuate Collection Set: 0.9ms
[2.429s][info][gc,phases   ] GC(4)   Merge Heap Roots: 0.3ms
[2.430s][info][gc,phases   ] GC(4)   Evacuate Collection Set: 5.9ms
[2.430s][info][gc,phases   ] GC(4)   Post Evacuate Collection Set: 1.7ms
[2.430s][info][gc,phases   ] GC(4)   Other: 0.7ms
[2.430s][info][gc,heap     ] GC(4) Eden regions: 35->0(26)
[2.431s][info][gc,heap     ] GC(4) Survivor regions: 5->10(19)
[2.431s][info][gc,heap     ] GC(4) Old regions: 6->6
[2.432s][info][gc,heap     ] GC(4) Humongous regions: 4->4
[2.432s][info][gc,metaspace] GC(4) Metaspace: 27918K(28288K)->27918K(28288K) NonClass: 24578K(24768K)->24578K(24768K) Class: 3339K(3520K)->3339K(3520K)
[2.432s][info][gc          ] GC(4) Pause Young (Prepare Mixed) (G1 Evacuation Pause) 48M->18M(60M) 18.312ms
[2.432s][info][gc,cpu      ] GC(4) User=0.05s Sys=0.00s Real=0.02s
[5.270s][info][gc,heap,exit] Heap
[5.271s][info][gc,heap,exit]  garbage-first heap   total 61440K, used 37002K [0x00000000d0000000, 0x0000000100000000)
[5.271s][info][gc,heap,exit]   region size 1024K, 28 young (28672K), 10 survivors (10240K)
[5.272s][info][gc,heap,exit]  Metaspace       used 29683K, committed 30080K, reserved 1114112K
[5.272s][info][gc,heap,exit]   class space    used 3592K, committed 3776K, reserved 1048576K
