[0.085s][info][gc,init] CardTable entry size: 512
[0.086s][info][gc     ] Using G1
[0.090s][info][gc,init] Version: 21.0.8+9-LTS (release)
[0.091s][info][gc,init] CPUs: 14 total, 14 available
[0.091s][info][gc,init] Memory: 15750M
[0.091s][info][gc,init] Large Page Support: Disabled
[0.092s][info][gc,init] NUMA Support: Disabled
[0.093s][info][gc,init] Compressed Oops: Enabled (32-bit)
[0.093s][info][gc,init] Heap Region Size: 1M
[0.094s][info][gc,init] Heap Min Capacity: 8M
[0.094s][info][gc,init] Heap Initial Capacity: 248M
[0.095s][info][gc,init] Heap Max Capacity: 768M
[0.095s][info][gc,init] Pre-touch: Disabled
[0.096s][info][gc,init] Parallel Workers: 11
[0.096s][info][gc,init] Concurrent Workers: 3
[0.097s][info][gc,init] Concurrent Refinement Workers: 11
[0.097s][info][gc,init] Periodic GC: Disabled
[0.105s][info][gc,metaspace] CDS archive(s) mapped at: [0x0000758983000000-0x0000758983bb2000-0x0000758983bb2000), size 12263424, SharedBaseAddress: 0x0000758983000000, ArchiveRelocationMode: 1.
[0.106s][info][gc,metaspace] Compressed class space mapped at: 0x0000758984000000-0x00007589c4000000, reserved size: 1073741824
[0.106s][info][gc,metaspace] Narrow klass base: 0x0000758983000000, Narrow klass shift: 0, Narrow klass range: 0x100000000
[0.703s][info][gc,start    ] GC(0) Pause Young (Normal) (G1 Evacuation Pause)
[0.704s][info][gc,task     ] GC(0) Using 5 workers of 11 for evacuation
[0.709s][info][gc,phases   ] GC(0)   Pre Evacuate Collection Set: 0.3ms
[0.709s][info][gc,phases   ] GC(0)   Merge Heap Roots: 0.1ms
[0.709s][info][gc,phases   ] GC(0)   Evacuate Collection Set: 2.4ms
[0.710s][info][gc,phases   ] GC(0)   Post Evacuate Collection Set: 0.9ms
[0.710s][info][gc,phases   ] GC(0)   Other: 1.5ms
[0.710s][info][gc,heap     ] GC(0) Eden regions: 23->0(38)
[0.710s][info][gc,heap     ] GC(0) Survivor regions: 0->3(3)
[0.711s][info][gc,heap     ] GC(0) Old regions: 1->2
[0.711s][info][gc,heap     ] GC(0) Humongous regions: 5->4
[0.711s][info][gc,metaspace] GC(0) Metaspace: 7973K(8128K)->7973K(8128K) NonClass: 7084K(7168K)->7084K(7168K) Class: 888K(960K)->888K(960K)
[0.712s][info][gc          ] GC(0) Pause Young (Normal) (G1 Evacuation Pause) 28M->8M(249M) 8.761ms
[0.712s][info][gc,cpu      ] GC(0) User=0.02s Sys=0.00s Real=0.00s
[1.537s][info][gc,start    ] GC(1) Pause Young (Normal) (G1 Evacuation Pause)
[1.537s][info][gc,task     ] GC(1) Using 5 workers of 11 for evacuation
[1.546s][info][gc,phases   ] GC(1)   Pre Evacuate Collection Set: 0.2ms
[1.547s][info][gc,phases   ] GC(1)   Merge Heap Roots: 0.1ms
[1.548s][info][gc,phases   ] GC(1)   Evacuate Collection Set: 5.1ms
[1.548s][info][gc,phases   ] GC(1)   Post Evacuate Collection Set: 2.9ms
[1.549s][info][gc,phases   ] GC(1)   Other: 0.4ms
[1.550s][info][gc,heap     ] GC(1) Eden regions: 38->0(80)
[1.551s][info][gc,heap     ] GC(1) Survivor regions: 3->6(6)
[1.551s][info][gc,heap     ] GC(1) Old regions: 2->3
[1.552s][info][gc,heap     ] GC(1) Humongous regions: 4->4
[1.552s][info][gc,metaspace] GC(1) Metaspace: 19388K(19712K)->19388K(19712K) NonClass: 17103K(17280K)->17103K(17280K) Class: 2285K(2432K)->2285K(2432K)
[1.553s][info][gc          ] GC(1) Pause Young (Normal) (G1 Evacuation Pause) 46M->12M(249M) 16.046ms
[1.553s][info][gc,cpu      ] GC(1) User=0.02s Sys=0.00s Real=0.01s
[1.686s][info][gc,start    ] GC(2) Pause Young (Concurrent Start) (Metadata GC Threshold)
[1.687s][info][gc,task     ] GC(2) Using 5 workers of 11 for evacuation
[1.694s][info][gc,phases   ] GC(2)   Pre Evacuate Collection Set: 0.3ms
[1.694s][info][gc,phases   ] GC(2)   Merge Heap Roots: 0.1ms
[1.695s][info][gc,phases   ] GC(2)   Evacuate Collection Set: 4.2ms
[1.695s][info][gc,phases   ] GC(2)   Post Evacuate Collection Set: 1.4ms
[1.696s][info][gc,phases   ] GC(2)   Other: 0.9ms
[1.696s][info][gc,heap     ] GC(2) Eden regions: 6->0(141)
[1.696s][info][gc,heap     ] GC(2) Survivor regions: 6->5(11)
[1.697s][info][gc,heap     ] GC(2) Old regions: 3->6
[1.697s][info][gc,heap     ] GC(2) Humongous regions: 4->4
[1.697s][info][gc,metaspace] GC(2) Metaspace: 21186K(21504K)->21186K(21504K) NonClass: 18674K(18816K)->18674K(18816K) Class: 2511K(2688K)->2511K(2688K)
[1.698s][info][gc          ] GC(2) Pause Young (Concurrent Start) (Metadata GC Threshold) 18M->13M(249M) 12.101ms
[1.699s][info][gc,cpu      ] GC(2) User=0.02s Sys=0.00s Real=0.01s
[1.699s][info][gc          ] GC(3) Concurrent Mark Cycle
[1.700s][info][gc,marking  ] GC(3) Concurrent Scan Root Regions
[1.702s][info][gc,marking  ] GC(3) Concurrent Scan Root Regions 2.470ms
[1.703s][info][gc,marking  ] GC(3) Concurrent Mark
[1.703s][info][gc,marking  ] GC(3) Concurrent Mark From Roots
[1.704s][info][gc,task     ] GC(3) Using 3 workers of 3 for marking
[1.707s][info][gc,marking  ] GC(3) Concurrent Mark From Roots 4.132ms
[1.708s][info][gc,marking  ] GC(3) Concurrent Preclean
[1.709s][info][gc,marking  ] GC(3) Concurrent Preclean 0.445ms
[1.709s][info][gc,start    ] GC(3) Pause Remark
[1.713s][info][gc          ] GC(3) Pause Remark 14M->14M(50M) 3.579ms
[1.713s][info][gc,cpu      ] GC(3) User=0.01s Sys=0.01s Real=0.00s
[1.714s][info][gc,marking  ] GC(3) Concurrent Mark 10.936ms
[1.714s][info][gc,marking  ] GC(3) Concurrent Rebuild Remembered Sets and Scrub Regions
[1.716s][info][gc,marking  ] GC(3) Concurrent Rebuild Remembered Sets and Scrub Regions 2.042ms
[1.717s][info][gc,start    ] GC(3) Pause Cleanup
[1.717s][info][gc          ] GC(3) Pause Cleanup 15M->15M(50M) 0.422ms
[1.717s][info][gc,cpu      ] GC(3) User=0.00s Sys=0.00s Real=0.00s
[1.717s][info][gc,marking  ] GC(3) Concurrent Clear Claimed Marks
[1.718s][info][gc,marking  ] GC(3) Concurrent Clear Claimed Marks 0.429ms
[1.718s][info][gc,marking  ] GC(3) Concurrent Cleanup for Next Mark
[1.720s][info][gc,marking  ] GC(3) Concurrent Cleanup for Next Mark 1.372ms
[1.721s][info][gc          ] GC(3) Concurrent Mark Cycle 22.388ms
[2.097s][info][gc,start    ] GC(4) Pause Young (Prepare Mixed) (G1 Evacuation Pause)
[2.098s][info][gc,task     ] GC(4) Using 8 workers of 11 for evacuation
[2.103s][info][gc,phases   ] GC(4)   Pre Evacuate Collection Set: 0.3ms
[2.104s][info][gc,phases   ] GC(4)   Merge Heap Roots: 0.1ms
[2.104s][info][gc,phases   ] GC(4)   Evacuate Collection Set: 3.5ms
[2.104s][info][gc,phases   ] GC(4)   Post Evacuate Collection Set: 1.2ms
[2.104s][info][gc,phases   ] GC(4)   Other: 0.4ms
[2.105s][info][gc,heap     ] GC(4) Eden regions: 25->0(22)
[2.105s][info][gc,heap     ] GC(4) Survivor regions: 5->4(4)
[2.105s][info][gc,heap     ] GC(4) Old regions: 6->10
[2.105s][info][gc,heap     ] GC(4) Humongous regions: 4->4
[2.105s][info][gc,metaspace] GC(4) Metaspace: 27032K(27392K)->27032K(27392K) NonClass: 23791K(24000K)->23791K(24000K) Class: 3240K(3392K)->3240K(3392K)
[2.106s][info][gc          ] GC(4) Pause Young (Prepare Mixed) (G1 Evacuation Pause) 38M->17M(50M) 8.363ms
[2.106s][info][gc,cpu      ] GC(4) User=0.03s Sys=0.01s Real=0.01s
[5.031s][info][gc,heap,exit] Heap
[5.031s][info][gc,heap,exit]  garbage-first heap   total 51200K, used 38158K [0x00000000d0000000, 0x0000000100000000)
[5.032s][info][gc,heap,exit]   region size 1024K, 24 young (24576K), 4 survivors (4096K)
[5.032s][info][gc,heap,exit]  Metaspace       used 29583K, committed 29952K, reserved 1114112K
[5.032s][info][gc,heap,exit]   class space    used 3573K, committed 3776K, reserved 1048576K
