[0.082s][info][gc,init] CardTable entry size: 512
[0.084s][info][gc     ] Using G1
[0.088s][info][gc,init] Version: 21.0.8+9-LTS (release)
[0.089s][info][gc,init] CPUs: 14 total, 14 available
[0.089s][info][gc,init] Memory: 15750M
[0.089s][info][gc,init] Large Page Support: Disabled
[0.090s][info][gc,init] NUMA Support: Disabled
[0.090s][info][gc,init] Compressed Oops: Enabled (32-bit)
[0.090s][info][gc,init] Heap Region Size: 1M
[0.091s][info][gc,init] Heap Min Capacity: 8M
[0.091s][info][gc,init] Heap Initial Capacity: 248M
[0.091s][info][gc,init] Heap Max Capacity: 768M
[0.091s][info][gc,init] Pre-touch: Disabled
[0.092s][info][gc,init] Parallel Workers: 11
[0.092s][info][gc,init] Concurrent Workers: 3
[0.093s][info][gc,init] Concurrent Refinement Workers: 11
[0.093s][info][gc,init] Periodic GC: Disabled
[0.102s][info][gc,metaspace] CDS archive(s) mapped at: [0x000077b74f000000-0x000077b74fbb2000-0x000077b74fbb2000), size 12263424, SharedBaseAddress: 0x000077b74f000000, ArchiveRelocationMode: 1.
[0.102s][info][gc,metaspace] Compressed class space mapped at: 0x000077b750000000-0x000077b790000000, reserved size: 1073741824
[0.103s][info][gc,metaspace] Narrow klass base: 0x000077b74f000000, Narrow klass shift: 0, Narrow klass range: 0x100000000
[0.691s][info][gc,start    ] GC(0) Pause Young (Normal) (G1 Evacuation Pause)
[0.692s][info][gc,task     ] GC(0) Using 5 workers of 11 for evacuation
[0.696s][info][gc,phases   ] GC(0)   Pre Evacuate Collection Set: 0.2ms
[0.697s][info][gc,phases   ] GC(0)   Merge Heap Roots: 0.1ms
[0.697s][info][gc,phases   ] GC(0)   Evacuate Collection Set: 2.4ms
[0.697s][info][gc,phases   ] GC(0)   Post Evacuate Collection Set: 0.8ms
[0.697s][info][gc,phases   ] GC(0)   Other: 1.4ms
[0.698s][info][gc,heap     ] GC(0) Eden regions: 23->0(38)
[0.698s][info][gc,heap     ] GC(0) Survivor regions: 0->3(3)
[0.698s][info][gc,heap     ] GC(0) Old regions: 1->2
[0.699s][info][gc,heap     ] GC(0) Humongous regions: 5->4
[0.699s][info][gc,metaspace] GC(0) Metaspace: 7939K(8128K)->7939K(8128K) NonClass: 7053K(7168K)->7053K(7168K) Class: 886K(960K)->886K(960K)
[0.699s][info][gc          ] GC(0) Pause Young (Normal) (G1 Evacuation Pause) 28M->8M(249M) 8.884ms
[0.700s][info][gc,cpu      ] GC(0) User=0.01s Sys=0.00s Real=0.02s
[1.533s][info][gc,start    ] GC(1) Pause Young (Normal) (G1 Evacuation Pause)
[1.534s][info][gc,task     ] GC(1) Using 5 workers of 11 for evacuation
[1.543s][info][gc,phases   ] GC(1)   Pre Evacuate Collection Set: 0.2ms
[1.544s][info][gc,phases   ] GC(1)   Merge Heap Roots: 0.1ms
[1.544s][info][gc,phases   ] GC(1)   Evacuate Collection Set: 6.1ms
[1.545s][info][gc,phases   ] GC(1)   Post Evacuate Collection Set: 2.8ms
[1.545s][info][gc,phases   ] GC(1)   Other: 0.4ms
[1.546s][info][gc,heap     ] GC(1) Eden regions: 38->0(86)
[1.546s][info][gc,heap     ] GC(1) Survivor regions: 3->6(6)
[1.547s][info][gc,heap     ] GC(1) Old regions: 2->3
[1.547s][info][gc,heap     ] GC(1) Humongous regions: 4->4
[1.548s][info][gc,metaspace] GC(1) Metaspace: 19396K(19648K)->19396K(19648K) NonClass: 17111K(17216K)->17111K(17216K) Class: 2285K(2432K)->2285K(2432K)
[1.548s][info][gc          ] GC(1) Pause Young (Normal) (G1 Evacuation Pause) 46M->12M(249M) 15.098ms
[1.549s][info][gc,cpu      ] GC(1) User=0.01s Sys=0.02s Real=0.01s
[1.663s][info][gc,start    ] GC(2) Pause Young (Concurrent Start) (Metadata GC Threshold)
[1.664s][info][gc,task     ] GC(2) Using 5 workers of 11 for evacuation
[1.670s][info][gc,phases   ] GC(2)   Pre Evacuate Collection Set: 0.3ms
[1.671s][info][gc,phases   ] GC(2)   Merge Heap Roots: 0.3ms
[1.671s][info][gc,phases   ] GC(2)   Evacuate Collection Set: 4.0ms
[1.671s][info][gc,phases   ] GC(2)   Post Evacuate Collection Set: 0.8ms
[1.672s][info][gc,phases   ] GC(2)   Other: 0.5ms
[1.672s][info][gc,heap     ] GC(2) Eden regions: 6->0(140)
[1.672s][info][gc,heap     ] GC(2) Survivor regions: 6->8(12)
[1.673s][info][gc,heap     ] GC(2) Old regions: 3->3
[1.673s][info][gc,heap     ] GC(2) Humongous regions: 4->4
[1.673s][info][gc,metaspace] GC(2) Metaspace: 21176K(21504K)->21176K(21504K) NonClass: 18669K(18816K)->18669K(18816K) Class: 2507K(2688K)->2507K(2688K)
[1.674s][info][gc          ] GC(2) Pause Young (Concurrent Start) (Metadata GC Threshold) 18M->13M(249M) 10.313ms
[1.674s][info][gc,cpu      ] GC(2) User=0.02s Sys=0.00s Real=0.01s
[1.674s][info][gc          ] GC(3) Concurrent Mark Cycle
[1.676s][info][gc,marking  ] GC(3) Concurrent Scan Root Regions
[1.679s][info][gc,marking  ] GC(3) Concurrent Scan Root Regions 2.652ms
[1.680s][info][gc,marking  ] GC(3) Concurrent Mark
[1.680s][info][gc,marking  ] GC(3) Concurrent Mark From Roots
[1.680s][info][gc,task     ] GC(3) Using 3 workers of 3 for marking
[1.684s][info][gc,marking  ] GC(3) Concurrent Mark From Roots 3.921ms
[1.685s][info][gc,marking  ] GC(3) Concurrent Preclean
[1.685s][info][gc,marking  ] GC(3) Concurrent Preclean 0.452ms
[1.686s][info][gc,start    ] GC(3) Pause Remark
[1.689s][info][gc          ] GC(3) Pause Remark 14M->14M(50M) 2.991ms
[1.689s][info][gc,cpu      ] GC(3) User=0.00s Sys=0.00s Real=0.00s
[1.690s][info][gc,marking  ] GC(3) Concurrent Mark 9.988ms
[1.691s][info][gc,marking  ] GC(3) Concurrent Rebuild Remembered Sets and Scrub Regions
[1.692s][info][gc,marking  ] GC(3) Concurrent Rebuild Remembered Sets and Scrub Regions 1.383ms
[1.692s][info][gc,start    ] GC(3) Pause Cleanup
[1.693s][info][gc          ] GC(3) Pause Cleanup 15M->15M(50M) 0.584ms
[1.693s][info][gc,cpu      ] GC(3) User=0.00s Sys=0.00s Real=0.00s
[1.694s][info][gc,marking  ] GC(3) Concurrent Clear Claimed Marks
[1.694s][info][gc,marking  ] GC(3) Concurrent Clear Claimed Marks 0.364ms
[1.695s][info][gc,marking  ] GC(3) Concurrent Cleanup for Next Mark
[1.697s][info][gc,marking  ] GC(3) Concurrent Cleanup for Next Mark 1.705ms
[1.697s][info][gc          ] GC(3) Concurrent Mark Cycle 23.007ms
[2.103s][info][gc,start    ] GC(4) Pause Young (Prepare Mixed) (G1 Evacuation Pause)
[2.103s][info][gc,task     ] GC(4) Using 8 workers of 11 for evacuation
[2.110s][info][gc,phases   ] GC(4)   Pre Evacuate Collection Set: 0.2ms
[2.111s][info][gc,phases   ] GC(4)   Merge Heap Roots: 0.3ms
[2.111s][info][gc,phases   ] GC(4)   Evacuate Collection Set: 4.9ms
[2.111s][info][gc,phases   ] GC(4)   Post Evacuate Collection Set: 1.1ms
[2.112s][info][gc,phases   ] GC(4)   Other: 0.4ms
[2.112s][info][gc,heap     ] GC(4) Eden regions: 35->0(25)
[2.112s][info][gc,heap     ] GC(4) Survivor regions: 8->12(19)
[2.112s][info][gc,heap     ] GC(4) Old regions: 3->3
[2.113s][info][gc,heap     ] GC(4) Humongous regions: 4->4
[2.113s][info][gc,metaspace] GC(4) Metaspace: 27926K(28288K)->27926K(28288K) NonClass: 24589K(24768K)->24589K(24768K) Class: 3336K(3520K)->3336K(3520K)
[2.114s][info][gc          ] GC(4) Pause Young (Prepare Mixed) (G1 Evacuation Pause) 48M->18M(62M) 10.890ms
[2.114s][info][gc,cpu      ] GC(4) User=0.03s Sys=0.01s Real=0.01s
[5.028s][info][gc,heap,exit] Heap
[5.028s][info][gc,heap,exit]  garbage-first heap   total 63488K, used 35886K [0x00000000d0000000, 0x0000000100000000)
[5.029s][info][gc,heap,exit]   region size 1024K, 29 young (29696K), 12 survivors (12288K)
[5.029s][info][gc,heap,exit]  Metaspace       used 29633K, committed 30016K, reserved 1114112K
[5.030s][info][gc,heap,exit]   class space    used 3574K, committed 3776K, reserved 1048576K
