[0.122s][info][gc,init] CardTable entry size: 512
[0.123s][info][gc     ] Using G1
[0.128s][info][gc,init] Version: 21.0.8+9-LTS (release)
[0.128s][info][gc,init] CPUs: 14 total, 14 available
[0.128s][info][gc,init] Memory: 15750M
[0.129s][info][gc,init] Large Page Support: Disabled
[0.129s][info][gc,init] NUMA Support: Disabled
[0.129s][info][gc,init] Compressed Oops: Enabled (32-bit)
[0.130s][info][gc,init] Heap Region Size: 1M
[0.130s][info][gc,init] Heap Min Capacity: 8M
[0.131s][info][gc,init] Heap Initial Capacity: 248M
[0.131s][info][gc,init] Heap Max Capacity: 768M
[0.131s][info][gc,init] Pre-touch: Disabled
[0.132s][info][gc,init] Parallel Workers: 11
[0.132s][info][gc,init] Concurrent Workers: 3
[0.133s][info][gc,init] Concurrent Refinement Workers: 11
[0.133s][info][gc,init] Periodic GC: Disabled
[0.145s][info][gc,metaspace] CDS archive(s) mapped at: [0x0000702887000000-0x0000702887bb2000-0x0000702887bb2000), size 12263424, SharedBaseAddress: 0x0000702887000000, ArchiveRelocationMode: 1.
[0.145s][info][gc,metaspace] Compressed class space mapped at: 0x0000702888000000-0x00007028c8000000, reserved size: 1073741824
[0.146s][info][gc,metaspace] Narrow klass base: 0x0000702887000000, Narrow klass shift: 0, Narrow klass range: 0x100000000
[0.929s][info][gc,start    ] GC(0) Pause Young (Normal) (G1 Evacuation Pause)
[0.932s][info][gc,task     ] GC(0) Using 5 workers of 11 for evacuation
[0.938s][info][gc,phases   ] GC(0)   Pre Evacuate Collection Set: 0.4ms
[0.938s][info][gc,phases   ] GC(0)   Merge Heap Roots: 0.2ms
[0.939s][info][gc,phases   ] GC(0)   Evacuate Collection Set: 3.0ms
[0.939s][info][gc,phases   ] GC(0)   Post Evacuate Collection Set: 1.0ms
[0.940s][info][gc,phases   ] GC(0)   Other: 3.0ms
[0.940s][info][gc,heap     ] GC(0) Eden regions: 23->0(38)
[0.940s][info][gc,heap     ] GC(0) Survivor regions: 0->3(3)
[0.941s][info][gc,heap     ] GC(0) Old regions: 1->2
[0.941s][info][gc,heap     ] GC(0) Humongous regions: 5->4
[0.941s][info][gc,metaspace] GC(0) Metaspace: 7985K(8128K)->7985K(8128K) NonClass: 7096K(7168K)->7096K(7168K) Class: 888K(960K)->888K(960K)
[0.942s][info][gc          ] GC(0) Pause Young (Normal) (G1 Evacuation Pause) 28M->8M(249M) 12.340ms
[0.942s][info][gc,cpu      ] GC(0) User=0.01s Sys=0.01s Real=0.01s
[2.185s][info][gc,start    ] GC(1) Pause Young (Normal) (G1 Evacuation Pause)
[2.185s][info][gc,task     ] GC(1) Using 5 workers of 11 for evacuation
[2.194s][info][gc,phases   ] GC(1)   Pre Evacuate Collection Set: 0.2ms
[2.195s][info][gc,phases   ] GC(1)   Merge Heap Roots: 0.1ms
[2.195s][info][gc,phases   ] GC(1)   Evacuate Collection Set: 5.4ms
[2.195s][info][gc,phases   ] GC(1)   Post Evacuate Collection Set: 2.4ms
[2.196s][info][gc,phases   ] GC(1)   Other: 0.5ms
[2.196s][info][gc,heap     ] GC(1) Eden regions: 38->0(83)
[2.197s][info][gc,heap     ] GC(1) Survivor regions: 3->6(6)
[2.197s][info][gc,heap     ] GC(1) Old regions: 2->3
[2.198s][info][gc,heap     ] GC(1) Humongous regions: 4->4
[2.198s][info][gc,metaspace] GC(1) Metaspace: 19412K(19712K)->19412K(19712K) NonClass: 17128K(17280K)->17128K(17280K) Class: 2284K(2432K)->2284K(2432K)
[2.198s][info][gc          ] GC(1) Pause Young (Normal) (G1 Evacuation Pause) 46M->12M(249M) 13.502ms
[2.199s][info][gc,cpu      ] GC(1) User=0.02s Sys=0.01s Real=0.02s
[2.335s][info][gc,start    ] GC(2) Pause Young (Concurrent Start) (Metadata GC Threshold)
[2.335s][info][gc,task     ] GC(2) Using 5 workers of 11 for evacuation
[2.343s][info][gc,phases   ] GC(2)   Pre Evacuate Collection Set: 0.4ms
[2.344s][info][gc,phases   ] GC(2)   Merge Heap Roots: 0.2ms
[2.345s][info][gc,phases   ] GC(2)   Evacuate Collection Set: 4.9ms
[2.345s][info][gc,phases   ] GC(2)   Post Evacuate Collection Set: 1.5ms
[2.345s][info][gc,phases   ] GC(2)   Other: 0.6ms
[2.346s][info][gc,heap     ] GC(2) Eden regions: 6->0(140)
[2.346s][info][gc,heap     ] GC(2) Survivor regions: 6->7(12)
[2.347s][info][gc,heap     ] GC(2) Old regions: 3->3
[2.347s][info][gc,heap     ] GC(2) Humongous regions: 4->4
[2.347s][info][gc,metaspace] GC(2) Metaspace: 21206K(21504K)->21206K(21504K) NonClass: 18698K(18816K)->18698K(18816K) Class: 2508K(2688K)->2508K(2688K)
[2.348s][info][gc          ] GC(2) Pause Young (Concurrent Start) (Metadata GC Threshold) 18M->13M(249M) 13.095ms
[2.348s][info][gc          ] GC(3) Concurrent Mark Cycle
[2.348s][info][gc,cpu      ] GC(2) User=0.02s Sys=0.01s Real=0.01s
[2.348s][info][gc,marking  ] GC(3) Concurrent Scan Root Regions
[2.354s][info][gc,marking  ] GC(3) Concurrent Scan Root Regions 5.557ms
[2.354s][info][gc,marking  ] GC(3) Concurrent Mark
[2.356s][info][gc,marking  ] GC(3) Concurrent Mark From Roots
[2.357s][info][gc,task     ] GC(3) Using 3 workers of 3 for marking
[2.359s][info][gc,marking  ] GC(3) Concurrent Mark From Roots 2.867ms
[2.360s][info][gc,marking  ] GC(3) Concurrent Preclean
[2.360s][info][gc,marking  ] GC(3) Concurrent Preclean 0.415ms
[2.361s][info][gc,start    ] GC(3) Pause Remark
[2.365s][info][gc          ] GC(3) Pause Remark 14M->14M(47M) 3.797ms
[2.365s][info][gc,cpu      ] GC(3) User=0.01s Sys=0.00s Real=0.00s
[2.366s][info][gc,marking  ] GC(3) Concurrent Mark 11.654ms
[2.367s][info][gc,marking  ] GC(3) Concurrent Rebuild Remembered Sets and Scrub Regions
[2.369s][info][gc,marking  ] GC(3) Concurrent Rebuild Remembered Sets and Scrub Regions 2.013ms
[2.370s][info][gc,start    ] GC(3) Pause Cleanup
[2.370s][info][gc          ] GC(3) Pause Cleanup 15M->15M(47M) 0.548ms
[2.370s][info][gc,cpu      ] GC(3) User=0.00s Sys=0.00s Real=0.00s
[2.371s][info][gc,marking  ] GC(3) Concurrent Clear Claimed Marks
[2.371s][info][gc,marking  ] GC(3) Concurrent Clear Claimed Marks 0.309ms
[2.372s][info][gc,marking  ] GC(3) Concurrent Cleanup for Next Mark
[2.373s][info][gc,marking  ] GC(3) Concurrent Cleanup for Next Mark 1.362ms
[2.374s][info][gc          ] GC(3) Concurrent Mark Cycle 25.876ms
[2.993s][info][gc,start    ] GC(4) Pause Young (Prepare Mixed) (G1 Evacuation Pause)
[2.994s][info][gc,task     ] GC(4) Using 10 workers of 11 for evacuation
[3.010s][info][gc,phases   ] GC(4)   Pre Evacuate Collection Set: 0.5ms
[3.010s][info][gc,phases   ] GC(4)   Merge Heap Roots: 0.3ms
[3.011s][info][gc,phases   ] GC(4)   Evacuate Collection Set: 13.0ms
[3.011s][info][gc,phases   ] GC(4)   Post Evacuate Collection Set: 1.5ms
[3.011s][info][gc,phases   ] GC(4)   Other: 0.4ms
[3.011s][info][gc,heap     ] GC(4) Eden regions: 33->0(23)
[3.012s][info][gc,heap     ] GC(4) Survivor regions: 7->12(19)
[3.012s][info][gc,heap     ] GC(4) Old regions: 3->3
[3.012s][info][gc,heap     ] GC(4) Humongous regions: 4->4
[3.013s][info][gc,metaspace] GC(4) Metaspace: 28157K(28544K)->28157K(28544K) NonClass: 24772K(24960K)->24772K(24960K) Class: 3384K(3584K)->3384K(3584K)
[3.013s][info][gc          ] GC(4) Pause Young (Prepare Mixed) (G1 Evacuation Pause) 46M->18M(59M) 19.974ms
[3.013s][info][gc,cpu      ] GC(4) User=0.05s Sys=0.06s Real=0.02s
[3.384s][info][gc,start    ] GC(5) Pause Young (Mixed) (G1 Evacuation Pause)
[3.384s][info][gc,task     ] GC(5) Using 11 workers of 11 for evacuation
[3.395s][info][gc,phases   ] GC(5)   Pre Evacuate Collection Set: 0.4ms
[3.396s][info][gc,phases   ] GC(5)   Merge Heap Roots: 0.2ms
[3.398s][info][gc,phases   ] GC(5)   Evacuate Collection Set: 8.2ms
[3.405s][info][gc,phases   ] GC(5)   Post Evacuate Collection Set: 1.2ms
[3.406s][info][gc,phases   ] GC(5)   Other: 0.6ms
[3.406s][info][gc,heap     ] GC(5) Eden regions: 23->0(28)
[3.407s][info][gc,heap     ] GC(5) Survivor regions: 12->2(5)
[3.407s][info][gc,heap     ] GC(5) Old regions: 3->14
[3.407s][info][gc,heap     ] GC(5) Humongous regions: 4->4
[3.408s][info][gc,metaspace] GC(5) Metaspace: 31334K(31744K)->31334K(31744K) NonClass: 27564K(27776K)->27564K(27776K) Class: 3769K(3968K)->3769K(3968K)
[3.408s][info][gc          ] GC(5) Pause Young (Mixed) (G1 Evacuation Pause) 41M->19M(59M) 24.528ms
[3.409s][info][gc,cpu      ] GC(5) User=0.07s Sys=0.01s Real=0.03s
[5.835s][info][gc,heap,exit] Heap
[5.835s][info][gc,heap,exit]  garbage-first heap   total 60416K, used 38177K [0x00000000d0000000, 0x0000000100000000)
[5.836s][info][gc,heap,exit]   region size 1024K, 20 young (20480K), 2 survivors (2048K)
[5.836s][info][gc,heap,exit]  Metaspace       used 35704K, committed 36096K, reserved 1114112K
[5.838s][info][gc,heap,exit]   class space    used 4294K, committed 4480K, reserved 1048576K
