[0.081s][info][gc,init] CardTable entry size: 512
[0.082s][info][gc     ] Using G1
[0.087s][info][gc,init] Version: 21.0.8+9-LTS (release)
[0.088s][info][gc,init] CPUs: 14 total, 14 available
[0.088s][info][gc,init] Memory: 15750M
[0.088s][info][gc,init] Large Page Support: Disabled
[0.089s][info][gc,init] NUMA Support: Disabled
[0.089s][info][gc,init] Compressed Oops: Enabled (32-bit)
[0.089s][info][gc,init] Heap Region Size: 1M
[0.090s][info][gc,init] Heap Min Capacity: 8M
[0.090s][info][gc,init] Heap Initial Capacity: 248M
[0.090s][info][gc,init] Heap Max Capacity: 768M
[0.090s][info][gc,init] Pre-touch: Disabled
[0.091s][info][gc,init] Parallel Workers: 11
[0.091s][info][gc,init] Concurrent Workers: 3
[0.091s][info][gc,init] Concurrent Refinement Workers: 11
[0.092s][info][gc,init] Periodic GC: Disabled
[0.101s][info][gc,metaspace] CDS archive(s) mapped at: [0x000078f44f000000-0x000078f44fbb2000-0x000078f44fbb2000), size 12263424, SharedBaseAddress: 0x000078f44f000000, ArchiveRelocationMode: 1.
[0.101s][info][gc,metaspace] Compressed class space mapped at: 0x000078f450000000-0x000078f490000000, reserved size: 1073741824
[0.102s][info][gc,metaspace] Narrow klass base: 0x000078f44f000000, Narrow klass shift: 0, Narrow klass range: 0x100000000
[0.881s][info][gc,start    ] GC(0) Pause Young (Normal) (G1 Evacuation Pause)
[0.883s][info][gc,task     ] GC(0) Using 5 workers of 11 for evacuation
[0.890s][info][gc,phases   ] GC(0)   Pre Evacuate Collection Set: 0.5ms
[0.890s][info][gc,phases   ] GC(0)   Merge Heap Roots: 0.2ms
[0.891s][info][gc,phases   ] GC(0)   Evacuate Collection Set: 4.8ms
[0.891s][info][gc,phases   ] GC(0)   Post Evacuate Collection Set: 1.0ms
[0.891s][info][gc,phases   ] GC(0)   Other: 1.7ms
[0.891s][info][gc,heap     ] GC(0) Eden regions: 23->0(38)
[0.892s][info][gc,heap     ] GC(0) Survivor regions: 0->3(3)
[0.892s][info][gc,heap     ] GC(0) Old regions: 1->2
[0.893s][info][gc,heap     ] GC(0) Humongous regions: 5->4
[0.893s][info][gc,metaspace] GC(0) Metaspace: 7975K(8128K)->7975K(8128K) NonClass: 7087K(7168K)->7087K(7168K) Class: 887K(960K)->887K(960K)
[0.893s][info][gc          ] GC(0) Pause Young (Normal) (G1 Evacuation Pause) 28M->8M(249M) 12.377ms
[0.894s][info][gc,cpu      ] GC(0) User=0.01s Sys=0.03s Real=0.02s
[2.074s][info][gc,start    ] GC(1) Pause Young (Normal) (G1 Evacuation Pause)
[2.075s][info][gc,task     ] GC(1) Using 5 workers of 11 for evacuation
[2.088s][info][gc,phases   ] GC(1)   Pre Evacuate Collection Set: 0.5ms
[2.088s][info][gc,phases   ] GC(1)   Merge Heap Roots: 0.1ms
[2.089s][info][gc,phases   ] GC(1)   Evacuate Collection Set: 7.5ms
[2.090s][info][gc,phases   ] GC(1)   Post Evacuate Collection Set: 4.2ms
[2.091s][info][gc,phases   ] GC(1)   Other: 0.6ms
[2.091s][info][gc,heap     ] GC(1) Eden regions: 38->0(76)
[2.092s][info][gc,heap     ] GC(1) Survivor regions: 3->6(6)
[2.093s][info][gc,heap     ] GC(1) Old regions: 2->3
[2.093s][info][gc,heap     ] GC(1) Humongous regions: 4->4
[2.094s][info][gc,metaspace] GC(1) Metaspace: 19420K(19712K)->19420K(19712K) NonClass: 17134K(17280K)->17134K(17280K) Class: 2285K(2432K)->2285K(2432K)
[2.094s][info][gc          ] GC(1) Pause Young (Normal) (G1 Evacuation Pause) 46M->12M(249M) 20.488ms
[2.095s][info][gc,cpu      ] GC(1) User=0.02s Sys=0.03s Real=0.02s
[2.265s][info][gc,start    ] GC(2) Pause Young (Concurrent Start) (Metadata GC Threshold)
[2.267s][info][gc,task     ] GC(2) Using 5 workers of 11 for evacuation
[2.273s][info][gc,phases   ] GC(2)   Pre Evacuate Collection Set: 0.5ms
[2.274s][info][gc,phases   ] GC(2)   Merge Heap Roots: 0.2ms
[2.274s][info][gc,phases   ] GC(2)   Evacuate Collection Set: 3.9ms
[2.274s][info][gc,phases   ] GC(2)   Post Evacuate Collection Set: 1.3ms
[2.276s][info][gc,phases   ] GC(2)   Other: 0.6ms
[2.276s][info][gc,heap     ] GC(2) Eden regions: 6->0(138)
[2.277s][info][gc,heap     ] GC(2) Survivor regions: 6->5(11)
[2.277s][info][gc,heap     ] GC(2) Old regions: 3->6
[2.277s][info][gc,heap     ] GC(2) Humongous regions: 4->4
[2.279s][info][gc,metaspace] GC(2) Metaspace: 21180K(21504K)->21180K(21504K) NonClass: 18675K(18816K)->18675K(18816K) Class: 2505K(2688K)->2505K(2688K)
[2.279s][info][gc          ] GC(2) Pause Young (Concurrent Start) (Metadata GC Threshold) 18M->13M(249M) 13.806ms
[2.279s][info][gc,cpu      ] GC(2) User=0.02s Sys=0.01s Real=0.01s
[2.279s][info][gc          ] GC(3) Concurrent Mark Cycle
[2.281s][info][gc,marking  ] GC(3) Concurrent Scan Root Regions
[2.285s][info][gc,marking  ] GC(3) Concurrent Scan Root Regions 4.100ms
[2.285s][info][gc,marking  ] GC(3) Concurrent Mark
[2.286s][info][gc,marking  ] GC(3) Concurrent Mark From Roots
[2.286s][info][gc,task     ] GC(3) Using 3 workers of 3 for marking
[2.289s][info][gc,marking  ] GC(3) Concurrent Mark From Roots 2.904ms
[2.290s][info][gc,marking  ] GC(3) Concurrent Preclean
[2.290s][info][gc,marking  ] GC(3) Concurrent Preclean 0.439ms
[2.291s][info][gc,start    ] GC(3) Pause Remark
[2.295s][info][gc          ] GC(3) Pause Remark 14M->14M(50M) 3.579ms
[2.295s][info][gc,cpu      ] GC(3) User=0.01s Sys=0.00s Real=0.01s
[2.295s][info][gc,marking  ] GC(3) Concurrent Mark 10.333ms
[2.296s][info][gc,marking  ] GC(3) Concurrent Rebuild Remembered Sets and Scrub Regions
[2.298s][info][gc,marking  ] GC(3) Concurrent Rebuild Remembered Sets and Scrub Regions 2.200ms
[2.299s][info][gc,start    ] GC(3) Pause Cleanup
[2.300s][info][gc          ] GC(3) Pause Cleanup 15M->15M(50M) 0.629ms
[2.300s][info][gc,cpu      ] GC(3) User=0.00s Sys=0.00s Real=0.00s
[2.301s][info][gc,marking  ] GC(3) Concurrent Clear Claimed Marks
[2.301s][info][gc,marking  ] GC(3) Concurrent Clear Claimed Marks 0.468ms
[2.302s][info][gc,marking  ] GC(3) Concurrent Cleanup for Next Mark
[2.303s][info][gc,marking  ] GC(3) Concurrent Cleanup for Next Mark 0.971ms
[2.303s][info][gc          ] GC(3) Concurrent Mark Cycle 23.677ms
[3.085s][info][gc,start    ] GC(4) Pause Young (Prepare Mixed) (G1 Evacuation Pause)
[3.085s][info][gc,task     ] GC(4) Using 10 workers of 11 for evacuation
[3.101s][info][gc,phases   ] GC(4)   Pre Evacuate Collection Set: 0.7ms
[3.101s][info][gc,phases   ] GC(4)   Merge Heap Roots: 0.4ms
[3.102s][info][gc,phases   ] GC(4)   Evacuate Collection Set: 11.5ms
[3.103s][info][gc,phases   ] GC(4)   Post Evacuate Collection Set: 2.3ms
[3.103s][info][gc,phases   ] GC(4)   Other: 0.6ms
[3.104s][info][gc,heap     ] GC(4) Eden regions: 35->0(26)
[3.104s][info][gc,heap     ] GC(4) Survivor regions: 5->10(18)
[3.105s][info][gc,heap     ] GC(4) Old regions: 6->6
[3.105s][info][gc,heap     ] GC(4) Humongous regions: 4->4
[3.106s][info][gc,metaspace] GC(4) Metaspace: 28467K(28864K)->28467K(28864K) NonClass: 25042K(25280K)->25042K(25280K) Class: 3424K(3584K)->3424K(3584K)
[3.106s][info][gc          ] GC(4) Pause Young (Prepare Mixed) (G1 Evacuation Pause) 48M->18M(60M) 21.791ms
[3.107s][info][gc,cpu      ] GC(4) User=0.06s Sys=0.01s Real=0.02s
[3.940s][info][gc,start    ] GC(5) Pause Young (Mixed) (G1 Evacuation Pause)
[3.951s][info][gc,task     ] GC(5) Using 11 workers of 11 for evacuation
[3.981s][info][gc,phases   ] GC(5)   Pre Evacuate Collection Set: 0.8ms
[3.982s][info][gc,phases   ] GC(5)   Merge Heap Roots: 0.4ms
[3.983s][info][gc,phases   ] GC(5)   Evacuate Collection Set: 16.8ms
[3.983s][info][gc,phases   ] GC(5)   Post Evacuate Collection Set: 1.9ms
[3.983s][info][gc,phases   ] GC(5)   Other: 9.9ms
[3.984s][info][gc,heap     ] GC(5) Eden regions: 26->0(28)
[3.984s][info][gc,heap     ] GC(5) Survivor regions: 10->3(5)
[3.994s][info][gc,heap     ] GC(5) Old regions: 6->15
[4.018s][info][gc,heap     ] GC(5) Humongous regions: 4->4
[4.027s][info][gc,metaspace] GC(5) Metaspace: 33838K(34304K)->33838K(34304K) NonClass: 29760K(30016K)->29760K(30016K) Class: 4078K(4288K)->4078K(4288K)
[4.028s][info][gc          ] GC(5) Pause Young (Mixed) (G1 Evacuation Pause) 44M->20M(60M) 87.559ms
[4.028s][info][gc,cpu      ] GC(5) User=0.14s Sys=0.02s Real=0.09s
[6.190s][info][gc,heap,exit] Heap
[6.191s][info][gc,heap,exit]  garbage-first heap   total 61440K, used 30304K [0x00000000d0000000, 0x0000000100000000)
[6.191s][info][gc,heap,exit]   region size 1024K, 13 young (13312K), 3 survivors (3072K)
[6.192s][info][gc,heap,exit]  Metaspace       used 35451K, committed 35904K, reserved 1114112K
[6.193s][info][gc,heap,exit]   class space    used 4264K, committed 4480K, reserved 1048576K
