[0.071s][info][gc,init] CardTable entry size: 512
[0.073s][info][gc     ] Using G1
[0.078s][info][gc,init] Version: 21.0.8+9-LTS (release)
[0.079s][info][gc,init] CPUs: 14 total, 14 available
[0.079s][info][gc,init] Memory: 15750M
[0.080s][info][gc,init] Large Page Support: Disabled
[0.080s][info][gc,init] NUMA Support: Disabled
[0.080s][info][gc,init] Compressed Oops: Enabled (32-bit)
[0.081s][info][gc,init] Heap Region Size: 1M
[0.081s][info][gc,init] Heap Min Capacity: 8M
[0.081s][info][gc,init] Heap Initial Capacity: 248M
[0.082s][info][gc,init] Heap Max Capacity: 768M
[0.082s][info][gc,init] Pre-touch: Disabled
[0.083s][info][gc,init] Parallel Workers: 11
[0.083s][info][gc,init] Concurrent Workers: 3
[0.083s][info][gc,init] Concurrent Refinement Workers: 11
[0.084s][info][gc,init] Periodic GC: Disabled
[0.093s][info][gc,metaspace] CDS archive(s) mapped at: [0x00007f409f000000-0x00007f409fbb2000-0x00007f409fbb2000), size 12263424, SharedBaseAddress: 0x00007f409f000000, ArchiveRelocationMode: 1.
[0.093s][info][gc,metaspace] Compressed class space mapped at: 0x00007f40a0000000-0x00007f40e0000000, reserved size: 1073741824
[0.094s][info][gc,metaspace] Narrow klass base: 0x00007f409f000000, Narrow klass shift: 0, Narrow klass range: 0x100000000
[0.927s][info][gc,start    ] GC(0) Pause Young (Normal) (G1 Evacuation Pause)
[0.929s][info][gc,task     ] GC(0) Using 5 workers of 11 for evacuation
[0.935s][info][gc,phases   ] GC(0)   Pre Evacuate Collection Set: 0.3ms
[0.935s][info][gc,phases   ] GC(0)   Merge Heap Roots: 0.3ms
[0.936s][info][gc,phases   ] GC(0)   Evacuate Collection Set: 3.5ms
[0.936s][info][gc,phases   ] GC(0)   Post Evacuate Collection Set: 1.0ms
[0.936s][info][gc,phases   ] GC(0)   Other: 2.2ms
[0.937s][info][gc,heap     ] GC(0) Eden regions: 23->0(38)
[0.937s][info][gc,heap     ] GC(0) Survivor regions: 0->3(3)
[0.937s][info][gc,heap     ] GC(0) Old regions: 1->2
[0.938s][info][gc,heap     ] GC(0) Humongous regions: 5->4
[0.938s][info][gc,metaspace] GC(0) Metaspace: 7963K(8128K)->7963K(8128K) NonClass: 7075K(7168K)->7075K(7168K) Class: 888K(960K)->888K(960K)
[0.938s][info][gc          ] GC(0) Pause Young (Normal) (G1 Evacuation Pause) 28M->8M(249M) 11.693ms
[0.939s][info][gc,cpu      ] GC(0) User=0.00s Sys=0.02s Real=0.02s
[2.017s][info][gc,start    ] GC(1) Pause Young (Normal) (G1 Evacuation Pause)
[2.018s][info][gc,task     ] GC(1) Using 5 workers of 11 for evacuation
[2.033s][info][gc,phases   ] GC(1)   Pre Evacuate Collection Set: 0.4ms
[2.034s][info][gc,phases   ] GC(1)   Merge Heap Roots: 0.1ms
[2.034s][info][gc,phases   ] GC(1)   Evacuate Collection Set: 8.9ms
[2.035s][info][gc,phases   ] GC(1)   Post Evacuate Collection Set: 4.7ms
[2.035s][info][gc,phases   ] GC(1)   Other: 0.8ms
[2.036s][info][gc,heap     ] GC(1) Eden regions: 38->0(76)
[2.037s][info][gc,heap     ] GC(1) Survivor regions: 3->6(6)
[2.037s][info][gc,heap     ] GC(1) Old regions: 2->3
[2.038s][info][gc,heap     ] GC(1) Humongous regions: 4->4
[2.039s][info][gc,metaspace] GC(1) Metaspace: 19417K(19712K)->19417K(19712K) NonClass: 17132K(17280K)->17132K(17280K) Class: 2285K(2432K)->2285K(2432K)
[2.039s][info][gc          ] GC(1) Pause Young (Normal) (G1 Evacuation Pause) 46M->12M(249M) 22.094ms
[2.040s][info][gc,cpu      ] GC(1) User=0.02s Sys=0.03s Real=0.02s
[2.198s][info][gc,start    ] GC(2) Pause Young (Concurrent Start) (Metadata GC Threshold)
[2.199s][info][gc,task     ] GC(2) Using 5 workers of 11 for evacuation
[2.207s][info][gc,phases   ] GC(2)   Pre Evacuate Collection Set: 0.4ms
[2.207s][info][gc,phases   ] GC(2)   Merge Heap Roots: 0.1ms
[2.208s][info][gc,phases   ] GC(2)   Evacuate Collection Set: 5.6ms
[2.208s][info][gc,phases   ] GC(2)   Post Evacuate Collection Set: 1.2ms
[2.209s][info][gc,phases   ] GC(2)   Other: 0.7ms
[2.209s][info][gc,heap     ] GC(2) Eden regions: 6->0(140)
[2.209s][info][gc,heap     ] GC(2) Survivor regions: 6->4(11)
[2.210s][info][gc,heap     ] GC(2) Old regions: 3->6
[2.210s][info][gc,heap     ] GC(2) Humongous regions: 4->4
[2.211s][info][gc,metaspace] GC(2) Metaspace: 21204K(21504K)->21204K(21504K) NonClass: 18695K(18816K)->18695K(18816K) Class: 2508K(2688K)->2508K(2688K)
[2.211s][info][gc          ] GC(2) Pause Young (Concurrent Start) (Metadata GC Threshold) 18M->13M(249M) 13.619ms
[2.212s][info][gc,cpu      ] GC(2) User=0.02s Sys=0.01s Real=0.01s
[2.212s][info][gc          ] GC(3) Concurrent Mark Cycle
[2.213s][info][gc,marking  ] GC(3) Concurrent Scan Root Regions
[2.216s][info][gc,marking  ] GC(3) Concurrent Scan Root Regions 2.609ms
[2.216s][info][gc,marking  ] GC(3) Concurrent Mark
[2.217s][info][gc,marking  ] GC(3) Concurrent Mark From Roots
[2.218s][info][gc,task     ] GC(3) Using 3 workers of 3 for marking
[2.222s][info][gc,marking  ] GC(3) Concurrent Mark From Roots 4.748ms
[2.222s][info][gc,marking  ] GC(3) Concurrent Preclean
[2.223s][info][gc,marking  ] GC(3) Concurrent Preclean 0.588ms
[2.224s][info][gc,start    ] GC(3) Pause Remark
[2.227s][info][gc          ] GC(3) Pause Remark 14M->14M(47M) 3.676ms
[2.228s][info][gc,cpu      ] GC(3) User=0.01s Sys=0.00s Real=0.00s
[2.229s][info][gc,marking  ] GC(3) Concurrent Mark 12.744ms
[2.230s][info][gc,marking  ] GC(3) Concurrent Rebuild Remembered Sets and Scrub Regions
[2.232s][info][gc,marking  ] GC(3) Concurrent Rebuild Remembered Sets and Scrub Regions 2.178ms
[2.233s][info][gc,start    ] GC(3) Pause Cleanup
[2.233s][info][gc          ] GC(3) Pause Cleanup 14M->14M(47M) 0.659ms
[2.234s][info][gc,cpu      ] GC(3) User=0.00s Sys=0.00s Real=0.00s
[2.235s][info][gc,marking  ] GC(3) Concurrent Clear Claimed Marks
[2.235s][info][gc,marking  ] GC(3) Concurrent Clear Claimed Marks 0.527ms
[2.236s][info][gc,marking  ] GC(3) Concurrent Cleanup for Next Mark
[2.237s][info][gc,marking  ] GC(3) Concurrent Cleanup for Next Mark 1.330ms
[2.238s][info][gc          ] GC(3) Concurrent Mark Cycle 26.110ms
[2.625s][info][gc,start    ] GC(4) Pause Young (Prepare Mixed) (G1 Evacuation Pause)
[2.626s][info][gc,task     ] GC(4) Using 10 workers of 11 for evacuation
[2.642s][info][gc,phases   ] GC(4)   Pre Evacuate Collection Set: 0.4ms
[2.642s][info][gc,phases   ] GC(4)   Merge Heap Roots: 0.3ms
[2.643s][info][gc,phases   ] GC(4)   Evacuate Collection Set: 13.1ms
[2.643s][info][gc,phases   ] GC(4)   Post Evacuate Collection Set: 1.4ms
[2.643s][info][gc,phases   ] GC(4)   Other: 0.8ms
[2.643s][info][gc,heap     ] GC(4) Eden regions: 33->0(24)
[2.644s][info][gc,heap     ] GC(4) Survivor regions: 4->9(18)
[2.644s][info][gc,heap     ] GC(4) Old regions: 6->6
[2.644s][info][gc,heap     ] GC(4) Humongous regions: 4->4
[2.645s][info][gc,metaspace] GC(4) Metaspace: 27922K(28288K)->27922K(28288K) NonClass: 24565K(24768K)->24565K(24768K) Class: 3356K(3520K)->3356K(3520K)
[2.645s][info][gc          ] GC(4) Pause Young (Prepare Mixed) (G1 Evacuation Pause) 46M->18M(56M) 20.001ms
[2.645s][info][gc,cpu      ] GC(4) User=0.05s Sys=0.05s Real=0.02s
[35.539s][info][gc,start    ] GC(5) Pause Young (Mixed) (G1 Evacuation Pause)
[35.540s][info][gc,task     ] GC(5) Using 11 workers of 11 for evacuation
[35.548s][info][gc,phases   ] GC(5)   Pre Evacuate Collection Set: 0.8ms
[35.549s][info][gc,phases   ] GC(5)   Merge Heap Roots: 0.3ms
[35.549s][info][gc,phases   ] GC(5)   Evacuate Collection Set: 4.4ms
[35.550s][info][gc,phases   ] GC(5)   Post Evacuate Collection Set: 1.4ms
[35.551s][info][gc,phases   ] GC(5)   Other: 0.9ms
[35.552s][info][gc,heap     ] GC(5) Eden regions: 24->0(27)
[35.552s][info][gc,heap     ] GC(5) Survivor regions: 9->2(5)
[35.553s][info][gc,heap     ] GC(5) Old regions: 6->14
[35.553s][info][gc,heap     ] GC(5) Humongous regions: 4->4
[35.554s][info][gc,metaspace] GC(5) Metaspace: 29745K(30208K)->29745K(30208K) NonClass: 26189K(26432K)->26189K(26432K) Class: 3555K(3776K)->3555K(3776K)
[35.554s][info][gc          ] GC(5) Pause Young (Mixed) (G1 Evacuation Pause) 42M->19M(56M) 15.513ms
[35.555s][info][gc,cpu      ] GC(5) User=0.03s Sys=0.01s Real=0.01s
[39.489s][info][gc,start    ] GC(6) Pause Young (Concurrent Start) (Metadata GC Threshold)
[39.489s][info][gc,task     ] GC(6) Using 11 workers of 11 for evacuation
[39.493s][info][gc,phases   ] GC(6)   Pre Evacuate Collection Set: 0.3ms
[39.493s][info][gc,phases   ] GC(6)   Merge Heap Roots: 0.1ms
[39.494s][info][gc,phases   ] GC(6)   Evacuate Collection Set: 1.8ms
[39.494s][info][gc,phases   ] GC(6)   Post Evacuate Collection Set: 0.8ms
[39.494s][info][gc,phases   ] GC(6)   Other: 0.5ms
[39.495s][info][gc,heap     ] GC(6) Eden regions: 24->0(27)
[39.495s][info][gc,heap     ] GC(6) Survivor regions: 2->3(4)
[39.495s][info][gc,heap     ] GC(6) Old regions: 14->14
[39.496s][info][gc,heap     ] GC(6) Humongous regions: 4->4
[39.496s][info][gc,metaspace] GC(6) Metaspace: 35852K(36288K)->35852K(36288K) NonClass: 31580K(31808K)->31580K(31808K) Class: 4272K(4480K)->4272K(4480K)
[39.497s][info][gc          ] GC(6) Pause Young (Concurrent Start) (Metadata GC Threshold) 42M->20M(56M) 7.584ms
[39.497s][info][gc,cpu      ] GC(6) User=0.01s Sys=0.00s Real=0.01s
[39.497s][info][gc          ] GC(7) Concurrent Mark Cycle
[39.498s][info][gc,marking  ] GC(7) Concurrent Scan Root Regions
[39.500s][info][gc,marking  ] GC(7) Concurrent Scan Root Regions 1.991ms
[39.500s][info][gc,marking  ] GC(7) Concurrent Mark
[39.501s][info][gc,marking  ] GC(7) Concurrent Mark From Roots
[39.501s][info][gc,task     ] GC(7) Using 3 workers of 3 for marking
[39.508s][info][gc,marking  ] GC(7) Concurrent Mark From Roots 6.902ms
[39.508s][info][gc,marking  ] GC(7) Concurrent Preclean
[39.509s][info][gc,marking  ] GC(7) Concurrent Preclean 0.498ms
[39.509s][info][gc,start    ] GC(7) Pause Remark
[39.513s][info][gc          ] GC(7) Pause Remark 20M->20M(56M) 3.556ms
[39.514s][info][gc,cpu      ] GC(7) User=0.01s Sys=0.00s Real=0.00s
[39.514s][info][gc,marking  ] GC(7) Concurrent Mark 13.723ms
[39.514s][info][gc,marking  ] GC(7) Concurrent Rebuild Remembered Sets and Scrub Regions
[39.517s][info][gc,marking  ] GC(7) Concurrent Rebuild Remembered Sets and Scrub Regions 2.992ms
[39.518s][info][gc,start    ] GC(7) Pause Cleanup
[39.519s][info][gc          ] GC(7) Pause Cleanup 20M->20M(56M) 0.625ms
[39.519s][info][gc,cpu      ] GC(7) User=0.00s Sys=0.00s Real=0.00s
[39.519s][info][gc,marking  ] GC(7) Concurrent Clear Claimed Marks
[39.520s][info][gc,marking  ] GC(7) Concurrent Clear Claimed Marks 0.292ms
[39.520s][info][gc,marking  ] GC(7) Concurrent Cleanup for Next Mark
[39.521s][info][gc,marking  ] GC(7) Concurrent Cleanup for Next Mark 0.888ms
[39.521s][info][gc          ] GC(7) Concurrent Mark Cycle 23.801ms
[41.665s][info][gc,heap,exit] Heap
[41.666s][info][gc,heap,exit]  garbage-first heap   total 57344K, used 22986K [0x00000000d0000000, 0x0000000100000000)
[41.666s][info][gc,heap,exit]   region size 1024K, 6 young (6144K), 3 survivors (3072K)
[41.666s][info][gc,heap,exit]  Metaspace       used 35909K, committed 36352K, reserved 1114112K
[41.667s][info][gc,heap,exit]   class space    used 4295K, committed 4480K, reserved 1048576K
