[0.108s][info][gc,init] CardTable entry size: 512
[0.110s][info][gc     ] Using G1
[0.114s][info][gc,init] Version: 21.0.8+9-LTS (release)
[0.115s][info][gc,init] CPUs: 14 total, 14 available
[0.116s][info][gc,init] Memory: 15750M
[0.116s][info][gc,init] Large Page Support: Disabled
[0.117s][info][gc,init] NUMA Support: Disabled
[0.117s][info][gc,init] Compressed Oops: Enabled (32-bit)
[0.117s][info][gc,init] Heap Region Size: 1M
[0.118s][info][gc,init] Heap Min Capacity: 8M
[0.118s][info][gc,init] Heap Initial Capacity: 248M
[0.119s][info][gc,init] Heap Max Capacity: 768M
[0.119s][info][gc,init] Pre-touch: Disabled
[0.120s][info][gc,init] Parallel Workers: 11
[0.121s][info][gc,init] Concurrent Workers: 3
[0.121s][info][gc,init] Concurrent Refinement Workers: 11
[0.121s][info][gc,init] Periodic GC: Disabled
[0.128s][info][gc,metaspace] CDS archive(s) mapped at: [0x0000725067000000-0x0000725067bb2000-0x0000725067bb2000), size 12263424, SharedBaseAddress: 0x0000725067000000, ArchiveRelocationMode: 1.
[0.129s][info][gc,metaspace] Compressed class space mapped at: 0x0000725068000000-0x00007250a8000000, reserved size: 1073741824
[0.130s][info][gc,metaspace] Narrow klass base: 0x0000725067000000, Narrow klass shift: 0, Narrow klass range: 0x100000000
[0.910s][info][gc,start    ] GC(0) Pause Young (Normal) (G1 Evacuation Pause)
[0.912s][info][gc,task     ] GC(0) Using 5 workers of 11 for evacuation
[0.918s][info][gc,phases   ] GC(0)   Pre Evacuate Collection Set: 0.3ms
[0.918s][info][gc,phases   ] GC(0)   Merge Heap Roots: 0.2ms
[0.919s][info][gc,phases   ] GC(0)   Evacuate Collection Set: 4.2ms
[0.919s][info][gc,phases   ] GC(0)   Post Evacuate Collection Set: 1.0ms
[0.919s][info][gc,phases   ] GC(0)   Other: 2.0ms
[0.919s][info][gc,heap     ] GC(0) Eden regions: 23->0(38)
[0.920s][info][gc,heap     ] GC(0) Survivor regions: 0->3(3)
[0.920s][info][gc,heap     ] GC(0) Old regions: 1->2
[0.920s][info][gc,heap     ] GC(0) Humongous regions: 5->4
[0.921s][info][gc,metaspace] GC(0) Metaspace: 7943K(8128K)->7943K(8128K) NonClass: 7057K(7168K)->7057K(7168K) Class: 886K(960K)->886K(960K)
[0.921s][info][gc          ] GC(0) Pause Young (Normal) (G1 Evacuation Pause) 28M->8M(249M) 11.425ms
[0.921s][info][gc,cpu      ] GC(0) User=0.03s Sys=0.01s Real=0.01s
[1.940s][info][gc,start    ] GC(1) Pause Young (Normal) (G1 Evacuation Pause)
[1.940s][info][gc,task     ] GC(1) Using 5 workers of 11 for evacuation
[1.948s][info][gc,phases   ] GC(1)   Pre Evacuate Collection Set: 0.2ms
[1.949s][info][gc,phases   ] GC(1)   Merge Heap Roots: 0.1ms
[1.949s][info][gc,phases   ] GC(1)   Evacuate Collection Set: 4.8ms
[1.950s][info][gc,phases   ] GC(1)   Post Evacuate Collection Set: 2.8ms
[1.950s][info][gc,phases   ] GC(1)   Other: 0.4ms
[1.950s][info][gc,heap     ] GC(1) Eden regions: 38->0(84)
[1.950s][info][gc,heap     ] GC(1) Survivor regions: 3->6(6)
[1.951s][info][gc,heap     ] GC(1) Old regions: 2->3
[1.951s][info][gc,heap     ] GC(1) Humongous regions: 4->4
[1.951s][info][gc,metaspace] GC(1) Metaspace: 19438K(19712K)->19438K(19712K) NonClass: 17153K(17280K)->17153K(17280K) Class: 2285K(2432K)->2285K(2432K)
[1.951s][info][gc          ] GC(1) Pause Young (Normal) (G1 Evacuation Pause) 46M->12M(249M) 11.668ms
[1.952s][info][gc,cpu      ] GC(1) User=0.03s Sys=0.01s Real=0.02s
[2.071s][info][gc,start    ] GC(2) Pause Young (Concurrent Start) (Metadata GC Threshold)
[2.072s][info][gc,task     ] GC(2) Using 5 workers of 11 for evacuation
[2.076s][info][gc,phases   ] GC(2)   Pre Evacuate Collection Set: 0.3ms
[2.077s][info][gc,phases   ] GC(2)   Merge Heap Roots: 0.1ms
[2.077s][info][gc,phases   ] GC(2)   Evacuate Collection Set: 2.8ms
[2.078s][info][gc,phases   ] GC(2)   Post Evacuate Collection Set: 0.9ms
[2.078s][info][gc,phases   ] GC(2)   Other: 0.4ms
[2.078s][info][gc,heap     ] GC(2) Eden regions: 6->0(141)
[2.079s][info][gc,heap     ] GC(2) Survivor regions: 6->7(12)
[2.079s][info][gc,heap     ] GC(2) Old regions: 3->3
[2.079s][info][gc,heap     ] GC(2) Humongous regions: 4->4
[2.079s][info][gc,metaspace] GC(2) Metaspace: 21202K(21504K)->21202K(21504K) NonClass: 18697K(18816K)->18697K(18816K) Class: 2504K(2688K)->2504K(2688K)
[2.080s][info][gc          ] GC(2) Pause Young (Concurrent Start) (Metadata GC Threshold) 18M->13M(249M) 8.583ms
[2.080s][info][gc,cpu      ] GC(2) User=0.00s Sys=0.01s Real=0.00s
[2.080s][info][gc          ] GC(3) Concurrent Mark Cycle
[2.083s][info][gc,marking  ] GC(3) Concurrent Scan Root Regions
[2.085s][info][gc,marking  ] GC(3) Concurrent Scan Root Regions 2.569ms
[2.086s][info][gc,marking  ] GC(3) Concurrent Mark
[2.086s][info][gc,marking  ] GC(3) Concurrent Mark From Roots
[2.087s][info][gc,task     ] GC(3) Using 3 workers of 3 for marking
[2.089s][info][gc,marking  ] GC(3) Concurrent Mark From Roots 2.779ms
[2.090s][info][gc,marking  ] GC(3) Concurrent Preclean
[2.090s][info][gc,marking  ] GC(3) Concurrent Preclean 0.365ms
[2.091s][info][gc,start    ] GC(3) Pause Remark
[2.094s][info][gc          ] GC(3) Pause Remark 15M->15M(47M) 2.788ms
[2.094s][info][gc,cpu      ] GC(3) User=0.00s Sys=0.00s Real=0.01s
[2.095s][info][gc,marking  ] GC(3) Concurrent Mark 8.737ms
[2.095s][info][gc,marking  ] GC(3) Concurrent Rebuild Remembered Sets and Scrub Regions
[2.096s][info][gc,marking  ] GC(3) Concurrent Rebuild Remembered Sets and Scrub Regions 1.135ms
[2.097s][info][gc,start    ] GC(3) Pause Cleanup
[2.097s][info][gc          ] GC(3) Pause Cleanup 15M->15M(47M) 0.483ms
[2.098s][info][gc,cpu      ] GC(3) User=0.00s Sys=0.00s Real=0.00s
[2.098s][info][gc,marking  ] GC(3) Concurrent Clear Claimed Marks
[2.098s][info][gc,marking  ] GC(3) Concurrent Clear Claimed Marks 0.288ms
[2.099s][info][gc,marking  ] GC(3) Concurrent Cleanup for Next Mark
[2.100s][info][gc,marking  ] GC(3) Concurrent Cleanup for Next Mark 1.364ms
[2.100s][info][gc          ] GC(3) Concurrent Mark Cycle 20.105ms
[2.621s][info][gc,start    ] GC(4) Pause Young (Prepare Mixed) (G1 Evacuation Pause)
[2.622s][info][gc,task     ] GC(4) Using 8 workers of 11 for evacuation
[2.632s][info][gc,phases   ] GC(4)   Pre Evacuate Collection Set: 0.4ms
[2.635s][info][gc,phases   ] GC(4)   Merge Heap Roots: 0.1ms
[2.639s][info][gc,phases   ] GC(4)   Evacuate Collection Set: 7.3ms
[2.640s][info][gc,phases   ] GC(4)   Post Evacuate Collection Set: 2.1ms
[2.640s][info][gc,phases   ] GC(4)   Other: 0.5ms
[2.641s][info][gc,heap     ] GC(4) Eden regions: 33->0(23)
[2.641s][info][gc,heap     ] GC(4) Survivor regions: 7->12(19)
[2.641s][info][gc,heap     ] GC(4) Old regions: 3->3
[2.641s][info][gc,heap     ] GC(4) Humongous regions: 4->4
[2.642s][info][gc,metaspace] GC(4) Metaspace: 27568K(28032K)->27568K(28032K) NonClass: 24285K(24512K)->24285K(24512K) Class: 3282K(3520K)->3282K(3520K)
[2.642s][info][gc          ] GC(4) Pause Young (Prepare Mixed) (G1 Evacuation Pause) 46M->17M(59M) 20.805ms
[2.642s][info][gc,cpu      ] GC(4) User=0.03s Sys=0.02s Real=0.02s
[3.181s][info][gc,start    ] GC(5) Pause Young (Mixed) (G1 Evacuation Pause)
[3.181s][info][gc,task     ] GC(5) Using 11 workers of 11 for evacuation
[3.193s][info][gc,phases   ] GC(5)   Pre Evacuate Collection Set: 0.6ms
[3.194s][info][gc,phases   ] GC(5)   Merge Heap Roots: 0.3ms
[3.194s][info][gc,phases   ] GC(5)   Evacuate Collection Set: 6.5ms
[3.195s][info][gc,phases   ] GC(5)   Post Evacuate Collection Set: 2.7ms
[3.195s][info][gc,phases   ] GC(5)   Other: 2.1ms
[3.196s][info][gc,heap     ] GC(5) Eden regions: 23->0(28)
[3.196s][info][gc,heap     ] GC(5) Survivor regions: 12->3(5)
[3.197s][info][gc,heap     ] GC(5) Old regions: 3->13
[3.197s][info][gc,heap     ] GC(5) Humongous regions: 4->4
[3.198s][info][gc,metaspace] GC(5) Metaspace: 31453K(31872K)->31453K(31872K) NonClass: 27669K(27904K)->27669K(27904K) Class: 3784K(3968K)->3784K(3968K)
[3.198s][info][gc          ] GC(5) Pause Young (Mixed) (G1 Evacuation Pause) 40M->19M(59M) 17.692ms
[3.199s][info][gc,cpu      ] GC(5) User=0.07s Sys=0.01s Real=0.02s
[5.658s][info][gc,heap,exit] Heap
[5.659s][info][gc,heap,exit]  garbage-first heap   total 60416K, used 37213K [0x00000000d0000000, 0x0000000100000000)
[5.659s][info][gc,heap,exit]   region size 1024K, 20 young (20480K), 3 survivors (3072K)
[5.660s][info][gc,heap,exit]  Metaspace       used 35719K, committed 36160K, reserved 1114112K
[5.660s][info][gc,heap,exit]   class space    used 4294K, committed 4480K, reserved 1048576K
