[0.223s][info][gc,init] CardTable entry size: 512
[0.244s][info][gc     ] Using G1
[0.252s][info][gc,init] Version: 21.0.8+9-LTS (release)
[0.253s][info][gc,init] CPUs: 14 total, 14 available
[0.256s][info][gc,init] Memory: 15750M
[0.260s][info][gc,init] Large Page Support: Disabled
[0.262s][info][gc,init] NUMA Support: Disabled
[0.262s][info][gc,init] Compressed Oops: Enabled (32-bit)
[0.263s][info][gc,init] Heap Region Size: 1M
[0.267s][info][gc,init] Heap Min Capacity: 8M
[0.267s][info][gc,init] Heap Initial Capacity: 248M
[0.268s][info][gc,init] Heap Max Capacity: 768M
[0.269s][info][gc,init] Pre-touch: Disabled
[0.272s][info][gc,init] Parallel Workers: 11
[0.272s][info][gc,init] Concurrent Workers: 3
[0.273s][info][gc,init] Concurrent Refinement Workers: 11
[0.274s][info][gc,init] Periodic GC: Disabled
[0.294s][info][gc,metaspace] CDS archive(s) mapped at: [0x000073f9b3000000-0x000073f9b3bb2000-0x000073f9b3bb2000), size 12263424, SharedBaseAddress: 0x000073f9b3000000, ArchiveRelocationMode: 1.
[0.297s][info][gc,metaspace] Compressed class space mapped at: 0x000073f9b4000000-0x000073f9f4000000, reserved size: 1073741824
[0.298s][info][gc,metaspace] Narrow klass base: 0x000073f9b3000000, Narrow klass shift: 0, Narrow klass range: 0x100000000
[1.331s][info][gc,start    ] GC(0) Pause Young (Normal) (G1 Evacuation Pause)
[1.334s][info][gc,task     ] GC(0) Using 5 workers of 11 for evacuation
[1.339s][info][gc,phases   ] GC(0)   Pre Evacuate Collection Set: 0.5ms
[1.340s][info][gc,phases   ] GC(0)   Merge Heap Roots: 0.1ms
[1.340s][info][gc,phases   ] GC(0)   Evacuate Collection Set: 3.6ms
[1.341s][info][gc,phases   ] GC(0)   Post Evacuate Collection Set: 0.8ms
[1.341s][info][gc,phases   ] GC(0)   Other: 2.5ms
[1.341s][info][gc,heap     ] GC(0) Eden regions: 23->0(38)
[1.342s][info][gc,heap     ] GC(0) Survivor regions: 0->3(3)
[1.342s][info][gc,heap     ] GC(0) Old regions: 1->2
[1.342s][info][gc,heap     ] GC(0) Humongous regions: 5->4
[1.342s][info][gc,metaspace] GC(0) Metaspace: 7922K(8128K)->7922K(8128K) NonClass: 7038K(7168K)->7038K(7168K) Class: 884K(960K)->884K(960K)
[1.343s][info][gc          ] GC(0) Pause Young (Normal) (G1 Evacuation Pause) 28M->8M(249M) 11.469ms
[1.343s][info][gc,cpu      ] GC(0) User=0.03s Sys=0.01s Real=0.01s
[2.438s][info][gc,start    ] GC(1) Pause Young (Normal) (G1 Evacuation Pause)
[2.439s][info][gc,task     ] GC(1) Using 5 workers of 11 for evacuation
[2.450s][info][gc,phases   ] GC(1)   Pre Evacuate Collection Set: 0.3ms
[2.450s][info][gc,phases   ] GC(1)   Merge Heap Roots: 0.1ms
[2.451s][info][gc,phases   ] GC(1)   Evacuate Collection Set: 6.7ms
[2.451s][info][gc,phases   ] GC(1)   Post Evacuate Collection Set: 3.3ms
[2.452s][info][gc,phases   ] GC(1)   Other: 0.6ms
[2.452s][info][gc,heap     ] GC(1) Eden regions: 38->0(90)
[2.453s][info][gc,heap     ] GC(1) Survivor regions: 3->6(6)
[2.453s][info][gc,heap     ] GC(1) Old regions: 2->3
[2.454s][info][gc,heap     ] GC(1) Humongous regions: 4->4
[2.454s][info][gc,metaspace] GC(1) Metaspace: 19384K(19648K)->19384K(19648K) NonClass: 17098K(17216K)->17098K(17216K) Class: 2285K(2432K)->2285K(2432K)
[2.455s][info][gc          ] GC(1) Pause Young (Normal) (G1 Evacuation Pause) 46M->12M(249M) 16.759ms
[2.456s][info][gc,cpu      ] GC(1) User=0.03s Sys=0.01s Real=0.02s
[2.607s][info][gc,start    ] GC(2) Pause Young (Concurrent Start) (Metadata GC Threshold)
[2.608s][info][gc,task     ] GC(2) Using 5 workers of 11 for evacuation
[2.614s][info][gc,phases   ] GC(2)   Pre Evacuate Collection Set: 0.3ms
[2.615s][info][gc,phases   ] GC(2)   Merge Heap Roots: 0.1ms
[2.615s][info][gc,phases   ] GC(2)   Evacuate Collection Set: 3.3ms
[2.616s][info][gc,phases   ] GC(2)   Post Evacuate Collection Set: 1.3ms
[2.617s][info][gc,phases   ] GC(2)   Other: 1.1ms
[2.617s][info][gc,heap     ] GC(2) Eden regions: 6->0(141)
[2.617s][info][gc,heap     ] GC(2) Survivor regions: 6->7(12)
[2.618s][info][gc,heap     ] GC(2) Old regions: 3->3
[2.618s][info][gc,heap     ] GC(2) Humongous regions: 4->4
[2.619s][info][gc,metaspace] GC(2) Metaspace: 21157K(21504K)->21157K(21504K) NonClass: 18651K(18816K)->18651K(18816K) Class: 2506K(2688K)->2506K(2688K)
[2.619s][info][gc          ] GC(2) Pause Young (Concurrent Start) (Metadata GC Threshold) 18M->13M(249M) 12.586ms
[2.620s][info][gc,cpu      ] GC(2) User=0.02s Sys=0.00s Real=0.01s
[2.621s][info][gc          ] GC(3) Concurrent Mark Cycle
[2.622s][info][gc,marking  ] GC(3) Concurrent Scan Root Regions
[2.626s][info][gc,marking  ] GC(3) Concurrent Scan Root Regions 3.870ms
[2.626s][info][gc,marking  ] GC(3) Concurrent Mark
[2.627s][info][gc,marking  ] GC(3) Concurrent Mark From Roots
[2.627s][info][gc,task     ] GC(3) Using 3 workers of 3 for marking
[2.630s][info][gc,marking  ] GC(3) Concurrent Mark From Roots 3.472ms
[2.631s][info][gc,marking  ] GC(3) Concurrent Preclean
[2.631s][info][gc,marking  ] GC(3) Concurrent Preclean 0.585ms
[2.632s][info][gc,start    ] GC(3) Pause Remark
[2.635s][info][gc          ] GC(3) Pause Remark 14M->14M(47M) 3.143ms
[2.636s][info][gc,cpu      ] GC(3) User=0.01s Sys=0.01s Real=0.00s
[2.636s][info][gc,marking  ] GC(3) Concurrent Mark 9.935ms
[2.636s][info][gc,marking  ] GC(3) Concurrent Rebuild Remembered Sets and Scrub Regions
[2.638s][info][gc,marking  ] GC(3) Concurrent Rebuild Remembered Sets and Scrub Regions 1.342ms
[2.638s][info][gc,start    ] GC(3) Pause Cleanup
[2.639s][info][gc          ] GC(3) Pause Cleanup 15M->15M(47M) 0.629ms
[2.639s][info][gc,cpu      ] GC(3) User=0.00s Sys=0.00s Real=0.00s
[2.640s][info][gc,marking  ] GC(3) Concurrent Clear Claimed Marks
[2.640s][info][gc,marking  ] GC(3) Concurrent Clear Claimed Marks 0.455ms
[2.640s][info][gc,marking  ] GC(3) Concurrent Cleanup for Next Mark
[2.641s][info][gc,marking  ] GC(3) Concurrent Cleanup for Next Mark 1.092ms
[2.642s][info][gc          ] GC(3) Concurrent Mark Cycle 21.414ms
[3.081s][info][gc,start    ] GC(4) Pause Young (Prepare Mixed) (G1 Evacuation Pause)
[3.082s][info][gc,task     ] GC(4) Using 10 workers of 11 for evacuation
[3.097s][info][gc,phases   ] GC(4)   Pre Evacuate Collection Set: 0.5ms
[3.098s][info][gc,phases   ] GC(4)   Merge Heap Roots: 0.3ms
[3.101s][info][gc,phases   ] GC(4)   Evacuate Collection Set: 11.9ms
[3.103s][info][gc,phases   ] GC(4)   Post Evacuate Collection Set: 2.1ms
[3.110s][info][gc,phases   ] GC(4)   Other: 0.5ms
[3.111s][info][gc,heap     ] GC(4) Eden regions: 33->0(23)
[3.111s][info][gc,heap     ] GC(4) Survivor regions: 7->13(19)
[3.112s][info][gc,heap     ] GC(4) Old regions: 3->3
[3.112s][info][gc,heap     ] GC(4) Humongous regions: 4->4
[3.112s][info][gc,metaspace] GC(4) Metaspace: 28160K(28480K)->28160K(28480K) NonClass: 24773K(24960K)->24773K(24960K) Class: 3387K(3520K)->3387K(3520K)
[3.113s][info][gc          ] GC(4) Pause Young (Prepare Mixed) (G1 Evacuation Pause) 46M->18M(60M) 31.598ms
[3.113s][info][gc,cpu      ] GC(4) User=0.07s Sys=0.04s Real=0.04s
[38.709s][info][gc,start    ] GC(5) Pause Young (Mixed) (G1 Evacuation Pause)
[38.710s][info][gc,task     ] GC(5) Using 11 workers of 11 for evacuation
[38.718s][info][gc,phases   ] GC(5)   Pre Evacuate Collection Set: 0.5ms
[38.719s][info][gc,phases   ] GC(5)   Merge Heap Roots: 0.3ms
[38.719s][info][gc,phases   ] GC(5)   Evacuate Collection Set: 4.3ms
[38.720s][info][gc,phases   ] GC(5)   Post Evacuate Collection Set: 2.3ms
[38.720s][info][gc,phases   ] GC(5)   Other: 0.6ms
[38.720s][info][gc,heap     ] GC(5) Eden regions: 23->0(29)
[38.721s][info][gc,heap     ] GC(5) Survivor regions: 13->2(5)
[38.723s][info][gc,heap     ] GC(5) Old regions: 3->14
[38.723s][info][gc,heap     ] GC(5) Humongous regions: 4->4
[38.724s][info][gc,metaspace] GC(5) Metaspace: 29730K(30144K)->29730K(30144K) NonClass: 26174K(26368K)->26174K(26368K) Class: 3555K(3776K)->3555K(3776K)
[38.725s][info][gc          ] GC(5) Pause Young (Mixed) (G1 Evacuation Pause) 41M->19M(60M) 15.145ms
[38.725s][info][gc,cpu      ] GC(5) User=0.03s Sys=0.01s Real=0.02s
[95.042s][info][gc,heap,exit] Heap
[95.042s][info][gc,heap,exit]  garbage-first heap   total 61440K, used 37561K [0x00000000d0000000, 0x0000000100000000)
[95.043s][info][gc,heap,exit]   region size 1024K, 20 young (20480K), 2 survivors (2048K)
[95.043s][info][gc,heap,exit]  Metaspace       used 30206K, committed 30592K, reserved 1114112K
[95.045s][info][gc,heap,exit]   class space    used 3599K, committed 3776K, reserved 1048576K
