[0.114s][info][gc,init] CardTable entry size: 512
[0.115s][info][gc     ] Using G1
[0.120s][info][gc,init] Version: 21.0.8+9-LTS (release)
[0.121s][info][gc,init] CPUs: 14 total, 14 available
[0.121s][info][gc,init] Memory: 15750M
[0.122s][info][gc,init] Large Page Support: Disabled
[0.123s][info][gc,init] NUMA Support: Disabled
[0.124s][info][gc,init] Compressed Oops: Enabled (32-bit)
[0.125s][info][gc,init] Heap Region Size: 1M
[0.125s][info][gc,init] Heap Min Capacity: 8M
[0.126s][info][gc,init] Heap Initial Capacity: 248M
[0.127s][info][gc,init] Heap Max Capacity: 768M
[0.127s][info][gc,init] Pre-touch: Disabled
[0.128s][info][gc,init] Parallel Workers: 11
[0.129s][info][gc,init] Concurrent Workers: 3
[0.129s][info][gc,init] Concurrent Refinement Workers: 11
[0.130s][info][gc,init] Periodic GC: Disabled
[0.139s][info][gc,metaspace] CDS archive(s) mapped at: [0x0000764d63000000-0x0000764d63bb2000-0x0000764d63bb2000), size 12263424, SharedBaseAddress: 0x0000764d63000000, ArchiveRelocationMode: 1.
[0.140s][info][gc,metaspace] Compressed class space mapped at: 0x0000764d64000000-0x0000764da4000000, reserved size: 1073741824
[0.141s][info][gc,metaspace] Narrow klass base: 0x0000764d63000000, Narrow klass shift: 0, Narrow klass range: 0x100000000
[0.893s][info][gc,start    ] GC(0) Pause Young (Normal) (G1 Evacuation Pause)
[0.895s][info][gc,task     ] GC(0) Using 5 workers of 11 for evacuation
[0.901s][info][gc,phases   ] GC(0)   Pre Evacuate Collection Set: 0.3ms
[0.902s][info][gc,phases   ] GC(0)   Merge Heap Roots: 0.2ms
[0.902s][info][gc,phases   ] GC(0)   Evacuate Collection Set: 3.6ms
[0.903s][info][gc,phases   ] GC(0)   Post Evacuate Collection Set: 0.8ms
[0.903s][info][gc,phases   ] GC(0)   Other: 2.0ms
[0.903s][info][gc,heap     ] GC(0) Eden regions: 23->0(38)
[0.903s][info][gc,heap     ] GC(0) Survivor regions: 0->3(3)
[0.904s][info][gc,heap     ] GC(0) Old regions: 1->2
[0.904s][info][gc,heap     ] GC(0) Humongous regions: 5->4
[0.904s][info][gc,metaspace] GC(0) Metaspace: 7974K(8128K)->7974K(8128K) NonClass: 7086K(7168K)->7086K(7168K) Class: 887K(960K)->887K(960K)
[0.905s][info][gc          ] GC(0) Pause Young (Normal) (G1 Evacuation Pause) 28M->8M(249M) 11.603ms
[0.905s][info][gc,cpu      ] GC(0) User=0.02s Sys=0.00s Real=0.01s
[1.916s][info][gc,start    ] GC(1) Pause Young (Normal) (G1 Evacuation Pause)
[1.920s][info][gc,task     ] GC(1) Using 5 workers of 11 for evacuation
[1.940s][info][gc,phases   ] GC(1)   Pre Evacuate Collection Set: 0.2ms
[1.941s][info][gc,phases   ] GC(1)   Merge Heap Roots: 0.3ms
[1.941s][info][gc,phases   ] GC(1)   Evacuate Collection Set: 12.4ms
[1.942s][info][gc,phases   ] GC(1)   Post Evacuate Collection Set: 4.5ms
[1.943s][info][gc,phases   ] GC(1)   Other: 2.3ms
[1.945s][info][gc,heap     ] GC(1) Eden regions: 38->0(94)
[1.945s][info][gc,heap     ] GC(1) Survivor regions: 3->6(6)
[1.946s][info][gc,heap     ] GC(1) Old regions: 2->3
[1.946s][info][gc,heap     ] GC(1) Humongous regions: 4->4
[1.947s][info][gc,metaspace] GC(1) Metaspace: 19429K(19712K)->19429K(19712K) NonClass: 17143K(17280K)->17143K(17280K) Class: 2285K(2432K)->2285K(2432K)
[1.947s][info][gc          ] GC(1) Pause Young (Normal) (G1 Evacuation Pause) 46M->12M(249M) 31.236ms
[1.948s][info][gc,cpu      ] GC(1) User=0.02s Sys=0.03s Real=0.03s
[2.088s][info][gc,start    ] GC(2) Pause Young (Concurrent Start) (Metadata GC Threshold)
[2.089s][info][gc,task     ] GC(2) Using 5 workers of 11 for evacuation
[2.095s][info][gc,phases   ] GC(2)   Pre Evacuate Collection Set: 0.2ms
[2.095s][info][gc,phases   ] GC(2)   Merge Heap Roots: 0.4ms
[2.095s][info][gc,phases   ] GC(2)   Evacuate Collection Set: 3.4ms
[2.096s][info][gc,phases   ] GC(2)   Post Evacuate Collection Set: 1.2ms
[2.096s][info][gc,phases   ] GC(2)   Other: 0.7ms
[2.096s][info][gc,heap     ] GC(2) Eden regions: 6->0(141)
[2.097s][info][gc,heap     ] GC(2) Survivor regions: 6->7(13)
[2.097s][info][gc,heap     ] GC(2) Old regions: 3->3
[2.098s][info][gc,heap     ] GC(2) Humongous regions: 4->4
[2.098s][info][gc,metaspace] GC(2) Metaspace: 21211K(21504K)->21211K(21504K) NonClass: 18702K(18816K)->18702K(18816K) Class: 2509K(2688K)->2509K(2688K)
[2.099s][info][gc          ] GC(2) Pause Young (Concurrent Start) (Metadata GC Threshold) 18M->13M(249M) 10.809ms
[2.099s][info][gc,cpu      ] GC(2) User=0.01s Sys=0.02s Real=0.01s
[2.100s][info][gc          ] GC(3) Concurrent Mark Cycle
[2.102s][info][gc,marking  ] GC(3) Concurrent Scan Root Regions
[2.104s][info][gc,marking  ] GC(3) Concurrent Scan Root Regions 2.720ms
[2.105s][info][gc,marking  ] GC(3) Concurrent Mark
[2.105s][info][gc,marking  ] GC(3) Concurrent Mark From Roots
[2.106s][info][gc,task     ] GC(3) Using 3 workers of 3 for marking
[2.109s][info][gc,marking  ] GC(3) Concurrent Mark From Roots 3.721ms
[2.112s][info][gc,marking  ] GC(3) Concurrent Preclean
[2.112s][info][gc,marking  ] GC(3) Concurrent Preclean 0.490ms
[2.113s][info][gc,start    ] GC(3) Pause Remark
[2.117s][info][gc          ] GC(3) Pause Remark 14M->14M(47M) 3.914ms
[2.117s][info][gc,cpu      ] GC(3) User=0.01s Sys=0.00s Real=0.01s
[2.118s][info][gc,marking  ] GC(3) Concurrent Mark 13.212ms
[2.119s][info][gc,marking  ] GC(3) Concurrent Rebuild Remembered Sets and Scrub Regions
[2.120s][info][gc,marking  ] GC(3) Concurrent Rebuild Remembered Sets and Scrub Regions 1.692ms
[2.121s][info][gc,start    ] GC(3) Pause Cleanup
[2.122s][info][gc          ] GC(3) Pause Cleanup 14M->14M(47M) 0.752ms
[2.122s][info][gc,cpu      ] GC(3) User=0.00s Sys=0.00s Real=0.00s
[2.123s][info][gc,marking  ] GC(3) Concurrent Clear Claimed Marks
[2.124s][info][gc,marking  ] GC(3) Concurrent Clear Claimed Marks 0.567ms
[2.124s][info][gc,marking  ] GC(3) Concurrent Cleanup for Next Mark
[2.126s][info][gc,marking  ] GC(3) Concurrent Cleanup for Next Mark 1.522ms
[2.127s][info][gc          ] GC(3) Concurrent Mark Cycle 27.201ms
[2.805s][info][gc,start    ] GC(4) Pause Young (Prepare Mixed) (G1 Evacuation Pause)
[2.810s][info][gc,task     ] GC(4) Using 10 workers of 11 for evacuation
[2.833s][info][gc,phases   ] GC(4)   Pre Evacuate Collection Set: 0.4ms
[2.833s][info][gc,phases   ] GC(4)   Merge Heap Roots: 0.2ms
[2.834s][info][gc,phases   ] GC(4)   Evacuate Collection Set: 17.9ms
[2.834s][info][gc,phases   ] GC(4)   Post Evacuate Collection Set: 3.0ms
[2.834s][info][gc,phases   ] GC(4)   Other: 1.2ms
[2.835s][info][gc,heap     ] GC(4) Eden regions: 33->0(23)
[2.835s][info][gc,heap     ] GC(4) Survivor regions: 7->13(19)
[2.835s][info][gc,heap     ] GC(4) Old regions: 3->3
[2.836s][info][gc,heap     ] GC(4) Humongous regions: 4->4
[2.836s][info][gc,metaspace] GC(4) Metaspace: 28020K(28352K)->28020K(28352K) NonClass: 24648K(24832K)->24648K(24832K) Class: 3371K(3520K)->3371K(3520K)
[2.836s][info][gc          ] GC(4) Pause Young (Prepare Mixed) (G1 Evacuation Pause) 46M->19M(60M) 31.048ms
[2.836s][info][gc,cpu      ] GC(4) User=0.06s Sys=0.06s Real=0.04s
[3.544s][info][gc,start    ] GC(5) Pause Young (Mixed) (G1 Evacuation Pause)
[3.549s][info][gc,task     ] GC(5) Using 11 workers of 11 for evacuation
[3.571s][info][gc,phases   ] GC(5)   Pre Evacuate Collection Set: 0.8ms
[3.572s][info][gc,phases   ] GC(5)   Merge Heap Roots: 0.4ms
[3.573s][info][gc,phases   ] GC(5)   Evacuate Collection Set: 16.0ms
[3.574s][info][gc,phases   ] GC(5)   Post Evacuate Collection Set: 4.2ms
[3.575s][info][gc,phases   ] GC(5)   Other: 1.1ms
[3.575s][info][gc,heap     ] GC(5) Eden regions: 23->0(28)
[3.575s][info][gc,heap     ] GC(5) Survivor regions: 13->2(5)
[3.576s][info][gc,heap     ] GC(5) Old regions: 3->15
[3.576s][info][gc,heap     ] GC(5) Humongous regions: 4->4
[3.580s][info][gc,metaspace] GC(5) Metaspace: 31813K(32256K)->31813K(32256K) NonClass: 27978K(28224K)->27978K(28224K) Class: 3834K(4032K)->3834K(4032K)
[3.582s][info][gc          ] GC(5) Pause Young (Mixed) (G1 Evacuation Pause) 42M->19M(60M) 38.006ms
[3.582s][info][gc,cpu      ] GC(5) User=0.07s Sys=0.08s Real=0.04s
[5.889s][info][gc,heap,exit] Heap
[5.890s][info][gc,heap,exit]  garbage-first heap   total 61440K, used 35750K [0x00000000d0000000, 0x0000000100000000)
[5.890s][info][gc,heap,exit]   region size 1024K, 18 young (18432K), 2 survivors (2048K)
[5.891s][info][gc,heap,exit]  Metaspace       used 35463K, committed 35904K, reserved 1114112K
[5.891s][info][gc,heap,exit]   class space    used 4265K, committed 4480K, reserved 1048576K
