[0.156s][info][gc,init] CardTable entry size: 512
[0.158s][info][gc     ] Using G1
[0.163s][info][gc,init] Version: 21.0.8+9-LTS (release)
[0.164s][info][gc,init] CPUs: 14 total, 14 available
[0.164s][info][gc,init] Memory: 15750M
[0.165s][info][gc,init] Large Page Support: Disabled
[0.166s][info][gc,init] NUMA Support: Disabled
[0.166s][info][gc,init] Compressed Oops: Enabled (32-bit)
[0.167s][info][gc,init] Heap Region Size: 1M
[0.167s][info][gc,init] Heap Min Capacity: 8M
[0.168s][info][gc,init] Heap Initial Capacity: 248M
[0.168s][info][gc,init] Heap Max Capacity: 768M
[0.169s][info][gc,init] Pre-touch: Disabled
[0.170s][info][gc,init] Parallel Workers: 11
[0.171s][info][gc,init] Concurrent Workers: 3
[0.171s][info][gc,init] Concurrent Refinement Workers: 11
[0.172s][info][gc,init] Periodic GC: Disabled
[0.179s][info][gc,metaspace] CDS archive(s) mapped at: [0x000074e6d3000000-0x000074e6d3bb2000-0x000074e6d3bb2000), size 12263424, SharedBaseAddress: 0x000074e6d3000000, ArchiveRelocationMode: 1.
[0.180s][info][gc,metaspace] Compressed class space mapped at: 0x000074e6d4000000-0x000074e714000000, reserved size: 1073741824
[0.180s][info][gc,metaspace] Narrow klass base: 0x000074e6d3000000, Narrow klass shift: 0, Narrow klass range: 0x100000000
[0.735s][info][gc,start    ] GC(0) Pause Young (Normal) (G1 Evacuation Pause)
[0.737s][info][gc,task     ] GC(0) Using 5 workers of 11 for evacuation
[0.740s][info][gc,phases   ] GC(0)   Pre Evacuate Collection Set: 0.2ms
[0.740s][info][gc,phases   ] GC(0)   Merge Heap Roots: 0.2ms
[0.741s][info][gc,phases   ] GC(0)   Evacuate Collection Set: 1.8ms
[0.741s][info][gc,phases   ] GC(0)   Post Evacuate Collection Set: 0.5ms
[0.741s][info][gc,phases   ] GC(0)   Other: 1.4ms
[0.741s][info][gc,heap     ] GC(0) Eden regions: 23->0(38)
[0.741s][info][gc,heap     ] GC(0) Survivor regions: 0->3(3)
[0.741s][info][gc,heap     ] GC(0) Old regions: 1->2
[0.742s][info][gc,heap     ] GC(0) Humongous regions: 5->4
[0.742s][info][gc,metaspace] GC(0) Metaspace: 7959K(8128K)->7959K(8128K) NonClass: 7072K(7168K)->7072K(7168K) Class: 887K(960K)->887K(960K)
[0.742s][info][gc          ] GC(0) Pause Young (Normal) (G1 Evacuation Pause) 28M->8M(249M) 6.812ms
[0.742s][info][gc,cpu      ] GC(0) User=0.01s Sys=0.00s Real=0.01s
[1.696s][info][gc,start    ] GC(1) Pause Young (Normal) (G1 Evacuation Pause)
[1.696s][info][gc,task     ] GC(1) Using 5 workers of 11 for evacuation
[1.704s][info][gc,phases   ] GC(1)   Pre Evacuate Collection Set: 0.2ms
[1.705s][info][gc,phases   ] GC(1)   Merge Heap Roots: 0.2ms
[1.705s][info][gc,phases   ] GC(1)   Evacuate Collection Set: 4.9ms
[1.705s][info][gc,phases   ] GC(1)   Post Evacuate Collection Set: 2.3ms
[1.705s][info][gc,phases   ] GC(1)   Other: 0.4ms
[1.706s][info][gc,heap     ] GC(1) Eden regions: 38->0(85)
[1.706s][info][gc,heap     ] GC(1) Survivor regions: 3->6(6)
[1.706s][info][gc,heap     ] GC(1) Old regions: 2->3
[1.706s][info][gc,heap     ] GC(1) Humongous regions: 4->4
[1.707s][info][gc,metaspace] GC(1) Metaspace: 19437K(19712K)->19437K(19712K) NonClass: 17151K(17280K)->17151K(17280K) Class: 2285K(2432K)->2285K(2432K)
[1.707s][info][gc          ] GC(1) Pause Young (Normal) (G1 Evacuation Pause) 46M->12M(249M) 10.764ms
[1.707s][info][gc,cpu      ] GC(1) User=0.02s Sys=0.01s Real=0.02s
[1.826s][info][gc,start    ] GC(2) Pause Young (Concurrent Start) (Metadata GC Threshold)
[1.826s][info][gc,task     ] GC(2) Using 5 workers of 11 for evacuation
[1.832s][info][gc,phases   ] GC(2)   Pre Evacuate Collection Set: 0.6ms
[1.833s][info][gc,phases   ] GC(2)   Merge Heap Roots: 0.1ms
[1.836s][info][gc,phases   ] GC(2)   Evacuate Collection Set: 3.2ms
[1.836s][info][gc,phases   ] GC(2)   Post Evacuate Collection Set: 1.0ms
[1.836s][info][gc,phases   ] GC(2)   Other: 0.7ms
[1.837s][info][gc,heap     ] GC(2) Eden regions: 6->0(139)
[1.837s][info][gc,heap     ] GC(2) Survivor regions: 6->8(12)
[1.838s][info][gc,heap     ] GC(2) Old regions: 3->3
[1.838s][info][gc,heap     ] GC(2) Humongous regions: 4->4
[1.838s][info][gc,metaspace] GC(2) Metaspace: 21193K(21504K)->21193K(21504K) NonClass: 18687K(18816K)->18687K(18816K) Class: 2506K(2688K)->2506K(2688K)
[1.838s][info][gc          ] GC(2) Pause Young (Concurrent Start) (Metadata GC Threshold) 18M->13M(249M) 12.619ms
[1.839s][info][gc,cpu      ] GC(2) User=0.02s Sys=0.00s Real=0.02s
[1.839s][info][gc          ] GC(3) Concurrent Mark Cycle
[1.839s][info][gc,marking  ] GC(3) Concurrent Scan Root Regions
[1.842s][info][gc,marking  ] GC(3) Concurrent Scan Root Regions 2.801ms
[1.843s][info][gc,marking  ] GC(3) Concurrent Mark
[1.843s][info][gc,marking  ] GC(3) Concurrent Mark From Roots
[1.843s][info][gc,task     ] GC(3) Using 3 workers of 3 for marking
[1.846s][info][gc,marking  ] GC(3) Concurrent Mark From Roots 2.884ms
[1.846s][info][gc,marking  ] GC(3) Concurrent Preclean
[1.847s][info][gc,marking  ] GC(3) Concurrent Preclean 0.395ms
[1.847s][info][gc,start    ] GC(3) Pause Remark
[1.851s][info][gc          ] GC(3) Pause Remark 14M->14M(50M) 3.560ms
[1.852s][info][gc,cpu      ] GC(3) User=0.01s Sys=0.00s Real=0.00s
[1.852s][info][gc,marking  ] GC(3) Concurrent Mark 9.621ms
[1.853s][info][gc,marking  ] GC(3) Concurrent Rebuild Remembered Sets and Scrub Regions
[1.854s][info][gc,marking  ] GC(3) Concurrent Rebuild Remembered Sets and Scrub Regions 1.480ms
[1.855s][info][gc,start    ] GC(3) Pause Cleanup
[1.855s][info][gc          ] GC(3) Pause Cleanup 14M->14M(50M) 0.469ms
[1.856s][info][gc,cpu      ] GC(3) User=0.00s Sys=0.00s Real=0.00s
[1.856s][info][gc,marking  ] GC(3) Concurrent Clear Claimed Marks
[1.857s][info][gc,marking  ] GC(3) Concurrent Clear Claimed Marks 0.426ms
[1.857s][info][gc,marking  ] GC(3) Concurrent Cleanup for Next Mark
[1.858s][info][gc,marking  ] GC(3) Concurrent Cleanup for Next Mark 0.927ms
[1.858s][info][gc          ] GC(3) Concurrent Mark Cycle 19.885ms
[2.442s][info][gc,start    ] GC(4) Pause Young (Prepare Mixed) (G1 Evacuation Pause)
[2.442s][info][gc,task     ] GC(4) Using 11 workers of 11 for evacuation
[2.452s][info][gc,phases   ] GC(4)   Pre Evacuate Collection Set: 0.3ms
[2.452s][info][gc,phases   ] GC(4)   Merge Heap Roots: 0.1ms
[2.453s][info][gc,phases   ] GC(4)   Evacuate Collection Set: 5.3ms
[2.453s][info][gc,phases   ] GC(4)   Post Evacuate Collection Set: 3.3ms
[2.453s][info][gc,phases   ] GC(4)   Other: 0.4ms
[2.453s][info][gc,heap     ] GC(4) Eden regions: 35->0(25)
[2.454s][info][gc,heap     ] GC(4) Survivor regions: 8->12(19)
[2.454s][info][gc,heap     ] GC(4) Old regions: 3->3
[2.454s][info][gc,heap     ] GC(4) Humongous regions: 4->4
[2.455s][info][gc,metaspace] GC(4) Metaspace: 27212K(27584K)->27212K(27584K) NonClass: 23972K(24192K)->23972K(24192K) Class: 3240K(3392K)->3240K(3392K)
[2.455s][info][gc          ] GC(4) Pause Young (Prepare Mixed) (G1 Evacuation Pause) 48M->17M(62M) 13.066ms
[2.455s][info][gc,cpu      ] GC(4) User=0.05s Sys=0.00s Real=0.01s
[6.238s][info][gc,heap,exit] Heap
[6.239s][info][gc,heap,exit]  garbage-first heap   total 63488K, used 41306K [0x00000000d0000000, 0x0000000100000000)
[6.240s][info][gc,heap,exit]   region size 1024K, 35 young (35840K), 12 survivors (12288K)
[6.240s][info][gc,heap,exit]  Metaspace       used 29802K, committed 30208K, reserved 1114112K
[6.241s][info][gc,heap,exit]   class space    used 3593K, committed 3776K, reserved 1048576K
