[0.078s][info][gc,init] CardTable entry size: 512
[0.080s][info][gc     ] Using G1
[0.084s][info][gc,init] Version: 21.0.8+9-LTS (release)
[0.085s][info][gc,init] CPUs: 14 total, 14 available
[0.086s][info][gc,init] Memory: 15750M
[0.086s][info][gc,init] Large Page Support: Disabled
[0.087s][info][gc,init] NUMA Support: Disabled
[0.087s][info][gc,init] Compressed Oops: Enabled (32-bit)
[0.087s][info][gc,init] Heap Region Size: 1M
[0.088s][info][gc,init] Heap Min Capacity: 8M
[0.088s][info][gc,init] Heap Initial Capacity: 248M
[0.088s][info][gc,init] Heap Max Capacity: 768M
[0.088s][info][gc,init] Pre-touch: Disabled
[0.089s][info][gc,init] Parallel Workers: 11
[0.090s][info][gc,init] Concurrent Workers: 3
[0.090s][info][gc,init] Concurrent Refinement Workers: 11
[0.090s][info][gc,init] Periodic GC: Disabled
[0.098s][info][gc,metaspace] CDS archive(s) mapped at: [0x000070aeef000000-0x000070aeefbb2000-0x000070aeefbb2000), size 12263424, SharedBaseAddress: 0x000070aeef000000, ArchiveRelocationMode: 1.
[0.099s][info][gc,metaspace] Compressed class space mapped at: 0x000070aef0000000-0x000070af30000000, reserved size: 1073741824
[0.099s][info][gc,metaspace] Narrow klass base: 0x000070aeef000000, Narrow klass shift: 0, Narrow klass range: 0x100000000
[1.119s][info][gc,start    ] GC(0) Pause Young (Normal) (G1 Evacuation Pause)
[1.121s][info][gc,task     ] GC(0) Using 5 workers of 11 for evacuation
[1.127s][info][gc,phases   ] GC(0)   Pre Evacuate Collection Set: 0.4ms
[1.127s][info][gc,phases   ] GC(0)   Merge Heap Roots: 0.1ms
[1.128s][info][gc,phases   ] GC(0)   Evacuate Collection Set: 3.0ms
[1.128s][info][gc,phases   ] GC(0)   Post Evacuate Collection Set: 1.1ms
[1.128s][info][gc,phases   ] GC(0)   Other: 2.5ms
[1.129s][info][gc,heap     ] GC(0) Eden regions: 23->0(38)
[1.129s][info][gc,heap     ] GC(0) Survivor regions: 0->3(3)
[1.129s][info][gc,heap     ] GC(0) Old regions: 1->2
[1.130s][info][gc,heap     ] GC(0) Humongous regions: 5->4
[1.130s][info][gc,metaspace] GC(0) Metaspace: 7953K(8128K)->7953K(8128K) NonClass: 7065K(7168K)->7065K(7168K) Class: 887K(960K)->887K(960K)
[1.131s][info][gc          ] GC(0) Pause Young (Normal) (G1 Evacuation Pause) 28M->8M(249M) 12.009ms
[1.131s][info][gc,cpu      ] GC(0) User=0.02s Sys=0.01s Real=0.02s
[2.169s][info][gc,start    ] GC(1) Pause Young (Normal) (G1 Evacuation Pause)
[2.171s][info][gc,task     ] GC(1) Using 5 workers of 11 for evacuation
[2.186s][info][gc,phases   ] GC(1)   Pre Evacuate Collection Set: 0.6ms
[2.187s][info][gc,phases   ] GC(1)   Merge Heap Roots: 0.2ms
[2.187s][info][gc,phases   ] GC(1)   Evacuate Collection Set: 10.0ms
[2.188s][info][gc,phases   ] GC(1)   Post Evacuate Collection Set: 3.7ms
[2.188s][info][gc,phases   ] GC(1)   Other: 0.7ms
[2.189s][info][gc,heap     ] GC(1) Eden regions: 38->0(78)
[2.189s][info][gc,heap     ] GC(1) Survivor regions: 3->6(6)
[2.190s][info][gc,heap     ] GC(1) Old regions: 2->3
[2.190s][info][gc,heap     ] GC(1) Humongous regions: 4->4
[2.191s][info][gc,metaspace] GC(1) Metaspace: 19472K(19776K)->19472K(19776K) NonClass: 17177K(17344K)->17177K(17344K) Class: 2295K(2432K)->2295K(2432K)
[2.191s][info][gc          ] GC(1) Pause Young (Normal) (G1 Evacuation Pause) 46M->12M(249M) 21.724ms
[2.192s][info][gc,cpu      ] GC(1) User=0.03s Sys=0.01s Real=0.03s
[2.286s][info][gc,start    ] GC(2) Pause Young (Concurrent Start) (Metadata GC Threshold)
[2.287s][info][gc,task     ] GC(2) Using 5 workers of 11 for evacuation
[2.293s][info][gc,phases   ] GC(2)   Pre Evacuate Collection Set: 0.3ms
[2.293s][info][gc,phases   ] GC(2)   Merge Heap Roots: 0.2ms
[2.294s][info][gc,phases   ] GC(2)   Evacuate Collection Set: 3.2ms
[2.294s][info][gc,phases   ] GC(2)   Post Evacuate Collection Set: 1.1ms
[2.295s][info][gc,phases   ] GC(2)   Other: 0.7ms
[2.295s][info][gc,heap     ] GC(2) Eden regions: 5->0(135)
[2.295s][info][gc,heap     ] GC(2) Survivor regions: 6->4(11)
[2.296s][info][gc,heap     ] GC(2) Old regions: 3->6
[2.296s][info][gc,heap     ] GC(2) Humongous regions: 4->4
[2.297s][info][gc,metaspace] GC(2) Metaspace: 21169K(21504K)->21169K(21504K) NonClass: 18658K(18816K)->18658K(18816K) Class: 2510K(2688K)->2510K(2688K)
[2.297s][info][gc          ] GC(2) Pause Young (Concurrent Start) (Metadata GC Threshold) 17M->13M(249M) 10.687ms
[2.297s][info][gc,cpu      ] GC(2) User=0.01s Sys=0.01s Real=0.01s
[2.297s][info][gc          ] GC(3) Concurrent Mark Cycle
[2.298s][info][gc,marking  ] GC(3) Concurrent Scan Root Regions
[2.301s][info][gc,marking  ] GC(3) Concurrent Scan Root Regions 2.505ms
[2.302s][info][gc,marking  ] GC(3) Concurrent Mark
[2.302s][info][gc,marking  ] GC(3) Concurrent Mark From Roots
[2.302s][info][gc,task     ] GC(3) Using 3 workers of 3 for marking
[2.304s][info][gc,marking  ] GC(3) Concurrent Mark From Roots 2.422ms
[2.305s][info][gc,marking  ] GC(3) Concurrent Preclean
[2.305s][info][gc,marking  ] GC(3) Concurrent Preclean 0.494ms
[2.306s][info][gc,start    ] GC(3) Pause Remark
[2.309s][info][gc          ] GC(3) Pause Remark 14M->14M(47M) 3.472ms
[2.310s][info][gc,cpu      ] GC(3) User=0.01s Sys=0.00s Real=0.01s
[2.311s][info][gc,marking  ] GC(3) Concurrent Mark 9.378ms
[2.311s][info][gc,marking  ] GC(3) Concurrent Rebuild Remembered Sets and Scrub Regions
[2.314s][info][gc,marking  ] GC(3) Concurrent Rebuild Remembered Sets and Scrub Regions 2.147ms
[2.314s][info][gc,start    ] GC(3) Pause Cleanup
[2.315s][info][gc          ] GC(3) Pause Cleanup 15M->15M(47M) 0.689ms
[2.316s][info][gc,cpu      ] GC(3) User=0.00s Sys=0.00s Real=0.00s
[2.316s][info][gc,marking  ] GC(3) Concurrent Clear Claimed Marks
[2.317s][info][gc,marking  ] GC(3) Concurrent Clear Claimed Marks 0.597ms
[2.317s][info][gc,marking  ] GC(3) Concurrent Cleanup for Next Mark
[2.318s][info][gc,marking  ] GC(3) Concurrent Cleanup for Next Mark 0.974ms
[2.319s][info][gc          ] GC(3) Concurrent Mark Cycle 21.303ms
[2.604s][info][gc,start    ] GC(4) Pause Young (Prepare Mixed) (G1 Evacuation Pause)
[2.605s][info][gc,task     ] GC(4) Using 10 workers of 11 for evacuation
[2.612s][info][gc,phases   ] GC(4)   Pre Evacuate Collection Set: 0.4ms
[2.613s][info][gc,phases   ] GC(4)   Merge Heap Roots: 0.2ms
[2.613s][info][gc,phases   ] GC(4)   Evacuate Collection Set: 3.6ms
[2.613s][info][gc,phases   ] GC(4)   Post Evacuate Collection Set: 2.0ms
[2.613s][info][gc,phases   ] GC(4)   Other: 0.7ms
[2.614s][info][gc,heap     ] GC(4) Eden regions: 24->0(20)
[2.614s][info][gc,heap     ] GC(4) Survivor regions: 4->4(4)
[2.615s][info][gc,heap     ] GC(4) Old regions: 6->10
[2.615s][info][gc,heap     ] GC(4) Humongous regions: 4->4
[2.615s][info][gc,metaspace] GC(4) Metaspace: 27046K(27392K)->27046K(27392K) NonClass: 23793K(24000K)->23793K(24000K) Class: 3252K(3392K)->3252K(3392K)
[2.616s][info][gc          ] GC(4) Pause Young (Prepare Mixed) (G1 Evacuation Pause) 37M->17M(47M) 11.514ms
[2.616s][info][gc,cpu      ] GC(4) User=0.04s Sys=0.01s Real=0.01s
[22.327s][info][gc,start    ] GC(5) Pause Young (Mixed) (G1 Evacuation Pause)
[22.327s][info][gc,task     ] GC(5) Using 11 workers of 11 for evacuation
[22.332s][info][gc,phases   ] GC(5)   Pre Evacuate Collection Set: 0.4ms
[22.332s][info][gc,phases   ] GC(5)   Merge Heap Roots: 0.1ms
[22.333s][info][gc,phases   ] GC(5)   Evacuate Collection Set: 2.8ms
[22.333s][info][gc,phases   ] GC(5)   Post Evacuate Collection Set: 1.0ms
[22.334s][info][gc,phases   ] GC(5)   Other: 0.5ms
[22.334s][info][gc,heap     ] GC(5) Eden regions: 20->0(19)
[22.334s][info][gc,heap     ] GC(5) Survivor regions: 4->2(3)
[22.334s][info][gc,heap     ] GC(5) Old regions: 10->14
[22.335s][info][gc,heap     ] GC(5) Humongous regions: 4->4
[22.335s][info][gc,metaspace] GC(5) Metaspace: 29023K(29440K)->29023K(29440K) NonClass: 25542K(25792K)->25542K(25792K) Class: 3481K(3648K)->3481K(3648K)
[22.335s][info][gc          ] GC(5) Pause Young (Mixed) (G1 Evacuation Pause) 37M->19M(47M) 8.351ms
[22.335s][info][gc,cpu      ] GC(5) User=0.01s Sys=0.01s Real=0.01s
[38.777s][info][gc,heap,exit] Heap
[38.777s][info][gc,heap,exit]  garbage-first heap   total 48128K, used 28743K [0x00000000d0000000, 0x0000000100000000)
[38.778s][info][gc,heap,exit]   region size 1024K, 11 young (11264K), 2 survivors (2048K)
[38.778s][info][gc,heap,exit]  Metaspace       used 29930K, committed 30336K, reserved 1114112K
[38.778s][info][gc,heap,exit]   class space    used 3593K, committed 3776K, reserved 1048576K
