[0.127s][info][gc,init] CardTable entry size: 512
[0.128s][info][gc     ] Using G1
[0.132s][info][gc,init] Version: 21.0.8+9-LTS (release)
[0.132s][info][gc,init] CPUs: 14 total, 14 available
[0.133s][info][gc,init] Memory: 15750M
[0.133s][info][gc,init] Large Page Support: Disabled
[0.134s][info][gc,init] NUMA Support: Disabled
[0.134s][info][gc,init] Compressed Oops: Enabled (32-bit)
[0.134s][info][gc,init] Heap Region Size: 1M
[0.135s][info][gc,init] Heap Min Capacity: 8M
[0.135s][info][gc,init] Heap Initial Capacity: 248M
[0.136s][info][gc,init] Heap Max Capacity: 768M
[0.136s][info][gc,init] Pre-touch: Disabled
[0.137s][info][gc,init] Parallel Workers: 11
[0.137s][info][gc,init] Concurrent Workers: 3
[0.137s][info][gc,init] Concurrent Refinement Workers: 11
[0.138s][info][gc,init] Periodic GC: Disabled
[0.146s][info][gc,metaspace] CDS archive(s) mapped at: [0x0000718ecb000000-0x0000718ecbbb2000-0x0000718ecbbb2000), size 12263424, SharedBaseAddress: 0x0000718ecb000000, ArchiveRelocationMode: 1.
[0.147s][info][gc,metaspace] Compressed class space mapped at: 0x0000718ecc000000-0x0000718f0c000000, reserved size: 1073741824
[0.147s][info][gc,metaspace] Narrow klass base: 0x0000718ecb000000, Narrow klass shift: 0, Narrow klass range: 0x100000000
[0.722s][info][gc,start    ] GC(0) Pause Young (Normal) (G1 Evacuation Pause)
[0.724s][info][gc,task     ] GC(0) Using 5 workers of 11 for evacuation
[0.728s][info][gc,phases   ] GC(0)   Pre Evacuate Collection Set: 0.2ms
[0.729s][info][gc,phases   ] GC(0)   Merge Heap Roots: 0.1ms
[0.729s][info][gc,phases   ] GC(0)   Evacuate Collection Set: 2.5ms
[0.729s][info][gc,phases   ] GC(0)   Post Evacuate Collection Set: 0.6ms
[0.729s][info][gc,phases   ] GC(0)   Other: 1.7ms
[0.730s][info][gc,heap     ] GC(0) Eden regions: 23->0(38)
[0.730s][info][gc,heap     ] GC(0) Survivor regions: 0->3(3)
[0.731s][info][gc,heap     ] GC(0) Old regions: 1->2
[0.731s][info][gc,heap     ] GC(0) Humongous regions: 5->4
[0.732s][info][gc,metaspace] GC(0) Metaspace: 7966K(8128K)->7966K(8128K) NonClass: 7079K(7168K)->7079K(7168K) Class: 887K(960K)->887K(960K)
[0.732s][info][gc          ] GC(0) Pause Young (Normal) (G1 Evacuation Pause) 28M->8M(249M) 9.742ms
[0.732s][info][gc,cpu      ] GC(0) User=0.00s Sys=0.02s Real=0.01s
[1.744s][info][gc,start    ] GC(1) Pause Young (Normal) (G1 Evacuation Pause)
[1.745s][info][gc,task     ] GC(1) Using 5 workers of 11 for evacuation
[1.752s][info][gc,phases   ] GC(1)   Pre Evacuate Collection Set: 0.3ms
[1.753s][info][gc,phases   ] GC(1)   Merge Heap Roots: 0.1ms
[1.753s][info][gc,phases   ] GC(1)   Evacuate Collection Set: 4.6ms
[1.753s][info][gc,phases   ] GC(1)   Post Evacuate Collection Set: 2.5ms
[1.754s][info][gc,phases   ] GC(1)   Other: 0.3ms
[1.754s][info][gc,heap     ] GC(1) Eden regions: 38->0(85)
[1.754s][info][gc,heap     ] GC(1) Survivor regions: 3->6(6)
[1.754s][info][gc,heap     ] GC(1) Old regions: 2->3
[1.755s][info][gc,heap     ] GC(1) Humongous regions: 4->4
[1.755s][info][gc,metaspace] GC(1) Metaspace: 19426K(19712K)->19426K(19712K) NonClass: 17140K(17280K)->17140K(17280K) Class: 2285K(2432K)->2285K(2432K)
[1.755s][info][gc          ] GC(1) Pause Young (Normal) (G1 Evacuation Pause) 46M->12M(249M) 11.051ms
[1.756s][info][gc,cpu      ] GC(1) User=0.03s Sys=0.00s Real=0.01s
[1.871s][info][gc,start    ] GC(2) Pause Young (Concurrent Start) (Metadata GC Threshold)
[1.872s][info][gc,task     ] GC(2) Using 5 workers of 11 for evacuation
[1.877s][info][gc,phases   ] GC(2)   Pre Evacuate Collection Set: 0.3ms
[1.878s][info][gc,phases   ] GC(2)   Merge Heap Roots: 0.1ms
[1.878s][info][gc,phases   ] GC(2)   Evacuate Collection Set: 2.8ms
[1.879s][info][gc,phases   ] GC(2)   Post Evacuate Collection Set: 1.4ms
[1.879s][info][gc,phases   ] GC(2)   Other: 0.6ms
[1.879s][info][gc,heap     ] GC(2) Eden regions: 6->0(132)
[1.880s][info][gc,heap     ] GC(2) Survivor regions: 6->7(12)
[1.880s][info][gc,heap     ] GC(2) Old regions: 3->3
[1.881s][info][gc,heap     ] GC(2) Humongous regions: 4->4
[1.881s][info][gc,metaspace] GC(2) Metaspace: 21199K(21504K)->21199K(21504K) NonClass: 18692K(18816K)->18692K(18816K) Class: 2507K(2688K)->2507K(2688K)
[1.882s][info][gc          ] GC(2) Pause Young (Concurrent Start) (Metadata GC Threshold) 18M->13M(249M) 10.543ms
[1.882s][info][gc,cpu      ] GC(2) User=0.02s Sys=0.00s Real=0.01s
[1.882s][info][gc          ] GC(3) Concurrent Mark Cycle
[1.883s][info][gc,marking  ] GC(3) Concurrent Scan Root Regions
[1.886s][info][gc,marking  ] GC(3) Concurrent Scan Root Regions 2.608ms
[1.886s][info][gc,marking  ] GC(3) Concurrent Mark
[1.887s][info][gc,marking  ] GC(3) Concurrent Mark From Roots
[1.887s][info][gc,task     ] GC(3) Using 3 workers of 3 for marking
[1.890s][info][gc,marking  ] GC(3) Concurrent Mark From Roots 2.952ms
[1.890s][info][gc,marking  ] GC(3) Concurrent Preclean
[1.891s][info][gc,marking  ] GC(3) Concurrent Preclean 0.547ms
[1.891s][info][gc,start    ] GC(3) Pause Remark
[1.895s][info][gc          ] GC(3) Pause Remark 14M->14M(47M) 3.524ms
[1.896s][info][gc,cpu      ] GC(3) User=0.01s Sys=0.00s Real=0.00s
[1.896s][info][gc,marking  ] GC(3) Concurrent Mark 10.128ms
[1.897s][info][gc,marking  ] GC(3) Concurrent Rebuild Remembered Sets and Scrub Regions
[1.898s][info][gc,marking  ] GC(3) Concurrent Rebuild Remembered Sets and Scrub Regions 1.485ms
[1.899s][info][gc,start    ] GC(3) Pause Cleanup
[1.899s][info][gc          ] GC(3) Pause Cleanup 15M->15M(47M) 0.568ms
[1.900s][info][gc,cpu      ] GC(3) User=0.00s Sys=0.00s Real=0.00s
[1.900s][info][gc,marking  ] GC(3) Concurrent Clear Claimed Marks
[1.901s][info][gc,marking  ] GC(3) Concurrent Clear Claimed Marks 0.338ms
[1.901s][info][gc,marking  ] GC(3) Concurrent Cleanup for Next Mark
[1.902s][info][gc,marking  ] GC(3) Concurrent Cleanup for Next Mark 0.979ms
[1.902s][info][gc          ] GC(3) Concurrent Mark Cycle 20.017ms
[2.519s][info][gc,start    ] GC(4) Pause Young (Prepare Mixed) (G1 Evacuation Pause)
[2.520s][info][gc,task     ] GC(4) Using 11 workers of 11 for evacuation
[2.535s][info][gc,phases   ] GC(4)   Pre Evacuate Collection Set: 0.5ms
[2.537s][info][gc,phases   ] GC(4)   Merge Heap Roots: 0.6ms
[2.538s][info][gc,phases   ] GC(4)   Evacuate Collection Set: 10.9ms
[2.540s][info][gc,phases   ] GC(4)   Post Evacuate Collection Set: 2.2ms
[2.541s][info][gc,phases   ] GC(4)   Other: 1.1ms
[2.542s][info][gc,heap     ] GC(4) Eden regions: 33->0(23)
[2.543s][info][gc,heap     ] GC(4) Survivor regions: 7->12(18)
[2.544s][info][gc,heap     ] GC(4) Old regions: 3->3
[2.546s][info][gc,heap     ] GC(4) Humongous regions: 4->4
[2.547s][info][gc,metaspace] GC(4) Metaspace: 27156K(27520K)->27156K(27520K) NonClass: 23923K(24128K)->23923K(24128K) Class: 3233K(3392K)->3233K(3392K)
[2.548s][info][gc          ] GC(4) Pause Young (Prepare Mixed) (G1 Evacuation Pause) 46M->18M(59M) 29.771ms
[2.549s][info][gc,cpu      ] GC(4) User=0.05s Sys=0.03s Real=0.03s
[6.779s][info][gc,heap,exit] Heap
[6.779s][info][gc,heap,exit]  garbage-first heap   total 60416K, used 40840K [0x00000000d0000000, 0x0000000100000000)
[6.780s][info][gc,heap,exit]   region size 1024K, 34 young (34816K), 12 survivors (12288K)
[6.780s][info][gc,heap,exit]  Metaspace       used 29815K, committed 30208K, reserved 1114112K
[6.781s][info][gc,heap,exit]   class space    used 3592K, committed 3776K, reserved 1048576K
