[0.120s][info][gc,init] CardTable entry size: 512
[0.121s][info][gc     ] Using G1
[0.127s][info][gc,init] Version: 21.0.8+9-LTS (release)
[0.127s][info][gc,init] CPUs: 14 total, 14 available
[0.128s][info][gc,init] Memory: 15750M
[0.128s][info][gc,init] Large Page Support: Disabled
[0.128s][info][gc,init] NUMA Support: Disabled
[0.129s][info][gc,init] Compressed Oops: Enabled (32-bit)
[0.129s][info][gc,init] Heap Region Size: 1M
[0.129s][info][gc,init] Heap Min Capacity: 8M
[0.130s][info][gc,init] Heap Initial Capacity: 248M
[0.130s][info][gc,init] Heap Max Capacity: 768M
[0.130s][info][gc,init] Pre-touch: Disabled
[0.131s][info][gc,init] Parallel Workers: 11
[0.131s][info][gc,init] Concurrent Workers: 3
[0.131s][info][gc,init] Concurrent Refinement Workers: 11
[0.132s][info][gc,init] Periodic GC: Disabled
[0.146s][info][gc,metaspace] CDS archive(s) mapped at: [0x00007329f3000000-0x00007329f3bb2000-0x00007329f3bb2000), size 12263424, SharedBaseAddress: 0x00007329f3000000, ArchiveRelocationMode: 1.
[0.146s][info][gc,metaspace] Compressed class space mapped at: 0x00007329f4000000-0x0000732a34000000, reserved size: 1073741824
[0.147s][info][gc,metaspace] Narrow klass base: 0x00007329f3000000, Narrow klass shift: 0, Narrow klass range: 0x100000000
[1.657s][info][gc,start    ] GC(0) Pause Young (Normal) (G1 Evacuation Pause)
[1.667s][info][gc,task     ] GC(0) Using 5 workers of 11 for evacuation
[1.687s][info][gc,phases   ] GC(0)   Pre Evacuate Collection Set: 0.4ms
[1.688s][info][gc,phases   ] GC(0)   Merge Heap Roots: 0.2ms
[1.689s][info][gc,phases   ] GC(0)   Evacuate Collection Set: 14.8ms
[1.697s][info][gc,phases   ] GC(0)   Post Evacuate Collection Set: 1.1ms
[1.699s][info][gc,phases   ] GC(0)   Other: 4.9ms
[1.700s][info][gc,heap     ] GC(0) Eden regions: 23->0(36)
[1.702s][info][gc,heap     ] GC(0) Survivor regions: 0->3(3)
[1.703s][info][gc,heap     ] GC(0) Old regions: 1->2
[1.703s][info][gc,heap     ] GC(0) Humongous regions: 5->4
[1.704s][info][gc,metaspace] GC(0) Metaspace: 7938K(8128K)->7938K(8128K) NonClass: 7052K(7168K)->7052K(7168K) Class: 886K(960K)->886K(960K)
[1.704s][info][gc          ] GC(0) Pause Young (Normal) (G1 Evacuation Pause) 28M->8M(249M) 47.608ms
[1.705s][info][gc,cpu      ] GC(0) User=0.06s Sys=0.02s Real=0.04s
[3.240s][info][gc,start    ] GC(1) Pause Young (Normal) (G1 Evacuation Pause)
[3.241s][info][gc,task     ] GC(1) Using 5 workers of 11 for evacuation
[3.263s][info][gc,phases   ] GC(1)   Pre Evacuate Collection Set: 0.4ms
[3.264s][info][gc,phases   ] GC(1)   Merge Heap Roots: 0.2ms
[3.264s][info][gc,phases   ] GC(1)   Evacuate Collection Set: 14.2ms
[3.265s][info][gc,phases   ] GC(1)   Post Evacuate Collection Set: 6.8ms
[3.266s][info][gc,phases   ] GC(1)   Other: 0.7ms
[3.267s][info][gc,heap     ] GC(1) Eden regions: 36->0(73)
[3.267s][info][gc,heap     ] GC(1) Survivor regions: 3->5(5)
[3.268s][info][gc,heap     ] GC(1) Old regions: 2->5
[3.268s][info][gc,heap     ] GC(1) Humongous regions: 4->4
[3.269s][info][gc,metaspace] GC(1) Metaspace: 18916K(19264K)->18916K(19264K) NonClass: 16714K(16896K)->16714K(16896K) Class: 2202K(2368K)->2202K(2368K)
[3.269s][info][gc          ] GC(1) Pause Young (Normal) (G1 Evacuation Pause) 44M->12M(249M) 29.446ms
[3.270s][info][gc,cpu      ] GC(1) User=0.03s Sys=0.04s Real=0.03s
[3.644s][info][gc,start    ] GC(2) Pause Young (Concurrent Start) (Metadata GC Threshold)
[3.644s][info][gc,task     ] GC(2) Using 5 workers of 11 for evacuation
[3.652s][info][gc,phases   ] GC(2)   Pre Evacuate Collection Set: 0.5ms
[3.652s][info][gc,phases   ] GC(2)   Merge Heap Roots: 0.3ms
[3.652s][info][gc,phases   ] GC(2)   Evacuate Collection Set: 4.1ms
[3.653s][info][gc,phases   ] GC(2)   Post Evacuate Collection Set: 1.6ms
[3.653s][info][gc,phases   ] GC(2)   Other: 0.6ms
[3.654s][info][gc,heap     ] GC(2) Eden regions: 8->0(137)
[3.654s][info][gc,heap     ] GC(2) Survivor regions: 5->5(10)
[3.654s][info][gc,heap     ] GC(2) Old regions: 5->5
[3.655s][info][gc,heap     ] GC(2) Humongous regions: 4->4
[3.655s][info][gc,metaspace] GC(2) Metaspace: 21184K(21504K)->21184K(21504K) NonClass: 18674K(18816K)->18674K(18816K) Class: 2509K(2688K)->2509K(2688K)
[3.656s][info][gc          ] GC(2) Pause Young (Concurrent Start) (Metadata GC Threshold) 20M->13M(249M) 11.867ms
[3.656s][info][gc,cpu      ] GC(2) User=0.02s Sys=0.00s Real=0.02s
[3.656s][info][gc          ] GC(3) Concurrent Mark Cycle
[3.657s][info][gc,marking  ] GC(3) Concurrent Scan Root Regions
[3.661s][info][gc,marking  ] GC(3) Concurrent Scan Root Regions 3.192ms
[3.661s][info][gc,marking  ] GC(3) Concurrent Mark
[3.662s][info][gc,marking  ] GC(3) Concurrent Mark From Roots
[3.662s][info][gc,task     ] GC(3) Using 3 workers of 3 for marking
[3.667s][info][gc,marking  ] GC(3) Concurrent Mark From Roots 4.838ms
[3.667s][info][gc,marking  ] GC(3) Concurrent Preclean
[3.668s][info][gc,marking  ] GC(3) Concurrent Preclean 0.508ms
[3.668s][info][gc,start    ] GC(3) Pause Remark
[3.672s][info][gc          ] GC(3) Pause Remark 14M->14M(47M) 4.028ms
[3.673s][info][gc,cpu      ] GC(3) User=0.01s Sys=0.00s Real=0.00s
[3.674s][info][gc,marking  ] GC(3) Concurrent Mark 12.454ms
[3.674s][info][gc,marking  ] GC(3) Concurrent Rebuild Remembered Sets and Scrub Regions
[3.676s][info][gc,marking  ] GC(3) Concurrent Rebuild Remembered Sets and Scrub Regions 2.109ms
[3.677s][info][gc,start    ] GC(3) Pause Cleanup
[3.678s][info][gc          ] GC(3) Pause Cleanup 14M->14M(47M) 0.677ms
[3.678s][info][gc,cpu      ] GC(3) User=0.00s Sys=0.00s Real=0.00s
[3.679s][info][gc,marking  ] GC(3) Concurrent Clear Claimed Marks
[3.679s][info][gc,marking  ] GC(3) Concurrent Clear Claimed Marks 0.438ms
[3.679s][info][gc,marking  ] GC(3) Concurrent Cleanup for Next Mark
[3.681s][info][gc,marking  ] GC(3) Concurrent Cleanup for Next Mark 1.224ms
[3.681s][info][gc          ] GC(3) Concurrent Mark Cycle 24.861ms
[4.517s][info][gc,start    ] GC(4) Pause Young (Prepare Mixed) (G1 Evacuation Pause)
[4.518s][info][gc,task     ] GC(4) Using 8 workers of 11 for evacuation
[4.538s][info][gc,phases   ] GC(4)   Pre Evacuate Collection Set: 0.5ms
[4.539s][info][gc,phases   ] GC(4)   Merge Heap Roots: 0.4ms
[4.540s][info][gc,phases   ] GC(4)   Evacuate Collection Set: 8.5ms
[4.543s][info][gc,phases   ] GC(4)   Post Evacuate Collection Set: 5.8ms
[4.546s][info][gc,phases   ] GC(4)   Other: 4.8ms
[4.547s][info][gc,heap     ] GC(4) Eden regions: 33->0(24)
[4.547s][info][gc,heap     ] GC(4) Survivor regions: 5->10(18)
[4.548s][info][gc,heap     ] GC(4) Old regions: 5->5
[4.549s][info][gc,heap     ] GC(4) Humongous regions: 4->4
[4.550s][info][gc,metaspace] GC(4) Metaspace: 27121K(27520K)->27121K(27520K) NonClass: 23889K(24128K)->23889K(24128K) Class: 3231K(3392K)->3231K(3392K)
[4.550s][info][gc          ] GC(4) Pause Young (Prepare Mixed) (G1 Evacuation Pause) 46M->17M(57M) 32.496ms
[4.551s][info][gc,cpu      ] GC(4) User=0.03s Sys=0.03s Real=0.03s
[7.495s][info][gc,heap,exit] Heap
[7.496s][info][gc,heap,exit]  garbage-first heap   total 58368K, used 38679K [0x00000000d0000000, 0x0000000100000000)
[7.496s][info][gc,heap,exit]   region size 1024K, 30 young (30720K), 10 survivors (10240K)
[7.497s][info][gc,heap,exit]  Metaspace       used 29550K, committed 29952K, reserved 1114112K
[7.497s][info][gc,heap,exit]   class space    used 3577K, committed 3776K, reserved 1048576K
