[0.077s][info][gc,init] CardTable entry size: 512
[0.079s][info][gc     ] Using G1
[0.083s][info][gc,init] Version: 21.0.8+9-LTS (release)
[0.083s][info][gc,init] CPUs: 14 total, 14 available
[0.084s][info][gc,init] Memory: 15750M
[0.084s][info][gc,init] Large Page Support: Disabled
[0.084s][info][gc,init] NUMA Support: Disabled
[0.084s][info][gc,init] Compressed Oops: Enabled (32-bit)
[0.085s][info][gc,init] Heap Region Size: 1M
[0.085s][info][gc,init] Heap Min Capacity: 8M
[0.085s][info][gc,init] Heap Initial Capacity: 248M
[0.085s][info][gc,init] Heap Max Capacity: 768M
[0.086s][info][gc,init] Pre-touch: Disabled
[0.087s][info][gc,init] Parallel Workers: 11
[0.087s][info][gc,init] Concurrent Workers: 3
[0.087s][info][gc,init] Concurrent Refinement Workers: 11
[0.088s][info][gc,init] Periodic GC: Disabled
[0.099s][info][gc,metaspace] CDS archive(s) mapped at: [0x00007c61af000000-0x00007c61afbb2000-0x00007c61afbb2000), size 12263424, SharedBaseAddress: 0x00007c61af000000, ArchiveRelocationMode: 1.
[0.100s][info][gc,metaspace] Compressed class space mapped at: 0x00007c61b0000000-0x00007c61f0000000, reserved size: 1073741824
[0.100s][info][gc,metaspace] Narrow klass base: 0x00007c61af000000, Narrow klass shift: 0, Narrow klass range: 0x100000000
[0.999s][info][gc,start    ] GC(0) Pause Young (Normal) (G1 Evacuation Pause)
[1.002s][info][gc,task     ] GC(0) Using 5 workers of 11 for evacuation
[1.008s][info][gc,phases   ] GC(0)   Pre Evacuate Collection Set: 0.3ms
[1.009s][info][gc,phases   ] GC(0)   Merge Heap Roots: 0.2ms
[1.009s][info][gc,phases   ] GC(0)   Evacuate Collection Set: 3.4ms
[1.009s][info][gc,phases   ] GC(0)   Post Evacuate Collection Set: 1.2ms
[1.010s][info][gc,phases   ] GC(0)   Other: 2.4ms
[1.010s][info][gc,heap     ] GC(0) Eden regions: 23->0(38)
[1.011s][info][gc,heap     ] GC(0) Survivor regions: 0->3(3)
[1.011s][info][gc,heap     ] GC(0) Old regions: 1->2
[1.011s][info][gc,heap     ] GC(0) Humongous regions: 5->4
[1.012s][info][gc,metaspace] GC(0) Metaspace: 7973K(8128K)->7973K(8128K) NonClass: 7085K(7168K)->7085K(7168K) Class: 887K(960K)->887K(960K)
[1.012s][info][gc          ] GC(0) Pause Young (Normal) (G1 Evacuation Pause) 28M->8M(249M) 12.736ms
[1.013s][info][gc,cpu      ] GC(0) User=0.02s Sys=0.00s Real=0.02s
[2.145s][info][gc,start    ] GC(1) Pause Young (Normal) (G1 Evacuation Pause)
[2.145s][info][gc,task     ] GC(1) Using 5 workers of 11 for evacuation
[2.157s][info][gc,phases   ] GC(1)   Pre Evacuate Collection Set: 0.3ms
[2.158s][info][gc,phases   ] GC(1)   Merge Heap Roots: 0.1ms
[2.158s][info][gc,phases   ] GC(1)   Evacuate Collection Set: 7.6ms
[2.159s][info][gc,phases   ] GC(1)   Post Evacuate Collection Set: 3.2ms
[2.159s][info][gc,phases   ] GC(1)   Other: 0.7ms
[2.159s][info][gc,heap     ] GC(1) Eden regions: 38->0(77)
[2.160s][info][gc,heap     ] GC(1) Survivor regions: 3->6(6)
[2.160s][info][gc,heap     ] GC(1) Old regions: 2->3
[2.161s][info][gc,heap     ] GC(1) Humongous regions: 4->4
[2.161s][info][gc,metaspace] GC(1) Metaspace: 19423K(19712K)->19423K(19712K) NonClass: 17137K(17280K)->17137K(17280K) Class: 2286K(2432K)->2286K(2432K)
[2.162s][info][gc          ] GC(1) Pause Young (Normal) (G1 Evacuation Pause) 46M->12M(249M) 16.754ms
[2.162s][info][gc,cpu      ] GC(1) User=0.03s Sys=0.01s Real=0.02s
[2.316s][info][gc,start    ] GC(2) Pause Young (Concurrent Start) (Metadata GC Threshold)
[2.317s][info][gc,task     ] GC(2) Using 5 workers of 11 for evacuation
[2.325s][info][gc,phases   ] GC(2)   Pre Evacuate Collection Set: 0.3ms
[2.325s][info][gc,phases   ] GC(2)   Merge Heap Roots: 0.1ms
[2.326s][info][gc,phases   ] GC(2)   Evacuate Collection Set: 5.6ms
[2.326s][info][gc,phases   ] GC(2)   Post Evacuate Collection Set: 1.6ms
[2.326s][info][gc,phases   ] GC(2)   Other: 0.5ms
[2.327s][info][gc,heap     ] GC(2) Eden regions: 6->0(135)
[2.327s][info][gc,heap     ] GC(2) Survivor regions: 6->4(11)
[2.327s][info][gc,heap     ] GC(2) Old regions: 3->7
[2.327s][info][gc,heap     ] GC(2) Humongous regions: 4->4
[2.327s][info][gc,metaspace] GC(2) Metaspace: 21217K(21504K)->21217K(21504K) NonClass: 18705K(18816K)->18705K(18816K) Class: 2511K(2688K)->2511K(2688K)
[2.328s][info][gc          ] GC(2) Pause Young (Concurrent Start) (Metadata GC Threshold) 18M->14M(249M) 11.468ms
[2.328s][info][gc          ] GC(3) Concurrent Mark Cycle
[2.328s][info][gc,marking  ] GC(3) Concurrent Scan Root Regions
[2.328s][info][gc,cpu      ] GC(2) User=0.03s Sys=0.00s Real=0.01s
[2.331s][info][gc,marking  ] GC(3) Concurrent Scan Root Regions 3.176ms
[2.332s][info][gc,marking  ] GC(3) Concurrent Mark
[2.332s][info][gc,marking  ] GC(3) Concurrent Mark From Roots
[2.333s][info][gc,task     ] GC(3) Using 3 workers of 3 for marking
[2.336s][info][gc,marking  ] GC(3) Concurrent Mark From Roots 3.312ms
[2.336s][info][gc,marking  ] GC(3) Concurrent Preclean
[2.336s][info][gc,marking  ] GC(3) Concurrent Preclean 0.342ms
[2.337s][info][gc,start    ] GC(3) Pause Remark
[2.340s][info][gc          ] GC(3) Pause Remark 15M->15M(50M) 3.485ms
[2.341s][info][gc,cpu      ] GC(3) User=0.01s Sys=0.00s Real=0.00s
[2.341s][info][gc,marking  ] GC(3) Concurrent Mark 9.135ms
[2.341s][info][gc,marking  ] GC(3) Concurrent Rebuild Remembered Sets and Scrub Regions
[2.343s][info][gc,marking  ] GC(3) Concurrent Rebuild Remembered Sets and Scrub Regions 2.070ms
[2.344s][info][gc,start    ] GC(3) Pause Cleanup
[2.345s][info][gc          ] GC(3) Pause Cleanup 15M->15M(50M) 0.475ms
[2.345s][info][gc,cpu      ] GC(3) User=0.00s Sys=0.00s Real=0.00s
[2.345s][info][gc,marking  ] GC(3) Concurrent Clear Claimed Marks
[2.345s][info][gc,marking  ] GC(3) Concurrent Clear Claimed Marks 0.306ms
[2.346s][info][gc,marking  ] GC(3) Concurrent Cleanup for Next Mark
[2.347s][info][gc,marking  ] GC(3) Concurrent Cleanup for Next Mark 1.341ms
[2.348s][info][gc          ] GC(3) Concurrent Mark Cycle 19.679ms
[3.011s][info][gc,start    ] GC(4) Pause Young (Prepare Mixed) (G1 Evacuation Pause)
[3.012s][info][gc,task     ] GC(4) Using 11 workers of 11 for evacuation
[3.021s][info][gc,phases   ] GC(4)   Pre Evacuate Collection Set: 0.4ms
[3.022s][info][gc,phases   ] GC(4)   Merge Heap Roots: 0.2ms
[3.022s][info][gc,phases   ] GC(4)   Evacuate Collection Set: 6.5ms
[3.022s][info][gc,phases   ] GC(4)   Post Evacuate Collection Set: 1.9ms
[3.023s][info][gc,phases   ] GC(4)   Other: 0.4ms
[3.023s][info][gc,heap     ] GC(4) Eden regions: 35->0(26)
[3.023s][info][gc,heap     ] GC(4) Survivor regions: 4->8(18)
[3.023s][info][gc,heap     ] GC(4) Old regions: 7->7
[3.024s][info][gc,heap     ] GC(4) Humongous regions: 4->4
[3.024s][info][gc,metaspace] GC(4) Metaspace: 27160K(27520K)->27160K(27520K) NonClass: 23925K(24128K)->23925K(24128K) Class: 3234K(3392K)->3234K(3392K)
[3.024s][info][gc          ] GC(4) Pause Young (Prepare Mixed) (G1 Evacuation Pause) 49M->17M(58M) 12.773ms
[3.024s][info][gc,cpu      ] GC(4) User=0.04s Sys=0.02s Real=0.01s
[9.941s][info][gc,heap,exit] Heap
[9.942s][info][gc,heap,exit]  garbage-first heap   total 59392K, used 42179K [0x00000000d0000000, 0x0000000100000000)
[9.942s][info][gc,heap,exit]   region size 1024K, 32 young (32768K), 8 survivors (8192K)
[9.943s][info][gc,heap,exit]  Metaspace       used 29856K, committed 30272K, reserved 1114112K
[9.943s][info][gc,heap,exit]   class space    used 3597K, committed 3776K, reserved 1048576K
