[0.088s][info][gc,init] CardTable entry size: 512
[0.089s][info][gc     ] Using G1
[0.093s][info][gc,init] Version: 21.0.8+9-LTS (release)
[0.093s][info][gc,init] CPUs: 14 total, 14 available
[0.094s][info][gc,init] Memory: 15750M
[0.094s][info][gc,init] Large Page Support: Disabled
[0.094s][info][gc,init] NUMA Support: Disabled
[0.095s][info][gc,init] Compressed Oops: Enabled (32-bit)
[0.095s][info][gc,init] Heap Region Size: 1M
[0.095s][info][gc,init] Heap Min Capacity: 8M
[0.095s][info][gc,init] Heap Initial Capacity: 248M
[0.096s][info][gc,init] Heap Max Capacity: 768M
[0.096s][info][gc,init] Pre-touch: Disabled
[0.109s][info][gc,init] Parallel Workers: 11
[0.109s][info][gc,init] Concurrent Workers: 3
[0.110s][info][gc,init] Concurrent Refinement Workers: 11
[0.110s][info][gc,init] Periodic GC: Disabled
[0.119s][info][gc,metaspace] CDS archive(s) mapped at: [0x000071a72b000000-0x000071a72bbb2000-0x000071a72bbb2000), size 12263424, SharedBaseAddress: 0x000071a72b000000, ArchiveRelocationMode: 1.
[0.119s][info][gc,metaspace] Compressed class space mapped at: 0x000071a72c000000-0x000071a76c000000, reserved size: 1073741824
[0.119s][info][gc,metaspace] Narrow klass base: 0x000071a72b000000, Narrow klass shift: 0, Narrow klass range: 0x100000000
[0.918s][info][gc,start    ] GC(0) Pause Young (Normal) (G1 Evacuation Pause)
[0.920s][info][gc,task     ] GC(0) Using 5 workers of 11 for evacuation
[0.924s][info][gc,phases   ] GC(0)   Pre Evacuate Collection Set: 0.2ms
[0.924s][info][gc,phases   ] GC(0)   Merge Heap Roots: 0.1ms
[0.924s][info][gc,phases   ] GC(0)   Evacuate Collection Set: 2.4ms
[0.925s][info][gc,phases   ] GC(0)   Post Evacuate Collection Set: 0.8ms
[0.925s][info][gc,phases   ] GC(0)   Other: 1.7ms
[0.925s][info][gc,heap     ] GC(0) Eden regions: 23->0(38)
[0.926s][info][gc,heap     ] GC(0) Survivor regions: 0->3(3)
[0.926s][info][gc,heap     ] GC(0) Old regions: 1->2
[0.926s][info][gc,heap     ] GC(0) Humongous regions: 5->4
[0.927s][info][gc,metaspace] GC(0) Metaspace: 7973K(8128K)->7973K(8128K) NonClass: 7086K(7168K)->7086K(7168K) Class: 887K(960K)->887K(960K)
[0.927s][info][gc          ] GC(0) Pause Young (Normal) (G1 Evacuation Pause) 28M->8M(249M) 8.982ms
[0.927s][info][gc,cpu      ] GC(0) User=0.01s Sys=0.00s Real=0.00s
[1.780s][info][gc,start    ] GC(1) Pause Young (Normal) (G1 Evacuation Pause)
[1.781s][info][gc,task     ] GC(1) Using 5 workers of 11 for evacuation
[1.791s][info][gc,phases   ] GC(1)   Pre Evacuate Collection Set: 0.5ms
[1.791s][info][gc,phases   ] GC(1)   Merge Heap Roots: 0.2ms
[1.792s][info][gc,phases   ] GC(1)   Evacuate Collection Set: 5.2ms
[1.792s][info][gc,phases   ] GC(1)   Post Evacuate Collection Set: 3.3ms
[1.792s][info][gc,phases   ] GC(1)   Other: 0.9ms
[1.793s][info][gc,heap     ] GC(1) Eden regions: 38->0(84)
[1.793s][info][gc,heap     ] GC(1) Survivor regions: 3->6(6)
[1.793s][info][gc,heap     ] GC(1) Old regions: 2->3
[1.794s][info][gc,heap     ] GC(1) Humongous regions: 4->4
[1.794s][info][gc,metaspace] GC(1) Metaspace: 19502K(19776K)->19502K(19776K) NonClass: 17209K(17344K)->17209K(17344K) Class: 2293K(2432K)->2293K(2432K)
[1.794s][info][gc          ] GC(1) Pause Young (Normal) (G1 Evacuation Pause) 46M->12M(249M) 14.427ms
[1.795s][info][gc,cpu      ] GC(1) User=0.02s Sys=0.01s Real=0.01s
[1.881s][info][gc,start    ] GC(2) Pause Young (Concurrent Start) (Metadata GC Threshold)
[1.881s][info][gc,task     ] GC(2) Using 5 workers of 11 for evacuation
[1.886s][info][gc,phases   ] GC(2)   Pre Evacuate Collection Set: 0.2ms
[1.887s][info][gc,phases   ] GC(2)   Merge Heap Roots: 0.1ms
[1.887s][info][gc,phases   ] GC(2)   Evacuate Collection Set: 2.9ms
[1.887s][info][gc,phases   ] GC(2)   Post Evacuate Collection Set: 1.1ms
[1.887s][info][gc,phases   ] GC(2)   Other: 0.4ms
[1.888s][info][gc,heap     ] GC(2) Eden regions: 5->0(136)
[1.888s][info][gc,heap     ] GC(2) Survivor regions: 6->7(12)
[1.888s][info][gc,heap     ] GC(2) Old regions: 3->3
[1.889s][info][gc,heap     ] GC(2) Humongous regions: 4->4
[1.889s][info][gc,metaspace] GC(2) Metaspace: 21193K(21504K)->21193K(21504K) NonClass: 18683K(18816K)->18683K(18816K) Class: 2510K(2688K)->2510K(2688K)
[1.889s][info][gc          ] GC(2) Pause Young (Concurrent Start) (Metadata GC Threshold) 17M->13M(249M) 8.319ms
[1.889s][info][gc,cpu      ] GC(2) User=0.01s Sys=0.01s Real=0.00s
[1.889s][info][gc          ] GC(3) Concurrent Mark Cycle
[1.891s][info][gc,marking  ] GC(3) Concurrent Scan Root Regions
[1.894s][info][gc,marking  ] GC(3) Concurrent Scan Root Regions 2.804ms
[1.894s][info][gc,marking  ] GC(3) Concurrent Mark
[1.895s][info][gc,marking  ] GC(3) Concurrent Mark From Roots
[1.895s][info][gc,task     ] GC(3) Using 3 workers of 3 for marking
[1.898s][info][gc,marking  ] GC(3) Concurrent Mark From Roots 2.919ms
[1.898s][info][gc,marking  ] GC(3) Concurrent Preclean
[1.899s][info][gc,marking  ] GC(3) Concurrent Preclean 0.479ms
[1.899s][info][gc,start    ] GC(3) Pause Remark
[1.902s][info][gc          ] GC(3) Pause Remark 14M->14M(47M) 2.891ms
[1.903s][info][gc,cpu      ] GC(3) User=0.00s Sys=0.00s Real=0.00s
[1.903s][info][gc,marking  ] GC(3) Concurrent Mark 8.874ms
[1.904s][info][gc,marking  ] GC(3) Concurrent Rebuild Remembered Sets and Scrub Regions
[1.905s][info][gc,marking  ] GC(3) Concurrent Rebuild Remembered Sets and Scrub Regions 1.473ms
[1.906s][info][gc,start    ] GC(3) Pause Cleanup
[1.906s][info][gc          ] GC(3) Pause Cleanup 15M->15M(47M) 0.470ms
[1.906s][info][gc,cpu      ] GC(3) User=0.00s Sys=0.00s Real=0.00s
[1.907s][info][gc,marking  ] GC(3) Concurrent Clear Claimed Marks
[1.907s][info][gc,marking  ] GC(3) Concurrent Clear Claimed Marks 0.249ms
[1.907s][info][gc,marking  ] GC(3) Concurrent Cleanup for Next Mark
[1.908s][info][gc,marking  ] GC(3) Concurrent Cleanup for Next Mark 0.812ms
[1.908s][info][gc          ] GC(3) Concurrent Mark Cycle 18.976ms
[2.369s][info][gc,start    ] GC(4) Pause Young (Prepare Mixed) (G1 Evacuation Pause)
[2.374s][info][gc,task     ] GC(4) Using 8 workers of 11 for evacuation
[2.382s][info][gc,phases   ] GC(4)   Pre Evacuate Collection Set: 0.3ms
[2.382s][info][gc,phases   ] GC(4)   Merge Heap Roots: 0.1ms
[2.382s][info][gc,phases   ] GC(4)   Evacuate Collection Set: 5.1ms
[2.383s][info][gc,phases   ] GC(4)   Post Evacuate Collection Set: 1.5ms
[2.383s][info][gc,phases   ] GC(4)   Other: 0.6ms
[2.383s][info][gc,heap     ] GC(4) Eden regions: 33->0(23)
[2.383s][info][gc,heap     ] GC(4) Survivor regions: 7->11(18)
[2.384s][info][gc,heap     ] GC(4) Old regions: 3->3
[2.384s][info][gc,heap     ] GC(4) Humongous regions: 4->4
[2.384s][info][gc,metaspace] GC(4) Metaspace: 27219K(27584K)->27219K(27584K) NonClass: 23967K(24192K)->23967K(24192K) Class: 3251K(3392K)->3251K(3392K)
[2.384s][info][gc          ] GC(4) Pause Young (Prepare Mixed) (G1 Evacuation Pause) 46M->17M(58M) 15.553ms
[2.384s][info][gc,cpu      ] GC(4) User=0.03s Sys=0.02s Real=0.02s
[5.313s][info][gc,heap,exit] Heap
[5.314s][info][gc,heap,exit]  garbage-first heap   total 59392K, used 38969K [0x00000000d0000000, 0x0000000100000000)
[5.315s][info][gc,heap,exit]   region size 1024K, 32 young (32768K), 11 survivors (11264K)
[5.316s][info][gc,heap,exit]  Metaspace       used 29685K, committed 30080K, reserved 1114112K
[5.317s][info][gc,heap,exit]   class space    used 3592K, committed 3776K, reserved 1048576K
