[0.077s][info][gc,init] CardTable entry size: 512
[0.079s][info][gc     ] Using G1
[0.084s][info][gc,init] Version: 21.0.8+9-LTS (release)
[0.085s][info][gc,init] CPUs: 14 total, 14 available
[0.085s][info][gc,init] Memory: 15750M
[0.085s][info][gc,init] Large Page Support: Disabled
[0.086s][info][gc,init] NUMA Support: Disabled
[0.086s][info][gc,init] Compressed Oops: Enabled (32-bit)
[0.086s][info][gc,init] Heap Region Size: 1M
[0.086s][info][gc,init] Heap Min Capacity: 8M
[0.087s][info][gc,init] Heap Initial Capacity: 248M
[0.087s][info][gc,init] Heap Max Capacity: 768M
[0.087s][info][gc,init] Pre-touch: Disabled
[0.098s][info][gc,init] Parallel Workers: 11
[0.098s][info][gc,init] Concurrent Workers: 3
[0.099s][info][gc,init] Concurrent Refinement Workers: 11
[0.099s][info][gc,init] Periodic GC: Disabled
[0.107s][info][gc,metaspace] CDS archive(s) mapped at: [0x0000712ed7000000-0x0000712ed7bb2000-0x0000712ed7bb2000), size 12263424, SharedBaseAddress: 0x0000712ed7000000, ArchiveRelocationMode: 1.
[0.108s][info][gc,metaspace] Compressed class space mapped at: 0x0000712ed8000000-0x0000712f18000000, reserved size: 1073741824
[0.108s][info][gc,metaspace] Narrow klass base: 0x0000712ed7000000, Narrow klass shift: 0, Narrow klass range: 0x100000000
[0.829s][info][gc,start    ] GC(0) Pause Young (Normal) (G1 Evacuation Pause)
[0.830s][info][gc,task     ] GC(0) Using 5 workers of 11 for evacuation
[0.835s][info][gc,phases   ] GC(0)   Pre Evacuate Collection Set: 0.3ms
[0.835s][info][gc,phases   ] GC(0)   Merge Heap Roots: 0.2ms
[0.836s][info][gc,phases   ] GC(0)   Evacuate Collection Set: 2.7ms
[0.836s][info][gc,phases   ] GC(0)   Post Evacuate Collection Set: 0.8ms
[0.836s][info][gc,phases   ] GC(0)   Other: 1.6ms
[0.836s][info][gc,heap     ] GC(0) Eden regions: 23->0(38)
[0.837s][info][gc,heap     ] GC(0) Survivor regions: 0->3(3)
[0.837s][info][gc,heap     ] GC(0) Old regions: 1->2
[0.837s][info][gc,heap     ] GC(0) Humongous regions: 5->4
[0.837s][info][gc,metaspace] GC(0) Metaspace: 7978K(8128K)->7978K(8128K) NonClass: 7090K(7168K)->7090K(7168K) Class: 887K(960K)->887K(960K)
[0.838s][info][gc          ] GC(0) Pause Young (Normal) (G1 Evacuation Pause) 28M->8M(249M) 9.279ms
[0.838s][info][gc,cpu      ] GC(0) User=0.01s Sys=0.01s Real=0.01s
[1.694s][info][gc,start    ] GC(1) Pause Young (Normal) (G1 Evacuation Pause)
[1.695s][info][gc,task     ] GC(1) Using 5 workers of 11 for evacuation
[1.712s][info][gc,phases   ] GC(1)   Pre Evacuate Collection Set: 0.5ms
[1.713s][info][gc,phases   ] GC(1)   Merge Heap Roots: 0.2ms
[1.713s][info][gc,phases   ] GC(1)   Evacuate Collection Set: 12.4ms
[1.713s][info][gc,phases   ] GC(1)   Post Evacuate Collection Set: 3.4ms
[1.714s][info][gc,phases   ] GC(1)   Other: 0.7ms
[1.714s][info][gc,heap     ] GC(1) Eden regions: 38->0(82)
[1.715s][info][gc,heap     ] GC(1) Survivor regions: 3->6(6)
[1.715s][info][gc,heap     ] GC(1) Old regions: 2->3
[1.715s][info][gc,heap     ] GC(1) Humongous regions: 4->4
[1.715s][info][gc,metaspace] GC(1) Metaspace: 19356K(19648K)->19356K(19648K) NonClass: 17071K(17216K)->17071K(17216K) Class: 2285K(2432K)->2285K(2432K)
[1.716s][info][gc          ] GC(1) Pause Young (Normal) (G1 Evacuation Pause) 46M->12M(249M) 21.860ms
[1.716s][info][gc,cpu      ] GC(1) User=0.03s Sys=0.01s Real=0.02s
[1.869s][info][gc,start    ] GC(2) Pause Young (Concurrent Start) (Metadata GC Threshold)
[1.870s][info][gc,task     ] GC(2) Using 5 workers of 11 for evacuation
[1.876s][info][gc,phases   ] GC(2)   Pre Evacuate Collection Set: 0.3ms
[1.877s][info][gc,phases   ] GC(2)   Merge Heap Roots: 0.2ms
[1.878s][info][gc,phases   ] GC(2)   Evacuate Collection Set: 4.4ms
[1.878s][info][gc,phases   ] GC(2)   Post Evacuate Collection Set: 1.2ms
[1.878s][info][gc,phases   ] GC(2)   Other: 0.5ms
[1.878s][info][gc,heap     ] GC(2) Eden regions: 6->0(144)
[1.879s][info][gc,heap     ] GC(2) Survivor regions: 6->4(11)
[1.879s][info][gc,heap     ] GC(2) Old regions: 3->6
[1.879s][info][gc,heap     ] GC(2) Humongous regions: 4->4
[1.880s][info][gc,metaspace] GC(2) Metaspace: 21207K(21504K)->21207K(21504K) NonClass: 18694K(18816K)->18694K(18816K) Class: 2513K(2688K)->2513K(2688K)
[1.880s][info][gc          ] GC(2) Pause Young (Concurrent Start) (Metadata GC Threshold) 18M->13M(249M) 11.630ms
[1.881s][info][gc          ] GC(3) Concurrent Mark Cycle
[1.881s][info][gc,marking  ] GC(3) Concurrent Scan Root Regions
[1.881s][info][gc,cpu      ] GC(2) User=0.02s Sys=0.00s Real=0.01s
[1.884s][info][gc,marking  ] GC(3) Concurrent Scan Root Regions 3.011ms
[1.885s][info][gc,marking  ] GC(3) Concurrent Mark
[1.885s][info][gc,marking  ] GC(3) Concurrent Mark From Roots
[1.885s][info][gc,task     ] GC(3) Using 3 workers of 3 for marking
[1.888s][info][gc,marking  ] GC(3) Concurrent Mark From Roots 3.268ms
[1.888s][info][gc,marking  ] GC(3) Concurrent Preclean
[1.889s][info][gc,marking  ] GC(3) Concurrent Preclean 0.348ms
[1.889s][info][gc,start    ] GC(3) Pause Remark
[1.892s][info][gc          ] GC(3) Pause Remark 14M->14M(47M) 2.877ms
[1.893s][info][gc,cpu      ] GC(3) User=0.00s Sys=0.00s Real=0.00s
[1.893s][info][gc,marking  ] GC(3) Concurrent Mark 8.666ms
[1.894s][info][gc,marking  ] GC(3) Concurrent Rebuild Remembered Sets and Scrub Regions
[1.896s][info][gc,marking  ] GC(3) Concurrent Rebuild Remembered Sets and Scrub Regions 2.379ms
[1.897s][info][gc,start    ] GC(3) Pause Cleanup
[1.897s][info][gc          ] GC(3) Pause Cleanup 14M->14M(47M) 0.599ms
[1.897s][info][gc,cpu      ] GC(3) User=0.00s Sys=0.00s Real=0.00s
[1.898s][info][gc,marking  ] GC(3) Concurrent Clear Claimed Marks
[1.898s][info][gc,marking  ] GC(3) Concurrent Clear Claimed Marks 0.354ms
[1.898s][info][gc,marking  ] GC(3) Concurrent Cleanup for Next Mark
[1.899s][info][gc,marking  ] GC(3) Concurrent Cleanup for Next Mark 1.028ms
[1.900s][info][gc          ] GC(3) Concurrent Mark Cycle 18.861ms
[2.219s][info][gc,start    ] GC(4) Pause Young (Prepare Mixed) (G1 Evacuation Pause)
[2.220s][info][gc,task     ] GC(4) Using 8 workers of 11 for evacuation
[2.227s][info][gc,phases   ] GC(4)   Pre Evacuate Collection Set: 0.5ms
[2.227s][info][gc,phases   ] GC(4)   Merge Heap Roots: 0.2ms
[2.228s][info][gc,phases   ] GC(4)   Evacuate Collection Set: 4.9ms
[2.228s][info][gc,phases   ] GC(4)   Post Evacuate Collection Set: 0.9ms
[2.229s][info][gc,phases   ] GC(4)   Other: 0.5ms
[2.229s][info][gc,heap     ] GC(4) Eden regions: 24->0(20)
[2.230s][info][gc,heap     ] GC(4) Survivor regions: 4->4(4)
[2.230s][info][gc,heap     ] GC(4) Old regions: 6->10
[2.231s][info][gc,heap     ] GC(4) Humongous regions: 4->4
[2.231s][info][gc,metaspace] GC(4) Metaspace: 26844K(27136K)->26844K(27136K) NonClass: 23637K(23808K)->23637K(23808K) Class: 3206K(3328K)->3206K(3328K)
[2.232s][info][gc          ] GC(4) Pause Young (Prepare Mixed) (G1 Evacuation Pause) 37M->17M(47M) 12.646ms
[2.232s][info][gc,cpu      ] GC(4) User=0.03s Sys=0.01s Real=0.01s
[3.122s][info][gc,start    ] GC(5) Pause Young (Mixed) (G1 Evacuation Pause)
[3.122s][info][gc,task     ] GC(5) Using 11 workers of 11 for evacuation
[3.127s][info][gc,phases   ] GC(5)   Pre Evacuate Collection Set: 0.2ms
[3.128s][info][gc,phases   ] GC(5)   Merge Heap Roots: 0.1ms
[3.128s][info][gc,phases   ] GC(5)   Evacuate Collection Set: 2.5ms
[3.128s][info][gc,phases   ] GC(5)   Post Evacuate Collection Set: 1.5ms
[3.129s][info][gc,phases   ] GC(5)   Other: 0.4ms
[3.129s][info][gc,heap     ] GC(5) Eden regions: 20->0(19)
[3.129s][info][gc,heap     ] GC(5) Survivor regions: 4->2(3)
[3.129s][info][gc,heap     ] GC(5) Old regions: 10->14
[3.129s][info][gc,heap     ] GC(5) Humongous regions: 4->4
[3.130s][info][gc,metaspace] GC(5) Metaspace: 29560K(30016K)->29560K(30016K) NonClass: 25992K(26240K)->25992K(26240K) Class: 3567K(3776K)->3567K(3776K)
[3.130s][info][gc          ] GC(5) Pause Young (Mixed) (G1 Evacuation Pause) 37M->19M(47M) 7.810ms
[3.130s][info][gc,cpu      ] GC(5) User=0.02s Sys=0.00s Real=0.00s
[5.279s][info][gc,heap,exit] Heap
[5.280s][info][gc,heap,exit]  garbage-first heap   total 48128K, used 20986K [0x00000000d0000000, 0x0000000100000000)
[5.280s][info][gc,heap,exit]   region size 1024K, 4 young (4096K), 2 survivors (2048K)
[5.281s][info][gc,heap,exit]  Metaspace       used 29672K, committed 30080K, reserved 1114112K
[5.282s][info][gc,heap,exit]   class space    used 3591K, committed 3776K, reserved 1048576K
