[0.083s][info][gc,init] CardTable entry size: 512
[0.084s][info][gc     ] Using G1
[0.088s][info][gc,init] Version: 21.0.8+9-LTS (release)
[0.088s][info][gc,init] CPUs: 14 total, 14 available
[0.089s][info][gc,init] Memory: 15750M
[0.089s][info][gc,init] Large Page Support: Disabled
[0.089s][info][gc,init] NUMA Support: Disabled
[0.090s][info][gc,init] Compressed Oops: Enabled (32-bit)
[0.090s][info][gc,init] Heap Region Size: 1M
[0.090s][info][gc,init] Heap Min Capacity: 8M
[0.090s][info][gc,init] Heap Initial Capacity: 248M
[0.091s][info][gc,init] Heap Max Capacity: 768M
[0.091s][info][gc,init] Pre-touch: Disabled
[0.091s][info][gc,init] Parallel Workers: 11
[0.092s][info][gc,init] Concurrent Workers: 3
[0.092s][info][gc,init] Concurrent Refinement Workers: 11
[0.092s][info][gc,init] Periodic GC: Disabled
[0.101s][info][gc,metaspace] CDS archive(s) mapped at: [0x000070988f000000-0x000070988fbb2000-0x000070988fbb2000), size 12263424, SharedBaseAddress: 0x000070988f000000, ArchiveRelocationMode: 1.
[0.101s][info][gc,metaspace] Compressed class space mapped at: 0x0000709890000000-0x00007098d0000000, reserved size: 1073741824
[0.102s][info][gc,metaspace] Narrow klass base: 0x000070988f000000, Narrow klass shift: 0, Narrow klass range: 0x100000000
[0.707s][info][gc,start    ] GC(0) Pause Young (Normal) (G1 Evacuation Pause)
[0.708s][info][gc,task     ] GC(0) Using 5 workers of 11 for evacuation
[0.713s][info][gc,phases   ] GC(0)   Pre Evacuate Collection Set: 0.4ms
[0.713s][info][gc,phases   ] GC(0)   Merge Heap Roots: 0.1ms
[0.714s][info][gc,phases   ] GC(0)   Evacuate Collection Set: 2.6ms
[0.714s][info][gc,phases   ] GC(0)   Post Evacuate Collection Set: 0.8ms
[0.714s][info][gc,phases   ] GC(0)   Other: 1.5ms
[0.715s][info][gc,heap     ] GC(0) Eden regions: 23->0(38)
[0.715s][info][gc,heap     ] GC(0) Survivor regions: 0->3(3)
[0.715s][info][gc,heap     ] GC(0) Old regions: 1->2
[0.716s][info][gc,heap     ] GC(0) Humongous regions: 5->4
[0.716s][info][gc,metaspace] GC(0) Metaspace: 7976K(8128K)->7976K(8128K) NonClass: 7086K(7168K)->7086K(7168K) Class: 889K(960K)->889K(960K)
[0.716s][info][gc          ] GC(0) Pause Young (Normal) (G1 Evacuation Pause) 28M->8M(249M) 9.682ms
[0.717s][info][gc,cpu      ] GC(0) User=0.02s Sys=0.00s Real=0.01s
[3.161s][info][gc,start    ] GC(1) Pause Young (Normal) (G1 Evacuation Pause)
[3.169s][info][gc,task     ] GC(1) Using 5 workers of 11 for evacuation
[3.262s][info][gc,phases   ] GC(1)   Pre Evacuate Collection Set: 0.6ms
[3.279s][info][gc,phases   ] GC(1)   Merge Heap Roots: 0.4ms
[3.286s][info][gc,phases   ] GC(1)   Evacuate Collection Set: 72.3ms
[3.297s][info][gc,phases   ] GC(1)   Post Evacuate Collection Set: 5.2ms
[3.301s][info][gc,phases   ] GC(1)   Other: 14.4ms
[3.307s][info][gc,heap     ] GC(1) Eden regions: 38->0(55)
[3.316s][info][gc,heap     ] GC(1) Survivor regions: 3->6(6)
[3.320s][info][gc,heap     ] GC(1) Old regions: 2->4
[3.325s][info][gc,heap     ] GC(1) Humongous regions: 4->4
[3.330s][info][gc,metaspace] GC(1) Metaspace: 19212K(19456K)->19212K(19456K) NonClass: 16950K(17088K)->16950K(17088K) Class: 2262K(2368K)->2262K(2368K)
[3.339s][info][gc          ] GC(1) Pause Young (Normal) (G1 Evacuation Pause) 46M->13M(249M) 177.606ms
[3.357s][info][gc,cpu      ] GC(1) User=0.21s Sys=0.15s Real=0.19s
[4.423s][info][gc,start    ] GC(2) Pause Young (Concurrent Start) (Metadata GC Threshold)
[4.477s][info][gc,task     ] GC(2) Using 5 workers of 11 for evacuation
[4.528s][info][gc,phases   ] GC(2)   Pre Evacuate Collection Set: 0.7ms
[4.556s][info][gc,phases   ] GC(2)   Merge Heap Roots: 0.4ms
[4.574s][info][gc,phases   ] GC(2)   Evacuate Collection Set: 15.8ms
[4.602s][info][gc,phases   ] GC(2)   Post Evacuate Collection Set: 1.9ms
[4.610s][info][gc,phases   ] GC(2)   Other: 32.6ms
[4.618s][info][gc,heap     ] GC(2) Eden regions: 7->0(117)
[4.633s][info][gc,heap     ] GC(2) Survivor regions: 6->4(8)
[4.681s][info][gc,heap     ] GC(2) Old regions: 4->7
[4.692s][info][gc,heap     ] GC(2) Humongous regions: 4->4
[4.699s][info][gc,metaspace] GC(2) Metaspace: 21188K(21504K)->21188K(21504K) NonClass: 18675K(18816K)->18675K(18816K) Class: 2513K(2688K)->2513K(2688K)
[4.718s][info][gc          ] GC(2) Pause Young (Concurrent Start) (Metadata GC Threshold) 19M->14M(249M) 295.172ms
[4.742s][info][gc,cpu      ] GC(2) User=0.06s Sys=0.03s Real=0.32s
[4.742s][info][gc          ] GC(3) Concurrent Mark Cycle
[4.773s][info][gc,marking  ] GC(3) Concurrent Scan Root Regions
[4.786s][info][gc,marking  ] GC(3) Concurrent Scan Root Regions 13.222ms
[4.804s][info][gc,marking  ] GC(3) Concurrent Mark
[4.822s][info][gc,marking  ] GC(3) Concurrent Mark From Roots
[4.840s][info][gc,task     ] GC(3) Using 3 workers of 3 for marking
[4.861s][info][gc,marking  ] GC(3) Concurrent Mark From Roots 38.666ms
[4.891s][info][gc,marking  ] GC(3) Concurrent Preclean
[4.906s][info][gc,marking  ] GC(3) Concurrent Preclean 14.992ms
[4.927s][info][gc,start    ] GC(3) Pause Remark
[4.947s][info][gc          ] GC(3) Pause Remark 16M->16M(50M) 19.074ms
[4.983s][info][gc,cpu      ] GC(3) User=0.01s Sys=0.00s Real=0.06s
[4.995s][info][gc,marking  ] GC(3) Concurrent Mark 191.059ms
[5.013s][info][gc,marking  ] GC(3) Concurrent Rebuild Remembered Sets and Scrub Regions
[5.043s][info][gc,marking  ] GC(3) Concurrent Rebuild Remembered Sets and Scrub Regions 29.621ms
[5.085s][info][gc,start    ] GC(3) Pause Cleanup
[5.108s][info][gc          ] GC(3) Pause Cleanup 17M->17M(50M) 23.257ms
[5.146s][info][gc,cpu      ] GC(3) User=0.01s Sys=0.00s Real=0.06s
[5.172s][info][gc,marking  ] GC(3) Concurrent Clear Claimed Marks
[5.204s][info][gc,marking  ] GC(3) Concurrent Clear Claimed Marks 32.070ms
[5.217s][info][gc,marking  ] GC(3) Concurrent Cleanup for Next Mark
[5.251s][info][gc,marking  ] GC(3) Concurrent Cleanup for Next Mark 33.744ms
[5.291s][info][gc          ] GC(3) Concurrent Mark Cycle 549.007ms
