[0.115s][info][gc,init] CardTable entry size: 512
[0.117s][info][gc     ] Using G1
[0.121s][info][gc,init] Version: 21.0.8+9-LTS (release)
[0.122s][info][gc,init] CPUs: 14 total, 14 available
[0.122s][info][gc,init] Memory: 15750M
[0.123s][info][gc,init] Large Page Support: Disabled
[0.123s][info][gc,init] NUMA Support: Disabled
[0.123s][info][gc,init] Compressed Oops: Enabled (32-bit)
[0.124s][info][gc,init] Heap Region Size: 1M
[0.124s][info][gc,init] Heap Min Capacity: 8M
[0.125s][info][gc,init] Heap Initial Capacity: 248M
[0.125s][info][gc,init] Heap Max Capacity: 768M
[0.125s][info][gc,init] Pre-touch: Disabled
[0.137s][info][gc,init] Parallel Workers: 11
[0.137s][info][gc,init] Concurrent Workers: 3
[0.138s][info][gc,init] Concurrent Refinement Workers: 11
[0.138s][info][gc,init] Periodic GC: Disabled
[0.146s][info][gc,metaspace] CDS archive(s) mapped at: [0x0000759013000000-0x0000759013bb2000-0x0000759013bb2000), size 12263424, SharedBaseAddress: 0x0000759013000000, ArchiveRelocationMode: 1.
[0.148s][info][gc,metaspace] Compressed class space mapped at: 0x0000759014000000-0x0000759054000000, reserved size: 1073741824
[0.149s][info][gc,metaspace] Narrow klass base: 0x0000759013000000, Narrow klass shift: 0, Narrow klass range: 0x100000000
[0.733s][info][gc,start    ] GC(0) Pause Young (Normal) (G1 Evacuation Pause)
[0.734s][info][gc,task     ] GC(0) Using 5 workers of 11 for evacuation
[0.738s][info][gc,phases   ] GC(0)   Pre Evacuate Collection Set: 0.2ms
[0.739s][info][gc,phases   ] GC(0)   Merge Heap Roots: 0.2ms
[0.739s][info][gc,phases   ] GC(0)   Evacuate Collection Set: 2.1ms
[0.739s][info][gc,phases   ] GC(0)   Post Evacuate Collection Set: 0.9ms
[0.740s][info][gc,phases   ] GC(0)   Other: 1.5ms
[0.740s][info][gc,heap     ] GC(0) Eden regions: 23->0(38)
[0.740s][info][gc,heap     ] GC(0) Survivor regions: 0->3(3)
[0.741s][info][gc,heap     ] GC(0) Old regions: 1->2
[0.741s][info][gc,heap     ] GC(0) Humongous regions: 5->4
[0.741s][info][gc,metaspace] GC(0) Metaspace: 7977K(8128K)->7977K(8128K) NonClass: 7089K(7168K)->7089K(7168K) Class: 887K(960K)->887K(960K)
[0.741s][info][gc          ] GC(0) Pause Young (Normal) (G1 Evacuation Pause) 28M->8M(249M) 8.893ms
[0.742s][info][gc,cpu      ] GC(0) User=0.01s Sys=0.01s Real=0.01s
[1.728s][info][gc,start    ] GC(1) Pause Young (Normal) (G1 Evacuation Pause)
[1.728s][info][gc,task     ] GC(1) Using 5 workers of 11 for evacuation
[1.736s][info][gc,phases   ] GC(1)   Pre Evacuate Collection Set: 0.3ms
[1.736s][info][gc,phases   ] GC(1)   Merge Heap Roots: 0.1ms
[1.736s][info][gc,phases   ] GC(1)   Evacuate Collection Set: 4.5ms
[1.737s][info][gc,phases   ] GC(1)   Post Evacuate Collection Set: 2.1ms
[1.737s][info][gc,phases   ] GC(1)   Other: 0.4ms
[1.737s][info][gc,heap     ] GC(1) Eden regions: 38->0(79)
[1.737s][info][gc,heap     ] GC(1) Survivor regions: 3->6(6)
[1.737s][info][gc,heap     ] GC(1) Old regions: 2->3
[1.737s][info][gc,heap     ] GC(1) Humongous regions: 4->4
[1.738s][info][gc,metaspace] GC(1) Metaspace: 19411K(19712K)->19411K(19712K) NonClass: 17125K(17280K)->17125K(17280K) Class: 2286K(2432K)->2286K(2432K)
[1.738s][info][gc          ] GC(1) Pause Young (Normal) (G1 Evacuation Pause) 46M->12M(249M) 9.894ms
[1.738s][info][gc,cpu      ] GC(1) User=0.02s Sys=0.01s Real=0.01s
[1.876s][info][gc,start    ] GC(2) Pause Young (Concurrent Start) (Metadata GC Threshold)
[1.876s][info][gc,task     ] GC(2) Using 5 workers of 11 for evacuation
[1.882s][info][gc,phases   ] GC(2)   Pre Evacuate Collection Set: 0.3ms
[1.883s][info][gc,phases   ] GC(2)   Merge Heap Roots: 0.1ms
[1.883s][info][gc,phases   ] GC(2)   Evacuate Collection Set: 4.0ms
[1.883s][info][gc,phases   ] GC(2)   Post Evacuate Collection Set: 1.1ms
[1.884s][info][gc,phases   ] GC(2)   Other: 0.5ms
[1.884s][info][gc,heap     ] GC(2) Eden regions: 6->0(138)
[1.884s][info][gc,heap     ] GC(2) Survivor regions: 6->4(11)
[1.884s][info][gc,heap     ] GC(2) Old regions: 3->6
[1.885s][info][gc,heap     ] GC(2) Humongous regions: 4->4
[1.885s][info][gc,metaspace] GC(2) Metaspace: 21210K(21504K)->21210K(21504K) NonClass: 18698K(18816K)->18698K(18816K) Class: 2511K(2688K)->2511K(2688K)
[1.885s][info][gc          ] GC(2) Pause Young (Concurrent Start) (Metadata GC Threshold) 18M->13M(249M) 9.442ms
[1.885s][info][gc,cpu      ] GC(2) User=0.03s Sys=0.00s Real=0.01s
[1.885s][info][gc          ] GC(3) Concurrent Mark Cycle
[1.886s][info][gc,marking  ] GC(3) Concurrent Scan Root Regions
[1.890s][info][gc,marking  ] GC(3) Concurrent Scan Root Regions 4.086ms
[1.891s][info][gc,marking  ] GC(3) Concurrent Mark
[1.891s][info][gc,marking  ] GC(3) Concurrent Mark From Roots
[1.891s][info][gc,task     ] GC(3) Using 3 workers of 3 for marking
[1.893s][info][gc,marking  ] GC(3) Concurrent Mark From Roots 2.361ms
[1.894s][info][gc,marking  ] GC(3) Concurrent Preclean
[1.894s][info][gc,marking  ] GC(3) Concurrent Preclean 0.356ms
[1.895s][info][gc,start    ] GC(3) Pause Remark
[1.897s][info][gc          ] GC(3) Pause Remark 14M->14M(47M) 2.808ms
[1.898s][info][gc,cpu      ] GC(3) User=0.00s Sys=0.01s Real=0.01s
[1.898s][info][gc,marking  ] GC(3) Concurrent Mark 7.848ms
[1.899s][info][gc,marking  ] GC(3) Concurrent Rebuild Remembered Sets and Scrub Regions
[1.901s][info][gc,marking  ] GC(3) Concurrent Rebuild Remembered Sets and Scrub Regions 1.986ms
[1.902s][info][gc,start    ] GC(3) Pause Cleanup
[1.902s][info][gc          ] GC(3) Pause Cleanup 14M->14M(47M) 0.616ms
[1.903s][info][gc,cpu      ] GC(3) User=0.00s Sys=0.00s Real=0.00s
[1.903s][info][gc,marking  ] GC(3) Concurrent Clear Claimed Marks
[1.903s][info][gc,marking  ] GC(3) Concurrent Clear Claimed Marks 0.327ms
[1.904s][info][gc,marking  ] GC(3) Concurrent Cleanup for Next Mark
[1.905s][info][gc,marking  ] GC(3) Concurrent Cleanup for Next Mark 1.027ms
[1.905s][info][gc          ] GC(3) Concurrent Mark Cycle 19.807ms
[2.453s][info][gc,start    ] GC(4) Pause Young (Prepare Mixed) (G1 Evacuation Pause)
[2.453s][info][gc,task     ] GC(4) Using 11 workers of 11 for evacuation
[2.460s][info][gc,phases   ] GC(4)   Pre Evacuate Collection Set: 0.4ms
[2.461s][info][gc,phases   ] GC(4)   Merge Heap Roots: 0.2ms
[2.461s][info][gc,phases   ] GC(4)   Evacuate Collection Set: 4.1ms
[2.461s][info][gc,phases   ] GC(4)   Post Evacuate Collection Set: 1.8ms
[2.461s][info][gc,phases   ] GC(4)   Other: 0.4ms
[2.462s][info][gc,heap     ] GC(4) Eden regions: 33->0(25)
[2.462s][info][gc,heap     ] GC(4) Survivor regions: 4->8(18)
[2.462s][info][gc,heap     ] GC(4) Old regions: 6->6
[2.462s][info][gc,heap     ] GC(4) Humongous regions: 4->4
[2.462s][info][gc,metaspace] GC(4) Metaspace: 27119K(27456K)->27119K(27456K) NonClass: 23885K(24064K)->23885K(24064K) Class: 3234K(3392K)->3234K(3392K)
[2.463s][info][gc          ] GC(4) Pause Young (Prepare Mixed) (G1 Evacuation Pause) 46M->17M(55M) 10.055ms
[2.463s][info][gc,cpu      ] GC(4) User=0.02s Sys=0.02s Real=0.01s
[6.246s][info][gc,heap,exit] Heap
[6.247s][info][gc,heap,exit]  garbage-first heap   total 56320K, used 40613K [0x00000000d0000000, 0x0000000100000000)
[6.247s][info][gc,heap,exit]   region size 1024K, 30 young (30720K), 8 survivors (8192K)
[6.248s][info][gc,heap,exit]  Metaspace       used 29745K, committed 30144K, reserved 1114112K
[6.249s][info][gc,heap,exit]   class space    used 3593K, committed 3776K, reserved 1048576K
