[1.710s][info][gc,init] CardTable entry size: 512
[1.722s][info][gc     ] Using G1
[1.737s][info][gc,init] Version: 21.0.8+9-LTS (release)
[1.745s][info][gc,init] CPUs: 14 total, 14 available
[1.749s][info][gc,init] Memory: 15750M
[1.752s][info][gc,init] Large Page Support: Disabled
[1.761s][info][gc,init] NUMA Support: Disabled
[1.763s][info][gc,init] Compressed Oops: Enabled (32-bit)
[1.766s][info][gc,init] Heap Region Size: 1M
[1.769s][info][gc,init] Heap Min Capacity: 8M
[1.774s][info][gc,init] Heap Initial Capacity: 248M
[1.777s][info][gc,init] Heap Max Capacity: 768M
[1.782s][info][gc,init] Pre-touch: Disabled
[1.798s][info][gc,init] Parallel Workers: 11
[1.812s][info][gc,init] Concurrent Workers: 3
[1.828s][info][gc,init] Concurrent Refinement Workers: 11
[1.844s][info][gc,init] Periodic GC: Disabled
[1.866s][info][gc,metaspace] CDS archive(s) mapped at: [0x00007643fb000000-0x00007643fbbb2000-0x00007643fbbb2000), size 12263424, SharedBaseAddress: 0x00007643fb000000, ArchiveRelocationMode: 1.
[1.867s][info][gc,metaspace] Compressed class space mapped at: 0x00007643fc000000-0x000076443c000000, reserved size: 1073741824
[1.867s][info][gc,metaspace] Narrow klass base: 0x00007643fb000000, Narrow klass shift: 0, Narrow klass range: 0x100000000
[3.044s][info][gc,start    ] GC(0) Pause Young (Normal) (G1 Evacuation Pause)
[3.065s][info][gc,task     ] GC(0) Using 5 workers of 11 for evacuation
[3.084s][info][gc,phases   ] GC(0)   Pre Evacuate Collection Set: 0.3ms
[3.086s][info][gc,phases   ] GC(0)   Merge Heap Roots: 0.1ms
[3.105s][info][gc,phases   ] GC(0)   Evacuate Collection Set: 5.8ms
[3.122s][info][gc,phases   ] GC(0)   Post Evacuate Collection Set: 0.7ms
[3.129s][info][gc,phases   ] GC(0)   Other: 13.9ms
[3.137s][info][gc,heap     ] GC(0) Eden regions: 23->0(37)
[3.145s][info][gc,heap     ] GC(0) Survivor regions: 0->3(3)
[3.149s][info][gc,heap     ] GC(0) Old regions: 1->2
[3.157s][info][gc,heap     ] GC(0) Humongous regions: 5->4
[3.160s][info][gc,metaspace] GC(0) Metaspace: 7943K(8128K)->7943K(8128K) NonClass: 7057K(7168K)->7057K(7168K) Class: 885K(960K)->885K(960K)
[3.164s][info][gc          ] GC(0) Pause Young (Normal) (G1 Evacuation Pause) 28M->8M(249M) 119.461ms
[3.170s][info][gc,cpu      ] GC(0) User=0.03s Sys=0.01s Real=0.13s
[4.736s][info][gc,start    ] GC(1) Pause Young (Normal) (G1 Evacuation Pause)
[4.737s][info][gc,task     ] GC(1) Using 5 workers of 11 for evacuation
[4.744s][info][gc,phases   ] GC(1)   Pre Evacuate Collection Set: 0.2ms
[4.745s][info][gc,phases   ] GC(1)   Merge Heap Roots: 0.1ms
[4.745s][info][gc,phases   ] GC(1)   Evacuate Collection Set: 4.8ms
[4.745s][info][gc,phases   ] GC(1)   Post Evacuate Collection Set: 1.6ms
[4.745s][info][gc,phases   ] GC(1)   Other: 0.4ms
[4.746s][info][gc,heap     ] GC(1) Eden regions: 37->0(95)
[4.746s][info][gc,heap     ] GC(1) Survivor regions: 3->5(5)
[4.746s][info][gc,heap     ] GC(1) Old regions: 2->5
[4.746s][info][gc,heap     ] GC(1) Humongous regions: 4->4
[4.747s][info][gc,metaspace] GC(1) Metaspace: 19309K(19584K)->19309K(19584K) NonClass: 17024K(17152K)->17024K(17152K) Class: 2285K(2432K)->2285K(2432K)
[4.747s][info][gc          ] GC(1) Pause Young (Normal) (G1 Evacuation Pause) 45M->12M(249M) 10.466ms
[4.747s][info][gc,cpu      ] GC(1) User=0.02s Sys=0.01s Real=0.01s
[4.918s][info][gc,start    ] GC(2) Pause Young (Concurrent Start) (Metadata GC Threshold)
[4.919s][info][gc,task     ] GC(2) Using 5 workers of 11 for evacuation
[4.923s][info][gc,phases   ] GC(2)   Pre Evacuate Collection Set: 0.3ms
[4.923s][info][gc,phases   ] GC(2)   Merge Heap Roots: 0.1ms
[4.923s][info][gc,phases   ] GC(2)   Evacuate Collection Set: 2.5ms
[4.924s][info][gc,phases   ] GC(2)   Post Evacuate Collection Set: 0.8ms
[4.924s][info][gc,phases   ] GC(2)   Other: 0.4ms
[4.924s][info][gc,heap     ] GC(2) Eden regions: 8->0(143)
[4.924s][info][gc,heap     ] GC(2) Survivor regions: 5->5(13)
[4.925s][info][gc,heap     ] GC(2) Old regions: 5->5
[4.925s][info][gc,heap     ] GC(2) Humongous regions: 4->4
[4.925s][info][gc,metaspace] GC(2) Metaspace: 21218K(21504K)->21218K(21504K) NonClass: 18697K(18816K)->18697K(18816K) Class: 2520K(2688K)->2520K(2688K)
[4.926s][info][gc          ] GC(2) Pause Young (Concurrent Start) (Metadata GC Threshold) 20M->13M(249M) 7.663ms
[4.926s][info][gc          ] GC(3) Concurrent Mark Cycle
[4.927s][info][gc,marking  ] GC(3) Concurrent Scan Root Regions
[4.926s][info][gc,cpu      ] GC(2) User=0.01s Sys=0.00s Real=0.01s
[4.929s][info][gc,marking  ] GC(3) Concurrent Scan Root Regions 2.342ms
[4.930s][info][gc,marking  ] GC(3) Concurrent Mark
[4.931s][info][gc,marking  ] GC(3) Concurrent Mark From Roots
[4.931s][info][gc,task     ] GC(3) Using 3 workers of 3 for marking
[4.935s][info][gc,marking  ] GC(3) Concurrent Mark From Roots 3.911ms
[4.935s][info][gc,marking  ] GC(3) Concurrent Preclean
[4.936s][info][gc,marking  ] GC(3) Concurrent Preclean 1.001ms
[4.937s][info][gc,start    ] GC(3) Pause Remark
[4.940s][info][gc          ] GC(3) Pause Remark 14M->14M(47M) 3.316ms
[4.941s][info][gc,cpu      ] GC(3) User=0.01s Sys=0.00s Real=0.00s
[4.941s][info][gc,marking  ] GC(3) Concurrent Mark 11.225ms
[4.942s][info][gc,marking  ] GC(3) Concurrent Rebuild Remembered Sets and Scrub Regions
[4.943s][info][gc,marking  ] GC(3) Concurrent Rebuild Remembered Sets and Scrub Regions 1.220ms
[4.949s][info][gc,start    ] GC(3) Pause Cleanup
[4.950s][info][gc          ] GC(3) Pause Cleanup 14M->14M(47M) 0.815ms
[4.952s][info][gc,cpu      ] GC(3) User=0.00s Sys=0.00s Real=0.01s
[4.952s][info][gc,marking  ] GC(3) Concurrent Clear Claimed Marks
[4.953s][info][gc,marking  ] GC(3) Concurrent Clear Claimed Marks 0.468ms
[4.953s][info][gc,marking  ] GC(3) Concurrent Cleanup for Next Mark
[4.955s][info][gc,marking  ] GC(3) Concurrent Cleanup for Next Mark 1.312ms
[4.955s][info][gc          ] GC(3) Concurrent Mark Cycle 28.998ms
[5.488s][info][gc,start    ] GC(4) Pause Young (Prepare Mixed) (G1 Evacuation Pause)
[5.488s][info][gc,task     ] GC(4) Using 10 workers of 11 for evacuation
[5.497s][info][gc,phases   ] GC(4)   Pre Evacuate Collection Set: 0.2ms
[5.497s][info][gc,phases   ] GC(4)   Merge Heap Roots: 0.1ms
[5.498s][info][gc,phases   ] GC(4)   Evacuate Collection Set: 6.9ms
[5.498s][info][gc,phases   ] GC(4)   Post Evacuate Collection Set: 1.1ms
[5.498s][info][gc,phases   ] GC(4)   Other: 0.3ms
[5.498s][info][gc,heap     ] GC(4) Eden regions: 33->0(24)
[5.499s][info][gc,heap     ] GC(4) Survivor regions: 5->10(19)
[5.500s][info][gc,heap     ] GC(4) Old regions: 5->5
[5.500s][info][gc,heap     ] GC(4) Humongous regions: 4->4
[5.500s][info][gc,metaspace] GC(4) Metaspace: 27668K(28096K)->27668K(28096K) NonClass: 24342K(24576K)->24342K(24576K) Class: 3325K(3520K)->3325K(3520K)
[5.501s][info][gc          ] GC(4) Pause Young (Prepare Mixed) (G1 Evacuation Pause) 46M->17M(57M) 12.636ms
[5.501s][info][gc,cpu      ] GC(4) User=0.03s Sys=0.00s Real=0.01s
[9.517s][info][gc,heap,exit] Heap
[9.620s][info][gc,heap,exit]  garbage-first heap   total 58368K, used 40015K [0x00000000d0000000, 0x0000000100000000)
[9.624s][info][gc,heap,exit]   region size 1024K, 32 young (32768K), 10 survivors (10240K)
[9.637s][info][gc,heap,exit]  Metaspace       used 29659K, committed 30080K, reserved 1114112K
[9.638s][info][gc,heap,exit]   class space    used 3594K, committed 3776K, reserved 1048576K
